Task 5 running algorithm: linearSwitchFromRandom
cn11.hpc.itu.dk
nsio
/home/nsio/bachelorProject/hpc-jobs
Running iterations for algorithm: linearSwitchFromRandom
  Completed 100 iterations for size 8, cohesion 0.
  Completed 100 iterations for size 8, cohesion 10.
  Completed 100 iterations for size 8, cohesion 20.
  Completed 100 iterations for size 8, cohesion 30.
  Completed 100 iterations for size 8, cohesion 40.
  Completed 100 iterations for size 8, cohesion 50.
  Completed 100 iterations for size 8, cohesion 60.
  Completed 100 iterations for size 8, cohesion 70.
  Completed 100 iterations for size 8, cohesion 80.
  Completed 100 iterations for size 8, cohesion 90.
  Completed 100 iterations for size 8, cohesion 100.
  Completed 100 iterations for size 30, cohesion 0.
  Completed 100 iterations for size 30, cohesion 10.
  Completed 100 iterations for size 30, cohesion 20.
  Completed 100 iterations for size 30, cohesion 30.
  Completed 100 iterations for size 30, cohesion 40.
  Completed 100 iterations for size 30, cohesion 50.
  Completed 100 iterations for size 30, cohesion 60.
  Completed 100 iterations for size 30, cohesion 70.
  Completed 100 iterations for size 30, cohesion 80.
  Completed 100 iterations for size 30, cohesion 90.
  Completed 100 iterations for size 30, cohesion 100.
  Completed 100 iterations for size 100, cohesion 0.
  Completed 100 iterations for size 100, cohesion 10.
  Completed 100 iterations for size 100, cohesion 20.
  Completed 100 iterations for size 100, cohesion 30.
  Completed 100 iterations for size 100, cohesion 40.
  Completed 100 iterations for size 100, cohesion 50.
  Completed 100 iterations for size 100, cohesion 60.
  Completed 100 iterations for size 100, cohesion 70.
  Completed 100 iterations for size 100, cohesion 80.
  Completed 100 iterations for size 100, cohesion 90.
  Completed 100 iterations for size 100, cohesion 100.
  Timeout! linearSwitchFromRandom at size 300, cohesion 0, iter 0 took longer than 35 seconds.
  Timeout! linearSwitchFromRandom at size 300, cohesion 0, iter 1 took longer than 35 seconds.
  Timeout! linearSwitchFromRandom at size 300, cohesion 0, iter 2 took longer than 35 seconds.
  Timeout! linearSwitchFromRandom at size 300, cohesion 0, iter 3 took longer than 35 seconds.
  Timeout! linearSwitchFromRandom at size 300, cohesion 0, iter 4 took longer than 35 seconds.
  Timeout! linearSwitchFromRandom at size 300, cohesion 0, iter 5 took longer than 35 seconds.
  Timeout! linearSwitchFromRandom at size 300, cohesion 0, iter 6 took longer than 35 seconds.
  Timeout! linearSwitchFromRandom at size 300, cohesion 0, iter 7 took longer than 35 seconds.
  Timeout! linearSwitchFromRandom at size 300, cohesion 0, iter 8 took longer than 35 seconds.
  Timeout! linearSwitchFromRandom at size 300, cohesion 0, iter 9 took longer than 35 seconds.
  First 10 runs timed out. Cancelling remaining iterations.
  Completed 100 iterations for size 300, cohesion 0.
  Timeout! linearSwitchFromRandom at size 300, cohesion 10, iter 0 took longer than 35 seconds.
  Timeout! linearSwitchFromRandom at size 300, cohesion 10, iter 1 took longer than 35 seconds.
  Timeout! linearSwitchFromRandom at size 300, cohesion 10, iter 2 took longer than 35 seconds.
  Timeout! linearSwitchFromRandom at size 300, cohesion 10, iter 3 took longer than 35 seconds.
  Timeout! linearSwitchFromRandom at size 300, cohesion 10, iter 4 took longer than 35 seconds.
  Timeout! linearSwitchFromRandom at size 300, cohesion 10, iter 5 took longer than 35 seconds.
  Timeout! linearSwitchFromRandom at size 300, cohesion 10, iter 6 took longer than 35 seconds.
  Timeout! linearSwitchFromRandom at size 300, cohesion 10, iter 7 took longer than 35 seconds.
  Timeout! linearSwitchFromRandom at size 300, cohesion 10, iter 8 took longer than 35 seconds.
  Timeout! linearSwitchFromRandom at size 300, cohesion 10, iter 9 took longer than 35 seconds.
  First 10 runs timed out. Cancelling remaining iterations.
  Completed 100 iterations for size 300, cohesion 10.
  Timeout! linearSwitchFromRandom at size 300, cohesion 20, iter 0 took longer than 35 seconds.
  Timeout! linearSwitchFromRandom at size 300, cohesion 20, iter 1 took longer than 35 seconds.
  Timeout! linearSwitchFromRandom at size 300, cohesion 20, iter 2 took longer than 35 seconds.
  Timeout! linearSwitchFromRandom at size 300, cohesion 20, iter 3 took longer than 35 seconds.
  Timeout! linearSwitchFromRandom at size 300, cohesion 20, iter 4 took longer than 35 seconds.
  Timeout! linearSwitchFromRandom at size 300, cohesion 20, iter 5 took longer than 35 seconds.
  Timeout! linearSwitchFromRandom at size 300, cohesion 20, iter 6 took longer than 35 seconds.
  Timeout! linearSwitchFromRandom at size 300, cohesion 20, iter 7 took longer than 35 seconds.
  Timeout! linearSwitchFromRandom at size 300, cohesion 20, iter 8 took longer than 35 seconds.
  Timeout! linearSwitchFromRandom at size 300, cohesion 20, iter 9 took longer than 35 seconds.
  First 10 runs timed out. Cancelling remaining iterations.
  Completed 100 iterations for size 300, cohesion 20.
  Timeout! linearSwitchFromRandom at size 300, cohesion 30, iter 0 took longer than 35 seconds.
  Timeout! linearSwitchFromRandom at size 300, cohesion 30, iter 1 took longer than 35 seconds.
  Timeout! linearSwitchFromRandom at size 300, cohesion 30, iter 2 took longer than 35 seconds.
  Timeout! linearSwitchFromRandom at size 300, cohesion 30, iter 3 took longer than 35 seconds.
  Timeout! linearSwitchFromRandom at size 300, cohesion 30, iter 4 took longer than 35 seconds.
  Timeout! linearSwitchFromRandom at size 300, cohesion 30, iter 5 took longer than 35 seconds.
  Timeout! linearSwitchFromRandom at size 300, cohesion 30, iter 6 took longer than 35 seconds.
  Timeout! linearSwitchFromRandom at size 300, cohesion 30, iter 7 took longer than 35 seconds.
  Timeout! linearSwitchFromRandom at size 300, cohesion 30, iter 8 took longer than 35 seconds.
  Timeout! linearSwitchFromRandom at size 300, cohesion 30, iter 9 took longer than 35 seconds.
  First 10 runs timed out. Cancelling remaining iterations.
  Completed 100 iterations for size 300, cohesion 30.
  Timeout! linearSwitchFromRandom at size 300, cohesion 40, iter 0 took longer than 35 seconds.
  Timeout! linearSwitchFromRandom at size 300, cohesion 40, iter 1 took longer than 35 seconds.
  Timeout! linearSwitchFromRandom at size 300, cohesion 40, iter 2 took longer than 35 seconds.
  Timeout! linearSwitchFromRandom at size 300, cohesion 40, iter 3 took longer than 35 seconds.
  Timeout! linearSwitchFromRandom at size 300, cohesion 40, iter 4 took longer than 35 seconds.
  Timeout! linearSwitchFromRandom at size 300, cohesion 40, iter 5 took longer than 35 seconds.
  Timeout! linearSwitchFromRandom at size 300, cohesion 40, iter 6 took longer than 35 seconds.
  Timeout! linearSwitchFromRandom at size 300, cohesion 40, iter 7 took longer than 35 seconds.
  Timeout! linearSwitchFromRandom at size 300, cohesion 40, iter 8 took longer than 35 seconds.
  Timeout! linearSwitchFromRandom at size 300, cohesion 40, iter 9 took longer than 35 seconds.
  First 10 runs timed out. Cancelling remaining iterations.
  Completed 100 iterations for size 300, cohesion 40.
  Timeout! linearSwitchFromRandom at size 300, cohesion 50, iter 0 took longer than 35 seconds.
  Timeout! linearSwitchFromRandom at size 300, cohesion 50, iter 1 took longer than 35 seconds.
  Timeout! linearSwitchFromRandom at size 300, cohesion 50, iter 2 took longer than 35 seconds.
  Timeout! linearSwitchFromRandom at size 300, cohesion 50, iter 3 took longer than 35 seconds.
  Timeout! linearSwitchFromRandom at size 300, cohesion 50, iter 4 took longer than 35 seconds.
  Timeout! linearSwitchFromRandom at size 300, cohesion 50, iter 5 took longer than 35 seconds.
  Timeout! linearSwitchFromRandom at size 300, cohesion 50, iter 6 took longer than 35 seconds.
  Timeout! linearSwitchFromRandom at size 300, cohesion 50, iter 7 took longer than 35 seconds.
  Timeout! linearSwitchFromRandom at size 300, cohesion 50, iter 8 took longer than 35 seconds.
  Timeout! linearSwitchFromRandom at size 300, cohesion 50, iter 9 took longer than 35 seconds.
  First 10 runs timed out. Cancelling remaining iterations.
  Completed 100 iterations for size 300, cohesion 50.
  Timeout! linearSwitchFromRandom at size 300, cohesion 60, iter 0 took longer than 35 seconds.
  Timeout! linearSwitchFromRandom at size 300, cohesion 60, iter 1 took longer than 35 seconds.
  Timeout! linearSwitchFromRandom at size 300, cohesion 60, iter 2 took longer than 35 seconds.
  Timeout! linearSwitchFromRandom at size 300, cohesion 60, iter 3 took longer than 35 seconds.
  Timeout! linearSwitchFromRandom at size 300, cohesion 60, iter 4 took longer than 35 seconds.
  Timeout! linearSwitchFromRandom at size 300, cohesion 60, iter 5 took longer than 35 seconds.
  Timeout! linearSwitchFromRandom at size 300, cohesion 60, iter 6 took longer than 35 seconds.
  Timeout! linearSwitchFromRandom at size 300, cohesion 60, iter 7 took longer than 35 seconds.
  Timeout! linearSwitchFromRandom at size 300, cohesion 60, iter 8 took longer than 35 seconds.
  Timeout! linearSwitchFromRandom at size 300, cohesion 60, iter 9 took longer than 35 seconds.
  First 10 runs timed out. Cancelling remaining iterations.
  Completed 100 iterations for size 300, cohesion 60.
  Timeout! linearSwitchFromRandom at size 300, cohesion 70, iter 0 took longer than 35 seconds.
  Timeout! linearSwitchFromRandom at size 300, cohesion 70, iter 1 took longer than 35 seconds.
  Timeout! linearSwitchFromRandom at size 300, cohesion 70, iter 2 took longer than 35 seconds.
  Timeout! linearSwitchFromRandom at size 300, cohesion 70, iter 3 took longer than 35 seconds.
  Timeout! linearSwitchFromRandom at size 300, cohesion 70, iter 4 took longer than 35 seconds.
  Timeout! linearSwitchFromRandom at size 300, cohesion 70, iter 5 took longer than 35 seconds.
  Timeout! linearSwitchFromRandom at size 300, cohesion 70, iter 6 took longer than 35 seconds.
  Timeout! linearSwitchFromRandom at size 300, cohesion 70, iter 7 took longer than 35 seconds.
  Timeout! linearSwitchFromRandom at size 300, cohesion 70, iter 8 took longer than 35 seconds.
  Timeout! linearSwitchFromRandom at size 300, cohesion 70, iter 9 took longer than 35 seconds.
  First 10 runs timed out. Cancelling remaining iterations.
  Completed 100 iterations for size 300, cohesion 70.
  Timeout! linearSwitchFromRandom at size 300, cohesion 80, iter 0 took longer than 35 seconds.
  Timeout! linearSwitchFromRandom at size 300, cohesion 80, iter 1 took longer than 35 seconds.
  Timeout! linearSwitchFromRandom at size 300, cohesion 80, iter 2 took longer than 35 seconds.
  Timeout! linearSwitchFromRandom at size 300, cohesion 80, iter 3 took longer than 35 seconds.
  Timeout! linearSwitchFromRandom at size 300, cohesion 80, iter 4 took longer than 35 seconds.
  Timeout! linearSwitchFromRandom at size 300, cohesion 80, iter 5 took longer than 35 seconds.
  Timeout! linearSwitchFromRandom at size 300, cohesion 80, iter 6 took longer than 35 seconds.
  Timeout! linearSwitchFromRandom at size 300, cohesion 80, iter 7 took longer than 35 seconds.
  Timeout! linearSwitchFromRandom at size 300, cohesion 80, iter 8 took longer than 35 seconds.
  Timeout! linearSwitchFromRandom at size 300, cohesion 80, iter 9 took longer than 35 seconds.
  First 10 runs timed out. Cancelling remaining iterations.
  Completed 100 iterations for size 300, cohesion 80.
  Timeout! linearSwitchFromRandom at size 300, cohesion 90, iter 0 took longer than 35 seconds.
  Timeout! linearSwitchFromRandom at size 300, cohesion 90, iter 1 took longer than 35 seconds.
  Timeout! linearSwitchFromRandom at size 300, cohesion 90, iter 2 took longer than 35 seconds.
  Timeout! linearSwitchFromRandom at size 300, cohesion 90, iter 3 took longer than 35 seconds.
  Timeout! linearSwitchFromRandom at size 300, cohesion 90, iter 4 took longer than 35 seconds.
  Timeout! linearSwitchFromRandom at size 300, cohesion 90, iter 5 took longer than 35 seconds.
  Timeout! linearSwitchFromRandom at size 300, cohesion 90, iter 6 took longer than 35 seconds.
  Timeout! linearSwitchFromRandom at size 300, cohesion 90, iter 7 took longer than 35 seconds.
  Timeout! linearSwitchFromRandom at size 300, cohesion 90, iter 8 took longer than 35 seconds.
  Timeout! linearSwitchFromRandom at size 300, cohesion 90, iter 9 took longer than 35 seconds.
  First 10 runs timed out. Cancelling remaining iterations.
  Completed 100 iterations for size 300, cohesion 90.
  Timeout! linearSwitchFromRandom at size 300, cohesion 100, iter 0 took longer than 35 seconds.
  Timeout! linearSwitchFromRandom at size 300, cohesion 100, iter 1 took longer than 35 seconds.
  Timeout! linearSwitchFromRandom at size 300, cohesion 100, iter 2 took longer than 35 seconds.
  Timeout! linearSwitchFromRandom at size 300, cohesion 100, iter 3 took longer than 35 seconds.
  Timeout! linearSwitchFromRandom at size 300, cohesion 100, iter 4 took longer than 35 seconds.
  Timeout! linearSwitchFromRandom at size 300, cohesion 100, iter 5 took longer than 35 seconds.
  Timeout! linearSwitchFromRandom at size 300, cohesion 100, iter 6 took longer than 35 seconds.
  Timeout! linearSwitchFromRandom at size 300, cohesion 100, iter 7 took longer than 35 seconds.
  Timeout! linearSwitchFromRandom at size 300, cohesion 100, iter 8 took longer than 35 seconds.
  Timeout! linearSwitchFromRandom at size 300, cohesion 100, iter 9 took longer than 35 seconds.
  First 10 runs timed out. Cancelling remaining iterations.
  Completed 100 iterations for size 300, cohesion 100.

Results successfully written to job%A/comparison_results_linearSwitchFromRandom.json

================================================================================
AVERAGE ARRANGEMENT SCORES (People: 8)
================================================================================
Algorithm                      0     10     20     30     40     50     60     70     80     90    100
--------------------------------------------------------------------------------
linearSwitchFromRandom    437.2  438.2  438.2  437.8  438.2  437.7  437.8  437.7  437.3  438.2  437.7 

================================================================================
AVERAGE ARRANGEMENT SCORES (People: 30)
================================================================================
Algorithm                      0     10     20     30     40     50     60     70     80     90    100
--------------------------------------------------------------------------------
linearSwitchFromRandom   1313.5 1338.4 1379.6 1429.6 1469.6 1517.5 1561.6 1568.9 1580.7 1575.9 1585.1 

================================================================================
AVERAGE ARRANGEMENT SCORES (People: 100)
================================================================================
Algorithm                      0     10     20     30     40     50     60     70     80     90    100
--------------------------------------------------------------------------------
linearSwitchFromRandom   4157.2 4405.4 4590.6 4725.8 4875.6 5036.0 5112.3 5159.8 5179.8 5187.2 5182.2 

================================================================================
AVERAGE ARRANGEMENT SCORES (People: 300)
================================================================================
Algorithm                      0     10     20     30     40     50     60     70     80     90    100
--------------------------------------------------------------------------------
linearSwitchFromRandom      DNF    DNF    DNF    DNF    DNF    DNF    DNF    DNF    DNF    DNF    DNF 

================================================================================
AVERAGE EXECUTION TIMES (seconds) (People: 8)
================================================================================
Algorithm                      0     10     20     30     40     50     60     70     80     90    100
--------------------------------------------------------------------------------
linearSwitchFromRandom   0.0519 0.0513 0.0519 0.0522 0.0530 0.0532 0.0526 0.0529 0.0545 0.0554 0.0533 

================================================================================
AVERAGE EXECUTION TIMES (seconds) (People: 30)
================================================================================
Algorithm                      0     10     20     30     40     50     60     70     80     90    100
--------------------------------------------------------------------------------
linearSwitchFromRandom   0.9649 0.9280 0.9405 0.9391 0.8982 0.9300 0.9206 0.9303 0.9353 0.9389 0.9347 

================================================================================
AVERAGE EXECUTION TIMES (seconds) (People: 100)
================================================================================
Algorithm                      0     10     20     30     40     50     60     70     80     90    100
--------------------------------------------------------------------------------
linearSwitchFromRandom   18.7243 17.7628 17.3754 17.1274 17.1075 16.5783 16.2370 16.2018 16.1179 16.2597 15.7473 

================================================================================
AVERAGE EXECUTION TIMES (seconds) (People: 300)
================================================================================
Algorithm                      0     10     20     30     40     50     60     70     80     90    100
--------------------------------------------------------------------------------
linearSwitchFromRandom      DNF    DNF    DNF    DNF    DNF    DNF    DNF    DNF    DNF    DNF    DNF 

================================================================================

Results successfully written to job%A/comparison_results_linearSwitchFromRandom.json
