Task 6 running algorithm: randomSwitchFromFluent
cn11.hpc.itu.dk
nsio
/home/nsio/bachelorProject/hpc-jobs
Running iterations for algorithm: randomSwitchFromFluent
  Completed 100 iterations for size 8, cohesion 0.
  Completed 100 iterations for size 8, cohesion 10.
  Completed 100 iterations for size 8, cohesion 20.
  Completed 100 iterations for size 8, cohesion 30.
  Completed 100 iterations for size 8, cohesion 40.
  Completed 100 iterations for size 8, cohesion 50.
  Completed 100 iterations for size 8, cohesion 60.
  Completed 100 iterations for size 8, cohesion 70.
  Completed 100 iterations for size 8, cohesion 80.
  Completed 100 iterations for size 8, cohesion 90.
  Completed 100 iterations for size 8, cohesion 100.
  Completed 100 iterations for size 30, cohesion 0.
  Completed 100 iterations for size 30, cohesion 10.
  Completed 100 iterations for size 30, cohesion 20.
  Completed 100 iterations for size 30, cohesion 30.
  Completed 100 iterations for size 30, cohesion 40.
  Completed 100 iterations for size 30, cohesion 50.
  Completed 100 iterations for size 30, cohesion 60.
  Completed 100 iterations for size 30, cohesion 70.
  Completed 100 iterations for size 30, cohesion 80.
  Completed 100 iterations for size 30, cohesion 90.
  Completed 100 iterations for size 30, cohesion 100.
RPython traceback:
  File "pypy_module_pypyjit.c", line 1311, in jump_absolute__AccessDirect_None
  File "rpython_jit_metainterp.c", line 55045, in bound_reached__star_5_2
  File "rpython_jit_metainterp_1.c", line 35570, in compile_and_run_once___rpython_jit_metainterp_ji_13
  File "rpython_jit_metainterp.c", line 59433, in MetaInterp__compile_and_run_once
  File "rpython_jit_metainterp_2.c", line 14402, in MetaInterp_interpret
  File "rpython_jit_metainterp_3.c", line 44865, in MetaInterp__interpret
  File "rpython_jit_metainterp_4.c", line 47413, in MIFrame_run_one_step
  File "rpython_jit_metainterp_6.c", line 4962, in MIFrame_opimpl_jit_merge_point
  File "rpython_jit_metainterp_6.c", line 31708, in MetaInterp_reached_loop_header
  File "rpython_jit_metainterp_6.c", line 63093, in MetaInterp_compile_loop
  File "rpython_jit_metainterp_7.c", line 27032, in compile_loop
  File "rpython_jit_metainterp_7.c", line 39971, in send_loop_to_backend
  File "rpython_jit_backend_x86.c", line 1370, in Assembler386_assemble_loop
  File "rpython_jit_backend_x86.c", line 4725, in RegAlloc_prepare_loop
  File "rpython_jit_backend_x86.c", line 8619, in RegAlloc__prepare
  File "rpython_jit_backend_llsupport.c", line 20402, in compute_vars_longevity
  File "rpython_jit_backend_llsupport.c", line 42403, in LifetimeManager___setitem__
~~~ Crash in JIT! <SettingForwardedOnAbstractValue object at 0x7ff3df44ca50>
  Error in randomSwitchFromFluent at cohesion 0, iter 31: Process crashed or returned no output, exitcode: -6
  Completed 100 iterations for size 100, cohesion 0.
  Completed 100 iterations for size 100, cohesion 10.
  Completed 100 iterations for size 100, cohesion 20.
  Completed 100 iterations for size 100, cohesion 30.
RPython traceback:
  File "pypy_module_pypyjit.c", line 1311, in jump_absolute__AccessDirect_None
  File "rpython_jit_metainterp.c", line 55045, in bound_reached__star_5_2
  File "rpython_jit_metainterp_1.c", line 35570, in compile_and_run_once___rpython_jit_metainterp_ji_13
  File "rpython_jit_metainterp.c", line 59433, in MetaInterp__compile_and_run_once
  File "rpython_jit_metainterp_2.c", line 14402, in MetaInterp_interpret
  File "rpython_jit_metainterp_3.c", line 44865, in MetaInterp__interpret
  File "rpython_jit_metainterp_4.c", line 47413, in MIFrame_run_one_step
  File "rpython_jit_metainterp_6.c", line 4962, in MIFrame_opimpl_jit_merge_point
  File "rpython_jit_metainterp_6.c", line 31708, in MetaInterp_reached_loop_header
  File "rpython_jit_metainterp_6.c", line 63093, in MetaInterp_compile_loop
  File "rpython_jit_metainterp_7.c", line 27032, in compile_loop
  File "rpython_jit_metainterp_7.c", line 39971, in send_loop_to_backend
  File "rpython_jit_backend_x86.c", line 1370, in Assembler386_assemble_loop
  File "rpython_jit_backend_x86.c", line 4725, in RegAlloc_prepare_loop
  File "rpython_jit_backend_x86.c", line 8619, in RegAlloc__prepare
  File "rpython_jit_backend_llsupport.c", line 20402, in compute_vars_longevity
  File "rpython_jit_backend_llsupport.c", line 42403, in LifetimeManager___setitem__
~~~ Crash in JIT! <SettingForwardedOnAbstractValue object at 0x7ff3df44ca50>
  Error in randomSwitchFromFluent at cohesion 40, iter 20: Process crashed or returned no output, exitcode: -6
  Completed 100 iterations for size 100, cohesion 40.
  Completed 100 iterations for size 100, cohesion 50.
  Completed 100 iterations for size 100, cohesion 60.
  Completed 100 iterations for size 100, cohesion 70.
  Completed 100 iterations for size 100, cohesion 80.
  Completed 100 iterations for size 100, cohesion 90.
  Completed 100 iterations for size 100, cohesion 100.
  Completed 100 iterations for size 300, cohesion 0.
  Completed 100 iterations for size 300, cohesion 10.
  Completed 100 iterations for size 300, cohesion 20.
  Completed 100 iterations for size 300, cohesion 30.
  Completed 100 iterations for size 300, cohesion 40.
  Completed 100 iterations for size 300, cohesion 50.
  Completed 100 iterations for size 300, cohesion 60.
  Completed 100 iterations for size 300, cohesion 70.
RPython traceback:
  File "pypy_module_pypyjit.c", line 1311, in jump_absolute__AccessDirect_None
  File "rpython_jit_metainterp.c", line 55045, in bound_reached__star_5_2
  File "rpython_jit_metainterp_1.c", line 35570, in compile_and_run_once___rpython_jit_metainterp_ji_13
  File "rpython_jit_metainterp.c", line 59433, in MetaInterp__compile_and_run_once
  File "rpython_jit_metainterp_2.c", line 14402, in MetaInterp_interpret
  File "rpython_jit_metainterp_3.c", line 44865, in MetaInterp__interpret
  File "rpython_jit_metainterp_4.c", line 47413, in MIFrame_run_one_step
  File "rpython_jit_metainterp_6.c", line 4962, in MIFrame_opimpl_jit_merge_point
  File "rpython_jit_metainterp_6.c", line 31708, in MetaInterp_reached_loop_header
  File "rpython_jit_metainterp_6.c", line 63093, in MetaInterp_compile_loop
  File "rpython_jit_metainterp_7.c", line 27032, in compile_loop
  File "rpython_jit_metainterp_7.c", line 39971, in send_loop_to_backend
  File "rpython_jit_backend_x86.c", line 1370, in Assembler386_assemble_loop
  File "rpython_jit_backend_x86.c", line 4725, in RegAlloc_prepare_loop
  File "rpython_jit_backend_x86.c", line 8619, in RegAlloc__prepare
  File "rpython_jit_backend_llsupport.c", line 20402, in compute_vars_longevity
  File "rpython_jit_backend_llsupport.c", line 42403, in LifetimeManager___setitem__
~~~ Crash in JIT! <SettingForwardedOnAbstractValue object at 0x7ff3df44ca50>
  Error in randomSwitchFromFluent at cohesion 80, iter 30: Process crashed or returned no output, exitcode: -6
RPython traceback:
  File "pypy_module_pypyjit.c", line 1311, in jump_absolute__AccessDirect_None
  File "rpython_jit_metainterp.c", line 55045, in bound_reached__star_5_2
  File "rpython_jit_metainterp_1.c", line 35570, in compile_and_run_once___rpython_jit_metainterp_ji_13
  File "rpython_jit_metainterp.c", line 59433, in MetaInterp__compile_and_run_once
  File "rpython_jit_metainterp_2.c", line 14402, in MetaInterp_interpret
  File "rpython_jit_metainterp_3.c", line 44865, in MetaInterp__interpret
  File "rpython_jit_metainterp_4.c", line 47413, in MIFrame_run_one_step
  File "rpython_jit_metainterp_6.c", line 4962, in MIFrame_opimpl_jit_merge_point
  File "rpython_jit_metainterp_6.c", line 31708, in MetaInterp_reached_loop_header
  File "rpython_jit_metainterp_6.c", line 63093, in MetaInterp_compile_loop
  File "rpython_jit_metainterp_7.c", line 27032, in compile_loop
  File "rpython_jit_metainterp_7.c", line 39971, in send_loop_to_backend
  File "rpython_jit_backend_x86.c", line 1370, in Assembler386_assemble_loop
  File "rpython_jit_backend_x86.c", line 4725, in RegAlloc_prepare_loop
  File "rpython_jit_backend_x86.c", line 8619, in RegAlloc__prepare
  File "rpython_jit_backend_llsupport.c", line 20402, in compute_vars_longevity
  File "rpython_jit_backend_llsupport.c", line 42403, in LifetimeManager___setitem__
~~~ Crash in JIT! <SettingForwardedOnAbstractValue object at 0x7ff3df44ca50>
  Error in randomSwitchFromFluent at cohesion 80, iter 95: Process crashed or returned no output, exitcode: -6
  Completed 100 iterations for size 300, cohesion 80.
  Completed 100 iterations for size 300, cohesion 90.
  Completed 100 iterations for size 300, cohesion 100.

Results successfully written to job%A/comparison_results_randomSwitchFromFluent.json

================================================================================
AVERAGE ARRANGEMENT SCORES (People: 8)
================================================================================
Algorithm                      0     10     20     30     40     50     60     70     80     90    100
--------------------------------------------------------------------------------
randomSwitchFromFluent    436.1  436.7  435.8  435.9  436.2  435.9  436.0  436.0  436.5  436.3  436.5 

================================================================================
AVERAGE ARRANGEMENT SCORES (People: 30)
================================================================================
Algorithm                      0     10     20     30     40     50     60     70     80     90    100
--------------------------------------------------------------------------------
randomSwitchFromFluent   1304.9 1323.4 1376.5 1424.6 1477.3 1523.2 1554.4 1567.6 1578.6 1583.3 1582.0 

================================================================================
AVERAGE ARRANGEMENT SCORES (People: 100)
================================================================================
Algorithm                      0     10     20     30     40     50     60     70     80     90    100
--------------------------------------------------------------------------------
randomSwitchFromFluent   4087.6 4331.5 4514.4 4685.0 4866.9 5007.0 5102.7 5165.7 5183.6 5192.7 5188.8 

================================================================================
AVERAGE ARRANGEMENT SCORES (People: 300)
================================================================================
Algorithm                      0     10     20     30     40     50     60     70     80     90    100
--------------------------------------------------------------------------------
randomSwitchFromFluent   11590.5 12442.1 13041.6 13469.3 13972.3 14455.5 14756.5 14961.9 14975.7 15012.6 15007.3 

================================================================================
AVERAGE EXECUTION TIMES (seconds) (People: 8)
================================================================================
Algorithm                      0     10     20     30     40     50     60     70     80     90    100
--------------------------------------------------------------------------------
randomSwitchFromFluent   0.0592 0.0585 0.0576 0.0573 0.0572 0.0577 0.0577 0.0581 0.0584 0.0570 0.0580 

================================================================================
AVERAGE EXECUTION TIMES (seconds) (People: 30)
================================================================================
Algorithm                      0     10     20     30     40     50     60     70     80     90    100
--------------------------------------------------------------------------------
randomSwitchFromFluent   0.2776 0.2776 0.2679 0.2673 0.2642 0.2610 0.2638 0.2631 0.2641 0.2607 0.2644 

================================================================================
AVERAGE EXECUTION TIMES (seconds) (People: 100)
================================================================================
Algorithm                      0     10     20     30     40     50     60     70     80     90    100
--------------------------------------------------------------------------------
randomSwitchFromFluent   1.3163 1.2973 1.3000 1.2847 1.2704 1.2746 1.2615 1.2599 1.2517 1.2513 1.2592 

================================================================================
AVERAGE EXECUTION TIMES (seconds) (People: 300)
================================================================================
Algorithm                      0     10     20     30     40     50     60     70     80     90    100
--------------------------------------------------------------------------------
randomSwitchFromFluent   3.7011 3.6612 3.5729 3.4357 3.3189 3.2649 3.2496 3.2337 3.2438 3.2274 3.2194 

================================================================================

Results successfully written to job%A/comparison_results_randomSwitchFromFluent.json
