Task 9 running algorithm: tabuSearchFromRandom
cn11.hpc.itu.dk
nsio
/home/nsio/bachelorProject/hpc-jobs
Running iterations for algorithm: tabuSearchFromRandom
  Completed 100 iterations for size 8, cohesion 0.
  Completed 100 iterations for size 8, cohesion 10.
  Completed 100 iterations for size 8, cohesion 20.
  Completed 100 iterations for size 8, cohesion 30.
  Completed 100 iterations for size 8, cohesion 40.
  Completed 100 iterations for size 8, cohesion 50.
  Completed 100 iterations for size 8, cohesion 60.
  Completed 100 iterations for size 8, cohesion 70.
  Completed 100 iterations for size 8, cohesion 80.
  Completed 100 iterations for size 8, cohesion 90.
  Completed 100 iterations for size 8, cohesion 100.
  Completed 100 iterations for size 30, cohesion 0.
  Completed 100 iterations for size 30, cohesion 10.
  Completed 100 iterations for size 30, cohesion 20.
  Completed 100 iterations for size 30, cohesion 30.
  Completed 100 iterations for size 30, cohesion 40.
  Completed 100 iterations for size 30, cohesion 50.
  Completed 100 iterations for size 30, cohesion 60.
  Completed 100 iterations for size 30, cohesion 70.
  Completed 100 iterations for size 30, cohesion 80.
  Completed 100 iterations for size 30, cohesion 90.
  Completed 100 iterations for size 30, cohesion 100.
  Timeout! tabuSearchFromRandom at size 100, cohesion 0, iter 31 took longer than 35 seconds.
  Completed 100 iterations for size 100, cohesion 0.
  Timeout! tabuSearchFromRandom at size 100, cohesion 10, iter 20 took longer than 35 seconds.
  Timeout! tabuSearchFromRandom at size 100, cohesion 10, iter 21 took longer than 35 seconds.
  Completed 100 iterations for size 100, cohesion 10.
  Timeout! tabuSearchFromRandom at size 100, cohesion 20, iter 26 took longer than 35 seconds.
  Timeout! tabuSearchFromRandom at size 100, cohesion 20, iter 98 took longer than 35 seconds.
  Completed 100 iterations for size 100, cohesion 20.
  Completed 100 iterations for size 100, cohesion 30.
  Timeout! tabuSearchFromRandom at size 100, cohesion 40, iter 32 took longer than 35 seconds.
  Completed 100 iterations for size 100, cohesion 40.
  Completed 100 iterations for size 100, cohesion 50.
  Completed 100 iterations for size 100, cohesion 60.
  Completed 100 iterations for size 100, cohesion 70.
  Completed 100 iterations for size 100, cohesion 80.
  Timeout! tabuSearchFromRandom at size 100, cohesion 90, iter 67 took longer than 35 seconds.
  Completed 100 iterations for size 100, cohesion 90.
  Timeout! tabuSearchFromRandom at size 100, cohesion 100, iter 37 took longer than 35 seconds.
  Completed 100 iterations for size 100, cohesion 100.
  Timeout! tabuSearchFromRandom at size 300, cohesion 0, iter 0 took longer than 35 seconds.
  Timeout! tabuSearchFromRandom at size 300, cohesion 0, iter 1 took longer than 35 seconds.
  Timeout! tabuSearchFromRandom at size 300, cohesion 0, iter 2 took longer than 35 seconds.
  Timeout! tabuSearchFromRandom at size 300, cohesion 0, iter 3 took longer than 35 seconds.
  Timeout! tabuSearchFromRandom at size 300, cohesion 0, iter 4 took longer than 35 seconds.
  Timeout! tabuSearchFromRandom at size 300, cohesion 0, iter 5 took longer than 35 seconds.
  Timeout! tabuSearchFromRandom at size 300, cohesion 0, iter 6 took longer than 35 seconds.
  Timeout! tabuSearchFromRandom at size 300, cohesion 0, iter 7 took longer than 35 seconds.
  Timeout! tabuSearchFromRandom at size 300, cohesion 0, iter 8 took longer than 35 seconds.
  Timeout! tabuSearchFromRandom at size 300, cohesion 0, iter 9 took longer than 35 seconds.
  First 10 runs timed out. Cancelling remaining iterations.
  Completed 100 iterations for size 300, cohesion 0.
  Timeout! tabuSearchFromRandom at size 300, cohesion 10, iter 0 took longer than 35 seconds.
  Timeout! tabuSearchFromRandom at size 300, cohesion 10, iter 1 took longer than 35 seconds.
  Timeout! tabuSearchFromRandom at size 300, cohesion 10, iter 2 took longer than 35 seconds.
  Timeout! tabuSearchFromRandom at size 300, cohesion 10, iter 3 took longer than 35 seconds.
  Timeout! tabuSearchFromRandom at size 300, cohesion 10, iter 4 took longer than 35 seconds.
  Timeout! tabuSearchFromRandom at size 300, cohesion 10, iter 5 took longer than 35 seconds.
  Timeout! tabuSearchFromRandom at size 300, cohesion 10, iter 6 took longer than 35 seconds.
  Timeout! tabuSearchFromRandom at size 300, cohesion 10, iter 7 took longer than 35 seconds.
  Timeout! tabuSearchFromRandom at size 300, cohesion 10, iter 8 took longer than 35 seconds.
  Timeout! tabuSearchFromRandom at size 300, cohesion 10, iter 9 took longer than 35 seconds.
  First 10 runs timed out. Cancelling remaining iterations.
  Completed 100 iterations for size 300, cohesion 10.
  Timeout! tabuSearchFromRandom at size 300, cohesion 20, iter 0 took longer than 35 seconds.
  Timeout! tabuSearchFromRandom at size 300, cohesion 20, iter 1 took longer than 35 seconds.
  Timeout! tabuSearchFromRandom at size 300, cohesion 20, iter 2 took longer than 35 seconds.
  Timeout! tabuSearchFromRandom at size 300, cohesion 20, iter 3 took longer than 35 seconds.
  Timeout! tabuSearchFromRandom at size 300, cohesion 20, iter 4 took longer than 35 seconds.
  Timeout! tabuSearchFromRandom at size 300, cohesion 20, iter 5 took longer than 35 seconds.
  Timeout! tabuSearchFromRandom at size 300, cohesion 20, iter 6 took longer than 35 seconds.
  Timeout! tabuSearchFromRandom at size 300, cohesion 20, iter 7 took longer than 35 seconds.
  Timeout! tabuSearchFromRandom at size 300, cohesion 20, iter 8 took longer than 35 seconds.
  Timeout! tabuSearchFromRandom at size 300, cohesion 20, iter 9 took longer than 35 seconds.
  First 10 runs timed out. Cancelling remaining iterations.
  Completed 100 iterations for size 300, cohesion 20.
  Timeout! tabuSearchFromRandom at size 300, cohesion 30, iter 0 took longer than 35 seconds.
  Timeout! tabuSearchFromRandom at size 300, cohesion 30, iter 1 took longer than 35 seconds.
  Timeout! tabuSearchFromRandom at size 300, cohesion 30, iter 2 took longer than 35 seconds.
  Timeout! tabuSearchFromRandom at size 300, cohesion 30, iter 3 took longer than 35 seconds.
  Timeout! tabuSearchFromRandom at size 300, cohesion 30, iter 4 took longer than 35 seconds.
  Timeout! tabuSearchFromRandom at size 300, cohesion 30, iter 5 took longer than 35 seconds.
  Timeout! tabuSearchFromRandom at size 300, cohesion 30, iter 6 took longer than 35 seconds.
  Timeout! tabuSearchFromRandom at size 300, cohesion 30, iter 7 took longer than 35 seconds.
  Timeout! tabuSearchFromRandom at size 300, cohesion 30, iter 8 took longer than 35 seconds.
  Timeout! tabuSearchFromRandom at size 300, cohesion 30, iter 9 took longer than 35 seconds.
  First 10 runs timed out. Cancelling remaining iterations.
  Completed 100 iterations for size 300, cohesion 30.
  Timeout! tabuSearchFromRandom at size 300, cohesion 40, iter 0 took longer than 35 seconds.
  Timeout! tabuSearchFromRandom at size 300, cohesion 40, iter 1 took longer than 35 seconds.
  Timeout! tabuSearchFromRandom at size 300, cohesion 40, iter 2 took longer than 35 seconds.
  Timeout! tabuSearchFromRandom at size 300, cohesion 40, iter 3 took longer than 35 seconds.
  Timeout! tabuSearchFromRandom at size 300, cohesion 40, iter 4 took longer than 35 seconds.
  Timeout! tabuSearchFromRandom at size 300, cohesion 40, iter 5 took longer than 35 seconds.
  Timeout! tabuSearchFromRandom at size 300, cohesion 40, iter 6 took longer than 35 seconds.
  Timeout! tabuSearchFromRandom at size 300, cohesion 40, iter 7 took longer than 35 seconds.
  Timeout! tabuSearchFromRandom at size 300, cohesion 40, iter 8 took longer than 35 seconds.
  Timeout! tabuSearchFromRandom at size 300, cohesion 40, iter 9 took longer than 35 seconds.
  First 10 runs timed out. Cancelling remaining iterations.
  Completed 100 iterations for size 300, cohesion 40.
  Timeout! tabuSearchFromRandom at size 300, cohesion 50, iter 0 took longer than 35 seconds.
  Timeout! tabuSearchFromRandom at size 300, cohesion 50, iter 1 took longer than 35 seconds.
  Timeout! tabuSearchFromRandom at size 300, cohesion 50, iter 2 took longer than 35 seconds.
  Timeout! tabuSearchFromRandom at size 300, cohesion 50, iter 3 took longer than 35 seconds.
  Timeout! tabuSearchFromRandom at size 300, cohesion 50, iter 4 took longer than 35 seconds.
  Timeout! tabuSearchFromRandom at size 300, cohesion 50, iter 5 took longer than 35 seconds.
  Timeout! tabuSearchFromRandom at size 300, cohesion 50, iter 6 took longer than 35 seconds.
  Timeout! tabuSearchFromRandom at size 300, cohesion 50, iter 7 took longer than 35 seconds.
  Timeout! tabuSearchFromRandom at size 300, cohesion 50, iter 8 took longer than 35 seconds.
  Timeout! tabuSearchFromRandom at size 300, cohesion 50, iter 9 took longer than 35 seconds.
  First 10 runs timed out. Cancelling remaining iterations.
  Completed 100 iterations for size 300, cohesion 50.
  Timeout! tabuSearchFromRandom at size 300, cohesion 60, iter 0 took longer than 35 seconds.
  Timeout! tabuSearchFromRandom at size 300, cohesion 60, iter 1 took longer than 35 seconds.
  Timeout! tabuSearchFromRandom at size 300, cohesion 60, iter 2 took longer than 35 seconds.
  Timeout! tabuSearchFromRandom at size 300, cohesion 60, iter 3 took longer than 35 seconds.
  Timeout! tabuSearchFromRandom at size 300, cohesion 60, iter 4 took longer than 35 seconds.
  Timeout! tabuSearchFromRandom at size 300, cohesion 60, iter 5 took longer than 35 seconds.
  Timeout! tabuSearchFromRandom at size 300, cohesion 60, iter 6 took longer than 35 seconds.
  Timeout! tabuSearchFromRandom at size 300, cohesion 60, iter 7 took longer than 35 seconds.
  Timeout! tabuSearchFromRandom at size 300, cohesion 60, iter 8 took longer than 35 seconds.
  Timeout! tabuSearchFromRandom at size 300, cohesion 60, iter 9 took longer than 35 seconds.
  First 10 runs timed out. Cancelling remaining iterations.
  Completed 100 iterations for size 300, cohesion 60.
  Timeout! tabuSearchFromRandom at size 300, cohesion 70, iter 0 took longer than 35 seconds.
  Timeout! tabuSearchFromRandom at size 300, cohesion 70, iter 1 took longer than 35 seconds.
  Timeout! tabuSearchFromRandom at size 300, cohesion 70, iter 2 took longer than 35 seconds.
  Timeout! tabuSearchFromRandom at size 300, cohesion 70, iter 3 took longer than 35 seconds.
  Timeout! tabuSearchFromRandom at size 300, cohesion 70, iter 4 took longer than 35 seconds.
  Timeout! tabuSearchFromRandom at size 300, cohesion 70, iter 5 took longer than 35 seconds.
  Timeout! tabuSearchFromRandom at size 300, cohesion 70, iter 6 took longer than 35 seconds.
  Timeout! tabuSearchFromRandom at size 300, cohesion 70, iter 7 took longer than 35 seconds.
  Timeout! tabuSearchFromRandom at size 300, cohesion 70, iter 8 took longer than 35 seconds.
  Timeout! tabuSearchFromRandom at size 300, cohesion 70, iter 9 took longer than 35 seconds.
  First 10 runs timed out. Cancelling remaining iterations.
  Completed 100 iterations for size 300, cohesion 70.
  Timeout! tabuSearchFromRandom at size 300, cohesion 80, iter 0 took longer than 35 seconds.
  Timeout! tabuSearchFromRandom at size 300, cohesion 80, iter 1 took longer than 35 seconds.
  Timeout! tabuSearchFromRandom at size 300, cohesion 80, iter 2 took longer than 35 seconds.
  Timeout! tabuSearchFromRandom at size 300, cohesion 80, iter 3 took longer than 35 seconds.
  Timeout! tabuSearchFromRandom at size 300, cohesion 80, iter 4 took longer than 35 seconds.
  Timeout! tabuSearchFromRandom at size 300, cohesion 80, iter 5 took longer than 35 seconds.
  Timeout! tabuSearchFromRandom at size 300, cohesion 80, iter 6 took longer than 35 seconds.
  Timeout! tabuSearchFromRandom at size 300, cohesion 80, iter 7 took longer than 35 seconds.
  Timeout! tabuSearchFromRandom at size 300, cohesion 80, iter 8 took longer than 35 seconds.
  Timeout! tabuSearchFromRandom at size 300, cohesion 80, iter 9 took longer than 35 seconds.
  First 10 runs timed out. Cancelling remaining iterations.
  Completed 100 iterations for size 300, cohesion 80.
  Timeout! tabuSearchFromRandom at size 300, cohesion 90, iter 0 took longer than 35 seconds.
  Timeout! tabuSearchFromRandom at size 300, cohesion 90, iter 1 took longer than 35 seconds.
  Timeout! tabuSearchFromRandom at size 300, cohesion 90, iter 2 took longer than 35 seconds.
  Timeout! tabuSearchFromRandom at size 300, cohesion 90, iter 3 took longer than 35 seconds.
  Timeout! tabuSearchFromRandom at size 300, cohesion 90, iter 4 took longer than 35 seconds.
  Timeout! tabuSearchFromRandom at size 300, cohesion 90, iter 5 took longer than 35 seconds.
  Timeout! tabuSearchFromRandom at size 300, cohesion 90, iter 6 took longer than 35 seconds.
  Timeout! tabuSearchFromRandom at size 300, cohesion 90, iter 7 took longer than 35 seconds.
  Timeout! tabuSearchFromRandom at size 300, cohesion 90, iter 8 took longer than 35 seconds.
  Timeout! tabuSearchFromRandom at size 300, cohesion 90, iter 9 took longer than 35 seconds.
  First 10 runs timed out. Cancelling remaining iterations.
  Completed 100 iterations for size 300, cohesion 90.
  Timeout! tabuSearchFromRandom at size 300, cohesion 100, iter 0 took longer than 35 seconds.
  Timeout! tabuSearchFromRandom at size 300, cohesion 100, iter 1 took longer than 35 seconds.
  Timeout! tabuSearchFromRandom at size 300, cohesion 100, iter 2 took longer than 35 seconds.
  Timeout! tabuSearchFromRandom at size 300, cohesion 100, iter 3 took longer than 35 seconds.
  Timeout! tabuSearchFromRandom at size 300, cohesion 100, iter 4 took longer than 35 seconds.
  Timeout! tabuSearchFromRandom at size 300, cohesion 100, iter 5 took longer than 35 seconds.
  Timeout! tabuSearchFromRandom at size 300, cohesion 100, iter 6 took longer than 35 seconds.
  Timeout! tabuSearchFromRandom at size 300, cohesion 100, iter 7 took longer than 35 seconds.
  Timeout! tabuSearchFromRandom at size 300, cohesion 100, iter 8 took longer than 35 seconds.
  Timeout! tabuSearchFromRandom at size 300, cohesion 100, iter 9 took longer than 35 seconds.
  First 10 runs timed out. Cancelling remaining iterations.
  Completed 100 iterations for size 300, cohesion 100.

Results successfully written to job%A/comparison_results_tabuSearchFromRandom.json

================================================================================
AVERAGE ARRANGEMENT SCORES (People: 8)
================================================================================
Algorithm                      0     10     20     30     40     50     60     70     80     90    100
--------------------------------------------------------------------------------
tabuSearchFromRandom      439.6  439.7  439.6  439.6  439.7  439.7  439.5  439.6  439.6  439.6  439.6 

================================================================================
AVERAGE ARRANGEMENT SCORES (People: 30)
================================================================================
Algorithm                      0     10     20     30     40     50     60     70     80     90    100
--------------------------------------------------------------------------------
tabuSearchFromRandom     1313.6 1336.0 1376.3 1430.3 1465.7 1517.5 1554.0 1559.2 1574.1 1569.9 1562.4 

================================================================================
AVERAGE ARRANGEMENT SCORES (People: 100)
================================================================================
Algorithm                      0     10     20     30     40     50     60     70     80     90    100
--------------------------------------------------------------------------------
tabuSearchFromRandom     4063.3 4317.9 4497.9 4635.6 4806.8 4928.1 5047.4 5069.0 5099.4 5073.3 5100.6 

================================================================================
AVERAGE ARRANGEMENT SCORES (People: 300)
================================================================================
Algorithm                      0     10     20     30     40     50     60     70     80     90    100
--------------------------------------------------------------------------------
tabuSearchFromRandom        DNF    DNF    DNF    DNF    DNF    DNF    DNF    DNF    DNF    DNF    DNF 

================================================================================
AVERAGE EXECUTION TIMES (seconds) (People: 8)
================================================================================
Algorithm                      0     10     20     30     40     50     60     70     80     90    100
--------------------------------------------------------------------------------
tabuSearchFromRandom     0.0907 0.0967 0.0941 0.0927 0.0931 0.0950 0.0976 0.0961 0.0952 0.0955 0.0943 

================================================================================
AVERAGE EXECUTION TIMES (seconds) (People: 30)
================================================================================
Algorithm                      0     10     20     30     40     50     60     70     80     90    100
--------------------------------------------------------------------------------
tabuSearchFromRandom     0.8419 0.8732 0.8369 0.8236 0.7791 0.7929 0.7806 0.8018 0.8119 0.7821 0.7932 

================================================================================
AVERAGE EXECUTION TIMES (seconds) (People: 100)
================================================================================
Algorithm                      0     10     20     30     40     50     60     70     80     90    100
--------------------------------------------------------------------------------
tabuSearchFromRandom     7.9067 8.0217 7.9420 7.7240 7.3763 6.8537 7.1984 7.1368 6.8080 6.5875 7.1684 

================================================================================
AVERAGE EXECUTION TIMES (seconds) (People: 300)
================================================================================
Algorithm                      0     10     20     30     40     50     60     70     80     90    100
--------------------------------------------------------------------------------
tabuSearchFromRandom        DNF    DNF    DNF    DNF    DNF    DNF    DNF    DNF    DNF    DNF    DNF 

================================================================================

Results successfully written to job%A/comparison_results_tabuSearchFromRandom.json
