Task 2 running algorithm: bruteForce
cn8.hpc.itu.dk
nsio
/home/nsio/bachelorProject/hpc-jobs
Running iterations for algorithm: bruteForce
  Completed 100 iterations for size 8, cohesion 0.
  Completed 100 iterations for size 8, cohesion 20.
  Completed 100 iterations for size 8, cohesion 50.
  Completed 100 iterations for size 8, cohesion 80.
  Completed 100 iterations for size 8, cohesion 100.
  Completed 100 iterations for size 30, cohesion 0.
  Completed 100 iterations for size 30, cohesion 20.
  Completed 100 iterations for size 30, cohesion 50.
  Completed 100 iterations for size 30, cohesion 80.
  Completed 100 iterations for size 30, cohesion 100.
  Completed 100 iterations for size 100, cohesion 0.
  Completed 100 iterations for size 100, cohesion 20.
  Completed 100 iterations for size 100, cohesion 50.
  Completed 100 iterations for size 100, cohesion 80.
  Completed 100 iterations for size 100, cohesion 100.
  Completed 100 iterations for size 300, cohesion 0.
  Completed 100 iterations for size 300, cohesion 20.
  Completed 100 iterations for size 300, cohesion 50.
  Completed 100 iterations for size 300, cohesion 80.
  Completed 100 iterations for size 300, cohesion 100.

Results successfully written to job72626/comparison_results_bruteForce.json

================================================================================
AVERAGE ARRANGEMENT SCORES (People: 8)
================================================================================
Algorithm                      0     20     50     80    100
--------------------------------------------------------------------------------
bruteForce                439.7  439.7  439.7  439.7  439.7 

================================================================================
AVERAGE ARRANGEMENT SCORES (People: 30)
================================================================================
Algorithm                      0     20     50     80    100
--------------------------------------------------------------------------------
bruteForce                789.5  786.4  781.5  792.9  787.5 

================================================================================
AVERAGE ARRANGEMENT SCORES (People: 100)
================================================================================
Algorithm                      0     20     50     80    100
--------------------------------------------------------------------------------
bruteForce               1901.2 1897.6 1918.9 1906.0 1905.8 

================================================================================
AVERAGE ARRANGEMENT SCORES (People: 300)
================================================================================
Algorithm                      0     20     50     80    100
--------------------------------------------------------------------------------
bruteForce               5256.5 5250.3 5242.7 5247.3 5238.9 

================================================================================
AVERAGE EXECUTION TIMES (seconds) (People: 8)
================================================================================
Algorithm                      0     20     50     80    100
--------------------------------------------------------------------------------
bruteForce               2.9058 2.8954 2.9045 2.8877 2.9062 

================================================================================
AVERAGE EXECUTION TIMES (seconds) (People: 30)
================================================================================
Algorithm                      0     20     50     80    100
--------------------------------------------------------------------------------
bruteForce               30.0178 30.0185 30.0188 30.0185 30.0194 

================================================================================
AVERAGE EXECUTION TIMES (seconds) (People: 100)
================================================================================
Algorithm                      0     20     50     80    100
--------------------------------------------------------------------------------
bruteForce               30.0300 30.0294 30.0295 30.0308 30.0299 

================================================================================
AVERAGE EXECUTION TIMES (seconds) (People: 300)
================================================================================
Algorithm                      0     20     50     80    100
--------------------------------------------------------------------------------
bruteForce               30.0663 30.0661 30.0678 30.0676 30.0676 

================================================================================

Results successfully written to job72626/comparison_results_bruteForce.json
