Task 3 running algorithm: linearSwitchFromFluent
cn8.hpc.itu.dk
nsio
/home/nsio/bachelorProject/hpc-jobs
Running iterations for algorithm: linearSwitchFromFluent
  Completed 100 iterations for size 8, cohesion 0.
  Completed 100 iterations for size 8, cohesion 20.
  Completed 100 iterations for size 8, cohesion 50.
  Completed 100 iterations for size 8, cohesion 80.
  Completed 100 iterations for size 8, cohesion 100.
  Completed 100 iterations for size 30, cohesion 0.
  Completed 100 iterations for size 30, cohesion 20.
  Completed 100 iterations for size 30, cohesion 50.
  Completed 100 iterations for size 30, cohesion 80.
  Completed 100 iterations for size 30, cohesion 100.
RPython traceback:
  File "pypy_module_pypyjit.c", line 1311, in jump_absolute__AccessDirect_None
  File "rpython_jit_metainterp.c", line 55045, in bound_reached__star_5_2
  File "rpython_jit_metainterp_1.c", line 35570, in compile_and_run_once___rpython_jit_metainterp_ji_13
  File "rpython_jit_metainterp.c", line 59433, in MetaInterp__compile_and_run_once
  File "rpython_jit_metainterp_2.c", line 14402, in MetaInterp_interpret
  File "rpython_jit_metainterp_3.c", line 44865, in MetaInterp__interpret
  File "rpython_jit_metainterp_4.c", line 47413, in MIFrame_run_one_step
  File "rpython_jit_metainterp_6.c", line 4962, in MIFrame_opimpl_jit_merge_point
  File "rpython_jit_metainterp_6.c", line 31708, in MetaInterp_reached_loop_header
  File "rpython_jit_metainterp_6.c", line 63093, in MetaInterp_compile_loop
  File "rpython_jit_metainterp_7.c", line 27032, in compile_loop
  File "rpython_jit_metainterp_7.c", line 39971, in send_loop_to_backend
  File "rpython_jit_backend_x86.c", line 1370, in Assembler386_assemble_loop
  File "rpython_jit_backend_x86.c", line 4725, in RegAlloc_prepare_loop
  File "rpython_jit_backend_x86.c", line 8619, in RegAlloc__prepare
  File "rpython_jit_backend_llsupport.c", line 20402, in compute_vars_longevity
  File "rpython_jit_backend_llsupport.c", line 42403, in LifetimeManager___setitem__
~~~ Crash in JIT! <SettingForwardedOnAbstractValue object at 0x7f4c1506fa50>
  Error in linearSwitchFromFluent at cohesion 0, iter 31: Process crashed or returned no output, exitcode: -6
  Completed 100 iterations for size 100, cohesion 0.
  Completed 100 iterations for size 100, cohesion 20.
  Completed 100 iterations for size 100, cohesion 50.
  Completed 100 iterations for size 100, cohesion 80.
  Completed 100 iterations for size 100, cohesion 100.
  Completed 100 iterations for size 300, cohesion 0.
  Completed 100 iterations for size 300, cohesion 20.
  Completed 100 iterations for size 300, cohesion 50.
RPython traceback:
  File "pypy_module_pypyjit.c", line 1311, in jump_absolute__AccessDirect_None
  File "rpython_jit_metainterp.c", line 55045, in bound_reached__star_5_2
  File "rpython_jit_metainterp_1.c", line 35570, in compile_and_run_once___rpython_jit_metainterp_ji_13
  File "rpython_jit_metainterp.c", line 59433, in MetaInterp__compile_and_run_once
  File "rpython_jit_metainterp_2.c", line 14402, in MetaInterp_interpret
  File "rpython_jit_metainterp_3.c", line 44865, in MetaInterp__interpret
  File "rpython_jit_metainterp_4.c", line 47413, in MIFrame_run_one_step
  File "rpython_jit_metainterp_6.c", line 4962, in MIFrame_opimpl_jit_merge_point
  File "rpython_jit_metainterp_6.c", line 31708, in MetaInterp_reached_loop_header
  File "rpython_jit_metainterp_6.c", line 63093, in MetaInterp_compile_loop
  File "rpython_jit_metainterp_7.c", line 27032, in compile_loop
  File "rpython_jit_metainterp_7.c", line 39971, in send_loop_to_backend
  File "rpython_jit_backend_x86.c", line 1370, in Assembler386_assemble_loop
  File "rpython_jit_backend_x86.c", line 4725, in RegAlloc_prepare_loop
  File "rpython_jit_backend_x86.c", line 8619, in RegAlloc__prepare
  File "rpython_jit_backend_llsupport.c", line 20402, in compute_vars_longevity
  File "rpython_jit_backend_llsupport.c", line 42403, in LifetimeManager___setitem__
~~~ Crash in JIT! <SettingForwardedOnAbstractValue object at 0x7f4c1506fa50>
  Error in linearSwitchFromFluent at cohesion 80, iter 30: Process crashed or returned no output, exitcode: -6
RPython traceback:
  File "pypy_module_pypyjit.c", line 1311, in jump_absolute__AccessDirect_None
  File "rpython_jit_metainterp.c", line 55045, in bound_reached__star_5_2
  File "rpython_jit_metainterp_1.c", line 35570, in compile_and_run_once___rpython_jit_metainterp_ji_13
  File "rpython_jit_metainterp.c", line 59433, in MetaInterp__compile_and_run_once
  File "rpython_jit_metainterp_2.c", line 14402, in MetaInterp_interpret
  File "rpython_jit_metainterp_3.c", line 44865, in MetaInterp__interpret
  File "rpython_jit_metainterp_4.c", line 47413, in MIFrame_run_one_step
  File "rpython_jit_metainterp_6.c", line 4962, in MIFrame_opimpl_jit_merge_point
  File "rpython_jit_metainterp_6.c", line 31708, in MetaInterp_reached_loop_header
  File "rpython_jit_metainterp_6.c", line 63093, in MetaInterp_compile_loop
  File "rpython_jit_metainterp_7.c", line 27032, in compile_loop
  File "rpython_jit_metainterp_7.c", line 39971, in send_loop_to_backend
  File "rpython_jit_backend_x86.c", line 1370, in Assembler386_assemble_loop
  File "rpython_jit_backend_x86.c", line 4725, in RegAlloc_prepare_loop
  File "rpython_jit_backend_x86.c", line 8619, in RegAlloc__prepare
  File "rpython_jit_backend_llsupport.c", line 20402, in compute_vars_longevity
  File "rpython_jit_backend_llsupport.c", line 42403, in LifetimeManager___setitem__
~~~ Crash in JIT! <SettingForwardedOnAbstractValue object at 0x7f4c1506fa50>
  Error in linearSwitchFromFluent at cohesion 80, iter 95: Process crashed or returned no output, exitcode: -6
  Completed 100 iterations for size 300, cohesion 80.
  Completed 100 iterations for size 300, cohesion 100.

Results successfully written to job72626/comparison_results_linearSwitchFromFluent.json

================================================================================
AVERAGE ARRANGEMENT SCORES (People: 8)
================================================================================
Algorithm                      0     20     50     80    100
--------------------------------------------------------------------------------
linearSwitchFromFluent    438.0  438.0  438.0  438.0  438.0 

================================================================================
AVERAGE ARRANGEMENT SCORES (People: 30)
================================================================================
Algorithm                      0     20     50     80    100
--------------------------------------------------------------------------------
linearSwitchFromFluent   1318.8 1382.5 1538.7 1589.8 1595.3 

================================================================================
AVERAGE ARRANGEMENT SCORES (People: 100)
================================================================================
Algorithm                      0     20     50     80    100
--------------------------------------------------------------------------------
linearSwitchFromFluent   4191.4 4612.3 5085.9 5253.7 5259.8 

================================================================================
AVERAGE ARRANGEMENT SCORES (People: 300)
================================================================================
Algorithm                      0     20     50     80    100
--------------------------------------------------------------------------------
linearSwitchFromFluent   11896.1 13345.6 14823.5 15370.8 15403.5 

================================================================================
AVERAGE EXECUTION TIMES (seconds) (People: 8)
================================================================================
Algorithm                      0     20     50     80    100
--------------------------------------------------------------------------------
linearSwitchFromFluent   0.0845 0.0840 0.0836 0.0838 0.0841 

================================================================================
AVERAGE EXECUTION TIMES (seconds) (People: 30)
================================================================================
Algorithm                      0     20     50     80    100
--------------------------------------------------------------------------------
linearSwitchFromFluent   1.4516 1.4225 1.3796 1.3484 1.3542 

================================================================================
AVERAGE EXECUTION TIMES (seconds) (People: 100)
================================================================================
Algorithm                      0     20     50     80    100
--------------------------------------------------------------------------------
linearSwitchFromFluent   25.9208 24.7453 22.9381 21.7347 21.7275 

================================================================================
AVERAGE EXECUTION TIMES (seconds) (People: 300)
================================================================================
Algorithm                      0     20     50     80    100
--------------------------------------------------------------------------------
linearSwitchFromFluent   31.3463 31.1712 30.6302 30.5633 30.5530 

================================================================================

Results successfully written to job72626/comparison_results_linearSwitchFromFluent.json
