Task 7 running algorithm: randomSwitchFromRandom
cn15.hpc.itu.dk
nsio
/home/nsio/bachelorProject/hpc-jobs
Running iterations for algorithm: randomSwitchFromRandom
  Completed 100 iterations for size 8, cohesion 0.
  Completed 100 iterations for size 8, cohesion 20.
  Completed 100 iterations for size 8, cohesion 50.
  Completed 100 iterations for size 8, cohesion 80.
  Completed 100 iterations for size 8, cohesion 100.
  Completed 100 iterations for size 30, cohesion 0.
  Completed 100 iterations for size 30, cohesion 20.
  Completed 100 iterations for size 30, cohesion 50.
  Completed 100 iterations for size 30, cohesion 80.
  Completed 100 iterations for size 30, cohesion 100.
  Completed 100 iterations for size 100, cohesion 0.
  Completed 100 iterations for size 100, cohesion 20.
  Completed 100 iterations for size 100, cohesion 50.
  Completed 100 iterations for size 100, cohesion 80.
  Completed 100 iterations for size 100, cohesion 100.
  Completed 100 iterations for size 300, cohesion 0.
  Completed 100 iterations for size 300, cohesion 20.
  Completed 100 iterations for size 300, cohesion 50.
  Completed 100 iterations for size 300, cohesion 80.
  Completed 100 iterations for size 300, cohesion 100.

Results successfully written to job72626/comparison_results_randomSwitchFromRandom.json

================================================================================
AVERAGE ARRANGEMENT SCORES (People: 8)
================================================================================
Algorithm                      0     20     50     80    100
--------------------------------------------------------------------------------
randomSwitchFromRandom    436.5  436.3  436.4  436.5  436.4 

================================================================================
AVERAGE ARRANGEMENT SCORES (People: 30)
================================================================================
Algorithm                      0     20     50     80    100
--------------------------------------------------------------------------------
randomSwitchFromRandom   1291.6 1358.9 1516.7 1556.0 1568.3 

================================================================================
AVERAGE ARRANGEMENT SCORES (People: 100)
================================================================================
Algorithm                      0     20     50     80    100
--------------------------------------------------------------------------------
randomSwitchFromRandom   4002.8 4412.9 4881.5 5034.4 5069.1 

================================================================================
AVERAGE ARRANGEMENT SCORES (People: 300)
================================================================================
Algorithm                      0     20     50     80    100
--------------------------------------------------------------------------------
randomSwitchFromRandom   10859.8 11922.5 13013.7 13385.9 13381.9 

================================================================================
AVERAGE EXECUTION TIMES (seconds) (People: 8)
================================================================================
Algorithm                      0     20     50     80    100
--------------------------------------------------------------------------------
randomSwitchFromRandom   0.0943 0.0932 0.0945 0.0927 0.0929 

================================================================================
AVERAGE EXECUTION TIMES (seconds) (People: 30)
================================================================================
Algorithm                      0     20     50     80    100
--------------------------------------------------------------------------------
randomSwitchFromRandom   0.4765 0.4825 0.4826 0.4836 0.4954 

================================================================================
AVERAGE EXECUTION TIMES (seconds) (People: 100)
================================================================================
Algorithm                      0     20     50     80    100
--------------------------------------------------------------------------------
randomSwitchFromRandom   2.4977 2.5202 2.5373 2.5567 2.5533 

================================================================================
AVERAGE EXECUTION TIMES (seconds) (People: 300)
================================================================================
Algorithm                      0     20     50     80    100
--------------------------------------------------------------------------------
randomSwitchFromRandom   6.6758 6.8043 6.8759 6.9020 6.8785 

================================================================================

Results successfully written to job72626/comparison_results_randomSwitchFromRandom.json
