Task 8 running algorithm: tabuSearchFromRandom
cn16.hpc.itu.dk
aubu
/home/aubu/bachelorProject/hpc-jobs
Running iterations for algorithm: tabuSearchFromRandom
  Completed 100 iterations for size 300, cohesion 0.
  Completed 100 iterations for size 300, cohesion 10.
  Completed 100 iterations for size 300, cohesion 20.
  Completed 100 iterations for size 300, cohesion 30.
  Completed 100 iterations for size 300, cohesion 40.
  Completed 100 iterations for size 300, cohesion 50.
  Completed 100 iterations for size 300, cohesion 60.
  Completed 100 iterations for size 300, cohesion 70.
  Completed 100 iterations for size 300, cohesion 80.
  Completed 100 iterations for size 300, cohesion 90.
  Completed 100 iterations for size 300, cohesion 100.

Results successfully written to job77530/comparison_results_tabuSearchFromRandom.json

================================================================================
Algorithm                   People    Avg Score  Avg Time(s)
--------------------------------------------------------------------------------
tabuSearchFromRandom           300      14021.2      60.0936
================================================================================

Results successfully written to job77530/comparison_results_tabuSearchFromRandom.json
