P:\gitrepos\BachelorProject-SeatingArrangement\gurobi>python calc_v2.py --time-limit=600
Set parameter Username
Set parameter LicenseID to value 2779938
Academic license - for non-commercial use only - expires 2027-02-17
Set parameter TimeLimit to value 600
Set parameter MIPGap to value 0.01
Gurobi Optimizer version 13.0.1 build v13.0.1rc0 (win64 - Windows 11+.0 (26200.2))

CPU model: AMD Ryzen 5 9600X 6-Core Processor, instruction set [SSE2|AVX|AVX2|AVX512]
Thread count: 6 physical cores, 12 logical processors, using up to 12 threads

Non-default parameters:
TimeLimit  600
MIPGap  0.01

Optimize a model with 209 rows, 10816 columns and 21633 nonzeros (Max)
Model fingerprint: 0xb4b50597
Model has 0 linear objective coefficients
Model has 3602144 quadratic objective terms
Variable types: 0 continuous, 10816 integer (10816 binary)
Coefficient statistics:
  Matrix range     [1e+00, 1e+00]
  Objective range  [0e+00, 0e+00]
  QObjective range [1e+00, 6e+01]
  Bounds range     [1e+00, 1e+00]
  RHS range        [1e+00, 1e+00]

Found heuristic solution: objective 2059.9399270
Presolve removed 3 rows and 207 columns (presolve time = 16s)...
Presolve removed 3 rows and 207 columns
Presolve time: 15.52s
Presolved: 206 rows, 10609 columns, 21218 nonzeros
Presolved model has 3472383 quadratic objective terms
Variable types: 0 continuous, 10609 integer (10609 binary)

Root simplex log...

Iteration    Objective       Primal Inf.    Dual Inf.      Time
       0   -0.0000000e+00   0.000000e+00   2.283688e+05     16s
    3383    1.9582784e+05   0.000000e+00   1.151600e+04     20s
    4500    1.9861880e+05   0.000000e+00   6.001231e+03     26s
    5130    1.9955429e+05   0.000000e+00   4.207556e+03     30s
    5755    2.0020368e+05   0.000000e+00   2.991625e+03     36s
    6209    2.0068491e+05   0.000000e+00   2.152054e+03     41s
    6509    2.0087797e+05   0.000000e+00   1.825708e+03     45s
    6810    2.0100026e+05   0.000000e+00   1.634297e+03     52s
    6954    2.0104118e+05   0.000000e+00   1.538511e+03     55s
    7242    2.0111369e+05   0.000000e+00   1.343938e+03     61s
    7529    2.0117537e+05   0.000000e+00   1.170480e+03     67s
    7821    2.0123179e+05   0.000000e+00   1.003286e+03     73s
    7965    2.0125578e+05   0.000000e+00   9.252475e+02     76s
    8251    2.0130066e+05   0.000000e+00   7.798645e+02     82s
    8397    2.0132091e+05   0.000000e+00   7.133390e+02     85s
    8683    2.0136029e+05   0.000000e+00   5.963137e+02     92s
    8822    2.0137739e+05   0.000000e+00   5.387326e+02     96s
    9107    2.0141152e+05   0.000000e+00   4.476149e+02    104s
    9240    2.0142385e+05   0.000000e+00   4.054342e+02    109s
    9372    2.0143831e+05   0.000000e+00   3.782590e+02    115s
    9506    2.0145270e+05   0.000000e+00   3.230054e+02    122s
    9631    2.0146474e+05   0.000000e+00   2.807060e+02    128s
    9765    2.0147801e+05   0.000000e+00   2.415881e+02    133s
    9900    2.0149204e+05   0.000000e+00   2.061329e+02    139s
   10039    2.0150436e+05   0.000000e+00   1.751196e+02    145s
   10167    2.0151430e+05   0.000000e+00   1.471547e+02    153s
   10302    2.0152274e+05   0.000000e+00   1.138320e+02    159s
   10434    2.0152954e+05   0.000000e+00   8.365279e+01    164s
   10553    2.0153448e+05   0.000000e+00   5.903255e+01    170s
   10807    2.0154065e+05   0.000000e+00   2.583429e+01    179s
   10933    2.0154211e+05   0.000000e+00   7.700510e+00    186s
   11037    2.0154325e+05   0.000000e+00   0.000000e+00    192s

Root relaxation: objective 2.015433e+05, 11037 iterations, 176.62 seconds (557.66 work units)

    Nodes    |    Current Node    |     Objective Bounds      |     Work
 Expl Unexpl |  Obj  Depth IntInf | Incumbent    BestBd   Gap | It/Node Time

     0     0 201303.765    0 9801 2059.93993 201303.765  9672%     -  263s
H    0     0                    2411.1927346 201303.765  8249%     -  263s
H    0     0                    2434.2791421 201303.765  8170%     -  263s
H    0     0                    2465.3348702 201303.765  8065%     -  263s
H    0     0                    2499.4770058 201303.765  7954%     -  265s
H    0     0                    2500.5327339 201303.765  7950%     -  265s
H    0     0                    2553.8170052 201303.765  7782%     -  265s
     0     0 201303.765    0 9801 2553.81701 201303.765  7782%     -  302s
H    0     0                    2660.3243746 201303.765  7467%     -  319s
H    0     0                    2780.3243746 201303.765  7140%     -  319s
H    0     0                    2814.4665102 201303.765  7052%     -  319s
H    0     0                    2825.5222383 201303.765  7024%     -  322s
H    0     0                    2859.6643739 201303.765  6939%     -  322s
H    0     0                    2861.3801027 201303.765  6935%     -  322s
H    0     0                    2894.5704590 201303.765  6855%     -  323s
H    0     0                    2955.7836624 201303.765  6711%     -  324s
H    0     0                    2969.4591071 201303.765  6679%     -  325s
H    0     0                    2990.0064853 201303.765  6633%     -  328s
H    0     0                    2991.3398186 201303.765  6630%     -  328s
H    0     0                    3037.7433784 201303.765  6527%     -  328s
H    0     0                    3053.0425006 201303.765  6494%     -  332s
H    0     0                    3066.3758339 201303.765  6465%     -  332s
H    0     2                    3295.9715598 201303.765  6008%     -  344s
     0     2 201303.765    0 9801 3295.97156 201303.765  6008%     -  344s
     1     3 198931.114    1 9602 3295.97156 201303.765  6008%   8.0  390s
     2     6 196318.570    2 9409 3295.97156 201303.765  6008%  75.0  456s
H    4     6                    3327.0272879 201303.765  5951%   159  456s
H    5    12                    3367.4382151 200585.531  5857%   135  544s
H    7    12                    3382.1492815 200585.531  5831%   156  544s
    11    15 198101.801    4 9096 3382.14928 200513.567  5829%   137  604s
H   12    15                    3386.2914171 200513.567  5821%   126  604s

Explored 14 nodes (12571 simplex iterations) in 604.98 seconds (1516.66 work units)
Thread count was 12 (of 12 available processors)

Solution count 10: 3386.29 3382.15 3367.44 ... 2990.01

Time limit reached
Best objective 3.386291417080e+03, best bound 2.004871420634e+05, gap 5820.5519%
Gurobi status: 9
Gurobi objective: 3386.2914
Best bound: 200487.1421
Gap: 5820.5519%
=========================

  Lida    GT53    G523    G521
┌────────────────────────────────┐
│  27.2    38.5    38.5    37.2  │
│             282.8              │
│  27.2    41.4    38.5    34.3  │
└────────────────────────────────┘
  fbuu    GT51    GT52    G522

  G2A9    G2A1    G2A7    GP71
┌────────────────────────────────┐
│  46.9    63.0    60.6    17.2  │
│             375.4              │
│  17.2    60.6    63.0    46.9  │
└────────────────────────────────┘
  GP82    G2A5    G2A2    G2A6

  GT42    GBOB    GT13    GT11
┌────────────────────────────────┐
│  34.0    28.1    30.7    26.2  │
│             234.3              │
│  36.9    38.0    27.5    12.9  │
└────────────────────────────────┘
  GT43    GT41    G4A2    MMMM

  GP22    G1A4    G1A2    GP12
┌────────────────────────────────┐
│  27.2    48.5    48.5    27.2  │
│             302.8              │
│  27.2    48.5    48.5    27.2  │
└────────────────────────────────┘
  GP21    G1A3    G1A1    GP11

   S7     GT31    G4A4    GT33
┌────────────────────────────────┐
│  17.2    33.5    38.5    25.4  │
│             239.1              │
│  27.4    38.5    41.4    17.2  │
└────────────────────────────────┘
  GT32    G4A1    G4A3    GP81

  GP51    G533    G511    G534
┌────────────────────────────────┐
│  27.2    38.5    51.4    34.3  │
│             262.8              │
│  27.2    21.4    45.6    17.2  │
└────────────────────────────────┘
  GP52    G2A3    G512    joho

  G532    G513    G2A4    D1D1
┌────────────────────────────────┐
│  25.3    38.6    26.3    17.3  │
│             195.0              │
│  15.3    28.6    26.3    17.3  │
└────────────────────────────────┘
   S8     G531    G2A8    D2D2

   S3      S1     G3A7    GP42
┌────────────────────────────────┐
│  17.2    21.4    21.4    27.2  │
│       174.39999999999998       │
│  17.2    21.4    21.4    27.2  │
└────────────────────────────────┘
  GP72    G1A8    aubu    GP41

   S5     G3A5   G3A12   G3A11
┌────────────────────────────────┐
│  17.2    65.1    70.1    56.9  │
│       455.29999999999995       │
│  50.3    68.0    70.6    57.1  │
└────────────────────────────────┘
 G3A10    G3A1    G3A2    G3A9

  GT23    GT22    G1A7    GP92
┌────────────────────────────────┐
│  34.3    41.4    21.4    27.2  │
│             228.6              │
│  17.2    38.5    21.4    27.2  │
└────────────────────────────────┘
  nsio    GT21    GT12    GP91

 GP101    G4A8    G4A5    GP32
┌────────────────────────────────┐
│  27.2    48.5    48.5    27.2  │
│             302.8              │
│  27.2    48.5    48.5    27.2  │
└────────────────────────────────┘
 GP102    G4A7    G4A6    GP31

  GP61    G1A5   Empty   Empty
┌────────────────────────────────┐
│  19.8    16.7    0.0     0.0   │
│              69.0              │
│  18.8    0.0     13.7    0.0   │
└────────────────────────────────┘
  GP62   Empty    G1A6   Empty

   S4     G3A6    G3A4     S6
┌────────────────────────────────┐
│  17.2    48.5    48.5    17.2  │
│             262.8              │
│  17.2    48.5    48.5    17.2  │
└────────────────────────────────┘
   S2     G3A8    G3A3     S9
total value: 3385.1

# ten mintues v1