python calc_v2.py --time-limit=600
Set parameter Username
Set parameter LicenseID to value 2779938
Academic license - for non-commercial use only - expires 2027-02-17
Set parameter TimeLimit to value 600
Set parameter MIPGap to value 0.01
Gurobi Optimizer version 13.0.1 build v13.0.1rc0 (win64 - Windows 11+.0 (26200.2))

CPU model: AMD Ryzen 5 9600X 6-Core Processor, instruction set [SSE2|AVX|AVX2|AVX512]
Thread count: 6 physical cores, 12 logical processors, using up to 12 threads

Non-default parameters:
TimeLimit  600
MIPGap  0.01

Optimize a model with 209 rows, 10816 columns and 21633 nonzeros (Max)
Model fingerprint: 0x04a99c12
Model has 0 linear objective coefficients
Model has 3602144 quadratic objective terms
Variable types: 0 continuous, 10816 integer (10816 binary)
Coefficient statistics:
  Matrix range     [1e+00, 1e+00]
  Objective range  [0e+00, 0e+00]
  QObjective range [1e+00, 6e+01]
  Bounds range     [1e+00, 1e+00]
  RHS range        [1e+00, 1e+00]

Found heuristic solution: objective 2059.9399270
Presolve removed 3 rows and 207 columns (presolve time = 15s)...
Presolve removed 3 rows and 207 columns
Presolve time: 14.98s
Presolved: 206 rows, 10609 columns, 21218 nonzeros
Presolved model has 3472383 quadratic objective terms
Variable types: 0 continuous, 10609 integer (10609 binary)

Root simplex log...

Iteration    Objective       Primal Inf.    Dual Inf.      Time
       0   -0.0000000e+00   0.000000e+00   2.283688e+05     15s
    3522    1.9651711e+05   0.000000e+00   1.014729e+04     20s
    4635    1.9897995e+05   0.000000e+00   5.304076e+03     26s
    5418    1.9996102e+05   0.000000e+00   3.422477e+03     31s
    6047    2.0060153e+05   0.000000e+00   2.278918e+03     36s
    6352    2.0084747e+05   0.000000e+00   1.861763e+03     40s
    6649    2.0097143e+05   0.000000e+00   1.674144e+03     46s
    6929    2.0105852e+05   0.000000e+00   1.491245e+03     52s
    7213    2.0112741e+05   0.000000e+00   1.301482e+03     58s
    7360    2.0116025e+05   0.000000e+00   1.209881e+03     60s
    7643    2.0121580e+05   0.000000e+00   1.047395e+03     67s
    7928    2.0126553e+05   0.000000e+00   8.933091e+02     73s
    8069    2.0128760e+05   0.000000e+00   8.188163e+02     76s
    8355    2.0132923e+05   0.000000e+00   6.887083e+02     83s
    8498    2.0134906e+05   0.000000e+00   6.266908e+02     86s
    8627    2.0136471e+05   0.000000e+00   5.770342e+02     90s
    8760    2.0138182e+05   0.000000e+00   5.241547e+02     95s
    9026    2.0141492e+05   0.000000e+00   4.390927e+02    104s
    9167    2.0142790e+05   0.000000e+00   3.938410e+02    109s
    9295    2.0144156e+05   0.000000e+00   3.586975e+02    114s
    9429    2.0145339e+05   0.000000e+00   3.105380e+02    119s
    9560    2.0146789e+05   0.000000e+00   2.695608e+02    124s
    9692    2.0148186e+05   0.000000e+00   2.319602e+02    129s
    9834    2.0149596e+05   0.000000e+00   1.965544e+02    134s
    9969    2.0150743e+05   0.000000e+00   1.664468e+02    141s
   10097    2.0151699e+05   0.000000e+00   1.390685e+02    147s
   10225    2.0152451e+05   0.000000e+00   1.065158e+02    153s
   10360    2.0153111e+05   0.000000e+00   7.686401e+01    158s
   10497    2.0153620e+05   0.000000e+00   4.842939e+01    162s
   10627    2.0153943e+05   0.000000e+00   2.624979e+01    167s
   10755    2.0154114e+05   0.000000e+00   1.421544e+01    173s
   10890    2.0154286e+05   0.000000e+00   2.677675e+00    179s
   10929    2.0154325e+05   0.000000e+00   0.000000e+00    186s

Root relaxation: objective 2.015433e+05, 10929 iterations, 170.63 seconds (560.29 work units)

    Nodes    |    Current Node    |     Objective Bounds      |     Work
 Expl Unexpl |  Obj  Depth IntInf | Incumbent    BestBd   Gap | It/Node Time

     0     0 201543.255    0 9801 2059.93993 201543.255  9684%     -  254s
H    0     0                    2367.4989520 201543.255  8413%     -  254s
H    0     0                    2410.5853596 201543.255  8261%     -  254s
H    0     0                    2450.5853596 201543.255  8124%     -  254s
H    0     0                    2461.6410877 201543.255  8087%     -  254s
H    0     0                    2489.9253589 201543.255  7994%     -  255s
H    0     0                    2554.0674945 201543.255  7791%     -  255s
     0     0 201542.402    0 9801 2554.06749 201542.402  7791%     -  290s
H    0     0                    2661.0541724 201542.402  7474%     -  304s
H    0     0                    2796.0051103 201542.402  7108%     -  304s
H    0     0                    2900.1814571 201542.402  6849%     -  306s
H    0     0                    2968.8701295 201542.402  6689%     -  307s
H    0     0                    2988.8701295 201542.402  6643%     -  307s
H    0     0                    3019.2556592 201542.402  6575%     -  308s
H    0     0                    3075.8311160 201542.402  6452%     -  310s
H    0     0                    3094.5554689 201542.402  6413%     -  312s
H    0     0                    3101.2221356 201542.402  6399%     -  312s
H    0     0                    3136.3320181 201542.402  6326%     -  314s
H    0     0                    3161.1341544 201542.402  6276%     -  315s
H    0     0                    3175.2762900 201542.402  6247%     -  315s
H    0     0                    3180.8872286 201542.402  6236%     -  315s
H    0     2                    3268.9260149 201542.402  6065%     -  326s
     0     2 201542.402    0 9801 3268.92601 201542.402  6065%     -  326s
H    1     4                    3275.2712890 201542.402  6053%   0.0  391s
H    2     4                    3275.5926816 200585.531  6024%  30.5  391s
     3     8 200515.566    2 9177 3275.59268 200515.566  6022%  36.7  434s
H    4     8                    3539.2150298 200513.567  5565%  27.5  434s
     7    14 200488.952    3 9165 3539.21503 200488.952  5565%   125  487s
H    8    14                    3549.2150298 200487.142  5549%   109  487s
    13    22 200464.856    4 9154 3549.21503 200464.856  5548%   114  550s
    21    32 198368.726    5 9002 3549.21503 200464.003  5548%  82.7  600s

Explored 31 nodes (13281 simplex iterations) in 601.28 seconds (1605.22 work units)
Thread count was 12 (of 12 available processors)

Solution count 10: 3549.22 3539.22 3275.59 ... 3101.22

Time limit reached
Best objective 3.549215029752e+03, best bound 2.004640033408e+05, gap 5548.1222%
Gurobi status: 9
Gurobi objective: 3549.2150
Best bound: 200464.0033
Gap: 5548.1222%
=========================

  Lida    GT52    G523    GT42
┌────────────────────────────────┐
│  17.2    38.5    38.5    17.2  │
│             262.8              │
│  34.3    41.4    41.4    34.3  │
└────────────────────────────────┘
  GT53    GT51    G522    G521

  GP41    G2A3    G2A6    GP42
┌────────────────────────────────┐
│  20.5    55.6    53.0    20.5  │
│             322.6              │
│  43.8    58.5    53.5    17.2  │
└────────────────────────────────┘
  G2A1    G2A2    G2A5    GT12

  GP11    GT41    GP12    D1D1
┌────────────────────────────────┐
│  16.3    25.8    19.5    17.0  │
│             134.5              │
│  0.0     24.6    14.3    17.0  │
└────────────────────────────────┘
 Empty    GT43    G3A1    D2D2

  GP92    G1A8    G1A2    GP71
┌────────────────────────────────┐
│  27.2    48.5    48.5    27.2  │
│             302.8              │
│  27.2    48.5    48.5    27.2  │
└────────────────────────────────┘
  GP91    G1A5    G1A3    GP72

   S8     GBOB    G4A1    GT22
┌────────────────────────────────┐
│  17.2    48.5    48.5    30.4  │
│             295.8              │
│  23.7    48.5    48.5    30.5  │
└────────────────────────────────┘
  GT21    G4A2    G4A3    GT23

   S5     G531    G512    G532
┌────────────────────────────────┐
│  17.2    48.5    65.6    38.8  │
│             350.2              │
│  17.2    58.0    65.6    39.3  │
└────────────────────────────────┘
  nsio    G511    G513    G533

 GP101   G3A10    G3A6   G3A11
┌────────────────────────────────┐
│  17.2    65.1    70.1    56.9  │
│       455.29999999999995       │
│  50.3    68.0    70.6    57.1  │
└────────────────────────────────┘
  G3A9    G3A4    G3A2    G3A3

  G2A9    G2A4    G2A7    GT32
┌────────────────────────────────┐
│  39.3    51.4    43.5    34.3  │
│             307.0              │
│  17.2    45.6    38.5    37.2  │
└────────────────────────────────┘
   S9     G2A8    GT33    GT31

   S2     G4A6    G4A4    joho
┌────────────────────────────────┐
│  17.2    48.5    48.5    17.2  │
│             262.8              │
│  17.2    48.5    48.5    17.2  │
└────────────────────────────────┘
   S7     G4A8    G4A5   GP102

   S3     G1A6    G1A4    GT11
┌────────────────────────────────┐
│  24.3    48.5    48.5    27.2  │
│             299.9              │
│  27.2    48.5    48.5    27.2  │
└────────────────────────────────┘
   S4     G1A1    G1A7    GT13

  MMMM    GP81    GP82   Empty
┌────────────────────────────────┐
│  8.8     22.7    21.3    0.0   │
│              72.6              │
│  9.6     0.0     10.2    0.0   │
└────────────────────────────────┘
   S6    Empty    G534   Empty

  GP62    G4A7    GP51    GP21
┌────────────────────────────────┐
│  27.2    21.4    21.4    27.2  │
│       214.39999999999998       │
│  27.2    31.4    31.4    27.2  │
└────────────────────────────────┘
  GP61    fbuu    aubu    GP22

  GP52    G3A7    G3A8   G3A12
┌────────────────────────────────┐
│  17.2    46.4    48.5    36.7  │
│             267.6              │
│  17.2    43.0    31.4    27.2  │
└────────────────────────────────┘
   S1     G3A5    GP31    GP32
total value: 3548.3

# run of 10 minutes version 2 (after research)