Set parameter Username
Set parameter LicenseID to value 2779938
Academic license - for non-commercial use only - expires 2027-02-17
Set parameter TimeLimit to value 39
Set parameter MIPGap to value 0.01
Set parameter NonConvex to value 2
Set parameter MIPFocus to value 1
Set parameter Heuristics to value 0.5
Gurobi Optimizer version 13.0.1 build v13.0.1rc0 (win64 - Windows 11+.0 (26200.2))

CPU model: AMD Ryzen 5 9600X 6-Core Processor, instruction set [SSE2|AVX|AVX2|AVX512]
Thread count: 6 physical cores, 12 logical processors, using up to 12 threads

Non-default parameters:
TimeLimit  39
MIPGap  0.01
Heuristics  0.5
MIPFocus  1
NonConvex  2

Optimize a model with 118 rows, 1352 columns and 2705 nonzeros (Max)
Model fingerprint: 0xfc542f33
Model has 0 linear objective coefficients
Model has 64324 quadratic objective terms
Variable types: 0 continuous, 1352 integer (1352 binary)
Coefficient statistics:
  Matrix range     [1e+00, 1e+00]
  Objective range  [0e+00, 0e+00]
  QObjective range [3e+00, 4e+01]
  Bounds range     [1e+00, 1e+00]
  RHS range        [1e+00, 8e+00]

Found heuristic solution: objective 2031.0955715
Presolve removed 2 rows and 13 columns
Presolve time: 0.06s
Presolved: 116 rows, 1339 columns, 2678 nonzeros
Presolved model has 64324 quadratic objective terms
Variable types: 0 continuous, 1339 integer (1339 binary)

Root relaxation: objective 2.871868e+04, 1419 iterations, 0.53 seconds (1.28 work units)

    Nodes    |    Current Node    |     Objective Bounds      |     Work
 Expl Unexpl |  Obj  Depth IntInf | Incumbent    BestBd   Gap | It/Node Time

H    0     0                    2609.6333312 28718.6787  1000%     -    0s
H    0     0                    2664.8636662 28718.6787   978%     -    0s
H    0     0                    2678.6712500 28718.6787   972%     -    0s
H    0     0                    2692.4788337 28718.6787   967%     -    0s
     0     0 28718.6787    0 1286 2692.47883 28718.6787   967%     -    0s
H    0     0                    2725.6170348 28718.6787   954%     -    0s
H    0     0                    2751.8514439 28718.6787   944%     -    0s
H    0     0                    2753.2322023 28718.6787   943%     -    0s
     0     0 28718.6787    0 1286 2753.23220 28718.6787   943%     -    1s
H    0     0                    3402.1886391 28718.6787   744%     -    1s
H    0     0                    3413.2347061 28718.6787   741%     -    1s
H    0     0                    3439.4691153 28718.6787   735%     -    1s
H    0     0                    3440.8498737 28718.6787   735%     -    2s
H    0     0                    3468.4650412 28718.6787   728%     -    2s
H    0     0                    3509.8877925 28718.6787   718%     -    2s
H    0     0                    3537.5029600 28718.6787   712%     -    2s
H    0     0                    3730.8091327 28718.6787   670%     -    2s
H    0     0                    3754.2820251 28718.6787   665%     -    2s
H    0     0                    3795.7047764 28718.6787   657%     -    4s
H    0     2                    3837.1275277 28718.6787   648%     -    4s
     0     2 28718.6787    0 1286 3837.12753 28718.6787   648%     -    4s
     3     4 28169.7360    2 1273 3837.12753 28464.8767   642%  18.3    5s
H    5     8                    3857.8389033 28168.8146   630%  50.6    5s
H    9    12                    3878.5502790 27916.7545   620%  64.2    6s
H   12    12                    3885.4540708 27788.0353   615%  62.8    6s
H   18    22                    3899.2616546 27788.0353   613%  50.7    7s
H   23    22                    3913.0692384 27559.8558   604%  53.7    7s
H   32    41                    3982.1071572 27548.0885   592%  44.0    7s
H   77    77                    3995.9147409 27548.0885   589%  27.9    8s
    88    89 26562.6810   15 1073 3995.91474 27548.0885   589%  25.5   10s
H   91    89                    4016.6261166 27548.0885   586%  24.9   10s
H  102   101                    4058.0488679 27548.0885   579%  23.1   11s
   162   174 25241.4078   25  733 4058.04887 27548.0885   579%  22.5   15s
H  215   214                    4071.8564516 27548.0885   577%  21.5   15s
   504   506 23061.7276   53  574 4071.85645 27548.0885   577%  15.2   20s
H 1280  1278                    4077.3794851 27548.0885   576%   9.4   24s
H 1284  1278                    4078.7602435 27548.0885   575%   9.4   24s
  1285  1374 18903.1602  122  515 4078.76024 27548.0885   575%   9.4   25s
  2141  2199 12069.3822  249  327 4078.76024 27548.0885   575%   9.1   30s
  3071  2946 9479.20809  401  174 4078.76024 27548.0885   575%   7.8   35s

Explored 3122 nodes (26876 simplex iterations) in 39.04 seconds (83.18 work units)
Thread count was 12 (of 12 available processors)

Solution count 10: 4078.76 4077.38 4071.86 ... 3885.45

Time limit reached
Best objective 4.078760243510e+03, best bound 2.754808850692e+04, gap 575.4035%
Set parameter TimeLimit to value 1.6153846153846154e+00
Set parameter MIPGap to value 0.01
Set parameter NonConvex to value 2
Set parameter MIPFocus to value 1
Set parameter Heuristics to value 0.5
Gurobi Optimizer version 13.0.1 build v13.0.1rc0 (win64 - Windows 11+.0 (26200.2))

CPU model: AMD Ryzen 5 9600X 6-Core Processor, instruction set [SSE2|AVX|AVX2|AVX512]
Thread count: 6 physical cores, 12 logical processors, using up to 12 threads

Non-default parameters:
TimeLimit  1.6153846153846154e+00
MIPGap  0.01
Heuristics  0.5
MIPFocus  1
NonConvex  2

Optimize a model with 17 rows, 64 columns and 129 nonzeros (Max)
Model fingerprint: 0x391586b8
Model has 0 linear objective coefficients
Model has 1568 quadratic objective terms
Variable types: 0 continuous, 64 integer (64 binary)
Coefficient statistics:
  Matrix range     [1e+00, 1e+00]
  Objective range  [0e+00, 0e+00]
  QObjective range [1e+00, 6e+01]
  Bounds range     [1e+00, 1e+00]
  RHS range        [1e+00, 1e+00]

Found heuristic solution: objective 226.6734525
Presolve removed 3 rows and 15 columns
Presolve time: 0.00s
Presolved: 896 rows, 931 columns, 2744 nonzeros
Variable types: 0 continuous, 931 integer (931 binary)

Root relaxation: objective 1.122547e+03, 229 iterations, 0.00 seconds (0.01 work units)

    Nodes    |    Current Node    |     Objective Bounds      |     Work
 Expl Unexpl |  Obj  Depth IntInf | Incumbent    BestBd   Gap | It/Node Time

     0     0 1122.54654    0   49  226.67345 1122.54654   395%     -    0s
H    0     0                     251.3925142 1122.54654   347%     -    0s
H    0     0                     253.8426445 1122.54654   342%     -    0s
H    0     0                     260.0558479  342.91536  31.9%     -    0s
H    0     0                     264.6514468  342.91536  29.6%     -    0s
H    0     0                     268.0642195  342.91536  27.9%     -    0s
     0     0  330.94069    0  600  268.06422  330.94069  23.5%     -    0s
     0     0  315.84286    0  706  268.06422  315.84286  17.8%     -    0s
     0     0  314.57377    0  672  268.06422  314.57377  17.4%     -    1s
     0     0  300.92587    0  719  268.06422  300.92587  12.3%     -    1s
     0     0          -    0       268.06422  293.84218  9.62%     -    1s

Cutting planes:
  Cover: 12
  Dual implied bound: 7
  MIR: 58
  StrongCG: 23
  Zero half: 3
  RLT: 619
  BQP: 662

Explored 1 nodes (18297 simplex iterations) in 1.62 seconds (2.83 work units)
Thread count was 12 (of 12 available processors)

Solution count 6: 268.064 264.651 260.056 ... 226.673

Time limit reached
Best objective 2.680642194505e+02, best bound 2.938421815370e+02, gap 9.6163%
Set parameter TimeLimit to value 1.6153846153846154e+00
Set parameter MIPGap to value 0.01
Set parameter NonConvex to value 2
Set parameter MIPFocus to value 1
Set parameter Heuristics to value 0.5
Gurobi Optimizer version 13.0.1 build v13.0.1rc0 (win64 - Windows 11+.0 (26200.2))

CPU model: AMD Ryzen 5 9600X 6-Core Processor, instruction set [SSE2|AVX|AVX2|AVX512]
Thread count: 6 physical cores, 12 logical processors, using up to 12 threads

Non-default parameters:
TimeLimit  1.6153846153846154e+00
MIPGap  0.01
Heuristics  0.5
MIPFocus  1
NonConvex  2

Optimize a model with 17 rows, 64 columns and 129 nonzeros (Max)
Model fingerprint: 0x7e8e531e
Model has 0 linear objective coefficients
Model has 1568 quadratic objective terms
Variable types: 0 continuous, 64 integer (64 binary)
Coefficient statistics:
  Matrix range     [1e+00, 1e+00]
  Objective range  [0e+00, 0e+00]
  QObjective range [2e+01, 6e+01]
  Bounds range     [1e+00, 1e+00]
  RHS range        [1e+00, 1e+00]

Found heuristic solution: objective 541.2572835
Presolve removed 3 rows and 15 columns
Presolve time: 0.00s
Presolved: 896 rows, 931 columns, 2744 nonzeros
Variable types: 0 continuous, 931 integer (931 binary)

Root relaxation: objective 2.645000e+03, 222 iterations, 0.00 seconds (0.01 work units)

    Nodes    |    Current Node    |     Objective Bounds      |     Work
 Expl Unexpl |  Obj  Depth IntInf | Incumbent    BestBd   Gap | It/Node Time

     0     0 2645.00029    0   49  541.25728 2645.00029   389%     -    0s
     0     0  566.31147    0  638  541.25728  566.31147  4.63%     -    1s

Cutting planes:
  MIR: 32
  StrongCG: 4
  RLT: 405
  BQP: 147

Explored 1 nodes (18020 simplex iterations) in 1.66 seconds (2.71 work units)
Thread count was 12 (of 12 available processors)

Solution count 1: 541.257

Time limit reached
Best objective 5.412572834989e+02, best bound 5.663114691009e+02, gap 4.6289%
Set parameter TimeLimit to value 1.6153846153846154e+00
Set parameter MIPGap to value 0.01
Set parameter NonConvex to value 2
Set parameter MIPFocus to value 1
Set parameter Heuristics to value 0.5
Gurobi Optimizer version 13.0.1 build v13.0.1rc0 (win64 - Windows 11+.0 (26200.2))

CPU model: AMD Ryzen 5 9600X 6-Core Processor, instruction set [SSE2|AVX|AVX2|AVX512]
Thread count: 6 physical cores, 12 logical processors, using up to 12 threads

Non-default parameters:
TimeLimit  1.6153846153846154e+00
MIPGap  0.01
Heuristics  0.5
MIPFocus  1
NonConvex  2

Optimize a model with 17 rows, 64 columns and 129 nonzeros (Max)
Model fingerprint: 0xb85e91a6
Model has 0 linear objective coefficients
Model has 1568 quadratic objective terms
Variable types: 0 continuous, 64 integer (64 binary)
Coefficient statistics:
  Matrix range     [1e+00, 1e+00]
  Objective range  [0e+00, 0e+00]
  QObjective range [5e+00, 6e+01]
  Bounds range     [1e+00, 1e+00]
  RHS range        [1e+00, 1e+00]

Found heuristic solution: objective 232.3401722
Presolve removed 3 rows and 15 columns
Presolve time: 0.00s
Presolved: 896 rows, 931 columns, 2744 nonzeros
Variable types: 0 continuous, 931 integer (931 binary)

Root relaxation: objective 1.283214e+03, 265 iterations, 0.00 seconds (0.01 work units)

    Nodes    |    Current Node    |     Objective Bounds      |     Work
 Expl Unexpl |  Obj  Depth IntInf | Incumbent    BestBd   Gap | It/Node Time

     0     0 1283.21354    0   49  232.34017 1283.21354   452%     -    0s
H    0     0                     241.9444448 1283.21354   430%     -    0s
H    0     0                     260.8177532 1283.21354   392%     -    0s
H    0     0                     267.7313457 1283.21354   379%     -    0s
H    0     0                     269.2537647  431.42137  60.2%     -    0s
H    0     0                     272.9292094  431.42137  58.1%     -    0s
H    0     0                     274.6449381  431.42137  57.1%     -    0s
H    0     0                     282.9292094  431.42137  52.5%     -    0s
     0     0  387.50180    0  556  282.92921  387.50180  37.0%     -    0s
     0     0  354.53772    0  521  282.92921  354.53772  25.3%     -    0s
     0     0  354.53772    0  687  282.92921  354.53772  25.3%     -    0s
     0     0  354.53772    0  723  282.92921  354.53772  25.3%     -    1s
     0     0  354.53772    0  736  282.92921  354.53772  25.3%     -    1s
     0     0          -    0       282.92921  331.40264  17.1%     -    1s

Cutting planes:
  Cover: 26
  Dual implied bound: 10
  MIR: 83
  StrongCG: 20
  Zero half: 5
  RLT: 559
  BQP: 549

Explored 1 nodes (17697 simplex iterations) in 1.62 seconds (2.89 work units)
Thread count was 12 (of 12 available processors)

Solution count 8: 282.929 274.645 272.929 ... 232.34

Time limit reached
Best objective 2.829292093900e+02, best bound 3.314026368905e+02, gap 17.1327%
Set parameter TimeLimit to value 1.6153846153846154e+00
Set parameter MIPGap to value 0.01
Set parameter NonConvex to value 2
Set parameter MIPFocus to value 1
Set parameter Heuristics to value 0.5
Gurobi Optimizer version 13.0.1 build v13.0.1rc0 (win64 - Windows 11+.0 (26200.2))

CPU model: AMD Ryzen 5 9600X 6-Core Processor, instruction set [SSE2|AVX|AVX2|AVX512]
Thread count: 6 physical cores, 12 logical processors, using up to 12 threads

Non-default parameters:
TimeLimit  1.6153846153846154e+00
MIPGap  0.01
Heuristics  0.5
MIPFocus  1
NonConvex  2

Optimize a model with 17 rows, 64 columns and 129 nonzeros (Max)
Model fingerprint: 0x214a8640
Model has 0 linear objective coefficients
Model has 1568 quadratic objective terms
Variable types: 0 continuous, 64 integer (64 binary)
Coefficient statistics:
  Matrix range     [1e+00, 1e+00]
  Objective range  [0e+00, 0e+00]
  QObjective range [5e+00, 6e+01]
  Bounds range     [1e+00, 1e+00]
  RHS range        [1e+00, 1e+00]

Found heuristic solution: objective 199.9137654
Presolve removed 3 rows and 15 columns
Presolve time: 0.00s
Presolved: 896 rows, 931 columns, 2744 nonzeros
Variable types: 0 continuous, 931 integer (931 binary)

Root relaxation: objective 1.099183e+03, 276 iterations, 0.01 seconds (0.01 work units)

    Nodes    |    Current Node    |     Objective Bounds      |     Work
 Expl Unexpl |  Obj  Depth IntInf | Incumbent    BestBd   Gap | It/Node Time

     0     0 1099.18262    0   49  199.91377 1099.18262   450%     -    0s
H    0     0                     215.4537404 1099.18262   410%     -    0s
H    0     0                     217.7313457 1099.18262   405%     -    0s
H    0     0                     224.6449381  949.36371   323%     -    0s
H    0     0                     228.7870738  320.97969  40.3%     -    0s
     0     0  320.97969    0  566  228.78707  320.97969  40.3%     -    0s
     0     0  291.11088    0  677  228.78707  291.11088  27.2%     -    0s
     0     0  284.53390    0  759  228.78707  284.53390  24.4%     -    1s
     0     0  282.50437    0  795  228.78707  282.50437  23.5%     -    1s
     0     0          -    0       228.78707  282.50437  23.5%     -    1s

Cutting planes:
  Gomory: 5
  Cover: 13
  Dual implied bound: 3
  MIR: 80
  StrongCG: 12
  Zero half: 8
  RLT: 641
  BQP: 491

Explored 1 nodes (17209 simplex iterations) in 1.62 seconds (2.89 work units)
Thread count was 12 (of 12 available processors)

Solution count 5: 228.787 224.645 217.731 ... 199.914

Time limit reached
Best objective 2.287870737663e+02, best bound 2.825043675471e+02, gap 23.4792%
Set parameter TimeLimit to value 1.6153846153846154e+00
Set parameter MIPGap to value 0.01
Set parameter NonConvex to value 2
Set parameter MIPFocus to value 1
Set parameter Heuristics to value 0.5
Gurobi Optimizer version 13.0.1 build v13.0.1rc0 (win64 - Windows 11+.0 (26200.2))

CPU model: AMD Ryzen 5 9600X 6-Core Processor, instruction set [SSE2|AVX|AVX2|AVX512]
Thread count: 6 physical cores, 12 logical processors, using up to 12 threads

Non-default parameters:
TimeLimit  1.6153846153846154e+00
MIPGap  0.01
Heuristics  0.5
MIPFocus  1
NonConvex  2

Optimize a model with 17 rows, 64 columns and 129 nonzeros (Max)
Model fingerprint: 0x09fbee9e
Model has 0 linear objective coefficients
Model has 1568 quadratic objective terms
Variable types: 0 continuous, 64 integer (64 binary)
Coefficient statistics:
  Matrix range     [1e+00, 1e+00]
  Objective range  [0e+00, 0e+00]
  QObjective range [5e+00, 6e+01]
  Bounds range     [1e+00, 1e+00]
  RHS range        [1e+00, 1e+00]

Found heuristic solution: objective 195.1116291
Presolve removed 3 rows and 15 columns
Presolve time: 0.00s
Presolved: 896 rows, 931 columns, 2744 nonzeros
Variable types: 0 continuous, 931 integer (931 binary)

Root relaxation: objective 1.013316e+03, 217 iterations, 0.00 seconds (0.01 work units)

    Nodes    |    Current Node    |     Objective Bounds      |     Work
 Expl Unexpl |  Obj  Depth IntInf | Incumbent    BestBd   Gap | It/Node Time

     0     0 1013.31555    0   49  195.11163 1013.31555   419%     -    0s
H    0     0                     197.7313457 1013.31555   412%     -    0s
H    0     0                     201.3116048 1013.31555   403%     -    0s
H    0     0                     203.5892101 1013.31555   398%     -    0s
H    0     0                     204.6449381  291.34120  42.4%     -    0s
H    0     0                     214.6449381  291.34120  35.7%     -    0s
     0     0  279.20288    0  620  214.64494  279.20288  30.1%     -    0s
     0     0  263.27872    0  636  214.64494  263.27872  22.7%     -    1s
     0     0  244.82658    0  803  214.64494  244.82658  14.1%     -    1s

Cutting planes:
  MIR: 30
  RLT: 511
  BQP: 165

Explored 1 nodes (20643 simplex iterations) in 1.63 seconds (2.69 work units)
Thread count was 12 (of 12 available processors)

Solution count 6: 214.645 204.645 203.589 ... 195.112

Time limit reached
Best objective 2.146449381426e+02, best bound 2.448265833499e+02, gap 14.0612%
Set parameter TimeLimit to value 1.6153846153846154e+00
Set parameter MIPGap to value 0.01
Set parameter NonConvex to value 2
Set parameter MIPFocus to value 1
Set parameter Heuristics to value 0.5
Gurobi Optimizer version 13.0.1 build v13.0.1rc0 (win64 - Windows 11+.0 (26200.2))

CPU model: AMD Ryzen 5 9600X 6-Core Processor, instruction set [SSE2|AVX|AVX2|AVX512]
Thread count: 6 physical cores, 12 logical processors, using up to 12 threads

Non-default parameters:
TimeLimit  1.6153846153846154e+00
MIPGap  0.01
Heuristics  0.5
MIPFocus  1
NonConvex  2

Optimize a model with 17 rows, 64 columns and 129 nonzeros (Max)
Model fingerprint: 0x4ff3603f
Model has 0 linear objective coefficients
Model has 1568 quadratic objective terms
Variable types: 0 continuous, 64 integer (64 binary)
Coefficient statistics:
  Matrix range     [1e+00, 1e+00]
  Objective range  [0e+00, 0e+00]
  QObjective range [1e+01, 6e+01]
  Bounds range     [1e+00, 1e+00]
  RHS range        [1e+00, 1e+00]

Found heuristic solution: objective 507.1151479
Presolve removed 3 rows and 15 columns
Presolve time: 0.00s
Presolved: 896 rows, 931 columns, 2744 nonzeros
Variable types: 0 continuous, 931 integer (931 binary)

Root relaxation: objective 2.473266e+03, 221 iterations, 0.00 seconds (0.01 work units)

    Nodes    |    Current Node    |     Objective Bounds      |     Work
 Expl Unexpl |  Obj  Depth IntInf | Incumbent    BestBd   Gap | It/Node Time

     0     0 2473.26617    0   49  507.11515 2473.26617   388%     -    0s
H    0     0                     516.3807464 2473.26617   379%     -    0s
H    0     0                     521.3807464 2473.26617   374%     -    0s
H    0     0                     521.5518021  658.73787  26.3%     -    1s
H    0     0                     525.2895366  658.73787  25.4%     -    1s
     0     0  575.37159    0  603  525.28954  575.37159  9.53%     -    1s
     0     0          -    0       525.28954  575.37159  9.53%     -    1s

Cutting planes:
  MIR: 43
  StrongCG: 1
  RLT: 394
  BQP: 261

Explored 1 nodes (18798 simplex iterations) in 1.62 seconds (2.87 work units)
Thread count was 12 (of 12 available processors)

Solution count 5: 525.29 521.552 521.381 ... 507.115

Time limit reached
Best objective 5.252895365504e+02, best bound 5.753715902607e+02, gap 9.5342%
Set parameter TimeLimit to value 1.6153846153846154e+00
Set parameter MIPGap to value 0.01
Set parameter NonConvex to value 2
Set parameter MIPFocus to value 1
Set parameter Heuristics to value 0.5
Gurobi Optimizer version 13.0.1 build v13.0.1rc0 (win64 - Windows 11+.0 (26200.2))

CPU model: AMD Ryzen 5 9600X 6-Core Processor, instruction set [SSE2|AVX|AVX2|AVX512]
Thread count: 6 physical cores, 12 logical processors, using up to 12 threads

Non-default parameters:
TimeLimit  1.6153846153846154e+00
MIPGap  0.01
Heuristics  0.5
MIPFocus  1
NonConvex  2

Optimize a model with 17 rows, 64 columns and 129 nonzeros (Max)
Model fingerprint: 0x7e8e531e
Model has 0 linear objective coefficients
Model has 1568 quadratic objective terms
Variable types: 0 continuous, 64 integer (64 binary)
Coefficient statistics:
  Matrix range     [1e+00, 1e+00]
  Objective range  [0e+00, 0e+00]
  QObjective range [2e+01, 6e+01]
  Bounds range     [1e+00, 1e+00]
  RHS range        [1e+00, 1e+00]

Found heuristic solution: objective 541.2572835
Presolve removed 3 rows and 15 columns
Presolve time: 0.00s
Presolved: 896 rows, 931 columns, 2744 nonzeros
Variable types: 0 continuous, 931 integer (931 binary)

Root relaxation: objective 2.645000e+03, 222 iterations, 0.00 seconds (0.01 work units)

    Nodes    |    Current Node    |     Objective Bounds      |     Work
 Expl Unexpl |  Obj  Depth IntInf | Incumbent    BestBd   Gap | It/Node Time

     0     0 2645.00029    0   49  541.25728 2645.00029   389%     -    0s
     0     0  566.31147    0  638  541.25728  566.31147  4.63%     -    1s

Cutting planes:
  MIR: 47
  StrongCG: 7
  Zero half: 7
  RLT: 504
  BQP: 480

Explored 1 nodes (18020 simplex iterations) in 1.70 seconds (2.71 work units)
Thread count was 12 (of 12 available processors)

Solution count 1: 541.257

Time limit reached
Best objective 5.412572834989e+02, best bound 5.663114691009e+02, gap 4.6289%
Set parameter TimeLimit to value 1.6153846153846154e+00
Set parameter MIPGap to value 0.01
Set parameter NonConvex to value 2
Set parameter MIPFocus to value 1
Set parameter Heuristics to value 0.5
Gurobi Optimizer version 13.0.1 build v13.0.1rc0 (win64 - Windows 11+.0 (26200.2))

CPU model: AMD Ryzen 5 9600X 6-Core Processor, instruction set [SSE2|AVX|AVX2|AVX512]
Thread count: 6 physical cores, 12 logical processors, using up to 12 threads

Non-default parameters:
TimeLimit  1.6153846153846154e+00
MIPGap  0.01
Heuristics  0.5
MIPFocus  1
NonConvex  2

Optimize a model with 17 rows, 64 columns and 129 nonzeros (Max)
Model fingerprint: 0x7e8e531e
Model has 0 linear objective coefficients
Model has 1568 quadratic objective terms
Variable types: 0 continuous, 64 integer (64 binary)
Coefficient statistics:
  Matrix range     [1e+00, 1e+00]
  Objective range  [0e+00, 0e+00]
  QObjective range [2e+01, 6e+01]
  Bounds range     [1e+00, 1e+00]
  RHS range        [1e+00, 1e+00]

Found heuristic solution: objective 541.2572835
Presolve removed 3 rows and 15 columns
Presolve time: 0.00s
Presolved: 896 rows, 931 columns, 2744 nonzeros
Variable types: 0 continuous, 931 integer (931 binary)

Root relaxation: objective 2.645000e+03, 222 iterations, 0.00 seconds (0.01 work units)

    Nodes    |    Current Node    |     Objective Bounds      |     Work
 Expl Unexpl |  Obj  Depth IntInf | Incumbent    BestBd   Gap | It/Node Time

     0     0 2645.00029    0   49  541.25728 2645.00029   389%     -    0s
     0     0  566.31147    0  638  541.25728  566.31147  4.63%     -    1s

Cutting planes:
  MIR: 47
  StrongCG: 7
  Zero half: 7
  RLT: 504
  BQP: 480

Explored 1 nodes (18020 simplex iterations) in 1.68 seconds (2.71 work units)
Thread count was 12 (of 12 available processors)

Solution count 1: 541.257

Time limit reached
Best objective 5.412572834989e+02, best bound 5.663114691009e+02, gap 4.6289%
Set parameter TimeLimit to value 1.6153846153846154e+00
Set parameter MIPGap to value 0.01
Set parameter NonConvex to value 2
Set parameter MIPFocus to value 1
Set parameter Heuristics to value 0.5
Gurobi Optimizer version 13.0.1 build v13.0.1rc0 (win64 - Windows 11+.0 (26200.2))

CPU model: AMD Ryzen 5 9600X 6-Core Processor, instruction set [SSE2|AVX|AVX2|AVX512]
Thread count: 6 physical cores, 12 logical processors, using up to 12 threads

Non-default parameters:
TimeLimit  1.6153846153846154e+00
MIPGap  0.01
Heuristics  0.5
MIPFocus  1
NonConvex  2

Optimize a model with 17 rows, 64 columns and 129 nonzeros (Max)
Model fingerprint: 0x37469bc0
Model has 0 linear objective coefficients
Model has 1568 quadratic objective terms
Variable types: 0 continuous, 64 integer (64 binary)
Coefficient statistics:
  Matrix range     [1e+00, 1e+00]
  Objective range  [0e+00, 0e+00]
  QObjective range [5e+00, 6e+01]
  Bounds range     [1e+00, 1e+00]
  RHS range        [1e+00, 1e+00]

Found heuristic solution: objective 220.7225677
Presolve removed 3 rows and 15 columns
Presolve time: 0.00s
Presolved: 896 rows, 931 columns, 2744 nonzeros
Variable types: 0 continuous, 931 integer (931 binary)

Root relaxation: objective 1.050206e+03, 246 iterations, 0.00 seconds (0.01 work units)

    Nodes    |    Current Node    |     Objective Bounds      |     Work
 Expl Unexpl |  Obj  Depth IntInf | Incumbent    BestBd   Gap | It/Node Time

     0     0 1050.20597    0   49  220.72257 1050.20597   376%     -    0s
H    0     0                     223.3959003 1050.20597   370%     -    0s
H    0     0                     241.8734813 1050.20597   334%     -    0s
H    0     0                     247.7313457 1050.20597   324%     -    0s
H    0     0                     252.9292094  975.10884   286%     -    0s
H    0     0                     262.9292094  329.91200  25.5%     -    0s
     0     0  296.39668    0  590  262.92921  296.39668  12.7%     -    0s
     0     0  278.89134    0  708  262.92921  278.89134  6.07%     -    1s
     0     0          -    0       262.92921  278.89134  6.07%     -    1s

Cutting planes:
  MIR: 40
  StrongCG: 3
  RLT: 439
  BQP: 300

Explored 1 nodes (20473 simplex iterations) in 1.62 seconds (2.81 work units)
Thread count was 12 (of 12 available processors)

Solution count 6: 262.929 252.929 247.731 ... 220.723

Time limit reached
Best objective 2.629292093900e+02, best bound 2.788913369880e+02, gap 6.0709%
Set parameter TimeLimit to value 1.6153846153846154e+00
Set parameter MIPGap to value 0.01
Set parameter NonConvex to value 2
Set parameter MIPFocus to value 1
Set parameter Heuristics to value 0.5
Gurobi Optimizer version 13.0.1 build v13.0.1rc0 (win64 - Windows 11+.0 (26200.2))

CPU model: AMD Ryzen 5 9600X 6-Core Processor, instruction set [SSE2|AVX|AVX2|AVX512]
Thread count: 6 physical cores, 12 logical processors, using up to 12 threads

Non-default parameters:
TimeLimit  1.6153846153846154e+00
MIPGap  0.01
Heuristics  0.5
MIPFocus  1
NonConvex  2

Optimize a model with 17 rows, 64 columns and 129 nonzeros (Max)
Model fingerprint: 0x7326e1bb
Model has 0 linear objective coefficients
Model has 1568 quadratic objective terms
Variable types: 0 continuous, 64 integer (64 binary)
Coefficient statistics:
  Matrix range     [1e+00, 1e+00]
  Objective range  [0e+00, 0e+00]
  QObjective range [5e+00, 6e+01]
  Bounds range     [1e+00, 1e+00]
  RHS range        [1e+00, 1e+00]

Found heuristic solution: objective 189.9137654
Presolve removed 3 rows and 15 columns
Presolve time: 0.00s
Presolved: 896 rows, 931 columns, 2744 nonzeros
Variable types: 0 continuous, 931 integer (931 binary)

Root relaxation: objective 9.397453e+02, 250 iterations, 0.00 seconds (0.01 work units)

    Nodes    |    Current Node    |     Objective Bounds      |     Work
 Expl Unexpl |  Obj  Depth IntInf | Incumbent    BestBd   Gap | It/Node Time

     0     0  939.74530    0   49  189.91377  939.74530   395%     -    0s
H    0     0                     204.6449381  939.74530   359%     -    0s
H    0     0                     208.7870738  822.72018   294%     -    0s
H    0     0                     214.6449381  283.07144  31.9%     -    0s
     0     0  261.11526    0  757  214.64494  261.11526  21.6%     -    0s
     0     0  256.76352    0  750  214.64494  256.76352  19.6%     -    1s
     0     0  237.71529    0  784  214.64494  237.71529  10.7%     -    1s

Cutting planes:
  MIR: 31
  StrongCG: 1
  RLT: 444
  BQP: 141

Explored 1 nodes (23545 simplex iterations) in 1.69 seconds (2.86 work units)
Thread count was 12 (of 12 available processors)

Solution count 4: 214.645 208.787 204.645 189.914

Time limit reached
Best objective 2.146449381426e+02, best bound 2.377152947375e+02, gap 10.7481%
Set parameter TimeLimit to value 1.6153846153846154e+00
Set parameter MIPGap to value 0.01
Set parameter NonConvex to value 2
Set parameter MIPFocus to value 1
Set parameter Heuristics to value 0.5
Gurobi Optimizer version 13.0.1 build v13.0.1rc0 (win64 - Windows 11+.0 (26200.2))

CPU model: AMD Ryzen 5 9600X 6-Core Processor, instruction set [SSE2|AVX|AVX2|AVX512]
Thread count: 6 physical cores, 12 logical processors, using up to 12 threads

Non-default parameters:
TimeLimit  1.6153846153846154e+00
MIPGap  0.01
Heuristics  0.5
MIPFocus  1
NonConvex  2

Optimize a model with 17 rows, 64 columns and 129 nonzeros (Max)
Model fingerprint: 0x43e0a208
Model has 0 linear objective coefficients
Model has 1568 quadratic objective terms
Variable types: 0 continuous, 64 integer (64 binary)
Coefficient statistics:
  Matrix range     [1e+00, 1e+00]
  Objective range  [0e+00, 0e+00]
  QObjective range [5e+00, 6e+01]
  Bounds range     [1e+00, 1e+00]
  RHS range        [1e+00, 1e+00]

Found heuristic solution: objective 356.1401965
Presolve removed 3 rows and 15 columns
Presolve time: 0.00s
Presolved: 896 rows, 931 columns, 2744 nonzeros
Variable types: 0 continuous, 931 integer (931 binary)

Root relaxation: objective 1.756859e+03, 484 iterations, 0.01 seconds (0.01 work units)

    Nodes    |    Current Node    |     Objective Bounds      |     Work
 Expl Unexpl |  Obj  Depth IntInf | Incumbent    BestBd   Gap | It/Node Time

     0     0 1756.85946    0   49  356.14020 1756.85946   393%     -    0s
H    0     0                     369.0068389 1756.85946   376%     -    0s
H    0     0                     389.0068389 1756.85946   352%     -    0s
H    0     0                     395.6735056 1756.85946   344%     -    0s
H    0     0                     403.9577768  566.41971  40.2%     -    0s
H    0     0                     404.6419995  566.41971  40.0%     -    0s
     0     0  549.71812    0  541  404.64200  549.71812  35.9%     -    0s
     0     0  492.64129    0  647  404.64200  492.64129  21.7%     -    0s
     0     0  492.64129    0  663  404.64200  492.64129  21.7%     -    0s
     0     0  492.64129    0  664  404.64200  492.64129  21.7%     -    0s
     0     0  445.27744    0  768  404.64200  445.27744  10.0%     -    1s
     0     0  441.61506    0  770  404.64200  441.61506  9.14%     -    1s
     0     0          -    0       404.64200  441.61506  9.14%     -    1s

Cutting planes:
  Gomory: 1
  Cover: 43
  Dual implied bound: 1
  MIR: 29
  StrongCG: 6
  Zero half: 2
  RLT: 626
  BQP: 504

Explored 1 nodes (13758 simplex iterations) in 1.62 seconds (2.67 work units)
Thread count was 12 (of 12 available processors)

Solution count 6: 404.642 403.958 395.674 ... 356.14

Time limit reached
Best objective 4.046419995175e+02, best bound 4.416150582928e+02, gap 9.1372%
Set parameter TimeLimit to value 1.6153846153846154e+00
Set parameter MIPGap to value 0.01
Set parameter NonConvex to value 2
Set parameter MIPFocus to value 1
Set parameter Heuristics to value 0.5
Gurobi Optimizer version 13.0.1 build v13.0.1rc0 (win64 - Windows 11+.0 (26200.2))

CPU model: AMD Ryzen 5 9600X 6-Core Processor, instruction set [SSE2|AVX|AVX2|AVX512]
Thread count: 6 physical cores, 12 logical processors, using up to 12 threads

Non-default parameters:
TimeLimit  1.6153846153846154e+00
MIPGap  0.01
Heuristics  0.5
MIPFocus  1
NonConvex  2

Optimize a model with 17 rows, 64 columns and 129 nonzeros (Max)
Model fingerprint: 0x526c8745
Model has 0 linear objective coefficients
Model has 1568 quadratic objective terms
Variable types: 0 continuous, 64 integer (64 binary)
Coefficient statistics:
  Matrix range     [1e+00, 1e+00]
  Objective range  [0e+00, 0e+00]
  QObjective range [5e+00, 6e+01]
  Bounds range     [1e+00, 1e+00]
  RHS range        [1e+00, 1e+00]

Found heuristic solution: objective 208.8580373
Presolve removed 3 rows and 15 columns
Presolve time: 0.00s
Presolved: 896 rows, 931 columns, 2744 nonzeros
Variable types: 0 continuous, 931 integer (931 binary)

Root relaxation: objective 1.111479e+03, 204 iterations, 0.00 seconds (0.01 work units)

    Nodes    |    Current Node    |     Objective Bounds      |     Work
 Expl Unexpl |  Obj  Depth IntInf | Incumbent    BestBd   Gap | It/Node Time

     0     0 1111.47942    0   49  208.85804 1111.47942   432%     -    0s
H    0     0                     248.7870738 1111.47942   347%     -    0s
     0     0  326.40812    0  598  248.78707  326.40812  31.2%     -    0s
     0     0  302.98606    0  741  248.78707  302.98606  21.8%     -    1s
     0     0  293.83908    0  767  248.78707  293.83908  18.1%     -    1s
     0     0  282.68338    0  788  248.78707  282.68338  13.6%     -    1s
     0     0          -    0       248.78707  282.68338  13.6%     -    1s

Cutting planes:
  Cover: 9
  Dual implied bound: 2
  MIR: 58
  StrongCG: 5
  Zero half: 18
  RLT: 610
  BQP: 543

Explored 1 nodes (17414 simplex iterations) in 1.62 seconds (2.75 work units)
Thread count was 12 (of 12 available processors)

Solution count 2: 248.787 208.858

Time limit reached
Best objective 2.487870737663e+02, best bound 2.826833758016e+02, gap 13.6246%
Set parameter TimeLimit to value 1.6153846153846154e+00
Set parameter MIPGap to value 0.01
Set parameter NonConvex to value 2
Set parameter MIPFocus to value 1
Set parameter Heuristics to value 0.5
Gurobi Optimizer version 13.0.1 build v13.0.1rc0 (win64 - Windows 11+.0 (26200.2))

CPU model: AMD Ryzen 5 9600X 6-Core Processor, instruction set [SSE2|AVX|AVX2|AVX512]
Thread count: 6 physical cores, 12 logical processors, using up to 12 threads

Non-default parameters:
TimeLimit  1.6153846153846154e+00
MIPGap  0.01
Heuristics  0.5
MIPFocus  1
NonConvex  2

Optimize a model with 17 rows, 64 columns and 129 nonzeros (Max)
Model fingerprint: 0xb7ee985e
Model has 0 linear objective coefficients
Model has 336 quadratic objective terms
Variable types: 0 continuous, 64 integer (64 binary)
Coefficient statistics:
  Matrix range     [1e+00, 1e+00]
  Objective range  [0e+00, 0e+00]
  QObjective range [1e+00, 6e+01]
  Bounds range     [1e+00, 1e+00]
  RHS range        [1e+00, 1e+00]

Found heuristic solution: objective 20.1326830
Presolve removed 3 rows and 15 columns
Presolve time: 0.00s
Presolved: 140 rows, 175 columns, 476 nonzeros
Variable types: 0 continuous, 175 integer (175 binary)

Root relaxation: objective 7.204934e+01, 96 iterations, 0.00 seconds (0.00 work units)

    Nodes    |    Current Node    |     Objective Bounds      |     Work
 Expl Unexpl |  Obj  Depth IntInf | Incumbent    BestBd   Gap | It/Node Time

     0     0   72.04934    0   52   20.13268   72.04934   258%     -    0s
H    0     0                      27.8899059   72.04934   158%     -    0s
H    0     0                      38.5982444   72.04934  86.7%     -    0s
H    0     0                      41.3086408   72.04934  74.4%     -    0s
H    0     0                      42.8284271   72.04934  68.2%     -    0s

Cutting planes:
  Gomory: 1
  MIR: 16
  Zero half: 5
  RLT: 40
  BQP: 84

Explored 1 nodes (103 simplex iterations) in 0.02 seconds (0.01 work units)
Thread count was 12 (of 12 available processors)

Solution count 5: 42.8284 41.3086 38.5982 ... 20.1327

Optimal solution found (tolerance 1.00e-02)
Best objective 4.282842712475e+01, best bound 4.282842712475e+01, gap 0.0000%
=== Gurobi results ===
People: 100 (padded to 104), tables: 13, seats: 104
Time split: stage1=39.0s, stage2 per table=1.62s
Stage2 table objectives (sum): 4317.3185
=========================

  Lida    fbuu    GT43    GT41
┌────────────────────────────────┐
│  26.8    40.7    37.5    36.5  │
│             268.0              │
│  29.6    47.5    16.1    33.3  │
└────────────────────────────────┘
  nsio    aubu    MMMM    GT42

  G1A1    G1A5    G1A8    G1A4
┌────────────────────────────────┐
│  60.3    75.1    75.1    60.3  │
│       541.5999999999999        │
│  60.3    75.1    75.1    60.3  │
└────────────────────────────────┘
  G1A3    G1A6    G1A2    G1A7

  GP11    GT23    GT21    GT33
┌────────────────────────────────┐
│  27.2    41.4    38.5    34.3  │
│             282.8              │
│  27.2    38.5    38.5    37.2  │
└────────────────────────────────┘
  GP12    GT22    GT31    GT32

  G531    GP21    GT52    GT53
┌────────────────────────────────┐
│  17.2    31.4    38.5    37.2  │
│             228.6              │
│  17.2    31.4    21.4    34.3  │
└────────────────────────────────┘
   S5     GP22    G532    GT51

  G2A1    G534    GP52    GP81
┌────────────────────────────────┐
│  17.2    21.4    31.4    27.2  │
│       214.39999999999998       │
│  27.2    31.4    31.4    27.2  │
└────────────────────────────────┘
  GP42    GP41    GP51    GP82

  G4A1    G4A2    G4A5    G4A4
┌────────────────────────────────┐
│  60.3    75.1    70.6    57.1  │
│             525.5              │
│  60.3    75.1    70.1    56.9  │
└────────────────────────────────┘
  GBOB    G4A3    G4A7    G4A6

  G2A2    G2A6    G2A9    G2A5
┌────────────────────────────────┐
│  60.3    75.1    75.1    60.3  │
│       541.5999999999999        │
│  60.3    75.1    75.1    60.3  │
└────────────────────────────────┘
  G2A4    G2A7    G2A3    G2A8

  G3A1    G3A5    G3A9    G3A4
┌────────────────────────────────┐
│  60.3    75.1    75.1    60.3  │
│       541.5999999999999        │
│  60.3    75.1    75.1    60.3  │
└────────────────────────────────┘
  G3A3    G3A7    G3A2    G3A8

  G3A6   G3A12     S2      S1
┌────────────────────────────────┐
│  44.3    48.5    21.4    17.2  │
│             262.8              │
│  44.3    48.5    21.4    17.2  │
└────────────────────────────────┘
 G3A11   G3A10    G4A8     S8

  GP31    GP32     S7      S9
┌────────────────────────────────┐
│  27.2    31.4    21.4    17.2  │
│       214.39999999999998       │
│  27.2    31.4    31.4    27.2  │
└────────────────────────────────┘
  GP62    GP61    GP72    GP71

  G511    G513    G523    G522
┌────────────────────────────────┐
│  57.1    70.6    59.0    43.9  │
│             404.7              │
│  31.7    70.1    55.1    17.2  │
└────────────────────────────────┘
  G533    G512    G521     S6

  GP91    GP92    GT13    GT11
┌────────────────────────────────┐
│  27.2    31.4    38.5    37.2  │
│             248.6              │
│  17.2    31.4    31.4    34.3  │
└────────────────────────────────┘
   S4    GP102   GP101    GT12

  D1D1     S3    Empty   Empty
┌────────────────────────────────┐
│  15.7    5.7     0.0     0.0   │
│              42.8              │
│  15.7    5.7     0.0     0.0   │
└────────────────────────────────┘
  D2D2    joho   Empty   Empty
total value: 4317.4

# attempt 3 60 seconds