PS P:\gitrepos\BachelorProject-SeatingArrangement\gurobi> python .\calc_v2.py --time-limit=3600
Set parameter Username
Set parameter LicenseID to value 2779938
Academic license - for non-commercial use only - expires 2027-02-17
Set parameter TimeLimit to value 3600
Set parameter MIPGap to value 0.01
Gurobi Optimizer version 13.0.1 build v13.0.1rc0 (win64 - Windows 11+.0 (26200.2))

CPU model: AMD Ryzen 5 9600X 6-Core Processor, instruction set [SSE2|AVX|AVX2|AVX512]
Thread count: 6 physical cores, 12 logical processors, using up to 12 threads

Non-default parameters:
TimeLimit  3600
MIPGap  0.01

Optimize a model with 209 rows, 10816 columns and 21633 nonzeros (Max)
Model fingerprint: 0x04a99c12
Model has 0 linear objective coefficients
Model has 3602144 quadratic objective terms
Variable types: 0 continuous, 10816 integer (10816 binary)
Coefficient statistics:
  Matrix range     [1e+00, 1e+00]
  Objective range  [0e+00, 0e+00]
  QObjective range [1e+00, 6e+01]
  Bounds range     [1e+00, 1e+00]
  RHS range        [1e+00, 1e+00]

Found heuristic solution: objective 2059.9399270
Presolve removed 3 rows and 207 columns (presolve time = 26s)...
Presolve removed 3 rows and 207 columns
Presolve time: 26.16s
Presolved: 206 rows, 10609 columns, 21218 nonzeros
Presolved model has 3472383 quadratic objective terms
Variable types: 0 continuous, 10609 integer (10609 binary)

Root simplex log...

Iteration    Objective       Primal Inf.    Dual Inf.      Time
       0   -0.0000000e+00   0.000000e+00   2.283688e+05     26s
    2879    1.9390724e+05   0.000000e+00   1.533339e+04     31s
    3681    1.9698375e+05   0.000000e+00   9.226111e+03     35s
    4321    1.9842864e+05   0.000000e+00   6.354733e+03     41s
    4791    1.9919831e+05   0.000000e+00   4.876406e+03     45s
    5259    1.9978014e+05   0.000000e+00   3.753768e+03     51s
    5736    2.0024707e+05   0.000000e+00   2.887176e+03     57s
    6047    2.0060153e+05   0.000000e+00   2.278918e+03     62s
    6204    2.0074790e+05   0.000000e+00   2.029704e+03     66s
    6499    2.0091002e+05   0.000000e+00   1.770141e+03     72s
    6649    2.0097143e+05   0.000000e+00   1.674144e+03     78s
    6790    2.0102022e+05   0.000000e+00   1.585100e+03     83s
    6929    2.0105852e+05   0.000000e+00   1.491245e+03     89s
    7071    2.0109529e+05   0.000000e+00   1.395060e+03     94s
    7213    2.0112741e+05   0.000000e+00   1.301482e+03     98s
    7360    2.0116025e+05   0.000000e+00   1.209881e+03    102s
    7500    2.0118893e+05   0.000000e+00   1.128398e+03    108s
    7643    2.0121580e+05   0.000000e+00   1.047395e+03    112s
    7791    2.0124307e+05   0.000000e+00   9.662412e+02    116s
    7928    2.0126553e+05   0.000000e+00   8.933091e+02    121s
    8069    2.0128760e+05   0.000000e+00   8.188163e+02    127s
    8215    2.0131053e+05   0.000000e+00   7.486476e+02    133s
    8355    2.0132923e+05   0.000000e+00   6.887083e+02    139s
    8498    2.0134906e+05   0.000000e+00   6.266908e+02    144s
    8627    2.0136471e+05   0.000000e+00   5.770342e+02    151s
    8760    2.0138182e+05   0.000000e+00   5.241547e+02    159s
    8892    2.0139675e+05   0.000000e+00   4.916910e+02    167s
    9026    2.0141492e+05   0.000000e+00   4.390927e+02    172s
    9167    2.0142790e+05   0.000000e+00   3.938410e+02    181s
    9295    2.0144156e+05   0.000000e+00   3.586975e+02    190s
    9429    2.0145339e+05   0.000000e+00   3.105380e+02    199s
    9560    2.0146789e+05   0.000000e+00   2.695608e+02    210s
    9692    2.0148186e+05   0.000000e+00   2.319602e+02    219s
    9834    2.0149596e+05   0.000000e+00   1.965544e+02    227s
    9969    2.0150743e+05   0.000000e+00   1.664468e+02    238s
   10097    2.0151699e+05   0.000000e+00   1.390685e+02    248s
   10225    2.0152451e+05   0.000000e+00   1.065158e+02    260s
   10360    2.0153111e+05   0.000000e+00   7.686401e+01    272s
   10497    2.0153620e+05   0.000000e+00   4.842939e+01    280s
   10627    2.0153943e+05   0.000000e+00   2.624979e+01    287s
   10755    2.0154114e+05   0.000000e+00   1.421544e+01    299s
   10890    2.0154286e+05   0.000000e+00   2.677675e+00    308s
   10929    2.0154325e+05   0.000000e+00   0.000000e+00    323s

Root relaxation: objective 2.015433e+05, 10929 iterations, 296.73 seconds (560.29 work units)

    Nodes    |    Current Node    |     Objective Bounds      |     Work
 Expl Unexpl |  Obj  Depth IntInf | Incumbent    BestBd   Gap | It/Node Time

     0     0 201543.255    0 9801 2059.93993 201543.255  9684%     -  431s
H    0     0                    2367.4989520 201543.255  8413%     -  431s
H    0     0                    2410.5853596 201543.255  8261%     -  431s
H    0     0                    2450.5853596 201543.255  8124%     -  431s
H    0     0                    2461.6410877 201543.255  8087%     -  431s
H    0     0                    2489.9253589 201543.255  7994%     -  434s
H    0     0                    2554.0674945 201543.255  7791%     -  434s
     0     0 201542.402    0 9801 2554.06749 201542.402  7791%     -  515s
H    0     0                    2661.0541724 201542.402  7474%     -  556s
H    0     0                    2796.0051103 201542.402  7108%     -  556s
H    0     0                    2900.1814571 201542.402  6849%     -  559s
H    0     0                    2968.8701295 201542.402  6689%     -  560s
H    0     0                    2988.8701295 201542.402  6643%     -  562s
H    0     0                    3019.2556592 201542.402  6575%     -  564s
H    0     0                    3075.8311160 201542.402  6452%     -  567s
H    0     0                    3094.5554689 201542.402  6413%     -  570s
H    0     0                    3101.2221356 201542.402  6399%     -  571s
H    0     0                    3136.3320181 201542.402  6326%     -  575s
H    0     0                    3161.1341544 201542.402  6276%     -  575s
H    0     0                    3175.2762900 201542.402  6247%     -  576s
H    0     0                    3180.8872286 201542.402  6236%     -  577s
H    0     2                    3268.9260149 201542.402  6065%     -  599s
     0     2 201542.402    0 9801 3268.92601 201542.402  6065%     -  599s
H    1     4                    3275.2712890 201542.402  6053%   0.0  746s
H    2     4                    3275.5926816 200585.531  6024%  30.5  746s
     3     8 200515.566    2 9177 3275.59268 200515.566  6022%  36.7  833s
H    4     8                    3539.2150298 200513.567  5565%  27.5  833s
     7    14 200488.952    3 9165 3539.21503 200488.952  5565%   125  933s
H    8    14                    3549.2150298 200487.142  5549%   109  933s
    13    22 200464.856    4 9154 3549.21503 200464.856  5548%   114 1058s
    21    32 198368.726    5 9002 3549.21503 200464.003  5548%  82.7 1208s
H   31    44                    3765.6436840 200464.003  5223%  75.9 1270s
    43    62 196272.923    6 8856 3765.64368 200464.003  5223%  59.1 1309s
    61    74 196254.611    9 8845 3765.64368 200464.003  5223%  45.4 1345s
    73    89 196199.994   11 8794 3765.64368 200464.003  5223%  40.8 1387s
H   75    89                    3788.9174599 200464.003  5191%  40.0 1387s
    88   104 196161.254   13 8760 3788.91746 200464.003  5191%  36.6 1418s
   103   116 196142.007   16 8748 3788.91746 200464.003  5191%  34.3 1442s
H  115   120                    3833.9090179 200464.003  5129%  32.4 1483s
H  117   120                    3852.9569174 200464.003  5103%  32.0 1483s
   119   127 196106.709   19 8728 3852.95692 200464.003  5103%  32.4 1513s
   126   134 194039.795   19 8594 3852.95692 200464.003  5103%  33.2 1547s
H  133   139                    3886.4847814 200464.003  5058%  32.5 1590s
H  134   139                    3946.2148932 200464.003  4980%  32.8 1590s
   138   148 193933.466   20 8485 3946.21489 200464.003  4980%  33.6 1611s
   147   158 193912.502   21 8467 3946.21489 200464.003  4980%  32.9 1636s
H  157   168                    4004.7600551 200464.003  4906%  31.8 1672s
   167   179 193744.989   25 8369 4004.76006 200464.003  4906%  31.2 1700s
   178   189 193616.572   28 8337 4004.76006 200464.003  4906%  30.8 1726s
   188   195 193575.212   31 8331 4004.76006 200464.003  4906%  30.4 1934s
H  194   207                    4096.9153141 200464.003  4793%  30.8 1984s
   206   226 193495.822   35 8323 4096.91531 200464.003  4793%  29.2 2014s
   225   247 193355.099   39 8315 4096.91531 200464.003  4793%  27.5 2049s
H  246   261                    4103.2398695 200464.003  4786%  26.8 2119s
H  248   261                    4197.9521113 200464.003  4675%  26.8 2119s
   260   285 192732.619   45 8277 4197.95211 200464.003  4675%  26.2 2155s
   284   308 191355.520   50 8291 4197.95211 200464.003  4675%  24.6 2192s
   307   328 191267.352   55 8286 4197.95211 200464.003  4675%  23.2 2236s
H  310   328                    4235.3739642 200464.003  4633%  23.0 2236s
   327   355 191137.084   59 8282 4235.37396 200464.003  4633%  22.1 2273s
   354   380 190689.581   64 8261 4235.37396 200464.003  4633%  20.9 2309s
H  379   399                    4239.5160998 200464.003  4628%  20.3 2352s
H  385   399                    4291.4515937 200464.003  4571%  20.3 2352s
   398   431 187489.343   72 8129 4291.45159 200464.003  4571%  20.4 2378s
   430   464 187466.738   76 8122 4291.45159 200464.003  4571%  19.4 2404s
   463   497 187413.495   81 8104 4291.45159 200464.003  4571%  18.9 2440s
   496   528 187239.018   88 8095 4291.45159 200464.003  4571%  18.4 2467s
H  527   559                    4296.6494574 200464.003  4566%  18.1 2507s
   558   565 185434.676   96 7973 4296.64946 200464.003  4566%  17.9 2550s
H  560   565                    4300.7915930 200464.003  4561%  17.9 2550s
   564   604 185420.187   97 7964 4300.79159 200464.003  4561%  18.0 2576s
   603   639 185302.120  104 7898 4300.79159 200464.003  4561%  17.2 2599s
   638   657 185206.643  109 7853 4300.79159 200464.003  4561%  16.8 2657s
H  655   657                    4303.1713016 200464.003  4559%  16.5 2657s
   656   691 185165.126  111 7835 4303.17130 200464.003  4559%  16.5 2682s
   690   728 185085.051  118 7795 4303.17130 200464.003  4559%  16.1 2706s
   727   764 185029.070  125 7774 4303.17130 200464.003  4559%  15.5 2735s
   763   809 182893.154  132 7710 4303.17130 200464.003  4559%  15.1 2764s
H  808   820                    4306.1002338 200464.003  4555%  14.8 2835s
   819   866 182496.581  140 7363 4306.10023 200464.003  4555%  15.1 2865s
   865   915 182374.745  148 7335 4306.10023 200464.003  4555%  15.0 2899s
   914   958 182264.093  156 7279 4306.10023 200464.003  4555%  15.2 2938s
   957  1002 182236.408  165 7269 4306.10023 200464.003  4555%  15.9 2976s
  1001  1046 180539.703  172 6140 4306.10023 200464.003  4555%  17.8 3020s
  1047  1088 180030.526  174 5971 4306.10023 200464.003  4555%  19.1 3091s
  1089  1198 178805.147  177 6062 4306.10023 200464.003  4555%  20.3 3137s
  1201  1303 172942.952  211 5976 4306.10023 200464.003  4555%  20.1 3189s
  1313  1304 186662.936   88 9801 4306.10023 200464.003  4555%  20.9 3380s

Explored 1314 nodes (49289 simplex iterations) in 3627.39 seconds (9410.68 work units)
Thread count was 12 (of 12 available processors)

Solution count 10: 4306.1 4303.17 4300.79 ... 4096.92

Time limit reached
Best objective 4.306100233768e+03, best bound 2.004640033408e+05, gap 4555.3492%
Gurobi status: 9
Gurobi objective: 4306.1002
Best bound: 200464.0033
Gap: 4555.3492%
=========================

  Lida    GT52    GT53    G523
┌────────────────────────────────┐
│  27.2    41.4    38.5    34.3  │
│             282.8              │
│  27.2    38.5    38.5    37.2  │
└────────────────────────────────┘
  fbuu    GT51    G522    G521

  G2A5    G2A3    G2A7    G2A1
┌────────────────────────────────┐
│  60.3    75.1    75.1    60.3  │
│       541.5999999999999        │
│  60.3    75.1    75.1    60.3  │
└────────────────────────────────┘
  G2A4    G2A2    G2A6    G2A8

  GP72     S3     GT42    D1D1
┌────────────────────────────────┐
│  25.3    18.6    33.4    17.3  │
│             209.2              │
│  25.3    35.7    36.3    17.3  │
└────────────────────────────────┘
  GP71    GT41    GT43    D2D2

  GP92    G3A2    G3A9    GP41
┌────────────────────────────────┐
│  27.2    48.5    48.5    27.2  │
│             302.8              │
│  27.2    48.5    48.5    27.2  │
└────────────────────────────────┘
  GP91    G3A1    G3A8    GP42

   S8     GT22    G2A9     S6
┌────────────────────────────────┐
│  17.2    38.5    21.4    17.2  │
│             208.6              │
│  17.2    41.4    38.5    17.2  │
└────────────────────────────────┘
   S1     GT23    GT21     S2

   S4     G532    G511    G531
┌────────────────────────────────┐
│  17.2    48.5    70.1    38.8  │
│             389.2              │
│  36.7    68.0    70.6    39.3  │
└────────────────────────────────┘
  G534    G512    G513    G533

  G3A5    G3A7    G3A3   G3A10
┌────────────────────────────────┐
│  60.3    75.1    75.1    60.3  │
│       541.5999999999999        │
│  60.3    75.1    75.1    60.3  │
└────────────────────────────────┘
  G3A4   G3A12   G3A11    G3A6

  GT33    GP11    GP12     S9
┌────────────────────────────────┐
│  34.3    31.4    31.4    17.2  │
│             228.6              │
│  37.2    38.5    21.4    17.2  │
└────────────────────────────────┘
  GT31    GT32    GBOB    joho

  G4A4    G4A5    G4A1    G4A3
┌────────────────────────────────┐
│  60.3    75.1    66.1    53.9  │
│             519.5              │
│  60.3    75.1    75.1    53.6  │
└────────────────────────────────┘
  G4A8    G4A6    G4A7    G4A2

  G1A8    G1A4    G1A6    G1A2
┌────────────────────────────────┐
│  60.3    75.1    75.1    60.3  │
│       541.5999999999999        │
│  60.3    75.1    75.1    60.3  │
└────────────────────────────────┘
  G1A1    G1A3    G1A7    G1A5

  GP32    GT11    GP81    GP82
┌────────────────────────────────┐
│  27.2    38.5    31.4    27.2  │
│             248.6              │
│  27.2    41.4    38.5    17.2  │
└────────────────────────────────┘
  GP31    GT12    GT13     S5

 GP101    GP62    GP51    GP52
┌────────────────────────────────┐
│  27.2    31.4    31.4    27.2  │
│       234.39999999999998       │
│  27.2    31.4    31.4    27.2  │
└────────────────────────────────┘
 GP102    GP61    GP22    GP21

 Empty     S7     MMMM   Empty
┌────────────────────────────────┐
│  0.0     9.8     8.1     0.0   │
│       57.800000000000004       │
│  0.0     20.1    19.8    0.0   │
└────────────────────────────────┘
 Empty    nsio    aubu   Empty
total value: 4306.299999999999

# 1 hour calc_v2