Task 0 running algorithm: annealingFromGrouped, people: 300, cohesions: 0 10 20
desktop15.hpc.itu.dk
nsio
/home/nsio/bachelorProject/hpc-jobs
Running iterations for algorithm: annealingFromGrouped
  Completed 10 iterations for size 300, cohesion 0.
  Completed 10 iterations for size 300, cohesion 10.
  Completed 10 iterations for size 300, cohesion 20.

Results successfully written to job80449/comparison_results_annealingFromGrouped_300_c0-10-20.json
  Completed 10 iterations for size 300, cohesion 0.
  Completed 10 iterations for size 300, cohesion 10.
  Completed 10 iterations for size 300, cohesion 20.

Results successfully written to job80449/comparison_results_annealingFromGrouped_300_c0-10-20.json
  Completed 10 iterations for size 300, cohesion 0.
  Completed 10 iterations for size 300, cohesion 10.
  Completed 10 iterations for size 300, cohesion 20.

Results successfully written to job80449/comparison_results_annealingFromGrouped_300_c0-10-20.json
  Completed 10 iterations for size 300, cohesion 0.
  Completed 10 iterations for size 300, cohesion 10.
  Completed 10 iterations for size 300, cohesion 20.

Results successfully written to job80449/comparison_results_annealingFromGrouped_300_c0-10-20.json
srun: Job step aborted: Waiting up to 32 seconds for job step to finish.
slurmstepd: error: *** JOB 80450 ON desktop15 CANCELLED AT 2026-05-11T15:11:50 ***
slurmstepd: error: *** STEP 80450.0 ON desktop15 CANCELLED AT 2026-05-11T15:11:50 ***
