Task 21 running algorithm: randomSwitchFromGrouped, people: 300, cohesions: 30 40 50
cn8.hpc.itu.dk
nsio
/home/nsio/bachelorProject/hpc-jobs
Running iterations for algorithm: randomSwitchFromGrouped
  Completed 10 iterations for size 300, cohesion 30.
  Completed 10 iterations for size 300, cohesion 40.
  Completed 10 iterations for size 300, cohesion 50.

Results successfully written to job80449/comparison_results_randomSwitchFromGrouped_300_c30-40-50.json
  Completed 10 iterations for size 300, cohesion 30.
  Completed 10 iterations for size 300, cohesion 40.
  Completed 10 iterations for size 300, cohesion 50.

Results successfully written to job80449/comparison_results_randomSwitchFromGrouped_300_c30-40-50.json
  Completed 10 iterations for size 300, cohesion 30.
  Completed 10 iterations for size 300, cohesion 40.
  Completed 10 iterations for size 300, cohesion 50.

Results successfully written to job80449/comparison_results_randomSwitchFromGrouped_300_c30-40-50.json
  Completed 10 iterations for size 300, cohesion 30.
  Completed 10 iterations for size 300, cohesion 40.
  Completed 10 iterations for size 300, cohesion 50.

Results successfully written to job80449/comparison_results_randomSwitchFromGrouped_300_c30-40-50.json
slurmstepd: error: *** JOB 80471 ON cn8 CANCELLED AT 2026-05-11T15:11:53 ***
slurmstepd: error: *** STEP 80471.0 ON cn8 CANCELLED AT 2026-05-11T15:11:53 ***
