Task 22 running algorithm: randomSwitchFromGrouped, people: 300, cohesions: 60 70 80
cn8.hpc.itu.dk
nsio
/home/nsio/bachelorProject/hpc-jobs
Running iterations for algorithm: randomSwitchFromGrouped
  Completed 10 iterations for size 300, cohesion 60.
  Completed 10 iterations for size 300, cohesion 70.
  Completed 10 iterations for size 300, cohesion 80.

Results successfully written to job80449/comparison_results_randomSwitchFromGrouped_300_c60-70-80.json
  Completed 10 iterations for size 300, cohesion 60.
  Completed 10 iterations for size 300, cohesion 70.
  Completed 10 iterations for size 300, cohesion 80.

Results successfully written to job80449/comparison_results_randomSwitchFromGrouped_300_c60-70-80.json
  Completed 10 iterations for size 300, cohesion 60.
  Completed 10 iterations for size 300, cohesion 70.
  Completed 10 iterations for size 300, cohesion 80.

Results successfully written to job80449/comparison_results_randomSwitchFromGrouped_300_c60-70-80.json
  Completed 10 iterations for size 300, cohesion 60.
  Completed 10 iterations for size 300, cohesion 70.
  Completed 10 iterations for size 300, cohesion 80.

Results successfully written to job80449/comparison_results_randomSwitchFromGrouped_300_c60-70-80.json
slurmstepd: error: *** STEP 80472.0 ON cn8 CANCELLED AT 2026-05-11T15:11:53 ***
slurmstepd: error: *** JOB 80472 ON cn8 CANCELLED AT 2026-05-11T15:11:53 ***
