Task 24 running algorithm: randomSwitchFromRandom, people: 300, cohesions: 0 10 20
cn8.hpc.itu.dk
nsio
/home/nsio/bachelorProject/hpc-jobs
Running iterations for algorithm: randomSwitchFromRandom
  Completed 10 iterations for size 300, cohesion 0.
  Completed 10 iterations for size 300, cohesion 10.
  Completed 10 iterations for size 300, cohesion 20.

Results successfully written to job80449/comparison_results_randomSwitchFromRandom_300_c0-10-20.json
  Completed 10 iterations for size 300, cohesion 0.
  Completed 10 iterations for size 300, cohesion 10.
  Completed 10 iterations for size 300, cohesion 20.

Results successfully written to job80449/comparison_results_randomSwitchFromRandom_300_c0-10-20.json
  Completed 10 iterations for size 300, cohesion 0.
  Completed 10 iterations for size 300, cohesion 10.
  Completed 10 iterations for size 300, cohesion 20.

Results successfully written to job80449/comparison_results_randomSwitchFromRandom_300_c0-10-20.json
  Completed 10 iterations for size 300, cohesion 0.
  Completed 10 iterations for size 300, cohesion 10.
  Completed 10 iterations for size 300, cohesion 20.

Results successfully written to job80449/comparison_results_randomSwitchFromRandom_300_c0-10-20.json
slurmstepd: error: *** STEP 80474.0 ON cn8 CANCELLED AT 2026-05-11T15:11:53 ***
slurmstepd: error: *** JOB 80474 ON cn8 CANCELLED AT 2026-05-11T15:11:53 ***
