Task 25 running algorithm: randomSwitchFromRandom, people: 300, cohesions: 30 40 50
cn15.hpc.itu.dk
nsio
/home/nsio/bachelorProject/hpc-jobs
Running iterations for algorithm: randomSwitchFromRandom
  Completed 10 iterations for size 300, cohesion 30.
  Completed 10 iterations for size 300, cohesion 40.
  Completed 10 iterations for size 300, cohesion 50.

Results successfully written to job80449/comparison_results_randomSwitchFromRandom_300_c30-40-50.json
  Completed 10 iterations for size 300, cohesion 30.
  Completed 10 iterations for size 300, cohesion 40.
  Completed 10 iterations for size 300, cohesion 50.

Results successfully written to job80449/comparison_results_randomSwitchFromRandom_300_c30-40-50.json
  Completed 10 iterations for size 300, cohesion 30.
  Completed 10 iterations for size 300, cohesion 40.
  Completed 10 iterations for size 300, cohesion 50.

Results successfully written to job80449/comparison_results_randomSwitchFromRandom_300_c30-40-50.json
  Completed 10 iterations for size 300, cohesion 30.
  Completed 10 iterations for size 300, cohesion 40.
  Completed 10 iterations for size 300, cohesion 50.

Results successfully written to job80449/comparison_results_randomSwitchFromRandom_300_c30-40-50.json
slurmstepd: error: *** JOB 80475 ON cn15 CANCELLED AT 2026-05-11T15:11:50 ***
slurmstepd: error: *** STEP 80475.0 ON cn15 CANCELLED AT 2026-05-11T15:11:50 ***
