Task 31 running algorithm: tabuSearchFromGrouped, people: 300, cohesions: 90 100
cn15.hpc.itu.dk
nsio
/home/nsio/bachelorProject/hpc-jobs
Running iterations for algorithm: tabuSearchFromGrouped
  Completed 10 iterations for size 300, cohesion 90.
  Completed 10 iterations for size 300, cohesion 100.

Results successfully written to job80449/comparison_results_tabuSearchFromGrouped_300_c90-100.json
  Completed 10 iterations for size 300, cohesion 90.
  Completed 10 iterations for size 300, cohesion 100.

Results successfully written to job80449/comparison_results_tabuSearchFromGrouped_300_c90-100.json
  Completed 10 iterations for size 300, cohesion 90.
  Completed 10 iterations for size 300, cohesion 100.

Results successfully written to job80449/comparison_results_tabuSearchFromGrouped_300_c90-100.json
  Completed 10 iterations for size 300, cohesion 90.
  Completed 10 iterations for size 300, cohesion 100.

Results successfully written to job80449/comparison_results_tabuSearchFromGrouped_300_c90-100.json
  Completed 10 iterations for size 300, cohesion 90.
  Completed 10 iterations for size 300, cohesion 100.

Results successfully written to job80449/comparison_results_tabuSearchFromGrouped_300_c90-100.json
  Completed 10 iterations for size 300, cohesion 90.
  Completed 10 iterations for size 300, cohesion 100.

Results successfully written to job80449/comparison_results_tabuSearchFromGrouped_300_c90-100.json
slurmstepd: error: *** JOB 80481 ON cn15 CANCELLED AT 2026-05-11T15:11:50 ***
slurmstepd: error: *** STEP 80481.0 ON cn15 CANCELLED AT 2026-05-11T15:11:50 ***
