Task 32 running algorithm: tabuSearchFromRandom, people: 300, cohesions: 0 10 20
cn15.hpc.itu.dk
nsio
/home/nsio/bachelorProject/hpc-jobs
Running iterations for algorithm: tabuSearchFromRandom
  Completed 10 iterations for size 300, cohesion 0.
  Completed 10 iterations for size 300, cohesion 10.
  Completed 10 iterations for size 300, cohesion 20.

Results successfully written to job80449/comparison_results_tabuSearchFromRandom_300_c0-10-20.json
  Completed 10 iterations for size 300, cohesion 0.
  Completed 10 iterations for size 300, cohesion 10.
  Completed 10 iterations for size 300, cohesion 20.

Results successfully written to job80449/comparison_results_tabuSearchFromRandom_300_c0-10-20.json
  Completed 10 iterations for size 300, cohesion 0.
  Completed 10 iterations for size 300, cohesion 10.
  Completed 10 iterations for size 300, cohesion 20.

Results successfully written to job80449/comparison_results_tabuSearchFromRandom_300_c0-10-20.json
  Completed 10 iterations for size 300, cohesion 0.
  Completed 10 iterations for size 300, cohesion 10.
  Completed 10 iterations for size 300, cohesion 20.

Results successfully written to job80449/comparison_results_tabuSearchFromRandom_300_c0-10-20.json
slurmstepd: error: *** JOB 80482 ON cn15 CANCELLED AT 2026-05-11T15:11:50 ***
slurmstepd: error: *** STEP 80482.0 ON cn15 CANCELLED AT 2026-05-11T15:11:50 ***
