Task 34 running algorithm: tabuSearchFromRandom, people: 300, cohesions: 60 70 80
cn15.hpc.itu.dk
nsio
/home/nsio/bachelorProject/hpc-jobs
Running iterations for algorithm: tabuSearchFromRandom
  Completed 10 iterations for size 300, cohesion 60.
  Completed 10 iterations for size 300, cohesion 70.
  Completed 10 iterations for size 300, cohesion 80.

Results successfully written to job80449/comparison_results_tabuSearchFromRandom_300_c60-70-80.json
  Completed 10 iterations for size 300, cohesion 60.
  Completed 10 iterations for size 300, cohesion 70.
  Completed 10 iterations for size 300, cohesion 80.

Results successfully written to job80449/comparison_results_tabuSearchFromRandom_300_c60-70-80.json
  Completed 10 iterations for size 300, cohesion 60.
  Completed 10 iterations for size 300, cohesion 70.
  Completed 10 iterations for size 300, cohesion 80.

Results successfully written to job80449/comparison_results_tabuSearchFromRandom_300_c60-70-80.json
  Completed 10 iterations for size 300, cohesion 60.
  Completed 10 iterations for size 300, cohesion 70.
  Completed 10 iterations for size 300, cohesion 80.

Results successfully written to job80449/comparison_results_tabuSearchFromRandom_300_c60-70-80.json
slurmstepd: error: *** JOB 80484 ON cn15 CANCELLED AT 2026-05-11T15:11:50 ***
slurmstepd: error: *** STEP 80484.0 ON cn15 CANCELLED AT 2026-05-11T15:11:50 ***
