Task 7 running algorithm: annealingFromRandom, people: 300, cohesions: 90 100
cn14.hpc.itu.dk
nsio
/home/nsio/bachelorProject/hpc-jobs
Running iterations for algorithm: annealingFromRandom
  Completed 10 iterations for size 300, cohesion 90.
  Completed 10 iterations for size 300, cohesion 100.

Results successfully written to job80449/comparison_results_annealingFromRandom_300_c90-100.json
  Completed 10 iterations for size 300, cohesion 90.
  Completed 10 iterations for size 300, cohesion 100.

Results successfully written to job80449/comparison_results_annealingFromRandom_300_c90-100.json
  Completed 10 iterations for size 300, cohesion 90.
  Completed 10 iterations for size 300, cohesion 100.

Results successfully written to job80449/comparison_results_annealingFromRandom_300_c90-100.json
  Completed 10 iterations for size 300, cohesion 90.
  Completed 10 iterations for size 300, cohesion 100.

Results successfully written to job80449/comparison_results_annealingFromRandom_300_c90-100.json
  Completed 10 iterations for size 300, cohesion 90.
  Completed 10 iterations for size 300, cohesion 100.

Results successfully written to job80449/comparison_results_annealingFromRandom_300_c90-100.json
  Completed 10 iterations for size 300, cohesion 90.
  Completed 10 iterations for size 300, cohesion 100.

Results successfully written to job80449/comparison_results_annealingFromRandom_300_c90-100.json
slurmstepd: error: *** JOB 80457 ON cn14 CANCELLED AT 2026-05-11T15:11:49 ***
slurmstepd: error: *** STEP 80457.0 ON cn14 CANCELLED AT 2026-05-11T15:11:49 ***
