nicklasbns
nicklasbns
Online

nicklasbns

 — 26/02/2026 09:48
vidste ikke der var så mange skyboxes
Frederik Buur

 — 26/02/2026 09:48
Fik lavede nogle flere
TheLazyDuck — 27/02/2026 07:19
Hey guys, min forkølelse er blevet værre, så jeg tror at jeg må melde mig syg i dag😕
Frederik Buur

 — 27/02/2026 07:19
Helt fair god bedring ❤️
Frederik Buur

 — 27/02/2026 09:17
Få det lige bedre til fredags bar
TheLazyDuck — 27/02/2026 11:21
Haha, vi ser på det
Frederik Buur

 — 27/02/2026 11:22
det tager ca 2 min at køre 4 people switch
TheLazyDuck — 27/02/2026 11:22
What??
Frederik Buur

 — 27/02/2026 11:22
haha jaer
TheLazyDuck — 27/02/2026 11:22
Er det ideelt?
Optimalt?
Frederik Buur

 — 27/02/2026 11:22
nej
4410
TheLazyDuck — 27/02/2026 11:22
Hmm. Efter en gang eller hele vejen igennem? Er vi sikre på at vi gør det ordentligt?
Frederik Buur

 — 27/02/2026 11:23
hele vejen og nej
TheLazyDuck — 27/02/2026 11:23
Shit
nicklasbns

 — 27/02/2026 15:29
Kan vi flytte tirsdag til onsdag næste uge?
nicklasbns

 — 27/02/2026 15:45
så kan jeg komme på arbejde tirsdag i stedet og komme til itu cluster intro tingen
TheLazyDuck — 27/02/2026 15:45
Yes, det lyder godt for mig😁
nicklasbns

 — 27/02/2026 15:45
super
kommer du til scroll_
og har du sendt ansøgningen_
nicklasbns

 — 01/03/2026 10:15
Jeg ved ikke hvordan jeg spiser banankage med den her app
Jeg har nu tilføjet banankagen til appen som en opskrift der består af flere madvare og nu tror den jeg har spist hele kagen igår
TheLazyDuck — 01/03/2026 10:17
Haha, du kan lave opskrifter og så sige hvor mange “servings” en opskrift er, og så hvor mange servings du har spist. Men så skal du tilføje dem under recipies eller meals, og ikke under din log.
TheLazyDuck — 04/03/2026 08:25
Oh god, jeg troede jeg var ved at komme for sent til Reflections, jeg skynder mig😂
Frederik Buur

 — 04/03/2026 08:30
2 kager er også bedre end en kage
nicklasbns

 — 04/03/2026 09:24
PS C:\Users\noah\Documents\bachelorProject\gurobi> python calc_v2.py --time-limit=100000000000
Set parameter Username
Set parameter LicenseID to value 2785320
Academic license - for non-commercial use only - expires 2027-02-27
Set parameter TimeLimit to value 100000000000
Set parameter MIPGap to value 0.01

all.txt
27 KB
 20417 17287 116059.395  204 1326 4399.15075 202150.032  4495%  48.3 90439s
 21179 17757 95709.6988  257  900 4399.15075 202150.032  4495%  48.4 93632s
 21738 18488 80561.5634  307  579 4399.15075 202150.032  4495%  48.7 97328s
 22538 19163 64000.4677  344  354 4399.15075 202150.032  4495%  48.6 100596s
 23245 20686 51282.0280  373  207 4399.15075 201563.445  4482%  48.7 104208s
 25013 21133 195067.945   21 8661 4399.15075 201563.445  4482%  46.7 107071s

result.txt
7 KB
nicklasbns
 pinned a message to this channel. See all pinned messages. — 04/03/2026 09:27
nicklasbns
 pinned a message to this channel. See all pinned messages. — 04/03/2026 09:28
nicklasbns
 pinned a message to this channel. See all pinned messages. — 04/03/2026 09:28
Frederik Buur

 — 05/03/2026 09:12
4a07
TheLazyDuck — 06/03/2026 13:42
Bare tag helt ned
math.sqrt(pa+(sa*104)) + math.sqrt(pb+(sb*104))
PS C:\Users\noah\Documents\bachelorProject\gurobi> python calc_v2.py --time-limit=100000000000
Set parameter Username
Set parameter LicenseID to value 2785320
Academic license - for non-commercial use only - expires 2027-02-27
Set parameter TimeLimit to value 100000000000
Set parameter MIPGap to value 0.01
Gurobi Optimizer version 13.0.1 build v13.0.1rc0 (win64 - Windows 11+.0 (26200.2))

CPU model: AMD Ryzen 7 9700X 8-Core Processor, instruction set [SSE2|AVX|AVX2|AVX512]
Thread count: 8 physical cores, 16 logical processors, using up to 16 threads

Non-default parameters:
TimeLimit  100000000000
MIPGap  0.01

Optimize a model with 208 rows, 10816 columns and 21632 nonzeros (Max)
Model fingerprint: 0x1727e542
Model has 0 linear objective coefficients
Model has 3602144 quadratic objective terms
Variable types: 0 continuous, 10816 integer (10816 binary)
Coefficient statistics:
  Matrix range     [1e+00, 1e+00]
  Objective range  [0e+00, 0e+00]
  QObjective range [1e+00, 6e+01]
  Bounds range     [1e+00, 1e+00]
  RHS range        [1e+00, 1e+00]

Found heuristic solution: objective 2059.9399270
Presolve removed 0 rows and 0 columns (presolve time = 16s)...
Presolve time: 16.05s
Presolved: 208 rows, 10816 columns, 21632 nonzeros
Presolved model has 3612544 quadratic objective terms
Variable types: 0 continuous, 10816 integer (10816 binary)

Root simplex log...

Iteration    Objective       Primal Inf.    Dual Inf.      Time
       0   -0.0000000e+00   0.000000e+00   2.332051e+05     16s
    3532    2.0123025e+05   0.000000e+00   1.149839e+04     20s
    4633    2.0397700e+05   0.000000e+00   6.035456e+03     26s
    5413    2.0504780e+05   0.000000e+00   3.920610e+03     30s
    6021    2.0574003e+05   0.000000e+00   2.813195e+03     35s
    6454    2.0607853e+05   0.000000e+00   2.170829e+03     41s
    6755    2.0633627e+05   0.000000e+00   1.740477e+03     46s
    7027    2.0645474e+05   0.000000e+00   1.638072e+03     53s
    7167    2.0648965e+05   0.000000e+00   1.549146e+03     56s
    7448    2.0654882e+05   0.000000e+00   1.387456e+03     61s
    7725    2.0659919e+05   0.000000e+00   1.210507e+03     67s
    8008    2.0664547e+05   0.000000e+00   1.060747e+03     73s
    8145    2.0666611e+05   0.000000e+00   9.925672e+02     77s
    8279    2.0668572e+05   0.000000e+00   9.204159e+02     80s
    8544    2.0672190e+05   0.000000e+00   7.949285e+02     88s
    8677    2.0674060e+05   0.000000e+00   7.397213e+02     92s
    8809    2.0675773e+05   0.000000e+00   6.822893e+02     95s
    9074    2.0678591e+05   0.000000e+00   5.996637e+02    105s
    9198    2.0679799e+05   0.000000e+00   5.511708e+02    109s
    9346    2.0681382e+05   0.000000e+00   4.994049e+02    115s
    9492    2.0682648e+05   0.000000e+00   4.575731e+02    121s
    9637    2.0684133e+05   0.000000e+00   4.046212e+02    128s
    9766    2.0685342e+05   0.000000e+00   3.710191e+02    136s
    9884    2.0686394e+05   0.000000e+00   3.351556e+02    141s
   10007    2.0687489e+05   0.000000e+00   3.016000e+02    147s
   10143    2.0688590e+05   0.000000e+00   2.620730e+02    154s
   10277    2.0689829e+05   0.000000e+00   2.290420e+02    160s
   10414    2.0690856e+05   0.000000e+00   1.857357e+02    167s
   10538    2.0691910e+05   0.000000e+00   1.586062e+02    173s
   10670    2.0692896e+05   0.000000e+00   1.334470e+02    181s
   10790    2.0693625e+05   0.000000e+00   1.115797e+02    192s
   10911    2.0694168e+05   0.000000e+00   8.229110e+01    199s
   11032    2.0694575e+05   0.000000e+00   5.758966e+01    208s
   11178    2.0694869e+05   0.000000e+00   3.231642e+01    214s
   11293    2.0695012e+05   0.000000e+00   1.892276e+01    224s
   11428    2.0695135e+05   0.000000e+00   9.055338e+00    231s
   11556    2.0695220e+05   0.000000e+00   1.408916e+00    237s
   11567    2.0695227e+05   0.000000e+00   0.000000e+00    242s

Root relaxation: objective 2.069523e+05, 11567 iterations, 225.49 seconds (1095.65 work units)

    Nodes    |    Current Node    |     Objective Bounds      |     Work
 Expl Unexpl |  Obj  Depth IntInf | Incumbent    BestBd   Gap | It/Node Time

H    0     0                    2105.8800594 206952.266  9727%     -  446s
H    0     0                    2602.4071844 206952.266  7852%     -  446s
H    0     0                    2605.1082901 206952.266  7844%     -  446s
H    0     0                    2624.4205001 206952.266  7786%     -  446s
H    0     0                    2626.5355915 206952.266  7779%     -  446s
H    0     0                    2627.2022581 206952.266  7777%     -  446s
H    0     0                    2643.0601225 206952.266  7730%     -  446s
H    0     0                    2648.7180112 206952.266  7713%     -  446s
H    0     0                    2658.7180112 206952.266  7684%     -  446s
H    0     0                    2660.7180112 206952.266  7678%     -  446s
H    0     0                    2704.8601468 206952.266  7551%     -  446s
H    0     0                    2708.5355915 206952.266  7541%     -  446s
     0     0 206691.431    0 10296 2708.53559 206691.431  7531%     -  446s
H    0     0                    2723.7102888 206691.431  7489%     -  447s
H    0     0                    2767.3343508 206691.431  7369%     -  447s
H    0     0                    2773.1922152 206691.431  7353%     -  447s
     0     0 206691.431    0 10296 2773.19222 206691.431  7353%     -  506s
H    0     0                    2810.0895818 206691.431  7255%     -  516s
H    0     0                    2854.0895818 206691.431  7142%     -  518s
H    0     0                    2963.9445075 206691.431  6874%     -  518s
H    0     0                    2994.1914333 206691.431  6803%     -  519s
H    0     0                    3056.4354205 206691.431  6662%     -  519s
H    0     0                    3076.4354205 206691.431  6619%     -  519s
H    0     0                    3120.5775561 206691.431  6523%     -  520s
H    0     0                    3134.4354205 206691.431  6494%     -  521s
H    0     0                    3164.4354205 206691.431  6432%     -  522s
H    0     0                    3182.5380539 206691.431  6395%     -  522s
H    0     0                    3188.3959183 206691.431  6383%     -  523s
H    0     0                    3218.3959183 206691.431  6322%     -  526s
H    0     0                    3220.0135228 206691.431  6319%     -  526s
H    0     0                    3222.3023795 206691.431  6314%     -  528s
H    0     0                    3299.3353795 206691.431  6165%     -  528s
H    0     0                    3341.3420455 206691.431  6086%     -  528s
H    0     0                    3387.6196508 206691.431  6001%     -  529s
H    0     2                    3555.0188970 206691.431  5714%     -  543s
     0     2 206691.431    0 10296 3555.01890 206691.431  5714%     -  543s
     1     3 205257.922    1 10095 3555.01890 206691.431  5714%  17.0  605s
H    2     6                    3557.6855637 206691.431  5710%   8.5  654s
H    4     6                    3572.7453205 206691.431  5685%  51.8  654s
H    5    12                    3667.5823554 206029.381  5518%   111  722s
H    6    12                    3669.9056897 206029.381  5514%  93.5  722s
H   10    12                    3697.5403843 205991.558  5471%  83.3  722s
    11    18 202550.082    4 9660 3697.54038 205991.558  5471%   110  839s
H   19    32                    3700.2070510 204807.024  5435%   116  968s
H   24    32                    3720.3182408 204679.754  5402%   101  968s
H   33    39                    3927.6713975 204679.754  5111%   108 1097s
H   37    39                    3934.8311066 204679.754  5102%   114 1097s
H   40    61                    3939.3032425 204679.754  5096%   115 1186s
H   50    61                    3973.3808721 204441.811  5045%  99.1 1186s
H   56    61                    3997.7142054 204441.811  5014%   104 1186s
H   62    79                    4027.0911558 204441.811  4977%   100 1239s
H   63    79                    4163.6323135 204441.811  4810%  98.3 1239s
H   80    99                    4166.2989802 204441.811  4807%  82.8 1273s
H   98    99                    4169.8526838 204441.811  4803%  74.1 1273s
   100   119 198473.142   12 9294 4169.85268 204441.811  4803%  73.6 1299s
H  120   139                    4169.9895284 204441.811  4803%  68.5 1321s
H  128   139                    4173.8868950 204441.811  4798%  65.3 1321s
   142   149 198456.599   16 9281 4173.88689 204441.811  4798%  63.5 1346s
   154   158 198446.401   19 9273 4173.88689 204441.811  4798%  61.3 1370s
H  163   164                    4180.6779482 204441.811  4790%  61.3 1413s
H  165   164                    4184.6584599 204441.811  4786%  61.4 1413s
   169   179 196464.588   22 9080 4184.65846 204441.811  4786%  61.9 1436s
   184   196 196463.702   24 9078 4184.65846 204441.811  4786%  60.1 1455s
   201   214 196462.779   26 9076 4184.65846 204441.811  4786%  56.8 1480s
H  219   224                    4212.0941198 204441.811  4754%  53.3 1520s
   229   244 196460.945   30 9072 4212.09412 204441.811  4754%  51.8 1540s
   249   267 196459.572   33 9069 4212.09412 204441.811  4754%  48.1 1559s
   272   286 196457.000   35 9065 4212.09412 204441.811  4754%  44.9 1582s
   291   305 196451.026   37 9056 4212.09412 204441.811  4754%  42.5 1605s
   310   331 196444.339   40 9047 4212.09412 204441.811  4754%  41.3 1628s
   336   362 196434.898   44 9035 4212.09412 204441.811  4754%  39.6 1652s
H  367   383                    4285.6351073 204441.811  4670%  37.7 1701s
H  369   383                    4328.3915145 204441.811  4623%  37.6 1701s
   388   415 196418.988   50 9017 4328.39151 204441.811  4623%  36.8 1723s
   420   448 196410.097   53 9008 4328.39151 204441.811  4623%  35.0 1747s
   455   477 196403.050   56 9003 4328.39151 204441.811  4623%  33.7 1771s
   484   511 196398.957   58 8997 4328.39151 204441.811  4623%  33.0 1795s
   518   544 193908.168   60 8804 4328.39151 204441.811  4623%  32.1 1819s
   551   579 193905.068   61 8797 4328.39151 204441.811  4623%  31.1 1845s
   586   617 193903.915   62 8796 4328.39151 204441.811  4623%  30.2 1876s
H  596   617                    4329.7757736 204441.811  4622%  29.8 1876s
H  620   617                    4341.2527119 204441.811  4609%  29.2 1876s
   624   664 193894.284   66 8784 4341.25271 204441.811  4609%  29.2 1906s
   671   692 193889.464   70 8776 4341.25271 204441.811  4609%  28.3 1970s
H  677   692                    4343.2527119 204441.811  4607%  28.0 1970s
H  680   692                    4352.6126959 204441.811  4597%  27.9 1970s
   699   738 193882.587   73 8767 4352.61270 204441.811  4597%  28.9 2002s
   747   773 193872.259   78 8752 4352.61270 204441.811  4597%  28.7 2109s
H  779   773                    4355.6126959 204441.811  4594%  29.3 2109s
   784   833 193860.944   82 8731 4355.61270 204441.811  4594%  29.6 2141s
   846   897 193847.399   87 8707 4355.61270 204441.811  4594%  28.7 2177s
H  903   897                    4357.1324823 204441.811  4592%  27.3 2177s
   910   963 193834.410   92 8692 4357.13248 204441.811  4592%  27.3 2207s
   976  1031 193814.234   96 8680 4357.13248 204441.811  4592%  26.3 2240s
H  979  1031                    4359.1324823 204441.811  4590%  26.3 2240s
H 1009  1031                    4361.2746179 204441.811  4588%  25.8 2240s
H 1043  1031                    4390.1237042 204441.811  4557%  25.2 2240s
  1044  1117 193798.914  100 8668 4390.12370 204441.811  4557%  25.2 2274s
H 1130  1131                    4394.2658399 204441.811  4552%  23.9 2345s
H 1135  1131                    4396.2658399 204441.811  4550%  23.8 2345s
  1144  1221 193777.805  107 8649 4396.26584 204441.811  4550%  23.6 2381s
  1234  1301 193756.129  113 8631 4396.26584 204441.811  4550%  22.9 2423s
  1316  1383 193737.139  117 8619 4396.26584 204441.811  4550%  22.2 2465s
  1398  1487 191656.773  120 8479 4396.26584 204441.811  4550%  22.8 2509s
  1505  1488 188488.301  110 10296 4396.26584 204441.811  4550%  23.1 2770s
  1507  1489 160015.775  299 10296 4396.26584 204441.811  4550%  23.1 3237s
  1509  1491 169841.635  143 10296 4396.26584 204441.811  4550%  23.1 3260s
  1510  1493 204415.995   13 10099 4396.26584 204441.811  4550%  30.8 3314s
  1511  1496 201880.555   14 9901 4396.26584 204441.811  4550%  30.9 3372s
  1514  1501 201874.804   15 9894 4396.26584 204441.811  4550%  31.0 3459s
  1520  1507 201782.108   16 9806 4396.26584 204441.811  4550%  31.2 3543s
  1528  1512 201777.310   17 9799 4396.26584 204441.811  4550%  31.3 3671s
  1536  1517 199738.747   18 9643 4396.26584 204441.811  4550%  31.6 3784s
  1543  1523 199733.232   19 9636 4396.26584 204441.811  4550%  31.8 3932s
  1552  1527 202203.243   20 9781 4396.26584 204441.811  4550%  31.9 4058s
  1559  1534 197299.869   20 9446 4396.26584 204441.811  4550%  32.2 4239s
  1568  1538 197247.201   21 9409 4396.26584 204441.811  4550%  32.6 4405s
  1575  1543 197242.447   22 9408 4396.26584 204441.811  4550%  32.7 4550s
  1582  1551 197237.645   23 9406 4396.26584 204441.811  4550%  33.0 4734s
  1593  1559 197231.617   24 9404 4396.26584 204441.811  4550%  33.5 4960s
  1604  1564 197225.501   25 9404 4396.26584 204441.811  4550%  33.6 5145s
  1613  1569 197132.815   26 9261 4396.26584 204441.811  4550%  33.7 5298s
  1621  1575 194807.470   26 9214 4396.26584 204441.811  4550%  34.1 5456s
  1630  1580 197125.870   27 9258 4396.26584 204441.811  4550%  34.5 5602s
  1638  1584 195167.298   27 9149 4396.26584 204441.811  4550%  34.7 5717s
  1644  1590 197122.799   28 9252 4396.26584 204441.811  4550%  35.0 5851s
  1652  1593 194686.900   28 9070 4396.26584 204441.811  4550%  35.3 5979s
  1658  1598 196792.838   29 8875 4396.26584 204441.811  4550%  35.9 6135s
  1665  1604 194639.860   29 9065 4396.26584 204441.811  4550%  36.3 6286s
  1673  1610 196790.462   30 8869 4396.26584 204441.811  4550%  36.9 6453s
  1682  1618 196781.019   31 8867 4396.26584 204441.811  4550%  37.3 6624s
  1693  1626 196780.106   32 8862 4396.26584 204441.811  4550%  38.0 6865s
  1705  1635 196779.849   33 8857 4396.26584 204441.811  4550%  38.3 7119s
  1718  1644 196770.513   34 8857 4396.26584 204441.811  4550%  38.6 7330s
  1731  1652 196759.541   35 8857 4396.26584 204441.811  4550%  38.7 7541s
  1743  1659 196746.678   36 8856 4396.26584 204441.811  4550%  39.1 7757s
  1756  1667 196728.888   37 8843 4396.26584 204441.811  4550%  39.3 8007s
  1771  1672 194727.631   38 8643 4396.26584 204441.811  4550%  39.5 8257s
  1785  1684 192249.666   39 8506 4396.26584 204441.811  4550%  40.0 8549s
  1803  1693 192831.369   40 8550 4396.26584 204441.811  4550%  40.4 8793s
  1820  1705 194672.972   42 8469 4396.26584 204441.811  4550%  41.0 9048s
  1838  1713 194672.290   43 8464 4396.26584 204441.811  4550%  41.5 9329s
  1852  1723 192643.887   44 8307 4396.26584 204441.811  4550%  42.0 9585s
  1869  1735 192603.338   45 8306 4396.26584 204441.811  4550%  43.8 9877s
  1888  1746 188362.859   46 8091 4396.26584 204441.811  4550%  44.6 10174s
  1908  1758 188117.631   47 7696 4396.26584 204441.811  4550%  45.8 10513s
  1934  1772 188094.505   48 7704 4396.26584 204441.811  4550%  46.2 10897s
  1965  1797 184144.183   50 7512 4396.26584 204441.811  4550%  47.4 11336s
  2002  1806 183633.342   52 7496 4396.26584 204441.811  4550%  47.7 11671s
  2026  1832 184011.645   54 7477 4396.26584 204441.811  4550%  48.5 12134s
  2064  1859 183507.599   56 7471 4396.26584 204441.811  4550%  48.6 12615s
  2103  1882 183823.520   59 7455 4396.26584 204441.811  4550%  48.6 13107s
  2141  1908 183628.851   61 7468 4396.26584 204441.811  4550%  48.9 13631s
  2184  1934 181524.854   63 7220 4396.26584 204441.811  4550%  49.3 14164s
  2228  1966 181587.321   65 7220 4396.26584 204441.811  4550%  50.2 14756s
  2277  1998 183020.400   68 6954 4396.26584 204441.811  4550%  50.8 15333s
  2325  1990 180618.991   70 6988 4396.26584 204441.811  4550%  51.1 15550s
  2333  1996 182639.744   71 6963 4396.26584 204441.811  4550%  51.2 15825s
  2342  2024 180443.753   71 6959 4396.26584 204441.811  4550%  51.4 16305s
  2379  2061 181961.541   73 6739 4396.26584 204441.811  4550%  52.3 16966s
  2438  2091 179929.589   75 6471 4396.26584 204441.811  4550%  54.5 17646s
  2504  2141 179420.110   79 6479 4396.26584 204441.811  4550%  54.7 18422s
  2578  2182 178791.126   83 6184 4396.26584 204441.811  4550%  55.4 19188s
  2654  2236 178423.279   87 5921 4396.26584 204441.811  4550%  56.5 20026s
  2735  2282 176152.634   91 5799 4396.26584 204441.811  4550%  57.5 20846s
  2818  2329 175422.388   95 5531 4396.26584 204441.811  4550%  59.0 21681s
  2913  2372 173161.525   99 5401 4396.26584 204441.811  4550%  60.8 22595s
  3005  2355 infeasible  104      4396.26584 204441.811  4550%  61.8 22896s
  3021  2435 170470.003  104 5162 4396.26584 204441.811  4550%  61.8 23844s
  3116  2504 168724.359  109 5179 4396.26584 204441.811  4550%  62.7 24861s
  3223  2590 165913.247  113 4385 4396.26584 204441.811  4550%  67.0 26018s
  3345  2667 165814.019  118 3791 4396.26584 204441.811  4550%  67.9 27220s
  3480  2745 153626.604  125 3710 4396.26584 204441.811  4550%  68.7 28396s
  3609  2841 147898.690  130 3390 4396.26584 204441.811  4550%  71.1 29692s
  3770  2945 143409.000  138 2592 4396.26584 204441.811  4550%  72.2 30978s
  3944  3053 136783.288  146 2363 4396.26584 204441.811  4550%  72.7 32423s
  4150  3182 125222.446  157 2091 4396.26584 204441.811  4550%  70.9 33902s
  4370  3292 118879.640  169 1554 4396.26584 204441.811  4550%  69.7 35381s
  4613  3451 104383.735  183 1368 4396.26584 204235.569  4546%  68.9 36860s
  4897  3527 infeasible  203      4396.26584 204235.569  4546%  68.7 38276s
  5202  3685 55657.3244  232  446 4396.26584 204235.569  4546%  68.0 39529s
  5517  3941 32166.3055  277  211 4396.26584 204235.569  4546%  67.4 40779s
  5952  4116 16099.5405  327   39 4396.26584 204235.569  4546%  67.1 41709s
  6337  4445 195214.541   30 7480 4396.26584 202222.374  4500%  66.5 42866s
  6684  4676 177349.400   42 5279 4396.26584 202222.374  4500%  65.7 44199s
  6984  4845 143941.199   63 3307 4396.26584 202222.374  4500%  65.4 45613s
  7177  5091 116678.233   92 2153 4396.26584 202222.374  4500%  65.7 47260s
  7471  5563 infeasible  142      4396.26584 202222.374  4500%  65.3 48945s
  7967  6047 24276.7435  290  203 4396.26584 202222.374  4500%  63.3 50474s
  8549  6571 181397.967   32 6182 4396.26584 202222.374  4500%  61.0 52054s
  9125  7081 168345.998   44 5208 4396.26584 202202.469  4499%  59.4 53662s
  9743  7910 159199.735   57 4675 4396.26584 202202.469  4499%  57.7 55196s
 10652  8749 139612.600   72 2929 4396.26584 202202.469  4499%  55.3 56676s
 11506  8756 127798.458   99 2157 4396.26584 202202.469  4499%  52.6 57058s
H11511  8756                    4399.1507485 202202.469  4496%  52.6 57058s
 11514  9110 127782.758  100 2147 4399.15075 202202.469  4496%  52.6 58641s
 11984  9476 125986.001  151 1650 4399.15075 202150.032  4495%  52.0 60249s
 12372  9825 119316.066  190  937 4399.15075 202150.032  4495%  52.2 62094s
 12743 10365 108859.783  219  789 4399.15075 202150.032  4495%  52.3 64091s
 13390 11259 99136.1761  249  654 4399.15075 202150.032  4495%  51.5 66121s
 14331 12325 77916.7445  280  431 4399.15075 202150.032  4495%  50.0 67931s
 15503 13004 61759.9152  349  254 4399.15075 202150.032  4495%  48.7 70128s
 16276 13405 24929.6364  443   87 4399.15075 202150.032  4495%  49.5 72272s
 16787 13878 177352.079   37 5435 4399.15075 202150.032  4495%  50.0 75058s
 17304 14766 152975.535   59 3659 4399.15075 202150.032  4495%  50.5 77935s
 18295 15206 145803.873   98 2942 4399.15075 202150.032  4495%  49.9 80883s
 18747 15910 138831.483  140 2391 4399.15075 202150.032  4495%  50.1 84094s
 19523 16655 127772.957  169 1705 4399.15075 202150.032  4495%  49.2 87359s
 20417 17287 116059.395  204 1326 4399.15075 202150.032  4495%  48.3 90439s
 21179 17757 95709.6988  257  900 4399.15075 202150.032  4495%  48.4 93632s
 21738 18488 80561.5634  307  579 4399.15075 202150.032  4495%  48.7 97328s
 22538 19163 64000.4677  344  354 4399.15075 202150.032  4495%  48.6 100596s
 23245 20686 51282.0280  373  207 4399.15075 201563.445  4482%  48.7 104208s
 25013 21133 195067.945   21 8661 4399.15075 201563.445  4482%  46.7 107071s

Interrupt request received
 25550 21326 170588.561   42 4415 4399.15075 201563.445  4482%  47.4 108376s
H25712 21326                    4405.1184955 201563.445  4476%  47.7 108376s

Explored 25763 nodes (1242381 simplex iterations) in 108377.53 seconds (109465.88 work units)
Thread count was 16 (of 16 available processors)

Solution count 10: 4405.12 4399.15 4396.27 ... 4352.61

Solve interrupted
Best objective 4.405118495454e+03, best bound 2.015634449629e+05, gap 4475.6645%
Gurobi status: 11
Gurobi objective: 4405.1185
Best bound: 201563.4450
Gap: 4475.6645%
=========================

  G2A9    G2A7    G2A4    G2A6
┌────────────────────────────────┐
│  60.3    75.1    75.1    60.3  │
│       541.5999999999999        │
│  60.3    75.1    75.1    60.3  │
└────────────────────────────────┘
  G2A3    G2A2    G2A5    G2A1

  GT51    joho    G3A2    G3A3
┌────────────────────────────────┐
│  34.3    21.4    48.5    44.3  │
│             317.0              │
│  37.2    38.5    48.5    44.3  │
└────────────────────────────────┘
  GT52    GT53    G3A1    G3A7

   S6     GT43    GT42     S7
┌────────────────────────────────┐
│  17.2    41.4    38.5    17.2  │
│             228.6              │
│  17.2    38.5    31.4    27.2  │
└────────────────────────────────┘
   S2     GT41    GP21    GP22

  G2A8    G522    G523    GP12
┌────────────────────────────────┐
│  17.2    38.5    41.4    27.2  │
│             248.6              │
│  27.2    31.4    38.5    27.2  │
└────────────────────────────────┘
 GP101   GP102    G521    GP11

  G533    G534    G511    G512
┌────────────────────────────────┐
│  57.1    70.6    68.0    50.3  │
│       455.29999999999995       │
│  56.9    70.1    65.1    17.2  │
└────────────────────────────────┘
  G513    G532    G531     S1

  fbuu    aubu    MMMM   Empty
┌────────────────────────────────┐
│  35.4    45.5    13.1    0.0   │
│             201.5              │
│  25.5    31.9    27.6    22.5  │
└────────────────────────────────┘
  Lida    nsio    GP82    GP81

  G4A2    G4A1    G4A5    G4A7
┌────────────────────────────────┐
│  60.3    75.1    70.6    57.1  │
│             525.5              │
│  60.3    75.1    70.1    56.9  │
└────────────────────────────────┘
  GBOB    G4A3    G4A4    G4A6

 Empty    GT11    GT12    D2D2
┌────────────────────────────────┐
│  0.0     24.8    29.7    16.2  │
│             112.5              │
│  0.0     0.0     25.6    16.2  │
└────────────────────────────────┘
 Empty   Empty    GT13    D1D1

   S5     GT21    GT23    GP71
┌────────────────────────────────┐
│  17.2    38.5    41.4    27.2  │
│             248.6              │
│  27.2    31.4    38.5    27.2  │
└────────────────────────────────┘
  GP92    GP91    GT22    GP72

   S9     GP61    GT33    GT31
┌────────────────────────────────┐
│  17.2    31.4    38.5    37.2  │
│             228.6              │
│  17.2    31.4    21.4    34.3  │
└────────────────────────────────┘
  G4A8    GP62     S4     GT32

   S3     GP51    GP52     S8
┌────────────────────────────────┐
│  17.2    31.4    31.4    17.2  │
│       214.39999999999998       │
│  27.2    31.4    31.4    27.2  │
└────────────────────────────────┘
  GP42    GP41    GP32    GP31

  G3A4   G3A10   G3A11   G3A12
┌────────────────────────────────┐
│  60.3    75.1    75.1    60.3  │
│       541.5999999999999        │
│  60.3    75.1    75.1    60.3  │
└────────────────────────────────┘
  G3A6    G3A5    G3A9    G3A8

  G1A2    G1A3    G1A5    G1A6
┌────────────────────────────────┐
│  60.3    75.1    75.1    60.3  │
│       541.5999999999999        │
│  60.3    75.1    75.1    60.3  │
└────────────────────────────────┘
  G1A4    G1A8    G1A1    G1A7
total value: 4405.4
PS C:\Users\noah\Documents\bachelorProject\gurobi>
