cn14.hpc.itu.dk
nsio
/home/nsio/bachelorProject/hpc-jobs
Running iterations for algorithm: influenceListGreedy
  Completed 100 iterations for size 8, cohesion 0.
  Completed 100 iterations for size 8, cohesion 10.
  Completed 100 iterations for size 8, cohesion 20.
  Completed 100 iterations for size 8, cohesion 30.
  Completed 100 iterations for size 8, cohesion 40.
  Completed 100 iterations for size 8, cohesion 50.
  Completed 100 iterations for size 8, cohesion 60.
  Completed 100 iterations for size 8, cohesion 70.
  Completed 100 iterations for size 8, cohesion 80.
  Completed 100 iterations for size 8, cohesion 90.
  Completed 100 iterations for size 8, cohesion 100.
  Completed 100 iterations for size 30, cohesion 0.
  Completed 100 iterations for size 30, cohesion 10.
  Completed 100 iterations for size 30, cohesion 20.
  Completed 100 iterations for size 30, cohesion 30.
  Completed 100 iterations for size 30, cohesion 40.
  Completed 100 iterations for size 30, cohesion 50.
  Completed 100 iterations for size 30, cohesion 60.
  Completed 100 iterations for size 30, cohesion 70.
  Completed 100 iterations for size 30, cohesion 80.
  Completed 100 iterations for size 30, cohesion 90.
  Completed 100 iterations for size 30, cohesion 100.
  Completed 100 iterations for size 100, cohesion 0.
  Completed 100 iterations for size 100, cohesion 10.
  Completed 100 iterations for size 100, cohesion 20.
  Completed 100 iterations for size 100, cohesion 30.
  Completed 100 iterations for size 100, cohesion 40.
  Completed 100 iterations for size 100, cohesion 50.
  Completed 100 iterations for size 100, cohesion 60.
  Completed 100 iterations for size 100, cohesion 70.
  Completed 100 iterations for size 100, cohesion 80.
  Completed 100 iterations for size 100, cohesion 90.
  Completed 100 iterations for size 100, cohesion 100.
  Completed 100 iterations for size 300, cohesion 0.
  Completed 100 iterations for size 300, cohesion 10.
  Completed 100 iterations for size 300, cohesion 20.
  Completed 100 iterations for size 300, cohesion 30.
  Completed 100 iterations for size 300, cohesion 40.
  Completed 100 iterations for size 300, cohesion 50.
  Completed 100 iterations for size 300, cohesion 60.
  Completed 100 iterations for size 300, cohesion 70.
  Completed 100 iterations for size 300, cohesion 80.
  Completed 100 iterations for size 300, cohesion 90.
  Completed 100 iterations for size 300, cohesion 100.

Results successfully written to comparison_results_260421_0059.json
Running iterations for algorithm: randomGreedy
  Completed 100 iterations for size 8, cohesion 0.
  Completed 100 iterations for size 8, cohesion 10.
  Completed 100 iterations for size 8, cohesion 20.
  Completed 100 iterations for size 8, cohesion 30.
  Completed 100 iterations for size 8, cohesion 40.
  Error setting up randomGreedy at cohesion 50, iter 71: [Errno 24] Too many open files
  Error setting up randomGreedy at cohesion 50, iter 72: [Errno 24] Too many open files
  Error setting up randomGreedy at cohesion 50, iter 73: [Errno 24] Too many open files
  Error setting up randomGreedy at cohesion 50, iter 74: [Errno 24] Too many open files
  Error setting up randomGreedy at cohesion 50, iter 75: [Errno 24] Too many open files
  Error setting up randomGreedy at cohesion 50, iter 76: [Errno 24] Too many open files
  Error setting up randomGreedy at cohesion 50, iter 77: [Errno 24] Too many open files
  Error setting up randomGreedy at cohesion 50, iter 78: [Errno 24] Too many open files
  Error setting up randomGreedy at cohesion 50, iter 79: [Errno 24] Too many open files
  Error setting up randomGreedy at cohesion 50, iter 80: [Errno 24] Too many open files
  Error setting up randomGreedy at cohesion 50, iter 81: [Errno 24] Too many open files
  Error setting up randomGreedy at cohesion 50, iter 82: [Errno 24] Too many open files
  Error setting up randomGreedy at cohesion 50, iter 83: [Errno 24] Too many open files
  Error setting up randomGreedy at cohesion 50, iter 84: [Errno 24] Too many open files
  Error setting up randomGreedy at cohesion 50, iter 85: [Errno 24] Too many open files
  Error setting up randomGreedy at cohesion 50, iter 86: [Errno 24] Too many open files
  Error setting up randomGreedy at cohesion 50, iter 87: [Errno 24] Too many open files
  Error setting up randomGreedy at cohesion 50, iter 88: [Errno 24] Too many open files
  Error setting up randomGreedy at cohesion 50, iter 89: [Errno 24] Too many open files
  Error setting up randomGreedy at cohesion 50, iter 90: [Errno 24] Too many open files
  Error setting up randomGreedy at cohesion 50, iter 91: [Errno 24] Too many open files
  Error setting up randomGreedy at cohesion 50, iter 92: [Errno 24] Too many open files
  Error setting up randomGreedy at cohesion 50, iter 93: [Errno 24] Too many open files
  Error setting up randomGreedy at cohesion 50, iter 94: [Errno 24] Too many open files
  Error setting up randomGreedy at cohesion 50, iter 95: [Errno 24] Too many open files
  Error setting up randomGreedy at cohesion 50, iter 96: [Errno 24] Too many open files
  Error setting up randomGreedy at cohesion 50, iter 97: [Errno 24] Too many open files
  Error setting up randomGreedy at cohesion 50, iter 98: [Errno 24] Too many open files
  Error setting up randomGreedy at cohesion 50, iter 99: [Errno 24] Too many open files
  Completed 100 iterations for size 8, cohesion 50.
  Error setting up randomGreedy at cohesion 60, iter 0: [Errno 24] Too many open files
  Error setting up randomGreedy at cohesion 60, iter 1: [Errno 24] Too many open files
  Error setting up randomGreedy at cohesion 60, iter 2: [Errno 24] Too many open files
  Error setting up randomGreedy at cohesion 60, iter 3: [Errno 24] Too many open files
  Error setting up randomGreedy at cohesion 60, iter 4: [Errno 24] Too many open files
  Error setting up randomGreedy at cohesion 60, iter 5: [Errno 24] Too many open files
  Error setting up randomGreedy at cohesion 60, iter 6: [Errno 24] Too many open files
  Error setting up randomGreedy at cohesion 60, iter 7: [Errno 24] Too many open files
  Error setting up randomGreedy at cohesion 60, iter 8: [Errno 24] Too many open files
  Error setting up randomGreedy at cohesion 60, iter 9: [Errno 24] Too many open files
  Error setting up randomGreedy at cohesion 60, iter 10: [Errno 24] Too many open files
  Error setting up randomGreedy at cohesion 60, iter 11: [Errno 24] Too many open files
  Error setting up randomGreedy at cohesion 60, iter 12: [Errno 24] Too many open files
  Error setting up randomGreedy at cohesion 60, iter 13: [Errno 24] Too many open files
  Error setting up randomGreedy at cohesion 60, iter 14: [Errno 24] Too many open files
  Error setting up randomGreedy at cohesion 60, iter 15: [Errno 24] Too many open files
  Error setting up randomGreedy at cohesion 60, iter 16: [Errno 24] Too many open files
  Error setting up randomGreedy at cohesion 60, iter 17: [Errno 24] Too many open files
  Error setting up randomGreedy at cohesion 60, iter 18: [Errno 24] Too many open files
  Error setting up randomGreedy at cohesion 60, iter 19: [Errno 24] Too many open files
  Error setting up randomGreedy at cohesion 60, iter 20: [Errno 24] Too many open files
  Error setting up randomGreedy at cohesion 60, iter 21: [Errno 24] Too many open files
  Error setting up randomGreedy at cohesion 60, iter 22: [Errno 24] Too many open files
  Error setting up randomGreedy at cohesion 60, iter 23: [Errno 24] Too many open files
  Error setting up randomGreedy at cohesion 60, iter 24: [Errno 24] Too many open files
  Error setting up randomGreedy at cohesion 60, iter 25: [Errno 24] Too many open files
  Error setting up randomGreedy at cohesion 60, iter 26: [Errno 24] Too many open files
  Error setting up randomGreedy at cohesion 60, iter 27: [Errno 24] Too many open files
  Error setting up randomGreedy at cohesion 60, iter 28: [Errno 24] Too many open files
  Error setting up randomGreedy at cohesion 60, iter 29: [Errno 24] Too many open files
  Error setting up randomGreedy at cohesion 60, iter 30: [Errno 24] Too many open files
  Error setting up randomGreedy at cohesion 60, iter 31: [Errno 24] Too many open files
  Error setting up randomGreedy at cohesion 60, iter 32: [Errno 24] Too many open files
  Error setting up randomGreedy at cohesion 60, iter 33: [Errno 24] Too many open files
  Error setting up randomGreedy at cohesion 60, iter 34: [Errno 24] Too many open files
  Error setting up randomGreedy at cohesion 60, iter 35: [Errno 24] Too many open files
  Error setting up randomGreedy at cohesion 60, iter 36: [Errno 24] Too many open files
  Error setting up randomGreedy at cohesion 60, iter 37: [Errno 24] Too many open files
  Error setting up randomGreedy at cohesion 60, iter 38: [Errno 24] Too many open files
  Error setting up randomGreedy at cohesion 60, iter 39: [Errno 24] Too many open files
  Error setting up randomGreedy at cohesion 60, iter 40: [Errno 24] Too many open files
  Error setting up randomGreedy at cohesion 60, iter 41: [Errno 24] Too many open files
  Error setting up randomGreedy at cohesion 60, iter 42: [Errno 24] Too many open files
  Error setting up randomGreedy at cohesion 60, iter 43: [Errno 24] Too many open files
  Error setting up randomGreedy at cohesion 60, iter 44: [Errno 24] Too many open files
  Error setting up randomGreedy at cohesion 60, iter 45: [Errno 24] Too many open files
  Error setting up randomGreedy at cohesion 60, iter 46: [Errno 24] Too many open files
  Error setting up randomGreedy at cohesion 60, iter 47: [Errno 24] Too many open files
  Error setting up randomGreedy at cohesion 60, iter 48: [Errno 24] Too many open files
  Error setting up randomGreedy at cohesion 60, iter 49: [Errno 24] Too many open files
  Error setting up randomGreedy at cohesion 60, iter 50: [Errno 24] Too many open files
  Error setting up randomGreedy at cohesion 60, iter 51: [Errno 24] Too many open files
  Error setting up randomGreedy at cohesion 60, iter 52: [Errno 24] Too many open files
  Error setting up randomGreedy at cohesion 60, iter 53: [Errno 24] Too many open files
  Error setting up randomGreedy at cohesion 60, iter 54: [Errno 24] Too many open files
  Error setting up randomGreedy at cohesion 60, iter 55: [Errno 24] Too many open files
  Error setting up randomGreedy at cohesion 60, iter 56: [Errno 24] Too many open files
  Error setting up randomGreedy at cohesion 60, iter 57: [Errno 24] Too many open files
  Error setting up randomGreedy at cohesion 60, iter 58: [Errno 24] Too many open files
  Error setting up randomGreedy at cohesion 60, iter 59: [Errno 24] Too many open files
  Error setting up randomGreedy at cohesion 60, iter 60: [Errno 24] Too many open files
  Error setting up randomGreedy at cohesion 60, iter 61: [Errno 24] Too many open files
  Error setting up randomGreedy at cohesion 60, iter 62: [Errno 24] Too many open files
  Error setting up randomGreedy at cohesion 60, iter 63: [Errno 24] Too many open files
  Error setting up randomGreedy at cohesion 60, iter 64: [Errno 24] Too many open files
  Error setting up randomGreedy at cohesion 60, iter 65: [Errno 24] Too many open files
  Error setting up randomGreedy at cohesion 60, iter 66: [Errno 24] Too many open files
  Error setting up randomGreedy at cohesion 60, iter 67: [Errno 24] Too many open files
  Error setting up randomGreedy at cohesion 60, iter 68: [Errno 24] Too many open files
  Error setting up randomGreedy at cohesion 60, iter 69: [Errno 24] Too many open files
  Error setting up randomGreedy at cohesion 60, iter 70: [Errno 24] Too many open files
  Error setting up randomGreedy at cohesion 60, iter 71: [Errno 24] Too many open files
  Error setting up randomGreedy at cohesion 60, iter 72: [Errno 24] Too many open files
  Error setting up randomGreedy at cohesion 60, iter 73: [Errno 24] Too many open files
  Error setting up randomGreedy at cohesion 60, iter 74: [Errno 24] Too many open files
  Error setting up randomGreedy at cohesion 60, iter 75: [Errno 24] Too many open files
  Error setting up randomGreedy at cohesion 60, iter 76: [Errno 24] Too many open files
  Error setting up randomGreedy at cohesion 60, iter 77: [Errno 24] Too many open files
  Error setting up randomGreedy at cohesion 60, iter 78: [Errno 24] Too many open files
  Error setting up randomGreedy at cohesion 60, iter 79: [Errno 24] Too many open files
  Error setting up randomGreedy at cohesion 60, iter 80: [Errno 24] Too many open files
  Error setting up randomGreedy at cohesion 60, iter 81: [Errno 24] Too many open files
  Error setting up randomGreedy at cohesion 60, iter 82: [Errno 24] Too many open files
  Error setting up randomGreedy at cohesion 60, iter 83: [Errno 24] Too many open files
  Error setting up randomGreedy at cohesion 60, iter 84: [Errno 24] Too many open files
  Error setting up randomGreedy at cohesion 60, iter 85: [Errno 24] Too many open files
  Error setting up randomGreedy at cohesion 60, iter 86: [Errno 24] Too many open files
  Error setting up randomGreedy at cohesion 60, iter 87: [Errno 24] Too many open files
  Error setting up randomGreedy at cohesion 60, iter 88: [Errno 24] Too many open files
  Error setting up randomGreedy at cohesion 60, iter 89: [Errno 24] Too many open files
  Error setting up randomGreedy at cohesion 60, iter 90: [Errno 24] Too many open files
  Error setting up randomGreedy at cohesion 60, iter 91: [Errno 24] Too many open files
  Error setting up randomGreedy at cohesion 60, iter 92: [Errno 24] Too many open files
  Error setting up randomGreedy at cohesion 60, iter 93: [Errno 24] Too many open files
  Error setting up randomGreedy at cohesion 60, iter 94: [Errno 24] Too many open files
  Error setting up randomGreedy at cohesion 60, iter 95: [Errno 24] Too many open files
  Error setting up randomGreedy at cohesion 60, iter 96: [Errno 24] Too many open files
  Error setting up randomGreedy at cohesion 60, iter 97: [Errno 24] Too many open files
  Error setting up randomGreedy at cohesion 60, iter 98: [Errno 24] Too many open files
  Error setting up randomGreedy at cohesion 60, iter 99: [Errno 24] Too many open files
  Completed 100 iterations for size 8, cohesion 60.
  Error setting up randomGreedy at cohesion 70, iter 0: [Errno 24] Too many open files
  Error setting up randomGreedy at cohesion 70, iter 1: [Errno 24] Too many open files
  Error setting up randomGreedy at cohesion 70, iter 2: [Errno 24] Too many open files
  Error setting up randomGreedy at cohesion 70, iter 3: [Errno 24] Too many open files
  Error setting up randomGreedy at cohesion 70, iter 4: [Errno 24] Too many open files
  Error setting up randomGreedy at cohesion 70, iter 5: [Errno 24] Too many open files
  Error setting up randomGreedy at cohesion 70, iter 6: [Errno 24] Too many open files
  Error setting up randomGreedy at cohesion 70, iter 7: [Errno 24] Too many open files
  Error setting up randomGreedy at cohesion 70, iter 8: [Errno 24] Too many open files
  Error setting up randomGreedy at cohesion 70, iter 9: [Errno 24] Too many open files
  Error setting up randomGreedy at cohesion 70, iter 10: [Errno 24] Too many open files
  Error setting up randomGreedy at cohesion 70, iter 11: [Errno 24] Too many open files
  Error setting up randomGreedy at cohesion 70, iter 12: [Errno 24] Too many open files
  Error setting up randomGreedy at cohesion 70, iter 13: [Errno 24] Too many open files
  Error setting up randomGreedy at cohesion 70, iter 14: [Errno 24] Too many open files
  Error setting up randomGreedy at cohesion 70, iter 15: [Errno 24] Too many open files
  Error setting up randomGreedy at cohesion 70, iter 16: [Errno 24] Too many open files
  Error setting up randomGreedy at cohesion 70, iter 17: [Errno 24] Too many open files
  Error setting up randomGreedy at cohesion 70, iter 18: [Errno 24] Too many open files
  Error setting up randomGreedy at cohesion 70, iter 19: [Errno 24] Too many open files
  Error setting up randomGreedy at cohesion 70, iter 20: [Errno 24] Too many open files
  Error setting up randomGreedy at cohesion 70, iter 21: [Errno 24] Too many open files
  Error setting up randomGreedy at cohesion 70, iter 22: [Errno 24] Too many open files
  Error setting up randomGreedy at cohesion 70, iter 23: [Errno 24] Too many open files
  Error setting up randomGreedy at cohesion 70, iter 24: [Errno 24] Too many open files
  Error setting up randomGreedy at cohesion 70, iter 25: [Errno 24] Too many open files
  Error setting up randomGreedy at cohesion 70, iter 26: [Errno 24] Too many open files
  Error setting up randomGreedy at cohesion 70, iter 27: [Errno 24] Too many open files
  Error setting up randomGreedy at cohesion 70, iter 28: [Errno 24] Too many open files
  Error setting up randomGreedy at cohesion 70, iter 29: [Errno 24] Too many open files
  Error setting up randomGreedy at cohesion 70, iter 30: [Errno 24] Too many open files
  Error setting up randomGreedy at cohesion 70, iter 31: [Errno 24] Too many open files
  Error setting up randomGreedy at cohesion 70, iter 32: [Errno 24] Too many open files
  Error setting up randomGreedy at cohesion 70, iter 33: [Errno 24] Too many open files
  Error setting up randomGreedy at cohesion 70, iter 34: [Errno 24] Too many open files
  Error setting up randomGreedy at cohesion 70, iter 35: [Errno 24] Too many open files
  Error setting up randomGreedy at cohesion 70, iter 36: [Errno 24] Too many open files
  Error setting up randomGreedy at cohesion 70, iter 37: [Errno 24] Too many open files
  Error setting up randomGreedy at cohesion 70, iter 38: [Errno 24] Too many open files
  Error setting up randomGreedy at cohesion 70, iter 39: [Errno 24] Too many open files
  Error setting up randomGreedy at cohesion 70, iter 40: [Errno 24] Too many open files
  Error setting up randomGreedy at cohesion 70, iter 41: [Errno 24] Too many open files
  Error setting up randomGreedy at cohesion 70, iter 42: [Errno 24] Too many open files
  Error setting up randomGreedy at cohesion 70, iter 43: [Errno 24] Too many open files
  Error setting up randomGreedy at cohesion 70, iter 44: [Errno 24] Too many open files
  Completed 100 iterations for size 8, cohesion 70.
  Completed 100 iterations for size 8, cohesion 80.
  Completed 100 iterations for size 8, cohesion 90.
  Completed 100 iterations for size 8, cohesion 100.
  Completed 100 iterations for size 30, cohesion 0.
  Completed 100 iterations for size 30, cohesion 10.
  Completed 100 iterations for size 30, cohesion 20.
  Completed 100 iterations for size 30, cohesion 30.
  Completed 100 iterations for size 30, cohesion 40.
  Completed 100 iterations for size 30, cohesion 50.
  Completed 100 iterations for size 30, cohesion 60.
  Completed 100 iterations for size 30, cohesion 70.
  Completed 100 iterations for size 30, cohesion 80.
  Completed 100 iterations for size 30, cohesion 90.
  Completed 100 iterations for size 30, cohesion 100.
  Completed 100 iterations for size 100, cohesion 0.
  Completed 100 iterations for size 100, cohesion 10.
  Completed 100 iterations for size 100, cohesion 20.
  Completed 100 iterations for size 100, cohesion 30.
  Completed 100 iterations for size 100, cohesion 40.
  Completed 100 iterations for size 100, cohesion 50.
  Completed 100 iterations for size 100, cohesion 60.
  Completed 100 iterations for size 100, cohesion 70.
  Completed 100 iterations for size 100, cohesion 80.
  Completed 100 iterations for size 100, cohesion 90.
  Completed 100 iterations for size 100, cohesion 100.
srun: Job step aborted: Waiting up to 32 seconds for job step to finish.
slurmstepd: error: *** JOB 71760 ON cn14 CANCELLED AT 2026-04-21T01:03:06 ***
slurmstepd: error: *** STEP 71760.0 ON cn14 CANCELLED AT 2026-04-21T01:03:06 ***
