cn14.hpc.itu.dk
nsio
/home/nsio/bachelorProject/hpc-jobs
Set parameter WLSAccessID
Set parameter WLSSecret
Set parameter LicenseID to value 2787341
Academic license 2787341 - for non-commercial use only - registered to ns___@itu.dk
Set parameter TimeLimit to value 3600
Set parameter MIPGap to value 0.01
Gurobi Optimizer version 13.0.1 build v13.0.1rc0 (linux64 - "Debian GNU/Linux 13 (trixie)")

CPU model: AMD EPYC 7402P 24-Core Processor, instruction set [SSE2|AVX|AVX2]
Thread count: 24 physical cores, 48 logical processors, using up to 24 threads

Non-default parameters:
TimeLimit  3600
MIPGap  0.01

Academic license 2787341 - for non-commercial use only - registered to ns___@itu.dk
Optimize a model with 208 rows, 10816 columns and 21632 nonzeros (Max)
Model fingerprint: 0xfe3e2a3c
Model has 0 linear objective coefficients
Model has 3602144 quadratic objective terms
Variable types: 0 continuous, 10816 integer (10816 binary)
Coefficient statistics:
  Matrix range     [1e+00, 1e+00]
  Objective range  [0e+00, 0e+00]
  QObjective range [1e+00, 6e+01]
  Bounds range     [1e+00, 1e+00]
  RHS range        [1e+00, 1e+00]

Found heuristic solution: objective 2059.9452249
Presolve removed 0 rows and 0 columns (presolve time = 26s)...
Presolve time: 26.20s
Presolved: 208 rows, 10816 columns, 21632 nonzeros
Presolved model has 3612544 quadratic objective terms
Variable types: 0 continuous, 10816 integer (10816 binary)

Root simplex log...

Iteration    Objective       Primal Inf.    Dual Inf.      Time
       0   -0.0000000e+00   0.000000e+00   2.332057e+05     26s
    2596    1.9669084e+05   0.000000e+00   2.078950e+04     30s
    3349    2.0080746e+05   0.000000e+00   1.238306e+04     35s
    3780    2.0221324e+05   0.000000e+00   9.551424e+03     40s
    4198    2.0326984e+05   0.000000e+00   7.483610e+03     48s
    4467    2.0378153e+05   0.000000e+00   6.416862e+03     53s
    4602    2.0401409e+05   0.000000e+00   5.955329e+03     56s
    4734    2.0421836e+05   0.000000e+00   5.527095e+03     60s
    4991    2.0460130e+05   0.000000e+00   4.811422e+03     68s
    5122    2.0477798e+05   0.000000e+00   4.467149e+03     72s
    5253    2.0495845e+05   0.000000e+00   4.137720e+03     78s
    5383    2.0511718e+05   0.000000e+00   3.836429e+03     83s
    5514    2.0524736e+05   0.000000e+00   3.626238e+03     89s
    5651    2.0536628e+05   0.000000e+00   3.431324e+03     94s
    5777    2.0550227e+05   0.000000e+00   3.166203e+03    100s
    5895    2.0563971e+05   0.000000e+00   2.947715e+03    105s
    6014    2.0572854e+05   0.000000e+00   2.797588e+03    111s
    6130    2.0577635e+05   0.000000e+00   2.660383e+03    121s
    6257    2.0591387e+05   0.000000e+00   2.434536e+03    127s
    6378    2.0604040e+05   0.000000e+00   2.244398e+03    135s
    6497    2.0615577e+05   0.000000e+00   2.063329e+03    143s
    6626    2.0626891e+05   0.000000e+00   1.858309e+03    151s
    6747    2.0635814e+05   0.000000e+00   1.735628e+03    160s
    6868    2.0641506e+05   0.000000e+00   1.710596e+03    174s
    7001    2.0645788e+05   0.000000e+00   1.639077e+03    181s
    7112    2.0648499e+05   0.000000e+00   1.562111e+03    192s
    7243    2.0651374e+05   0.000000e+00   1.482343e+03    205s
    7382    2.0654200e+05   0.000000e+00   1.406364e+03    216s
    7504    2.0656554e+05   0.000000e+00   1.321421e+03    228s
    7632    2.0658821e+05   0.000000e+00   1.250928e+03    242s
    7759    2.0661084e+05   0.000000e+00   1.184308e+03    253s
    7890    2.0663029e+05   0.000000e+00   1.104801e+03    264s
    8017    2.0665184e+05   0.000000e+00   1.042055e+03    276s
    8146    2.0667070e+05   0.000000e+00   9.736903e+02    292s
    8268    2.0669020e+05   0.000000e+00   9.123751e+02    319s
    8394    2.0670732e+05   0.000000e+00   8.558039e+02    332s
    8498    2.0672127e+05   0.000000e+00   8.036526e+02    350s
    8606    2.0673611e+05   0.000000e+00   7.569025e+02    381s
    8744    2.0675309e+05   0.000000e+00   6.975717e+02    403s
    8865    2.0676634e+05   0.000000e+00   6.563966e+02    418s
    8996    2.0678021e+05   0.000000e+00   6.087646e+02    432s
    9128    2.0679608e+05   0.000000e+00   5.691371e+02    446s
    9247    2.0680580e+05   0.000000e+00   5.219150e+02    462s
    9378    2.0681935e+05   0.000000e+00   4.876158e+02    481s
    9492    2.0683197e+05   0.000000e+00   4.401363e+02    503s
    9619    2.0684311e+05   0.000000e+00   3.989576e+02    526s
    9756    2.0685690e+05   0.000000e+00   3.558787e+02    561s
    9882    2.0686874e+05   0.000000e+00   3.197648e+02    609s
   10007    2.0687952e+05   0.000000e+00   2.891823e+02    642s
   10116    2.0688805e+05   0.000000e+00   2.570196e+02    663s
   10338    2.0690704e+05   0.000000e+00   1.930128e+02    735s
   10449    2.0691631e+05   0.000000e+00   1.671930e+02    760s
   10654    2.0693168e+05   0.000000e+00   1.268315e+02    822s
   10841    2.0694131e+05   0.000000e+00   9.356660e+01    887s
   11039    2.0694762e+05   0.000000e+00   4.908993e+01    980s
   11143    2.0694940e+05   0.000000e+00   3.202648e+01   1030s
   11250    2.0695074e+05   0.000000e+00   1.853001e+01   1074s
   11351    2.0695168e+05   0.000000e+00   1.003079e+01   1103s
   11484    2.0695261e+05   0.000000e+00   1.870539e+00   1142s
   11523    2.0695281e+05   0.000000e+00   0.000000e+00   1171s

Root relaxation: objective 2.069528e+05, 11523 iterations, 1144.59 seconds (3798.44 work units)

    Nodes    |    Current Node    |     Objective Bounds      |     Work
 Expl Unexpl |  Obj  Depth IntInf | Incumbent    BestBd   Gap | It/Node Time

H    0     0                    2105.8853564 206952.813  9727%     - 2373s
     0     0 206952.813    0 10299 2105.88536 206952.813  9727%     - 2373s
H    0     0                    2415.3281243 206952.813  8468%     - 2373s
H    0     0                    2424.7633203 206952.813  8435%     - 2373s
H    0     0                    2444.7633207 206952.813  8365%     - 2373s
H    0     0                    2456.8747711 206952.813  8323%     - 2373s
H    0     0                    2466.8747556 206952.813  8289%     - 2373s
H    0     0                    2466.8747715 206952.813  8289%     - 2373s
H    0     0                    2467.5347628 206952.813  8287%     - 2373s
H    0     0                    2468.4145333 206952.813  8284%     - 2373s
H    0     0                    2489.5654503 206952.813  8213%     - 2373s
H    0     0                    2515.4060052 206952.813  8127%     - 2374s
H    0     0                    2604.7633207 206952.813  7845%     - 2374s
H    0     0                    2627.7545294 206952.813  7776%     - 2374s
H    0     0                    2627.7545667 206952.813  7776%     - 2375s
H    0     0                    2627.7545671 206952.813  7776%     - 2375s
H    0     0                    2634.4212226 206952.813  7756%     - 2375s
H    0     0                    2634.4212229 206952.813  7756%     - 2375s
H    0     0                    2634.4212246 206952.813  7756%     - 2375s
H    0     0                    2644.4212395 206952.813  7726%     - 2375s
H    0     0                    2658.8103050 206952.813  7684%     - 2375s
H    0     0                    2658.8103054 206952.813  7684%     - 2375s
H    0     0                    2658.8103080 206952.813  7684%     - 2375s
H    0     0                    2658.8103095 206952.813  7684%     - 2375s
H    0     0                    2667.7545818 206952.813  7658%     - 2376s
H    0     0                    2667.7545824 206952.813  7658%     - 2376s
H    0     0                    2667.7545827 206952.813  7658%     - 2376s
H    0     0                    2715.2300457 206952.813  7522%     - 2376s
     0     0 206951.989    0 10299 2715.23005 206951.989  7522%     - 2410s
H    0     0                    2728.3516869 206951.989  7485%     - 2437s
H    0     0                    2851.2905209 206951.989  7158%     - 2437s
H    0     0                    2931.2905416 206951.989  6960%     - 2437s
H    0     0                    3077.3213473 206951.989  6625%     - 2440s
H    0     0                    3077.3213542 206951.989  6625%     - 2440s
H    0     0                    3108.9967597 206951.989  6557%     - 2442s
H    0     0                    3108.9967627 206951.989  6557%     - 2444s
H    0     0                    3114.5246400 206951.989  6545%     - 2444s
H    0     0                    3114.5246413 206951.989  6545%     - 2444s
H    0     0                    3142.8089120 206951.989  6485%     - 2444s
H    0     0                    3216.9510476 206951.989  6333%     - 2444s
H    0     0                    3216.9510562 206951.989  6333%     - 2446s
H    0     0                    3260.0374578 206951.989  6248%     - 2446s
H    0     0                    3294.0221500 206951.989  6183%     - 2446s
H    0     0                    3294.0221503 206951.989  6183%     - 2449s
H    0     0                    3294.0221518 206951.989  6183%     - 2449s
H    0     0                    3304.0221523 206951.989  6164%     - 2449s
H    0     0                    3308.9609532 206951.989  6154%     - 2449s
H    0     0                    3308.9609552 206951.989  6154%     - 2452s
H    0     0                    3312.5752350 206951.989  6147%     - 2452s
H    0     0                    3318.9609524 206951.989  6135%     - 2452s
H    0     0                    3318.9609544 206951.989  6135%     - 2452s
H    0     0                    3318.9609561 206951.989  6135%     - 2454s
H    0     0                    3330.6420893 206951.989  6114%     - 2455s
H    0     0                    3368.7896828 206951.989  6043%     - 2455s
H    0     0                    3368.7896839 206951.989  6043%     - 2455s
H    0     0                    3383.9875545 206951.989  6016%     - 2456s
H    0     0                    3383.9875549 206951.989  6016%     - 2456s
H    0     0                    3385.0432680 206951.989  6014%     - 2456s
H    0     0                    3403.9875326 206951.989  5980%     - 2456s
H    0     0                    3405.8849194 206951.989  5976%     - 2456s
H    0     0                    3410.3121020 206951.989  5968%     - 2456s
H    0     2                    3467.7533993 206951.989  5868%     - 2631s
     0     2 206951.989    0 10299 3467.75340 206951.989  5868%     - 2631s
H    1     3                    3495.4542272 206951.989  5821%   0.0 2852s
     2     6 206928.631    2 10273 3495.45423 206928.631  5820%  16.0 2963s
     5    11 206913.261    3 10260 3495.45423 206913.261  5819%  49.4 3079s
H   10    18                    3519.0289685 206911.892  5780%  62.1 3219s
    17    33 206863.999    5 10234 3519.02897 206863.999  5778%  59.4 3409s
/var/spool/slurmd/job55494/slurm_script: line 15: 2553272 Killed                  apptainer run container2.sif
slurmstepd: error: Detected 1 oom_kill event in StepId=55494.batch. Some of the step tasks have been OOM Killed.
