cn9.hpc.itu.dk
nsio
/home/nsio/bachelorProject/hpc-jobs
Set parameter WLSAccessID
Set parameter WLSSecret
Set parameter LicenseID to value 2787341
Academic license 2787341 - for non-commercial use only - registered to ns___@itu.dk
Set parameter TimeLimit to value 3600
Set parameter MIPGap to value 0.01
Gurobi Optimizer version 13.0.1 build v13.0.1rc0 (linux64 - "Debian GNU/Linux 13 (trixie)")

CPU model: AMD EPYC 7643 48-Core Processor, instruction set [SSE2|AVX|AVX2]
Thread count: 96 physical cores, 192 logical processors, using up to 32 threads

Non-default parameters:
TimeLimit  3600
MIPGap  0.01

Academic license 2787341 - for non-commercial use only - registered to ns___@itu.dk
Optimize a model with 208 rows, 10816 columns and 21632 nonzeros (Max)
Model fingerprint: 0xfe3e2a3c
Model has 0 linear objective coefficients
Model has 3602144 quadratic objective terms
Variable types: 0 continuous, 10816 integer (10816 binary)
Coefficient statistics:
  Matrix range     [1e+00, 1e+00]
  Objective range  [0e+00, 0e+00]
  QObjective range [1e+00, 6e+01]
  Bounds range     [1e+00, 1e+00]
  RHS range        [1e+00, 1e+00]

Found heuristic solution: objective 2059.9452249
Presolve removed 0 rows and 0 columns (presolve time = 24s)...
Presolve time: 24.36s
Presolved: 208 rows, 10816 columns, 21632 nonzeros
Presolved model has 3612544 quadratic objective terms
Variable types: 0 continuous, 10816 integer (10816 binary)

Root simplex log...

Iteration    Objective       Primal Inf.    Dual Inf.      Time
       0   -0.0000000e+00   0.000000e+00   2.332057e+05     25s
    1303    1.7433499e+05   0.000000e+00   6.484482e+04     25s
    3208    2.0022342e+05   0.000000e+00   1.360015e+04     30s
    3783    2.0223308e+05   0.000000e+00   9.517177e+03     36s
    4204    2.0327433e+05   0.000000e+00   7.426467e+03     41s
    4476    2.0380938e+05   0.000000e+00   6.390313e+03     46s
    4738    2.0425604e+05   0.000000e+00   5.528715e+03     52s
    4873    2.0445527e+05   0.000000e+00   5.141549e+03     55s
    5148    2.0480615e+05   0.000000e+00   4.412037e+03     62s
    5280    2.0497164e+05   0.000000e+00   4.079745e+03     67s
    5415    2.0513949e+05   0.000000e+00   3.795966e+03     70s
    5687    2.0542802e+05   0.000000e+00   3.316477e+03     78s
    5817    2.0558397e+05   0.000000e+00   3.065453e+03     82s
    5940    2.0570183e+05   0.000000e+00   2.845212e+03     88s
    6057    2.0575467e+05   0.000000e+00   2.725306e+03     93s
    6172    2.0584420e+05   0.000000e+00   2.557238e+03    100s
    6290    2.0596854e+05   0.000000e+00   2.332771e+03    106s
    6412    2.0606545e+05   0.000000e+00   2.186458e+03    113s
    6527    2.0617195e+05   0.000000e+00   2.012695e+03    119s
    6639    2.0626957e+05   0.000000e+00   1.845947e+03    128s
    6766    2.0636020e+05   0.000000e+00   1.735808e+03    134s
    6879    2.0641257e+05   0.000000e+00   1.728926e+03    143s
    7006    2.0645358e+05   0.000000e+00   1.666342e+03    150s
    7135    2.0648485e+05   0.000000e+00   1.581180e+03    158s
    7263    2.0651281e+05   0.000000e+00   1.496216e+03    168s
    7384    2.0653596e+05   0.000000e+00   1.425117e+03    179s
    7509    2.0656043e+05   0.000000e+00   1.341874e+03    187s
    7637    2.0658336e+05   0.000000e+00   1.260804e+03    197s
    7778    2.0660801e+05   0.000000e+00   1.186332e+03    205s
    7918    2.0663053e+05   0.000000e+00   1.106117e+03    212s
    8050    2.0665260e+05   0.000000e+00   1.040961e+03    229s
    8175    2.0667048e+05   0.000000e+00   9.805361e+02    245s
    8306    2.0669088e+05   0.000000e+00   9.095784e+02    257s
    8437    2.0670865e+05   0.000000e+00   8.511972e+02    267s
    8568    2.0672580e+05   0.000000e+00   7.860642e+02    277s
    8693    2.0674197e+05   0.000000e+00   7.295410e+02    288s
    8820    2.0676049e+05   0.000000e+00   6.772594e+02    300s
    8946    2.0677369e+05   0.000000e+00   6.315789e+02    311s
    9076    2.0678706e+05   0.000000e+00   5.899472e+02    328s
    9209    2.0680017e+05   0.000000e+00   5.476840e+02    337s
    9322    2.0681223e+05   0.000000e+00   5.037305e+02    349s
    9442    2.0682342e+05   0.000000e+00   4.643778e+02    358s
    9578    2.0683751e+05   0.000000e+00   4.278134e+02    378s
    9702    2.0684743e+05   0.000000e+00   3.883223e+02    395s
    9819    2.0685880e+05   0.000000e+00   3.507617e+02    412s
    9936    2.0687079e+05   0.000000e+00   3.119882e+02    431s
   10050    2.0688047e+05   0.000000e+00   2.810177e+02    444s
   10171    2.0688985e+05   0.000000e+00   2.518488e+02    463s
   10289    2.0690022e+05   0.000000e+00   2.133710e+02    492s
   10496    2.0691722e+05   0.000000e+00   1.650499e+02    556s
   10603    2.0692555e+05   0.000000e+00   1.434553e+02    574s
   10784    2.0693711e+05   0.000000e+00   1.106975e+02    630s
   10969    2.0694477e+05   0.000000e+00   7.505151e+01    684s
   11070    2.0694751e+05   0.000000e+00   5.062685e+01    705s
   11248    2.0695034e+05   0.000000e+00   2.186156e+01    760s
   11431    2.0695200e+05   0.000000e+00   1.046855e+01    814s
   11561    2.0695281e+05   0.000000e+00   0.000000e+00    871s

Root relaxation: objective 2.069528e+05, 11561 iterations, 846.79 seconds (3519.32 work units)

    Nodes    |    Current Node    |     Objective Bounds      |     Work
 Expl Unexpl |  Obj  Depth IntInf | Incumbent    BestBd   Gap | It/Node Time

H    0     0                    2105.8853564 206952.813  9727%     - 1706s
     0     0 206952.813    0 10299 2105.88536 206952.813  9727%     - 1706s
H    0     0                    2384.4887428 206952.813  8579%     - 1706s
H    0     0                    2465.7642255 206952.813  8293%     - 1706s
H    0     0                    2482.2840422 206952.813  8237%     - 1706s
H    0     0                    2487.0861850 206952.813  8221%     - 1707s
H    0     0                    2498.2993839 206952.813  8184%     - 1707s
H    0     0                    2601.3857866 206952.813  7855%     - 1707s
H    0     0                    2607.1677959 206952.813  7838%     - 1708s
H    0     0                    2607.1677964 206952.813  7838%     - 1708s
H    0     0                    2621.3099369 206952.813  7795%     - 1708s
H    0     0                    2639.3502204 206952.813  7741%     - 1708s
H    0     0                    2653.4923416 206952.813  7699%     - 1708s
H    0     0                    2657.1677899 206952.813  7688%     - 1709s
H    0     0                    2660.2541967 206952.813  7679%     - 1709s
H    0     0                    2667.1677895 206952.813  7659%     - 1709s
H    0     0                    2667.1677897 206952.813  7659%     - 1709s
H    0     0                    2669.2388641 206952.813  7653%     - 1709s
H    0     0                    2669.2388662 206952.813  7653%     - 1709s
H    0     0                    2669.2388747 206952.813  7653%     - 1709s
H    0     0                    2680.2542215 206952.813  7621%     - 1709s
H    0     0                    2681.5164720 206952.813  7618%     - 1709s
H    0     0                    2685.2542131 206952.813  7607%     - 1709s
H    0     0                    2690.2896875 206952.813  7593%     - 1709s
     0     0 206951.989    0 10299 2690.28969 206951.989  7593%     - 1736s
H    0     0                    2798.9512237 206951.989  7294%     - 1763s
H    0     0                    2842.2845816 206951.989  7181%     - 1763s
H    0     0                    2962.6091315 206951.989  6885%     - 1765s
H    0     0                    3010.4267151 206951.989  6775%     - 1766s
H    0     0                    3068.7512879 206951.989  6644%     - 1767s
H    0     0                    3078.7512939 206951.989  6622%     - 1770s
H    0     0                    3179.8772396 206951.989  6408%     - 1770s
H    0     0                    3180.9329596 206951.989  6406%     - 1770s
H    0     0                    3195.0750876 206951.989  6377%     - 1771s
H    0     0                    3199.8772311 206951.989  6367%     - 1771s
H    0     0                    3224.0193750 206951.989  6319%     - 1771s
H    0     0                    3228.4915026 206951.989  6310%     - 1773s
H    0     0                    3234.0193746 206951.989  6299%     - 1773s
H    0     0                    3238.4915020 206951.989  6290%     - 1773s
H    0     0                    3238.4915065 206951.989  6290%     - 1773s
H    0     0                    3238.4915071 206951.989  6290%     - 1774s
H    0     0                    3240.4915187 206951.989  6286%     - 1774s
H    0     0                    3252.6336313 206951.989  6263%     - 1774s
H    0     0                    3252.6336329 206951.989  6263%     - 1776s
H    0     0                    3252.6336344 206951.989  6263%     - 1777s
H    0     0                    3255.2325788 206951.989  6258%     - 1777s
H    0     0                    3282.3036358 206951.989  6205%     - 1777s
H    0     0                    3294.3747053 206951.989  6182%     - 1777s
H    0     0                    3368.1048543 206951.989  6044%     - 1779s
H    0     0                    3373.1048601 206951.989  6035%     - 1779s
H    0     0                    3388.9627071 206951.989  6007%     - 1779s
H    0     0                    3404.1605703 206951.989  5979%     - 1779s
H    0     0                    3454.3803617 206951.989  5891%     - 1780s
H    0     0                    3454.3803621 206951.989  5891%     - 1780s
H    0     0                    3460.2382295 206951.989  5881%     - 1780s
H    0     0                    3476.2939490 206951.989  5853%     - 1780s
H    0     0                    3476.2939496 206951.989  5853%     - 1780s
H    0     0                    3476.2939503 206951.989  5853%     - 1780s
H    0     2                    3571.0444734 206951.989  5695%     - 1934s
     0     2 206951.989    0 10299 3571.04447 206951.989  5695%     - 1934s
H    1     3                    3596.7013146 206951.989  5654%   0.0 2122s
     2     6 206928.631    2 10273 3596.70131 206928.631  5653%  15.0 2218s
     5     9 204289.038    3 10075 3596.70131 206927.586  5653%  52.0 2314s
     8    16 201674.588    3 9901 3596.70131 206927.586  5653%  79.4 2431s
H   12    16                    3596.7013278 206927.586  5653%  55.2 2431s
    15    31 201673.395    4 9900 3596.70133 206911.892  5653%  55.9 2567s
    30    60 201672.180    5 9899 3596.70133 206890.871  5652%  62.4 3044s
H   59    92                    3600.8040149 206862.930  5645%  68.4 3236s
H   59    92                    3816.1344566 206862.930  5321%  68.4 3236s
H   88    92                    3912.3542068 206846.886  5187%  53.8 3236s
    91   241 201651.678    7 9877 3912.35421 206846.886  5187%  54.0 3532s
H  240   269                    3912.3542072 206784.618  5185%  28.3 3636s
H  244   269                    3915.5164882 206784.618  5181%  28.1 3636s
H  256   269                    3916.5722076 206784.618  5180%  27.3 3636s

Explored 268 nodes (18671 simplex iterations) in 3649.13 seconds (12153.37 work units)
Thread count was 32 (of 192 available processors)

Solution count 10: 3916.57 3915.52 3912.35 ... 3476.29

Time limit reached
Best objective 3.916572207644e+03, best bound 2.067846182170e+05, gap 5179.7346%
Gurobi status: 9
Gurobi objective: 3916.5722
Best bound: 206784.6182
Gap: 5179.7346%
=========================

  aubu    Lida    G3A2    nsio  
┌────────────────────────────────┐
│  40.1    28.1    37.8    21.4  │
│       252.70000000000002       │
│  34.0    38.0    40.4    12.9  │
└────────────────────────────────┘
  fbuu    G3A5    G3A1    MMMM  

  GP21    G1A4    G1A6     S6   
┌────────────────────────────────┐
│  27.2    48.5    48.5    17.2  │
│             282.8              │
│  27.2    48.5    48.5    17.2  │
└────────────────────────────────┘
  GP22    G1A5    G1A2    GP41  

  GT42    G4A8    G4A4    G4A1  
┌────────────────────────────────┐
│  17.2    65.1    70.1    46.9  │
│       436.29999999999995       │
│  50.3    68.0    70.6    48.1  │
└────────────────────────────────┘
  G4A5    G4A6    G4A7    G4A3  

  GT11    GT12     S5    Empty  
┌────────────────────────────────┐
│  32.8    31.9    10.6    0.0   │
│       118.69999999999999       │
│  29.7    13.7    0.0     0.0   │
└────────────────────────────────┘
  GT13     S2    Empty   Empty  

  GP82    GP81    G2A4    GT21  
┌────────────────────────────────┐
│  27.2    31.4    31.4    27.2  │
│             214.4              │
│  17.2    21.4    31.4    27.2  │
└────────────────────────────────┘
   S9      S1     G2A6    GT23  

  GP12    G522    G511    G513  
┌────────────────────────────────┐
│  27.2    58.0    65.6    53.8  │
│             409.2              │
│  27.2    58.0    65.6    53.8  │
└────────────────────────────────┘
  GP11    G512    G523    G521  

  G533    G531    GP71    GP72  
┌────────────────────────────────┐
│  44.3    48.5    31.4    27.2  │
│       302.79999999999995       │
│  44.3    48.5    31.4    27.2  │
└────────────────────────────────┘
  G532    G534    GP92    GP91  

  D2D2    GT52    joho    GT51  
┌────────────────────────────────┐
│  17.3    31.3    18.6    24.7  │
│             193.9              │
│  17.3    30.8    28.6    25.3  │
└────────────────────────────────┘
  D1D1    GT53    G4A2    GBOB  

  GP52    GP51   GP102   GP101  
┌────────────────────────────────┐
│  27.2    31.4    31.4    27.2  │
│             194.4              │
│  17.2    21.4    21.4    17.2  │
└────────────────────────────────┘
  GP42   G3A12     S7      S8   

  G2A8    G2A5    G2A1    G2A2  
┌────────────────────────────────┐
│  50.3    68.0    70.6    57.1  │
│       455.29999999999995       │
│  17.2    65.1    70.1    56.9  │
└────────────────────────────────┘
  GT22    G2A3    G2A7    G2A9  

  GT32    GT31    GT43    GP62  
┌────────────────────────────────┐
│  30.3    38.6    29.7    26.0  │
│       214.40000000000003       │
│  0.0     34.5    29.4    25.9  │
└────────────────────────────────┘
 Empty    GT33    GT41    GP61  

  GP31    G1A3    G1A1     S3   
┌────────────────────────────────┐
│  27.2    48.5    48.5    27.2  │
│       299.90000000000003       │
│  27.2    48.5    48.5    24.3  │
└────────────────────────────────┘
  GP32    G1A7    G1A8     S4   

  G3A6    G3A8    G3A4    G3A3  
┌────────────────────────────────┐
│  60.3    75.1    75.1    60.3  │
│       541.5999999999999        │
│  60.3    75.1    75.1    60.3  │
└────────────────────────────────┘
 G3A10    G3A7    G3A9   G3A11  
total value: 3916.4
