cn9.hpc.itu.dk
nsio
/home/nsio/bachelorProject/hpc-jobs
Set parameter WLSAccessID
Set parameter WLSSecret
Set parameter LicenseID to value 2787341
Academic license 2787341 - for non-commercial use only - registered to ns___@itu.dk
Set parameter TimeLimit to value 82800
Set parameter MIPGap to value 0.01
Set parameter Threads to value 96
Gurobi Optimizer version 13.0.1 build v13.0.1rc0 (linux64 - "Debian GNU/Linux 13 (trixie)")

CPU model: AMD EPYC 7643 48-Core Processor, instruction set [SSE2|AVX|AVX2]
Thread count: 96 physical cores, 192 logical processors, using up to 96 threads

Non-default parameters:
TimeLimit  82800
MIPGap  0.01
Threads  96

Academic license 2787341 - for non-commercial use only - registered to ns___@itu.dk
Optimize a model with 208 rows, 10816 columns and 21632 nonzeros (Max)
Model fingerprint: 0xfe3e2a3c
Model has 0 linear objective coefficients
Model has 3602144 quadratic objective terms
Variable types: 0 continuous, 10816 integer (10816 binary)
Coefficient statistics:
  Matrix range     [1e+00, 1e+00]
  Objective range  [0e+00, 0e+00]
  QObjective range [1e+00, 6e+01]
  Bounds range     [1e+00, 1e+00]
  RHS range        [1e+00, 1e+00]

Found heuristic solution: objective 2059.9452249
Presolve removed 0 rows and 0 columns (presolve time = 30s)...
Presolve time: 29.99s
Presolved: 208 rows, 10816 columns, 21632 nonzeros
Presolved model has 3612544 quadratic objective terms
Variable types: 0 continuous, 10816 integer (10816 binary)

Root simplex log...

Iteration    Objective       Primal Inf.    Dual Inf.      Time
       0   -0.0000000e+00   0.000000e+00   2.332057e+05     31s
    2899    1.9871494e+05   0.000000e+00   1.671184e+04     35s
    3641    2.0180507e+05   0.000000e+00   1.036593e+04     41s
    4074    2.0297898e+05   0.000000e+00   8.016958e+03     45s
    4488    2.0383236e+05   0.000000e+00   6.351358e+03     51s
    4757    2.0427623e+05   0.000000e+00   5.468579e+03     57s
    5020    2.0465694e+05   0.000000e+00   4.716494e+03     63s
    5149    2.0483148e+05   0.000000e+00   4.376478e+03     66s
    5417    2.0514762e+05   0.000000e+00   3.771421e+03     72s
    5546    2.0528804e+05   0.000000e+00   3.538624e+03     76s
    5670    2.0539794e+05   0.000000e+00   3.345735e+03     82s
    5794    2.0554509e+05   0.000000e+00   3.086899e+03     86s
    5914    2.0568474e+05   0.000000e+00   2.871247e+03     91s
    6195    2.0586486e+05   0.000000e+00   2.516740e+03    100s
    6311    2.0598962e+05   0.000000e+00   2.316681e+03    106s
    6432    2.0611050e+05   0.000000e+00   2.130554e+03    112s
    6550    2.0621892e+05   0.000000e+00   1.944832e+03    117s
    6660    2.0630909e+05   0.000000e+00   1.783941e+03    123s
    6778    2.0638117e+05   0.000000e+00   1.718925e+03    130s
    6908    2.0643566e+05   0.000000e+00   1.671071e+03    136s
    7044    2.0647538e+05   0.000000e+00   1.601026e+03    142s
    7167    2.0650246e+05   0.000000e+00   1.510886e+03    149s
    7289    2.0652885e+05   0.000000e+00   1.437208e+03    157s
    7416    2.0655298e+05   0.000000e+00   1.358310e+03    164s
    7545    2.0657750e+05   0.000000e+00   1.294050e+03    171s
    7682    2.0660119e+05   0.000000e+00   1.207163e+03    178s
    7808    2.0662167e+05   0.000000e+00   1.136494e+03    185s
    7934    2.0664309e+05   0.000000e+00   1.071785e+03    194s
    8069    2.0666435e+05   0.000000e+00   1.009809e+03    204s
    8190    2.0668065e+05   0.000000e+00   9.402950e+02    217s
    8305    2.0669797e+05   0.000000e+00   8.806210e+02    229s
    8425    2.0671317e+05   0.000000e+00   8.246537e+02    241s
    8545    2.0673089e+05   0.000000e+00   7.745420e+02    252s
    8673    2.0674731e+05   0.000000e+00   7.176197e+02    261s
    8807    2.0676228e+05   0.000000e+00   6.704071e+02    269s
    8946    2.0677663e+05   0.000000e+00   6.232428e+02    278s
    9066    2.0679214e+05   0.000000e+00   5.769252e+02    288s
    9189    2.0680224e+05   0.000000e+00   5.324507e+02    296s
    9318    2.0681723e+05   0.000000e+00   4.900844e+02    305s
    9449    2.0682984e+05   0.000000e+00   4.515382e+02    323s
    9576    2.0684130e+05   0.000000e+00   4.093409e+02    336s
    9786    2.0685996e+05   0.000000e+00   3.449191e+02    365s
    9924    2.0687290e+05   0.000000e+00   3.036738e+02    379s
   10140    2.0689188e+05   0.000000e+00   2.445582e+02    424s
   10256    2.0690160e+05   0.000000e+00   2.084349e+02    441s
   10445    2.0691738e+05   0.000000e+00   1.646007e+02    488s
   10639    2.0693174e+05   0.000000e+00   1.266401e+02    547s
   10744    2.0693773e+05   0.000000e+00   1.086535e+02    565s
   10961    2.0694608e+05   0.000000e+00   6.023363e+01    621s
   11064    2.0694836e+05   0.000000e+00   3.994250e+01    647s
   11164    2.0694989e+05   0.000000e+00   2.629467e+01    672s
   11293    2.0695130e+05   0.000000e+00   1.478301e+01    694s
   11398    2.0695212e+05   0.000000e+00   8.420521e+00    715s
   11502    2.0695277e+05   0.000000e+00   8.554945e-01    751s
   11513    2.0695281e+05   0.000000e+00   0.000000e+00    781s

Root relaxation: objective 2.069528e+05, 11513 iterations, 750.68 seconds (4057.98 work units)

    Nodes    |    Current Node    |     Objective Bounds      |     Work
 Expl Unexpl |  Obj  Depth IntInf | Incumbent    BestBd   Gap | It/Node Time

H    0     0                    2105.8853564 206952.813  9727%     - 1820s
     0     0 206952.813    0 10299 2105.88536 206952.813  9727%     - 1820s
H    0     0                    2304.5030503 206952.813  8880%     - 1820s
H    0     0                    2381.1281377 206952.813  8591%     - 1820s
H    0     0                    2381.1281395 206952.813  8591%     - 1820s
H    0     0                    2386.1281387 206952.813  8573%     - 1820s
H    0     0                    2386.1281389 206952.813  8573%     - 1820s
H    0     0                    2392.0811779 206952.813  8552%     - 1820s
H    0     0                    2407.2790518 206952.813  8497%     - 1820s
H    0     0                    2407.2790522 206952.813  8497%     - 1820s
H    0     0                    2407.2790565 206952.813  8497%     - 1821s
H    0     0                    2407.2790618 206952.813  8497%     - 1821s
H    0     0                    2415.0966345 206952.813  8469%     - 1821s
H    0     0                    2415.0966423 206952.813  8469%     - 1821s
H    0     0                    2420.9545047 206952.813  8448%     - 1821s
H    0     0                    2455.0966323 206952.813  8330%     - 1821s
H    0     0                    2466.1033377 206952.813  8292%     - 1822s
H    0     0                    2495.5414670 206952.813  8193%     - 1822s
H    0     0                    2505.5414582 206952.813  8160%     - 1822s
H    0     0                    2549.4857440 206952.813  8017%     - 1823s
H    0     0                    2597.5721402 206952.813  7867%     - 1823s
H    0     0                    2646.7142775 206952.813  7719%     - 1823s
H    0     0                    2656.7142845 206952.813  7690%     - 1823s
H    0     0                    2671.7142714 206952.813  7646%     - 1823s
H    0     0                    2671.7142800 206952.813  7646%     - 1823s
H    0     0                    2676.4673473 206952.813  7632%     - 1823s
     0     0 206951.989    0 10299 2676.46735 206951.989  7632%     - 1847s
H    0     0                    2864.2771866 206951.989  7125%     - 1902s
H    0     0                    3061.1716192 206951.989  6661%     - 1902s
H    0     0                    3141.1716199 206951.989  6488%     - 1902s
H    0     0                    3194.5672265 206951.989  6378%     - 1902s
H    0     0                    3222.9005881 206951.989  6321%     - 1903s
H    0     0                    3249.5672410 206951.989  6269%     - 1904s
H    0     0                    3249.5672418 206951.989  6269%     - 1908s
H    0     0                    3249.5672736 206951.989  6269%     - 1909s
H    0     0                    3263.2427144 206951.989  6242%     - 1910s
H    0     0                    3279.9093871 206951.989  6210%     - 1910s
H    0     0                    3298.3138169 206951.989  6174%     - 1910s
H    0     0                    3298.5759956 206951.989  6174%     - 1910s
H    0     0                    3312.7181344 206951.989  6147%     - 1914s
H    0     0                    3332.1902793 206951.989  6111%     - 1914s
H    0     0                    3333.7738633 206951.989  6108%     - 1914s
H    0     0                    3338.5760179 206951.989  6099%     - 1914s
H    0     0                    3338.5760182 206951.989  6099%     - 1943s
H    0     0                    3338.5760191 206951.989  6099%     - 1943s
H    0     0                    3338.5760220 206951.989  6099%     - 1943s
H    0     0                    3347.9160249 206951.989  6082%     - 1943s
H    0     0                    3352.7181465 206951.989  6073%     - 1943s
H    0     0                    3353.7738820 206951.989  6071%     - 1943s
H    0     0                    3353.7738856 206951.989  6071%     - 1947s
H    0     0                    3353.7738865 206951.989  6071%     - 1947s
H    0     0                    3353.7738892 206951.989  6071%     - 1947s
H    0     0                    3387.8583831 206951.989  6009%     - 1947s
H    0     0                    3387.8583844 206951.989  6009%     - 1948s
H    0     0                    3447.3732436 206951.989  5903%     - 1948s
H    0     0                    3447.3732466 206951.989  5903%     - 1948s
H    0     0                    3450.3021551 206951.989  5898%     - 1948s
H    0     0                    3456.3175233 206951.989  5888%     - 1948s
H    0     0                    3470.3021786 206951.989  5864%     - 1948s
H    0     0                    3470.3021805 206951.989  5864%     - 1949s
H    0     0                    3470.3021819 206951.989  5864%     - 1949s
H    0     0                    3470.3021824 206951.989  5864%     - 1949s
H    0     0                    3470.3021867 206951.989  5864%     - 1949s
H    0     0                    3476.1600368 206951.989  5853%     - 1949s
H    0     0                    3484.4443176 206951.989  5839%     - 1949s
H    0     0                    3490.3021733 206951.989  5829%     - 1949s
H    0     0                    3490.3021961 206951.989  5829%     - 1949s
H    0     0                    3490.3021982 206951.989  5829%     - 1949s
H    0     2                    3653.0989807 206951.989  5565%     - 2013s
     0     2 206951.989    0 10299 3653.09898 206951.989  5565%     - 2013s
H    1     4                    3678.4168446 206951.989  5526%   0.0 2145s
H    2     4                    3683.7099712 206940.018  5518%   0.0 2145s
     3     7 206928.631    2 10273 3683.70997 206928.631  5517%   4.7 2214s
     6    14 206913.261    3 10260 3683.70997 206913.261  5517%  37.5 2514s
H   13    28                    3696.7657260 206912.220  5497%  69.2 2673s
H   23    28                    3700.1485874 206896.559  5492%  63.5 2673s
H   24    28                    3711.7099278 206896.559  5474%  67.7 2673s
    27    56 206877.020    5 10234 3711.70993 206877.020  5474%  79.9 2815s
