PS P:\gitrepos\BachelorProject-SeatingArrangement\gurobi> python .\calc_v2.py --time-limit=10000000000
Set parameter Username
Set parameter LicenseID to value 2779938
Academic license - for non-commercial use only - expires 2027-02-17
Set parameter TimeLimit to value 10000000000
Set parameter MIPGap to value 0.01
Gurobi Optimizer version 13.0.1 build v13.0.1rc0 (win64 - Windows 11+.0 (26200.2))

CPU model: AMD Ryzen 5 9600X 6-Core Processor, instruction set [SSE2|AVX|AVX2|AVX512]
Thread count: 6 physical cores, 12 logical processors, using up to 12 threads

Non-default parameters:
TimeLimit  10000000000
MIPGap  0.01

Optimize a model with 209 rows, 10816 columns and 21633 nonzeros (Max)
Model fingerprint: 0x902990aa
Model has 0 linear objective coefficients
Model has 3602144 quadratic objective terms
Variable types: 0 continuous, 10816 integer (10816 binary)
Coefficient statistics:
  Matrix range     [1e+00, 1e+00]
  Objective range  [0e+00, 0e+00]
  QObjective range [1e+00, 6e+01]
  Bounds range     [1e+00, 1e+00]
  RHS range        [1e+00, 1e+00]

Found heuristic solution: objective 2059.9399270
Presolve removed 3 rows and 207 columns (presolve time = 15s)...
Presolve removed 3 rows and 207 columns
Presolve time: 14.85s
Presolved: 206 rows, 10609 columns, 21218 nonzeros
Presolved model has 3472383 quadratic objective terms
Variable types: 0 continuous, 10609 integer (10609 binary)

Root simplex log...

Iteration    Objective       Primal Inf.    Dual Inf.      Time
       0   -0.0000000e+00   0.000000e+00   2.289149e+05     15s
    3581    1.9720078e+05   0.000000e+00   1.003610e+04     20s
    4534    1.9937178e+05   0.000000e+00   5.797610e+03     25s
    5319    2.0042062e+05   0.000000e+00   3.772752e+03     31s
    5944    2.0109716e+05   0.000000e+00   2.522619e+03     36s
    6409    2.0150007e+05   0.000000e+00   1.848916e+03     42s
    6690    2.0159965e+05   0.000000e+00   1.660017e+03     47s
    6986    2.0167840e+05   0.000000e+00   1.442007e+03     52s
    7278    2.0173972e+05   0.000000e+00   1.251996e+03     58s
    7421    2.0176773e+05   0.000000e+00   1.164257e+03     61s
    7702    2.0181880e+05   0.000000e+00   1.004918e+03     67s
    8003    2.0186652e+05   0.000000e+00   8.531827e+02     72s
    8142    2.0188582e+05   0.000000e+00   7.870498e+02     76s
    8419    2.0192493e+05   0.000000e+00   6.618734e+02     83s
    8554    2.0194305e+05   0.000000e+00   6.081857e+02     87s
    8683    2.0196007e+05   0.000000e+00   5.541005e+02     91s
    8968    2.0199527e+05   0.000000e+00   4.654066e+02     98s
    9099    2.0200930e+05   0.000000e+00   4.136770e+02    103s
    9226    2.0202197e+05   0.000000e+00   3.779720e+02    109s
    9362    2.0203528e+05   0.000000e+00   3.293430e+02    117s
    9488    2.0204960e+05   0.000000e+00   2.894580e+02    126s
    9621    2.0206379e+05   0.000000e+00   2.502363e+02    131s
    9756    2.0207725e+05   0.000000e+00   2.151058e+02    137s
    9891    2.0208878e+05   0.000000e+00   1.829441e+02    143s
   10029    2.0209909e+05   0.000000e+00   1.546408e+02    155s
   10155    2.0210705e+05   0.000000e+00   1.206181e+02    161s
   10274    2.0211344e+05   0.000000e+00   9.287899e+01    172s
   10416    2.0211974e+05   0.000000e+00   6.377432e+01    176s
   10533    2.0212372e+05   0.000000e+00   4.167403e+01    181s
   10660    2.0212674e+05   0.000000e+00   2.164491e+01    186s
   10788    2.0212846e+05   0.000000e+00   1.046214e+01    195s
   10912    2.0213005e+05   0.000000e+00   3.229717e-01    200s
   10917    2.0213010e+05   0.000000e+00   0.000000e+00    204s

Root relaxation: objective 2.021301e+05, 10917 iterations, 189.04 seconds (599.27 work units)

    Nodes    |    Current Node    |     Objective Bounds      |     Work
 Expl Unexpl |  Obj  Depth IntInf | Incumbent    BestBd   Gap | It/Node Time

     0     0 202130.101    0 9801 2059.93993 202130.101  9712%     -  263s
H    0     0                    2463.1470055 202130.101  8106%     -  263s
H    0     0                    2490.0605980 202130.101  8017%     -  264s
H    0     0                    2540.8694003 202130.101  7855%     -  265s
H    0     0                    2545.6715366 202130.101  7840%     -  265s
H    0     0                    2563.1470055 202130.101  7786%     -  265s
     0     0 202129.261    0 9801 2563.14701 202129.261  7786%     -  311s
H    0     0                    2606.7765672 202129.261  7654%     -  318s
H    0     0                    2681.9476229 202129.261  7437%     -  318s
H    0     0                    2709.0186907 202129.261  7361%     -  318s
H    0     0                    2856.2740419 202129.261  6977%     -  319s
H    0     0                    2857.4872453 202129.261  6974%     -  319s
H    0     0                    2865.7715166 202129.261  6953%     -  319s
H    0     0                    2878.3355498 202129.261  6922%     -  320s
H    0     0                    2918.5803188 202129.261  6826%     -  320s
H    0     0                    2927.3671154 202129.261  6805%     -  320s
H    0     0                    2934.4381832 202129.261  6788%     -  320s
H    0     0                    2944.4381832 202129.261  6765%     -  321s
H    0     0                    2971.6293809 202129.261  6702%     -  321s
H    0     0                    2991.6293809 202129.261  6656%     -  321s
H    0     0                    2992.5179695 202129.261  6654%     -  323s
H    0     0                    2997.9539363 202129.261  6642%     -  323s
H    0     0                    3065.9136522 202129.261  6493%     -  323s
H    0     0                    3079.2469855 202129.261  6464%     -  327s
H    0     0                    3098.6787331 202129.261  6423%     -  329s
H    0     0                    3142.8208687 202129.261  6331%     -  329s
H    0     0                    3160.2011521 202129.261  6296%     -  329s
H    0     0                    3163.8765968 202129.261  6289%     -  329s
H    0     2                    3232.0951410 202129.261  6154%     -  340s
     0     2 202129.261    0 9801 3232.09514 202129.261  6154%     -  340s
H    1     3                    3239.0179407 202129.261  6140%   0.0  397s
     2     6 196904.644    2 9409 3239.01794 202129.261  6140%  77.0  440s
H    5    12                    3259.9697200 201186.083  6071%   128  513s
H    5    12                    3522.1447684 201186.083  5612%   128  513s
H    9    12                    3589.8671632 201115.253  5502%   136  513s
    11    18 196270.222    4 8985 3589.86716 201115.253  5502%   135  608s
    17    30 196202.066    5 8965 3589.86716 201089.073  5502%   112  744s
H   29    39                    3630.2259892 201066.128  5439%  72.4  828s
H   36    39                    3816.1515379 201066.128  5169%  70.3  828s
    38    60 193838.345    8 8816 3816.15154 201066.128  5169%  69.6  856s
    59    76 193823.763   13 8814 3816.15154 201066.128  5169%  50.6  875s
H   75    83                    3846.0006838 201066.128  5128%  45.9  913s
H   76    83                    3899.8404466 201066.128  5056%  45.5  913s
H   78    83                    3928.9293358 201066.128  5018%  46.2  913s
H   80    83                    3933.0294280 201066.128  5012%  45.3  913s
H   81    83                    3995.9311995 201066.128  4932%  44.9  913s
    82    93 196117.178   15 8793 3995.93120 201066.128  4932%  44.5  934s
    92   104 191308.917   15 8623 3995.93120 201066.128  4932%  41.9  956s
H  103   111                    4003.7092776 201066.128  4922%  42.0  989s
H  105   111                    4065.4522436 201066.128  4846%  41.3  989s
H  106   111                    4094.3978904 201066.128  4811%  41.0  989s
H  109   111                    4147.6676250 201066.128  4748%  41.3  989s
   110   125 191304.388   18 8618 4147.66763 201066.128  4748%  40.9 1006s
   124   138 191298.354   21 8612 4147.66763 201066.128  4748%  37.7 1023s
H  137   145                    4148.3342917 201066.128  4747%  37.4 1057s
H  138   145                    4172.0786922 201066.128  4719%  37.2 1057s
   144   156 191282.155   26 8607 4172.07869 201066.128  4719%  37.9 1072s
   155   171 191272.092   29 8604 4172.07869 201066.128  4719%  36.0 1090s
   170   184 191265.185   31 8602 4172.07869 201066.128  4719%  33.8 1105s
   183   201 191254.112   33 8595 4172.07869 201066.128  4719%  32.3 1124s
H  186   201                    4189.2165874 201066.128  4700%  31.9 1124s
   200   223 188793.381   36 8418 4189.21659 201066.128  4700%  32.1 1140s
   222   246 188786.928   37 8410 4189.21659 201066.128  4700%  30.5 1160s
H  236   246                    4191.4854147 201066.128  4697%  29.5 1160s
   245   268 188737.709   41 8352 4191.48541 201066.128  4697%  29.0 1179s
H  267   279                    4199.4854147 201066.128  4688%  28.1 1216s
H  272   279                    4224.6819035 201066.128  4659%  27.8 1216s
H  275   279                    4225.5015958 201066.128  4658%  27.6 1216s
   278   294 188683.858   46 8304 4225.50160 201066.128  4658%  28.0 1235s
H  293   305                    4291.5447863 201066.128  4585%  28.2 1275s
H  294   305                    4317.2339512 201066.128  4557%  28.1 1275s
   304   326 188633.289   50 8261 4317.23395 201066.128  4557%  27.9 1295s
   325   353 188570.680   54 8210 4317.23395 201066.128  4557%  27.3 1321s
H  352   370                    4320.3727538 201066.128  4554%  25.8 1367s
H  356   370                    4337.7436313 201066.128  4535%  25.7 1367s
   369   394 188438.047   62 8130 4337.74363 201066.128  4535%  25.1 1388s
   393   418 188379.852   66 8103 4337.74363 201066.128  4535%  24.0 1411s
   417   436 185940.850   69 7918 4337.74363 201066.128  4535%  23.4 1459s
H  420   436                    4339.0427535 201066.128  4534%  23.3 1459s
   435   463 185903.228   71 7903 4339.04275 201066.128  4534%  22.7 1485s
   462   489 185878.053   73 7889 4339.04275 201066.128  4534%  22.4 1510s
   488   523 185871.538   76 7884 4339.04275 201066.128  4534%  21.6 1538s
H  522   538                    4351.7971734 201066.128  4520%  20.5 1604s
H  529   538                    4362.3957117 201066.128  4509%  20.4 1604s
   537   583 185828.945   83 7859 4362.39571 201066.128  4509%  20.2 1635s
   582   623 185820.437   86 7853 4362.39571 201066.128  4509%  19.2 1665s
   622   661 185812.529   90 7849 4362.39571 201066.128  4509%  18.3 1697s
H  657   661                    4364.4667795 201066.128  4507%  17.7 1697s
   660   690 185798.257   94 7836 4364.46678 201066.128  4507%  17.6 1809s
   689   733 185787.612   98 7829 4364.46678 201066.128  4507%  17.1 1842s
   732   745 185773.899  102 7816 4364.46678 201066.128  4507%  16.5 1910s
H  733   745                    4366.5891905 201066.128  4505%  16.5 1910s
   744   792 185766.561  103 7810 4366.58919 201066.128  4505%  16.4 1943s
   791   837 185754.340  108 7798 4366.58919 201066.128  4505%  15.7 1977s
   836   892 185735.149  113 7782 4366.58919 201066.128  4505%  15.3 2014s
   891   948 185713.754  120 7771 4366.58919 201066.128  4505%  14.7 2051s
   947  1008 185699.396  127 7757 4366.58919 201066.128  4505%  14.1 2089s
  1007  1085 185689.178  132 7747 4366.58919 201066.128  4505%  13.5 2137s
  1084  1159 185663.210  139 7727 4366.58919 201066.128  4505%  12.9 2185s
  1158  1229 185644.501  146 7712 4366.58919 201066.128  4505%  12.4 2233s
  1228  1302 185604.559  152 7688 4366.58919 201066.128  4505%  12.1 2278s
  1301  1327 185565.027  161 7659 4366.58919 201066.128  4505%  11.7 2364s
H 1305  1327                    4367.5987091 201066.128  4504%  11.7 2364s
  1326  1401 185562.817  162 7657 4367.59871 201066.128  4504%  11.7 2411s
  1400  1473 185510.910  172 7622 4367.59871 201066.128  4504%  11.3 2461s
  1472  1552 185473.562  183 7600 4367.59871 201066.128  4504%  11.0 2517s
  1551  1632 185421.477  198 7569 4367.59871 201066.128  4504%  10.8 2570s
  1631  1708 185394.675  207 7551 4367.59871 201066.128  4504%  10.6 2626s
  1707  1802 185346.534  220 7525 4367.59871 201066.128  4504%  10.9 2690s
  1801  1908 185254.798  240 7467 4367.59871 201066.128  4504%  11.2 2752s
H 1907  1951                    4368.5987091 201066.128  4503%  11.5 2842s
H 1920  1951                    4369.1184955 201066.128  4502%  11.5 2842s
  1950  2106 185147.731  263 7404 4369.11850 201066.128  4502%  11.7 2906s
  2107  2313 185103.185  282 7381 4369.11850 201066.128  4502%  12.4 2976s
  2316  2524 185067.279  299 7360 4369.11850 201066.128  4502%  13.2 3048s
  2531  2748 182928.283  312 7186 4369.11850 201066.128  4502%  14.3 3121s
  2757  2964 182885.780  327 7167 4369.11850 201066.128  4502%  14.5 3232s
  2977  3237 182846.272  343 7151 4369.11850 201066.128  4502%  14.6 3306s
  3252  3554 182752.454  359 7110 4369.11850 201066.128  4502%  14.7 3379s
  3575  3881 182659.800  380 7066 4369.11850 201066.128  4502%  14.4 3455s
  3908  4222 182587.072  400 7015 4369.11850 201066.128  4502%  14.6 3567s
H 4251  4457                    4370.1184955 201066.128  4501%  15.1 3713s
  4494  4852 176481.858  420 6568 4370.11850 201066.128  4501%  15.6 3784s
  4893  5300 176586.416  432 6538 4370.11850 201066.128  4501%  15.7 3859s
  5343  5617 176520.567  464 6490 4370.11850 201066.128  4501%  15.3 3941s
  5672  5875 176477.890  492 6443 4370.11850 201066.128  4501%  15.2 4115s
  5939  5876 181365.653  387 9801 4370.11850 201066.128  4501%  15.2 4497s
  5941  5877 188451.999  349 9801 4370.11850 201066.128  4501%  15.2 4840s
  5943  5879 182445.647  239 9801 4370.11850 201066.128  4501%  15.2 4862s
  5944  5882 201066.128   16 9225 4370.11850 201066.128  4501%  17.1 4954s
  5946  5886 201066.128   17 9177 4370.11850 201066.128  4501%  17.1 5007s
  5950  5890 200899.257   18 9033 4370.11850 200899.257  4497%  17.1 5077s
  5956  5898 200872.981   19 9021 4370.11850 200872.981  4497%  17.2 5192s
  5966  5901 196848.139   20 9266 4370.11850 200872.284  4496%  17.2 5254s
  5972  5905 196895.041   22 9220 4370.11850 200872.284  4496%  17.3 5310s
  5978  5915 196888.837   23 9211 4370.11850 200872.284  4496%  17.3 5358s
  5990  5923 196881.297   28 9204 4370.11850 200872.284  4496%  17.4 5384s
  6002  5926 196879.110   31 9201 4370.11850 200872.284  4496%  17.4 5415s
  6009  5933 196877.484   32 9198 4370.11850 200872.284  4496%  17.5 5446s
  6018  5940 194415.030   33 9008 4370.11850 200872.284  4496%  17.6 5466s
  6028  5950 194406.812   34 8996 4370.11850 200872.284  4496%  17.6 5485s
  6042  5957 194400.487   37 8986 4370.11850 200872.284  4496%  17.7 5506s
  6053  5965 194393.003   39 8974 4370.11850 200872.284  4496%  17.7 5527s
  6065  5967 194388.768   42 8968 4370.11850 200872.284  4496%  17.7 5544s
  6071  5971 194388.115   43 8967 4370.11850 200872.284  4496%  17.8 5563s
  6077  5974 194386.588   44 8965 4370.11850 200872.284  4496%  17.8 5583s
H 6080  5679                    4370.1625190 200872.284  4496%  17.8 5583s
  6082  5687 194385.933   45 8964 4370.16252 200872.284  4496%  17.8 5602s
  6091  5695 194383.983   47 8961 4370.16252 200872.284  4496%  17.9 5624s
  6102  5701 194372.920   50 8940 4370.16252 200872.284  4496%  17.9 5644s
  6111  5710 194370.808   52 8937 4370.16252 200872.284  4496%  17.9 5664s
  6123  5710 194366.576   55 8931 4370.16252 200872.284  4496%  17.9 5686s
  6127  5715 194365.833   56 8930 4370.16252 200872.284  4496%  17.9 5715s
  6134  5720 194364.317   57 8928 4370.16252 200872.284  4496%  18.0 5739s
  6141  5726 194362.749   58 8926 4370.16252 200872.284  4496%  18.0 5768s
  6149  5733 194352.628   59 8914 4370.16252 200872.284  4496%  18.0 5799s
  6159  5747 194338.283   61 8895 4370.16252 200872.284  4496%  18.0 5824s
  6176  5755 194329.022   66 8883 4370.16252 200872.284  4496%  18.1 5860s
  6190  5769 194322.759   70 8875 4370.16252 200872.284  4496%  18.1 5890s
  6209  5779 194292.665   75 8840 4370.16252 200872.284  4496%  18.2 5923s
  6225  5794 194280.443   80 8825 4370.16252 200872.284  4496%  18.2 5954s
  6245  5806 194255.836   85 8795 4370.16252 200872.284  4496%  18.3 5986s
  6264  5806 194238.531   90 8774 4370.16252 200872.284  4496%  18.3 6019s
  6270  5810 194237.754   91 8773 4370.16252 200872.284  4496%  18.3 6054s
  6276  5814 194237.067   92 8772 4370.16252 200872.284  4496%  18.4 6091s
  6282  5818 194233.138   93 8766 4370.16252 200872.284  4496%  18.4 6134s
  6288  5822 194229.000   94 8760 4370.16252 200872.284  4496%  18.5 6181s
  6294  5831 194223.448   95 8754 4370.16252 200872.284  4496%  18.5 6232s
  6305  5848 194221.152   96 8752 4370.16252 200872.284  4496%  18.5 6281s
  6326  5865 194205.747  103 8732 4370.16252 200872.284  4496%  18.5 6331s
  6350  5885 194194.597  109 8718 4370.16252 200872.284  4496%  18.6 6378s
  6378  5906 194170.497  117 8670 4370.16252 200872.284  4496%  18.6 6421s
  6408  5926 194149.131  125 8643 4370.16252 200872.284  4496%  18.7 6478s
  6438  5948 194113.137  133 8602 4370.16252 200872.284  4496%  18.8 6531s
  6470  5975 194085.508  141 8546 4370.16252 200872.284  4496%  18.9 6585s
  6508  6007 194054.666  154 8510 4370.16252 200872.284  4496%  19.0 6640s
  6553  6043 194016.983  166 8464 4370.16252 200872.284  4496%  19.1 6697s
  6604  6072 193944.232  178 8357 4370.16252 200872.284  4496%  19.3 6753s
  6650  6111 193890.651  192 8290 4370.16252 200872.284  4496%  19.7 6808s
  6704  6143 193737.706  204 7799 4370.16252 200872.284  4496%  19.9 6863s
  6754  6194 193541.983  219 7507 4370.16252 200872.284  4496%  20.4 6913s
  6822  6236 193199.980  232 7352 4370.16252 200872.284  4496%  20.7 6969s
  6886  6287 192934.627  239 7287 4370.16252 200872.284  4496%  21.0 7039s
  6959  6330 192316.441  251 7226 4370.16252 200872.284  4496%  21.5 7109s
  7026  6400 191684.530  260 7168 4370.16252 200872.284  4496%  21.8 7170s
  7118  6457 190020.201  288 7184 4370.16252 200872.284  4496%  22.2 7235s
  7208  6538 186242.451  294 7198 4370.16252 200872.284  4496%  22.9 7303s
  7319  6623 181584.105  310 7003 4370.16252 200872.284  4496%  23.6 7372s
  7441  6713 179464.136  336 6950 4370.16252 200872.284  4496%  24.2 7444s
  7572  6813 177283.630  367 6741 4370.16252 200872.284  4496%  24.6 7523s
  7719  6928 175061.154  409 6537 4370.16252 200872.284  4496%  25.2 7601s
  7885  7048 171098.928  458 6216 4370.16252 200872.284  4496%  25.5 7706s
  8065  7195 170654.921  523 6123 4370.16252 200872.284  4496%  25.6 7791s
  8272  7352 168910.167  585 5958 4370.16252 200872.284  4496%  25.7 7878s
  8500  7521 166357.556  658 5738 4370.16252 200872.284  4496%  26.2 7968s
  8749  7698 161846.162  718 5519 4370.16252 200872.284  4496%  26.3 8060s
  9013  7670 159728.756  800 5342 4370.16252 200872.284  4496%  26.4 8176s
  9073  7933 158640.282  800 5335 4370.16252 200872.284  4496%  26.5 8267s
  9356  8142 154533.543  852 5193 4370.16252 200872.284  4496%  26.7 8356s
  9659  8047 149768.552  933 4875 4370.16252 200872.284  4496%  26.8 8453s
  9665  8051 149961.856  934 4860 4370.16252 200872.284  4496%  26.8 8561s
  9671  8139 149956.963  932 4860 4370.16252 200872.284  4496%  26.9 8679s
H 9689  7853                    4377.2335868 200872.284  4489%  26.8 8679s
  9775  8128 150888.475  951 4902 4377.23359 200872.284  4489%  26.7 8779s
 10087  8385 143778.939  998 4541 4377.23359 200872.284  4489%  27.1 8878s
 10450  8695 139391.313 1056 4330 4377.23359 200872.284  4489%  27.1 8972s
 10891  8952 130435.365 1135 3954 4377.23359 200872.284  4489%  27.5 9094s
 11299  9328 127667.727 1202 3813 4377.23359 200872.284  4489%  27.5 9166s
 11813  9730 120333.120 1273 3470 4377.23359 200872.284  4489%  27.6 9246s
 12394 10179 113632.291 1372 3192 4377.23359 200872.284  4489%  27.5 9329s
 13039 10718 101695.665 1486 2683 4377.23359 200872.284  4489%  27.3 9458s
 13799 11215 95906.9573 1693 2271 4377.23359 200872.284  4489%  26.8 9502s
 14549 11527 86113.9581 1868 1854 4377.23359 200872.284  4489%  26.1 9544s
 15166 11692 77943.3276 2042 1516 4377.23359 200872.284  4489%  25.3 9616s
 15570 11892 64389.0630 2300 1003 4377.23359 200872.284  4489%  24.8 9671s
 15904 12127 49028.7603 2460  606 4377.23359 200872.284  4489%  24.5 9734s
 16251 12369 30434.6374 2622  237 4377.23359 200872.284  4489%  24.2 9806s
 16608 12623 18273.1995 2682   96 4377.23359 200872.284  4489%  23.8 9871s
 16981 12603 9798.64476 2713   40 4377.23359 200872.284  4489%  23.5 9950s
 17176 12563 193428.855   26 8159 4377.23359 200872.284  4489%  23.3 10020s
 17201 12584 193415.450   29 8130 4377.23359 200872.284  4489%  23.4 10104s
 17230 12609 193387.155   34 8090 4377.23359 200872.284  4489%  23.4 10184s
 17265 12635 193356.305   44 8002 4377.23359 200872.284  4489%  23.5 10256s
 17304 12664 193227.223   56 7880 4377.23359 200872.284  4489%  23.4 10362s
 17346 12695 193171.138   71 7800 4377.23359 200872.284  4489%  23.4 10467s
 17391 12725 193075.577   86 7715 4377.23359 200872.284  4489%  23.4 10560s
 17436 12755 192891.178  100 7568 4377.23359 200872.284  4489%  23.4 10625s
 17481 12788 192745.641  113 7403 4377.23359 200872.284  4489%  23.5 10713s
 17529 12820 192656.374  124 7289 4377.23359 200872.284  4489%  23.5 10778s
 17577 12856 192147.919  140 7331 4377.23359 200872.284  4489%  23.6 10903s
 17629 12894 191839.791  158 7295 4377.23359 200872.284  4489%  23.6 11033s
 17685 12933 191634.932  176 7035 4377.23359 200872.284  4489%  23.6 11131s
 17742 12954 189301.219  186 6908 4377.23359 200872.284  4489%  23.7 11265s
 17782 12998 189401.315  190 6939 4377.23359 200872.284  4489%  23.8 11428s
 17840 13021 189232.969  211 6780 4377.23359 200872.284  4489%  23.8 11558s
 17882 13052 189095.250  219 6664 4377.23359 200872.284  4489%  24.0 11719s
 17929 13086 186708.680  227 6488 4377.23359 200872.284  4489%  24.2 11878s
 17979 13115 188248.204  238 6327 4377.23359 200872.284  4489%  24.3 11988s
 18024 13148 186372.836  238 6164 4377.23359 200872.284  4489%  24.5 12123s
 18072 13180 186243.880  247 6236 4377.23359 200872.284  4489%  24.7 12287s
 18120 13214 185666.898  252 6052 4377.23359 200872.284  4489%  24.9 12411s
 18172 13202 182771.076  265 6088 4377.23359 200872.284  4489%  25.0 12509s
 18178 13205 181735.011  261 6020 4377.23359 200872.284  4489%  25.1 12604s
 18185 13209 181900.865  266 6123 4377.23359 200872.284  4489%  25.1 12700s
 18191 13213 181618.669  266 6040 4377.23359 200872.284  4489%  25.2 12810s
 18197 13217 181690.402  262 6038 4377.23359 200872.284  4489%  25.2 12923s
 18203 13221 181619.471  264 6038 4377.23359 200872.284  4489%  25.3 13019s
 18209 13235 181615.122  263 6035 4377.23359 200872.284  4489%  25.3 13102s
 18225 13276 181331.052  275 6090 4377.23359 200872.284  4489%  25.4 13199s
 18271 13313 179141.537  285 6029 4377.23359 200872.284  4489%  25.5 13297s
 18324 13347 177466.601  286 6053 4377.23359 200872.284  4489%  25.8 13389s
 18375 13394 176058.165  288 6065 4377.23359 200872.284  4489%  26.0 13506s
 18439 13436 173043.639  291 6048 4377.23359 200872.284  4489%  26.2 13700s
 18503 13502 172622.267  294 5931 4377.23359 200872.284  4489%  26.4 13880s
 18590 13603 172541.699  318 5875 4377.23359 200872.284  4489%  26.5 14083s
 18720 13672 171524.078  362 5443 4377.23359 200872.284  4489%  26.6 14329s
 18832 13737 168830.255  370 5150 4377.23359 200872.284  4489%  26.8 14571s
 18939 13738 164546.650  373 4955 4377.23359 200872.284  4489%  27.1 14796s
 18975 13865 161698.679  372 5011 4377.23359 200872.284  4489%  27.2 15039s
 19116 13967 155532.144  397 4587 4377.23359 200872.284  4489%  27.4 15368s
 19269 14074 147887.200  402 4570 4377.23359 200872.284  4489%  27.5 15708s
 19427 14027 146204.454  416 4563 4377.23359 200872.284  4489%  27.7 15839s
H19428 13762                    4384.3046546 200872.284  4482%  27.7 15839s
H19431 13509                    4397.2335868 200872.284  4468%  27.7 15839s
 19433 13680 146181.000  417 4561 4397.23359 200872.284  4468%  27.7 16175s
 19615 13801 143077.350  481 4109 4397.23359 200872.284  4468%  27.9 16521s
 19797 13970 138200.759  503 3916 4397.23359 200872.284  4468%  28.1 16848s
 20028 13968 133607.978  560 3754 4397.23359 200872.284  4468%  28.2 17235s
 20103 14238 133238.060  572 3706 4397.23359 200872.284  4468%  28.3 17614s
 20404 14674 127619.158  677 3406 4397.23359 200872.284  4468%  28.3 18017s
 20910 15001 120604.324  881 2880 4397.23359 200872.284  4468%  28.1 18451s
 21241 16196 114091.844  975 2576 4397.23359 200872.284  4468%  28.1 18883s
 22440 17490 60766.2129 1430  876 4397.23359 200872.284  4468%  27.3 19299s
 23736 18108 11489.6118 1751   56 4397.23359 200872.284  4468%  26.4 19695s
 24435 18633 193314.196   34 7749 4397.23359 200872.284  4468%  26.1 20091s
 24960 19344 192833.878   67 7069 4397.23359 200872.284  4468%  25.9 20432s
 25671 20136 191749.053   94 6238 4397.23359 200872.284  4468%  25.6 21776s
H26536 20136                    4398.1456102 200872.284  4467%  25.0 21776s
 26543 20220 191737.357   95 6216 4398.14561 200872.284  4467%  25.0 22308s
 26629 20504 187673.062  114 5385 4398.14561 200872.284  4467%  25.2 23015s
 26925 20820 173248.041  157 5119 4398.14561 200872.284  4467%  25.5 23873s
 27253 21415 159793.351  184 4626 4398.14561 200872.284  4467%  26.0 24983s
 27854 22278 145701.018  303 4256 4398.14561 200872.284  4467%  26.7 26107s
 28723 23718 117459.582  599 2813 4398.14561 200872.284  4467%  27.3 27089s
 30173 25107 57405.3332 1235  777 4398.14561 200872.284  4467%  27.7 27792s
 31562 25464 10179.8485 1562   46 4398.14561 200872.284  4467%  27.5 28431s
 32003 25920 192450.656   32 6091 4398.14561 200872.284  4467%  27.8 29101s
 32467 26505 188095.455   44 5462 4398.14561 200872.284  4467%  28.3 29783s
 33060 26670 187502.467  106 4467 4398.14561 200872.284  4467%  28.7 30244s
 33229 27563 185303.499  108 4352 4398.14561 200872.284  4467%  28.8 30949s
 34144 29802 169263.652  187 3592 4398.14561 200872.284  4467%  29.3 31637s
 36411 31520 145274.740  468 2528 4398.14561 200872.284  4467%  29.5 32193s
 38305 31526 109651.642  597 2096 4398.14561 200872.284  4467%  29.1 32446s
 38311 37148 109384.666  595 2067 4398.14561 200872.284  4467%  29.1 57369s
 44311 38820 51713.0596 1055  406 4398.14561 198589.733  4415%  29.9 57713s
 46149 39576 197972.617   21 8486 4398.14561 198558.283  4415%  29.7 57990s
 46907 40091 185229.457   69 7314 4398.14561 198558.283  4415%  29.7 58367s
 47426 41135 185052.977  154 7030 4398.14561 198558.283  4415%  29.9 58669s
 48494 43417 182707.108  267 6496 4398.14561 198558.283  4415%  30.3 58958s
 50800 45043 180886.651  351 6150 4398.14561 198558.283  4415%  30.5 59200s
 52651 45201 177087.346  365 5986 4398.14561 198558.283  4415%  30.3 59267s
 52811 45348 177306.031  383 5971 4398.14561 198558.283  4415%  30.4 59358s
 52958 45678 177161.030  414 5898 4398.14561 198558.283  4415%  30.4 59446s
 53288 46305 173343.090  438 5712 4398.14561 198558.283  4415%  30.4 59552s
 53917 46996 170918.071  482 5542 4398.14561 198558.283  4415%  30.4 59734s
 54628 48435 171161.244  485 5587 4398.14561 198558.283  4415%  30.4 59893s
 56110 49446 170573.016  486 5529 4398.14561 198558.283  4415%  30.1 59987s
 57121 49974 170509.372  483 5535 4398.14561 198558.283  4415%  29.8 60057s
 57715 50103 170892.613  484 5623 4398.14561 198558.283  4415%  29.6 60134s
 57844 50347 170572.250  487 5529 4398.14561 198558.283  4415%  29.6 60199s
 58088 50504 168909.952  514 5520 4398.14561 198558.283  4415%  29.6 60266s
 58245 50837 168568.933  543 5376 4398.14561 198558.283  4415%  29.6 60338s
 58580 51557 164646.301  564 4834 4398.14561 198558.283  4415%  29.6 60416s
 59334 51810 158228.089  572 4809 4398.14561 198426.596  4412%  29.4 60488s
 59587 52150 153987.078  575 4801 4398.14561 198426.596  4412%  29.4 60561s
 59931 52553 152761.102  661 4698 4398.14561 198426.596  4412%  29.3 60637s
 60334 53161 150720.917  705 4580 4398.14561 198426.596  4412%  29.2 60732s
 60942 54056 148683.999  788 4428 4398.14561 198426.596  4412%  29.0 60847s
 61837 55398 146521.361  872 4267 4398.14561 198426.596  4412%  28.8 60921s
 63179 55864 143703.091  938 4079 4398.14561 198426.596  4412%  28.3 60991s
 63669 57179 137664.399 1049 3753 4398.14561 198426.596  4412%  28.2 61220s
 64990 57279 120255.028 1372 2912 4398.14561 198426.596  4412%  27.9 61343s
 65090 57506 115062.671 1441 2701 4398.14561 198426.596  4412%  27.9 61486s
 65317 59161 105659.081 1524 2358 4398.14561 198426.596  4412%  27.8 61614s
 66317 59161 157584.906  771 4254 4398.14561 198426.596  4412%  27.5 61615s
 66978 60391 51392.8148 2253  595 4398.14561 198426.596  4412%  27.4 61723s
 68278 61645 192689.546  108 6365 4398.14561 198426.596  4412%  27.0 61793s
 69532 62768 187236.874  131 5932 4398.14561 198426.596  4412%  26.8 61842s
 70812 63120 186983.566  156 5758 4398.14561 198426.596  4412%  26.5 61887s
 71192 63953 186314.437  178 5473 4398.14561 198426.596  4412%  26.4 61941s
 72029 64483 184357.006  205 4822 4398.14561 198426.596  4412%  26.2 61986s
 72590 64671 167776.641  230 4449 4398.14561 198426.596  4412%  26.1 62027s
 72782 64709 150549.457  258 4088 4398.14561 198426.596  4412%  26.0 62111s
 72820 64899 150479.786  264 4075 4398.14561 198426.596  4412%  26.0 62150s
 73010 65167 149681.538  314 3898 4398.14561 198426.596  4412%  26.0 62193s
 73278 65531 147800.377  389 3370 4398.14561 198426.596  4412%  26.0 62238s
 73654 66077 129729.185  530 2869 4398.14561 198426.596  4412%  25.9 62291s
 74206 67116 86747.8083  782 1556 4398.14561 198426.596  4412%  25.8 62343s
 75363 67306 197936.208   24 8367 4398.14561 198426.596  4412%  25.6 62436s
 75557 67761 195777.004   25 8224 4398.14561 198426.596  4412%  25.5 62495s
 76012 68614 197855.072   25 8129 4398.14561 198426.596  4412%  25.5 62552s
 76903 69893 195773.072   26 7994 4398.14561 198426.596  4412%  25.3 62804s
 78186 71375 197832.952   26 8081 4398.14561 198426.596  4412%  25.3 62898s
 79680 72270 195733.083   27 7958 4398.14561 198426.596  4412%  24.9 62958s
 80762 72279 174120.024   74 6296 4398.14561 198426.596  4412%  24.7 63020s
 80855 72350 195722.142   28 7950 4398.14561 198426.596  4412%  24.7 63055s
 80926 72431 193305.060   28 7810 4398.14561 198426.596  4412%  24.7 63103s
 81007 72547 195714.236   29 7920 4398.14561 198426.596  4412%  24.7 63140s
 81123 72686 193567.303   29 7800 4398.14561 198426.596  4412%  24.7 63182s
 81262 72890 195706.154   30 7903 4398.14561 198426.596  4412%  24.7 63232s
 81466 73127 193559.882   30 7782 4398.14561 198426.596  4412%  24.7 63280s
 81703 73490 195702.771   31 7896 4398.14561 198426.596  4412%  24.7 63347s
 82066 74177 193264.620   31 7741 4398.14561 198426.596  4412%  24.8 63434s
 82802 74424 195682.614   32 7870 4398.14561 198426.596  4412%  24.8 63484s
 83049 74736 193604.662   32 7754 4398.14561 198426.596  4412%  24.7 63573s
 83361 75398 195676.653   33 7861 4398.14561 198426.596  4412%  24.7 63630s
 84044 75692 193269.614   33 7708 4398.14561 198426.596  4412%  24.6 63692s
 84340 76695 193579.479   34 7723 4398.14561 198426.596  4412%  24.5 63763s
 85457 76907 195654.962   34 7801 4398.14561 198426.596  4412%  24.3 63838s
 85669 76913 193559.700   35 7705 4398.14561 198426.596  4412%  24.3 63930s
 85675 77008 191178.814   35 7583 4398.14561 198426.596  4412%  24.3 64010s
 85770 77521 193549.503   36 7698 4398.14561 198426.596  4412%  24.3 64116s
 86303 77754 191159.804   36 7569 4398.14561 198426.596  4412%  24.2 64222s
 86536 77990 193547.126   37 7695 4398.14561 198426.596  4412%  24.2 64332s
 86772 78589 191135.294   37 7531 4398.14561 198426.596  4412%  24.1 64440s
 87375 79159 191450.487   38 7551 4398.14561 198426.596  4412%  24.1 64579s
 88001 79318 193498.368   43 7614 4398.14561 198426.596  4412%  24.0 64729s
 88160 79372 191379.522   47 7448 4398.14561 198426.596  4412%  24.0 64901s
 88214 79546 191330.727   51 7425 4398.14561 198426.596  4412%  24.0 65040s
 88390 79763 191215.049   56 7349 4398.14561 198426.596  4412%  24.0 65220s
 88607 80042 189325.660   63 7178 4398.14561 198426.596  4412%  23.9 65330s
 88888 80587 187134.974   70 6994 4398.14561 198426.596  4412%  23.9 65485s
 89443 82095 187125.890   75 6977 4398.14561 198426.596  4412%  23.9 65902s
 91058 82138 189060.401   89 6867 4398.14561 198426.596  4412%  23.6 66082s
 91101 82197 189041.714   94 6856 4398.14561 198426.596  4412%  23.6 66291s
 91160 82255 188998.868  101 6843 4398.14561 198426.596  4412%  23.6 66518s
 91218 82327 188994.896  107 6834 4398.14561 198426.596  4412%  23.6 66775s
 91290 82400 188957.046  115 6818 4398.14561 198426.596  4412%  23.6 67047s
 91363 82489 188906.606  124 6783 4398.14561 198426.596  4412%  23.6 67348s
 91452 82600 186625.658  133 6585 4398.14561 198426.596  4412%  23.6 67692s
 91565 82734 188851.914  143 6737 4398.14561 198426.596  4412%  23.7 68049s
 91699 82846 187077.941  152 6520 4398.14561 198426.596  4412%  23.7 68507s
 91811 83023 188813.482  161 6653 4398.14561 198426.596  4412%  23.7 68986s
 91992 83307 188793.379  172 6599 4398.14561 198426.596  4412%  23.7 69498s
 92276 83781 188749.223  185 6514 4398.14561 198426.596  4412%  23.7 70043s
 92752 84390 188682.962  200 6427 4398.14561 198426.596  4412%  23.7 70645s
 93381 84698 186492.209  214 6254 4398.14561 198426.596  4412%  23.7 71254s
 93691 84882 188335.227  230 6234 4398.14561 198426.596  4412%  23.6 71907s
 93875 85270 188208.039  244 6170 4398.14561 198426.596  4412%  23.7 72595s
 94271 86241 184848.821  261 5519 4398.14561 198426.596  4412%  23.7 73350s
 95250 87305 167220.962  292 5370 4398.14561 198426.596  4412%  23.6 74047s
 96471 87323 166057.669  314 5116 4398.14561 198426.596  4412%  23.6 74642s
 96509 87487 164084.218  314 5003 4398.14561 198426.596  4412%  23.6 75289s
 96687 87785 163746.225  318 5107 4398.14561 198426.596  4412%  23.6 75959s
 97005 88126 162414.352  333 4966 4398.14561 198426.596  4412%  23.6 76541s
 97376 89222 155503.809  366 4720 4398.14561 198426.596  4412%  23.6 77120s
 98496 89725 151528.806  398 4350 4398.14561 198426.596  4412%  23.4 77271s
 99069 90019 140107.267  427 4133 4398.14561 198333.762  4409%  23.4 77414s
 99365 91019 140195.812  462 4181 4398.14561 198231.471  4407%  23.4 77590s
 100383 91943 140070.184  500 4109 4398.14561 198190.605  4406%  23.3 78009s
 101404 92068 139957.756  532 4044 4398.14561 198153.791  4405%  23.3 78294s
 101529 92248 137693.515  573 3873 4398.14561 198014.370  4402%  23.3 78546s
 101709 92467 138609.991  627 3872 4398.14561 197832.365  4398%  23.3 78812s
 101928 92738 133956.032  691 3641 4398.14561 197832.365  4398%  23.4 79240s
 102201 92762 127643.940  775 3389 4398.14561 197832.365  4398%  23.5 79536s
 102225 98220 127622.872  777 3386 4398.14561 197832.365  4398%  23.5 96230s
 107839 101038 99596.3021 1276 2013 4398.14561 197582.079  4392%  24.0 96551s
 110715 103030 63959.4021 1775  840 4398.14561 197582.079  4392%  24.0 96745s
 112901 104226 183170.652   52 4976 4398.14561 197582.079  4392%  23.9 96856s
 114099 104583 176585.026   60 4815 4398.14561 197582.079  4392%  23.9 96953s
 114523 105193 158950.579   69 4160 4398.14561 197582.079  4392%  24.0 97058s
 115155 106420 151027.993   79 3893 4398.14561 197582.079  4392%  23.9 97269s
 115353 106420 192288.783   35 8588 4398.14561 197582.079  4392%  24.0 97270s
 116386 106777 130239.344  104 2908 4398.14561 197582.079  4392%  23.9 97466s
 116761 107031 124324.978  115 2711 4398.14561 197582.079  4392%  23.9 97676s
 117015 107397 82023.6475  162 1178 4398.14561 197582.079  4392%  23.9 97899s
 117401 107565 194216.578   23 8107 4398.14561 197582.079  4392%  24.0 98200s
 117569 107760 191505.206   25 7508 4398.14561 197582.079  4392%  24.0 98592s
 117764 108562 188872.122   27 7418 4398.14561 197582.079  4392%  24.0 99000s
 118601 108709 187119.512   32 5209 4398.14561 197582.079  4392%  24.0 99252s
 118748 108922 184706.691   33 5140 4398.14561 197582.079  4392%  24.0 99688s
 118965 109576 181170.429   39 4854 4398.14561 197582.079  4392%  24.0 100250s
 119678 109858 177758.835   47 5244 4398.14561 197582.079  4392%  24.0 100855s
 119962 110233 177261.284   57 4827 4398.14561 197582.079  4392%  24.1 101474s
 120337 110893 175942.942   67 4270 4398.14561 197582.079  4392%  24.0 102097s
 121021 111200 165591.479   75 4105 4398.14561 197582.079  4392%  24.0 102740s
 121328 111604 164014.275   87 3322 4398.14561 197582.079  4392%  24.0 103429s
 121738 111785 163728.041  100 3180 4398.14561 197582.079  4392%  24.1 103867s
 121919 112249 163434.867  108 3056 4398.14561 197582.079  4392%  24.1 104534s
 122389 113569 162611.020  121 2793 4398.14561 197582.079  4392%  24.1 105183s
 123719 114916 158419.913  134 2518 4398.14561 197582.079  4392%  24.1 105802s
 125153 115167 151103.762  145 1817 4398.14561 197582.079  4392%  24.0 106405s
 125412 116452 148600.829  153 1703 4398.14561 197574.578  4392%  24.0 106907s
 126711 117201 195451.888   30 7071 4398.14561 197550.526  4392%  23.8 107336s
 127573 118272 192915.753   38 7045 4398.14561 197550.526  4392%  23.7 107765s
 128664 118580 186288.877   58 6556 4398.14561 197550.526  4392%  23.6 108392s
 129146 119355 170589.087  113 5540 4398.14561 197550.526  4392%  23.6 109211s
 129954 120071 153270.070  226 4578 4398.14561 197550.526  4392%  23.5 109991s
 130694 120272 194471.140   41 6176 4398.14561 197550.526  4392%  23.5 110406s
 130910 120279 173309.531   87 4981 4398.14561 197550.526  4392%  23.6 110693s
 130917 120449 173308.387   88 4979 4398.14561 197550.526  4392%  23.6 111017s
 131087 121548 166773.556  126 4614 4398.14561 197550.526  4392%  23.7 111646s
 132205 121918 74133.6443  638 1212 4398.14561 197550.526  4392%  23.8 112312s
 132623 122819 195611.338   59 8107 4398.14561 197550.526  4392%  23.8 113107s
 133561 123608 192494.249   79 6928 4398.14561 197550.526  4392%  23.8 113837s
 134369 124020 181134.798  149 5408 4398.14561 197550.526  4392%  23.8 114500s
 134789 124234 156484.598  376 3835 4398.14561 197550.526  4392%  23.8 115171s
 135007 125413 127476.747  533 3169 4398.14561 197550.526  4392%  23.8 115944s
 136241 125472 8422.88021 1500   39 4398.14561 197395.609  4388%  23.7 116608s
 136347 125821 194262.604   40 6761 4398.14561 196791.938  4374%  23.7 117170s
 136726 127155 172494.954   83 5215 4398.14561 196779.680  4374%  23.7 117653s
 138108 128701 140756.296  266 3572 4398.14561 196779.680  4374%  23.6 117796s
 139700 128809 192922.429   47 8665 4398.14561 196779.680  4374%  23.5 118067s
 139826 129401 192848.990   67 8587 4398.14561 196779.680  4374%  23.5 118290s
 140433 129496 192775.531   88 8505 4398.14561 196779.680  4374%  23.5 118598s
 140528 129590 192723.573  111 8448 4398.14561 196779.680  4374%  23.5 118920s
 140622 129701 192605.646  135 8237 4398.14561 196779.680  4374%  23.5 119260s
 140733 129806 192166.339  164 7979 4398.14561 196779.680  4374%  23.5 119634s
 140838 129948 192033.087  183 7927 4398.14561 196779.680  4374%  23.5 120000s
 140984 130094 191809.033  207 7759 4398.14561 196779.680  4374%  23.5 120406s
 141130 130275 191465.711  213 7526 4398.14561 196779.680  4374%  23.5 120839s
 141311 130553 infeasible  225      4398.14561 196779.680  4374%  23.6 121396s
 141591 131231 187477.573  268 6876 4398.14561 196779.680  4374%  23.5 122632s
 142277 131432 174145.706  399 6304 4398.14561 196779.680  4374%  23.5 123784s
 142533 132417 175230.937  399 6310 4398.14561 196776.020  4374%  23.5 124115s
 143524 133981 166451.555  592 5684 4398.14561 196682.477  4372%  23.4 124400s
 145102 134557 158527.937  627 5298 4398.14561 196682.477  4372%  23.3 124585s
 145766 135122 154775.506  647 5139 4398.14561 196682.477  4372%  23.3 124777s
 146331 136403 150262.547  666 5024 4398.14561 196682.477  4372%  23.3 124981s
 147631 136997 149529.100  764 4912 4398.14561 196384.773  4365%  23.2 125145s
 148235 137348 148208.151  893 4654 4398.14561 196384.773  4365%  23.1 125325s
 148588 138342 148048.915  955 4585 4398.14561 196384.773  4365%  23.1 125493s
 149590 140537 146268.569 1135 4392 4398.14561 196384.773  4365%  23.0 125649s
 151795 142632 144273.124 1346 4214 4398.14561 196384.773  4365%  22.8 125778s
 154011 144133 139421.363 1457 3923 4398.14561 196384.773  4365%  22.5 125945s
 155552 144635 133633.651 1589 3530 4398.14561 196360.351  4365%  22.4 126006s
 156124 144942 129991.465 1746 3269 4398.14561 196360.351  4365%  22.3 126069s
 156431 145298 123945.620 1871 3007 4398.14561 196360.351  4365%  22.3 126140s
 156787 145815 115634.617 2011 2646 4398.14561 196360.351  4365%  22.3 126220s
 157304 146764 107223.750 2209 2305 4398.14561 196360.351  4365%  22.3 126319s
 158253 148843 86080.3470 2583 1514 4398.14561 196360.351  4365%  22.3 126411s
 160332 149749 42062.2413 3087  304 4398.14561 196360.351  4365%  22.1 126454s
 161397 149817 196103.852   24 8646 4398.14561 196360.351  4365%  22.0 126494s
 161467 149889 195999.768   30 8420 4398.14561 196360.351  4365%  22.0 126537s
 161539 149971 195792.628   35 8162 4398.14561 196360.351  4365%  22.0 126577s
 161621 150066 195581.418   45 7987 4398.14561 196360.351  4365%  22.0 126623s
 161716 150162 195016.471   53 7451 4398.14561 196360.351  4365%  22.0 126671s
 161812 150297 194721.676   59 7078 4398.14561 196360.351  4365%  22.1 126715s
 161947 150516 193424.136   71 6348 4398.14561 196360.351  4365%  22.1 126759s
 162170 151067 189880.063   76 6168 4398.14561 196360.351  4365%  22.1 126813s
 162745 151135 184619.816   93 5532 4398.14561 196360.351  4365%  22.0 126854s
 162819 151241 179743.509  104 5164 4398.14561 196360.351  4365%  22.0 126903s
 162927 151372 174869.648  142 4529 4398.14561 196360.351  4365%  22.0 126950s
 163058 151499 172513.214  203 4416 4398.14561 196360.351  4365%  22.0 126996s
 163185 151640 164276.029  262 4214 4398.14561 196360.351  4365%  22.0 127046s
 163328 151820 152410.730  331 4037 4398.14561 196360.351  4365%  22.0 127099s
 163512 151827 138739.925  395 3208 4398.14561 196360.351  4365%  22.0 127201s
 163519 151986 137424.873  397 3199 4398.14561 196360.351  4365%  22.0 127270s
 163678 152428 124480.590  520 2911 4398.14561 196360.351  4365%  22.0 127344s
 164124 153035 84614.4449  891 1524 4398.14561 196360.351  4365%  22.0 127413s
 164784 153104 194107.323   76 8630 4398.14561 196360.351  4365%  21.9 127480s
 164855 153206 186848.262   83 8144 4398.14561 196360.351  4365%  21.9 127560s
 164957 153294 182400.520   95 7783 4398.14561 196360.351  4365%  21.9 127616s
 165045 153382 179943.783  108 7590 4398.14561 196360.351  4365%  21.9 127708s
 165135 153505 173546.233  120 7100 4398.14561 196360.351  4365%  22.0 127776s
 165260 153639 166326.381  139 6611 4398.14561 196360.351  4365%  22.0 127837s
 165396 153838 159846.749  166 6140 4398.14561 196360.351  4365%  22.0 127913s
 165595 154102 151370.415  196 5467 4398.14561 196360.351  4365%  22.0 127973s
 165861 154456 142171.109  239 4737 4398.14561 196360.351  4365%  22.0 128058s
 166219 154813 133931.971  320 4092 4398.14561 196360.351  4365%  22.0 128147s
 166576 154819 122432.504  434 3430 4398.14561 196360.351  4365%  22.0 128330s
 166582 160761 122426.172  435 3427 4398.14561 196319.691  4364%  22.0 133155s
 172565 165641 138613.762  519 3207 4398.14561 196319.691  4364%  22.0 133377s
 177569 167238 5849.89795 1467   31 4398.14561 196288.459  4363%  21.6 133471s
 179451 167457 193819.884  104 8337 4398.14561 196288.459  4363%  21.5 133650s
 179670 168481 191435.065  140 7959 4398.14561 196288.459  4363%  21.5 134018s
 180698 170812 186242.996  290 7087 4398.14561 196288.459  4363%  21.5 134288s
 183071 171879 179407.982  426 6297 4398.14561 196288.459  4363%  21.4 134548s
 184261 172416 174741.328  498 6133 4398.14561 196288.459  4363%  21.3 134776s
 184798 173850 174433.914  561 5960 4398.14561 196288.459  4363%  21.3 135053s
 186280 174966 172950.413  614 5231 4398.14561 196288.459  4363%  21.2 135333s
 187445 175151 156253.538  656 5005 4398.14561 196246.358  4362%  21.1 135538s
 187650 175315 155314.485  710 4937 4398.14561 196246.358  4362%  21.1 135777s
 187814 175481 153775.881  763 4797 4398.14561 196246.358  4362%  21.1 136043s
 187982 175703 152454.647  803 4745 4398.14561 196246.358  4362%  21.1 136286s
 188206 175948 143072.626  869 4308 4398.14561 196246.358  4362%  21.1 136470s
 188457 176344 138888.060  945 4053 4398.14561 196246.358  4362%  21.1 136757s
 188857 177238 128068.410 1083 3505 4398.14561 196246.358  4362%  21.1 137073s
 189764 178185 119300.003 1245 3165 4398.14561 196246.358  4362%  21.1 137383s
 190731 179711 100283.941 1429 2332 4398.14561 196246.358  4362%  21.0 137678s
 192323 180025 195419.549   24 8175 4398.14561 196246.358  4362%  20.9 138273s
 192639 180936 190739.323   29 7155 4398.14561 196246.358  4362%  20.9 139440s
 193554 182035 173994.609   66 5990 4398.14561 196246.358  4362%  21.0 140287s
 194738 182298 173976.737   67 5978 4398.14561 196246.358  4362%  20.9 140761s
 195021 182737 173975.323   68 5977 4398.14561 196246.358  4362%  21.0 141026s
 195460 183644 171815.486   91 5812 4398.14561 196246.358  4362%  21.0 141509s
 196367 184894 165551.134  150 5339 4398.14561 196246.358  4362%  21.1 141840s
 197629 185984 131053.084  288 3371 4398.14561 196237.901  4362%  21.1 141990s
 198865 186273 195812.009   54 8088 4398.14561 196237.901  4362%  21.1 142105s
 199156 187060 195521.317   80 7877 4398.14561 196237.901  4362%  21.1 142253s
 199982 188237 193118.156  110 7414 4398.14561 196237.901  4362%  21.1 179997s
 201163 188513 190583.231  145 7172 4398.14561 196237.901  4362%  21.1 180103s
 201616 188777 190211.406  177 6994 4398.14561 196237.901  4362%  21.0 180225s
 201882 189148 189682.868  218 6559 4398.14561 196237.901  4362%  21.0 180341s
 202253 189593 187352.946  269 6230 4398.14561 196237.901  4362%  21.0 180460s
 202702 190130 186978.135  333 5855 4398.14561 196237.901  4362%  21.0 180583s
 203245 191417 186026.420  417 5603 4398.14561 196237.901  4362%  21.0 180726s
 204574 191859 171296.323  499 5039 4398.14561 196237.901  4362%  20.9 180839s
 205018 193444 152941.189  584 4098 4398.14561 196237.901  4362%  20.9 180994s
 206611 193814 121029.213  830 2829 4398.14561 196237.901  4362%  20.8 181057s
 207007 195124 104725.498 1039 2229 4398.14561 196237.901  4362%  20.8 181135s
 208329 196141 6856.49906 2036   28 4398.14561 196234.079  4362%  20.8 181202s
 209465 196358 193541.741  119 8191 4398.14561 196151.003  4360%  20.7 181251s
 209684 196682 191500.194  128 7980 4398.14561 196151.003  4360%  20.7 181308s
 210012 197687 189458.833  139 7796 4398.14561 196151.003  4360%  20.7 181372s
 211075 197827 187493.162  150 7670 4398.14561 196151.003  4360%  20.6 181410s
 211215 197977 187471.428  164 7656 4398.14561 196151.003  4360%  20.6 181451s
 211365 198167 187446.028  177 7642 4398.14561 196151.003  4360%  20.6 181497s
 211555 198458 185025.810  190 7450 4398.14561 196151.003  4360%  20.6 181542s
 211846 198987 180588.960  206 7102 4398.14561 196151.003  4360%  20.6 181633s
 212401 199358 173640.437  222 6650 4398.14561 196151.003  4360%  20.5 181724s
 212772 200286 171526.532  242 6487 4398.14561 196151.003  4360%  20.5 181827s
 213742 200353 167744.942  265 6158 4398.14561 196151.003  4360%  20.4 181888s
 213809 200443 161073.716  290 5696 4398.14561 196151.003  4360%  20.4 181988s
 213899 200560 150396.419  332 4987 4398.14561 196151.003  4360%  20.4 182101s
 214016 200686 142323.034  384 4406 4398.14561 196151.003  4360%  20.4 182205s
 214142 200865 130147.902  442 3670 4398.14561 196151.003  4360%  20.5 182323s
 214321 201125 113844.386  546 2875 4398.14561 196151.003  4360%  20.5 182503s
 214581 201601 78296.1535  735 1603 4398.14561 196151.003  4360%  20.5 182641s
 215090 201810 193986.040   88 8487 4398.14561 196151.003  4360%  20.4 182765s
 215299 202541 193884.310   97 8393 4398.14561 196151.003  4360%  20.5 182881s
 216088 202620 193795.617  112 8297 4398.14561 196151.003  4360%  20.4 183042s
 216167 202711 193604.411  128 8156 4398.14561 196151.003  4360%  20.5 183197s
 216258 202866 191374.761  142 7943 4398.14561 196151.003  4360%  20.5 183350s
 216415 203166 190729.577  157 7706 4398.14561 196151.003  4360%  20.5 183510s
 216721 204238 188629.250  172 7560 4398.14561 196151.003  4360%  20.5 183670s
 217823 205396 188594.466  192 7525 4398.14561 196151.003  4360%  20.4 184063s
 219035 205548 188079.131  248 7197 4398.14561 196151.003  4360%  20.4 184233s
 219189 205729 187642.152  275 6942 4398.14561 196151.003  4360%  20.4 184465s
 219378 205957 185113.935  310 6636 4398.14561 196151.003  4360%  20.4 184693s
 219606 205966 182688.808  357 6354 4398.14561 196151.003  4360%  20.4 184955s
 219615 206002 182688.645  358 6353 4398.14561 196151.003  4360%  20.4 185335s
 219651 206115 182688.514  359 6352 4398.14561 196151.003  4360%  20.4 185785s
 219768 206254 182687.739  360 6350 4398.14561 196151.003  4360%  20.4 186232s
 219909 206483 182687.603  361 6348 4398.14561 196151.003  4360%  20.5 186761s
 220142 206977 182679.497  362 6337 4398.14561 196151.003  4360%  20.5 187355s
 220648 207663 172460.682  452 6008 4398.14561 196151.003  4360%  20.5 187956s
 221336 208731 171954.762  558 5674 4398.14561 196151.003  4360%  20.5 188536s
 222433 208976 153389.054  655 4838 4398.14561 196151.003  4360%  20.5 188843s
 222686 208982 153170.041  694 4794 4398.14561 196151.003  4360%  20.5 189012s
 222692 209014 153169.047  695 4793 4398.14561 196151.003  4360%  20.5 189215s
 222724 209614 153163.820  696 4790 4398.14561 196151.003  4360%  20.5 189376s
 223326 211298 147519.048  758 4556 4398.14561 196151.003  4360%  20.5 189948s
 225037 213945 136346.362  914 4054 4398.14561 196151.003  4360%  20.5 190388s
 227720 215840 125203.914 1084 3495 4398.14561 196151.003  4360%  20.4 190483s
 229742 217063 117885.662 1227 3099 4398.14561 196151.003  4360%  20.4 190533s
 230965 218962 113354.272 1360 2821 4398.14561 196151.003  4360%  20.3 190685s
 233043 219036 4881.74540 2345   25 4398.14561 196151.003  4360%  20.2 190722s
 233165 219136 191673.500   44 6264 4398.14561 196151.003  4360%  20.2 190765s
 233265 219280 187024.887   52 5822 4398.14561 196151.003  4360%  20.2 190807s
 233409 219805 178319.663   71 5429 4398.14561 196151.003  4360%  20.2 190855s
 233934 220014 167828.399   99 4998 4398.14561 196151.003  4360%  20.2 190903s
 234188 220188 157507.014  139 4311 4398.14561 196151.003  4360%  20.2 190957s
 234364 220438 148920.959  210 3731 4398.14561 196151.003  4360%  20.2 191017s
 234614 221076 115117.778  343 2508 4398.14561 196151.003  4360%  20.2 191079s
 235263 221409 194062.908  128 8096 4398.14561 196151.003  4360%  20.2 191144s
 235596 222180 191912.469  147 7899 4398.14561 196151.003  4360%  20.2 191218s
 236410 222418 191844.337  173 7844 4398.14561 196151.003  4360%  20.2 191286s
 236648 222650 191798.245  199 7761 4398.14561 196151.003  4360%  20.2 191356s
 236880 222994 191759.694  223 7657 4398.14561 196151.003  4360%  20.2 191433s
 237232 223448 191709.201  248 7516 4398.14561 196151.003  4360%  20.2 191519s
 237686 224643 191654.285  270 7366 4398.14561 196151.003  4360%  20.2 191612s
 238883 225483 191585.908  299 7247 4398.14561 196151.003  4360%  20.2 191678s
 239851 225746 189044.641  325 6968 4398.14561 196151.003  4360%  20.1 191741s
 240114 226106 188972.974  353 6876 4398.14561 196151.003  4360%  20.1 191810s
 240474 227044 186780.993  381 6676 4398.14561 196151.003  4360%  20.1 191897s
 241484 227247 184341.201  412 6438 4398.14561 196151.003  4360%  20.0 191959s
 241687 227494 184299.667  447 6372 4398.14561 196151.003  4360%  20.0 192019s
 241938 228550 184195.852  485 6288 4398.14561 196151.003  4360%  20.0 192106s
 242998 228905 184175.976  524 6231 4398.14561 196151.003  4360%  20.0 192171s
 243375 229108 183921.308  561 6100 4398.14561 196151.003  4360%  19.9 192232s
 243578 229690 182126.489  586 5963 4398.14561 196151.003  4360%  19.9 192381s
 244170 230843 180730.490  647 5865 4398.14561 196151.003  4360%  19.9 192546s
 245336 232184 173978.834  731 5498 4398.14561 196151.003  4360%  19.9 192650s
 246679 232664 171157.296  801 5253 4398.14561 196151.003  4360%  19.8 192721s
 247259 233288 170106.744  840 5163 4398.14561 196151.003  4360%  19.8 192802s
 247883 234715 164682.819  886 4955 4398.14561 196151.003  4360%  19.8 192891s
 249411 234823 160217.982  935 4830 4398.14561 196151.003  4360%  19.7 192943s
 249519 234915 155176.394  975 4659 4398.14561 196151.003  4360%  19.7 192998s
 249613 235029 149030.769 1010 4261 4398.14561 196151.003  4360%  19.7 193051s
 249727 235185 140447.738 1063 4067 4398.14561 196151.003  4360%  19.7 193105s
 249883 235346 138520.267 1123 4021 4398.14561 196151.003  4360%  19.7 193159s
 250044 235539 135333.806 1195 3815 4398.14561 196151.003  4360%  19.7 193216s
 250237 235760 130426.246 1281 3561 4398.14561 196151.003  4360%  19.7 193276s
 250458 236077 125902.336 1382 3344 4398.14561 196151.003  4360%  19.7 193338s
 250775 236683 105109.799 1532 2459 4398.14561 196151.003  4360%  19.7 193402s
 251381 237639 86700.0613 1875 1613 4398.14561 196151.003  4360%  19.7 193478s
 252425 238638 193846.105   37 8312 4398.14561 196151.003  4360%  19.6 193589s
 253487 238713 193722.534   48 8210 4398.14561 196151.003  4360%  19.6 193691s
 253564 238826 193579.870   60 8071 4398.14561 196151.003  4360%  19.6 193812s
 253677 238956 193250.141   81 7892 4398.14561 196151.003  4360%  19.6 193947s
 253809 238962 192950.178  101 7583 4398.14561 196151.003  4360%  19.6 194062s
 253815 239062 192910.656  102 7532 4398.14561 196151.003  4360%  19.6 194174s
 253915 239196 192870.477  103 7478 4398.14561 196151.003  4360%  19.6 194287s
 254049 239394 192830.785  104 7440 4398.14561 196151.003  4360%  19.6 194393s
 254247 239662 192786.734  105 7413 4398.14561 196151.003  4360%  19.6 194566s
 254515 240679 192738.921  106 7396 4398.14561 196151.003  4360%  19.6 194808s
 255534 241392 192682.548  107 7358 4398.14561 196151.003  4360%  19.6 195023s
 256349 241474 192627.167  108 7330 4398.14561 196151.003  4360%  19.5 195502s
 256435 241900 192559.195  109 7335 4398.14561 196151.003  4360%  19.6 198141s
 256903 246258 178820.802  185 5729 4398.14561 196062.161  4358%  19.6 199178s
 261304 248235 108038.424 1183 2674 4398.14561 196062.161  4358%  19.5 199377s
 263348 248885 58070.6706 2183  748 4398.14561 196062.161  4358%  19.4 199486s
 264096 249261 193686.804   45 8198 4398.14561 196062.161  4358%  19.4 199593s
 264474 250315 193352.515   69 7946 4398.14561 196062.161  4358%  19.4 199714s
 265562 250923 190225.178   86 7299 4398.14561 196062.161  4358%  19.4 199828s
 266170 252197 189506.882   92 6728 4398.14561 196062.161  4358%  19.4 199945s
 267446 252931 187267.831  113 6617 4398.14561 196062.161  4358%  19.3 200039s
 268351 253387 184936.046  160 6249 4398.14561 196062.161  4358%  19.3 200133s
 268807 254215 184743.860  230 6051 4398.14561 196062.161  4358%  19.3 200237s
 269635 255865 184569.298  299 5847 4398.14561 196062.161  4358%  19.3 200383s
 271314 256634 184287.038  386 5542 4398.14561 196062.161  4358%  19.3 200430s
 272255 256726 184205.257  417 5479 4398.14561 196062.161  4358%  19.2 200471s
 272347 256828 183308.393  437 5445 4398.14561 196062.161  4358%  19.2 200517s
 272451 256939 180720.516  454 5487 4398.14561 196062.161  4358%  19.2 200561s
 272562 257062 180369.043  457 5482 4398.14561 196062.161  4358%  19.2 200612s
 272687 257231 178995.649  459 5473 4398.14561 196062.161  4358%  19.2 200665s
 272856 257409 177061.965  466 5463 4398.14561 196062.161  4358%  19.2 200720s
 273036 257607 175927.380  472 5405 4398.14561 196062.161  4358%  19.2 200782s
 273238 257832 173137.992  473 5434 4398.14561 196062.161  4358%  19.2 200842s
 273465 258069 170988.155  478 5422 4398.14561 196062.161  4358%  19.2 200907s
 273706 258357 171448.220  498 5374 4398.14561 196062.161  4358%  19.2 200976s
 273996 258725 168997.212  510 5383 4398.14561 196062.161  4358%  19.2 201048s
 274366 259268 167318.956  520 5339 4398.14561 196062.161  4358%  19.2 201123s
 274915 260614 166121.320  553 5270 4398.14561 196062.161  4358%  19.2 201215s
 276265 261186 163038.442  593 5100 4398.14561 196062.161  4358%  19.2 201280s
 276924 261576 160925.682  629 4986 4398.14561 196062.161  4358%  19.2 201347s
 277316 262040 160260.349  655 4880 4398.14561 196062.161  4358%  19.2 201420s
 277780 262809 157972.393  658 4838 4398.14561 196062.161  4358%  19.2 201514s
 278549 264133 157019.252  665 4752 4398.14561 196062.161  4358%  19.2 201606s
 279875 266659 156770.617  683 4681 4398.14561 196062.161  4358%  19.2 201694s
 282554 267167 154286.983  691 4619 4398.14561 196062.161  4358%  19.1 201835s
 283198 267669 150436.571  715 4492 4398.14561 196062.161  4358%  19.1 201961s
 283733 268823 147322.268  773 4253 4398.14561 196062.161  4358%  19.1 202119s
 284907 269211 142658.611  799 4088 4398.14561 196062.161  4358%  19.1 202220s
 285391 269795 137771.857  820 3940 4398.14561 196062.161  4358%  19.1 202333s
 286013 270034 139056.739  862 3916 4398.14561 196062.161  4358%  19.1 202434s
 286252 270398 133735.074  919 3676 4398.14561 196062.161  4358%  19.1 202548s
 286616 270874 129105.639 1071 3384 4398.14561 196062.161  4358%  19.1 202668s
 287100 271553 121562.898 1274 2984 4398.14561 196062.161  4358%  19.1 202796s
 287781 273031 110251.476 1590 2470 4398.14561 196062.161  4358%  19.1 202936s
 289263 275173 72757.5236 2316  936 4398.14561 196062.161  4358%  19.1 203029s
 291405 276011 23221.1949 2668   94 4398.14561 196062.161  4358%  19.0 203099s
 292380 276139 193455.476   44 8328 4398.14561 196062.161  4358%  19.0 203167s
 292510 276285 188957.012   52 7996 4398.14561 196062.161  4358%  19.0 203231s
 292656 276432 184737.804   62 7657 4398.14561 196062.161  4358%  19.0 203297s
 292805 276605 175648.622   80 7063 4398.14561 196062.161  4358%  19.0 203359s
 292978 276818 169349.549  106 6626 4398.14561 196062.161  4358%  19.0 203423s
 293191 277072 160601.704  134 5943 4398.14561 196062.161  4358%  19.0 203491s
 293445 277421 148048.438  182 5087 4398.14561 196062.161  4358%  19.0 203566s
 293796 278162 141924.040  252 4589 4398.14561 196062.161  4358%  19.0 203650s
 294537 278852 122047.385  358 3265 4398.14561 196062.161  4358%  19.0 203729s
 295319 279926 88020.1435  543 1874 4398.14561 196062.161  4358%  18.9 203868s
 296433 280032 191657.216   45 8196 4398.14561 196062.161  4358%  18.9 203940s
 296539 280199 191606.600   56 8117 4398.14561 196062.161  4358%  18.9 204028s
 296706 280368 191173.496   79 7922 4398.14561 196062.161  4358%  18.9 204125s
 296877 280652 187895.270   97 7131 4398.14561 196062.161  4358%  18.9 204242s
 297161 281410 185846.906  111 7288 4398.14561 196062.161  4358%  18.9 204368s
 297929 281718 185825.610  137 7258 4398.14561 196062.161  4358%  18.9 204516s
 298239 282095 185776.498  185 7193 4398.14561 196062.161  4358%  18.9 204679s
 298622 282128 185750.579  239 7109 4398.14561 196062.161  4358%  19.0 204906s
 298657 282564 185749.563  240 7108 4398.14561 196062.161  4358%  19.0 205088s
 299099 283855 185749.320  241 7108 4398.14561 196062.161  4358%  19.0 205316s
 300392 284407 185748.121  242 7105 4398.14561 196062.161  4358%  18.9 205511s
 301090 284939 185747.887  243 7104 4398.14561 196062.161  4358%  18.9 205667s
 301622 286094 185747.072  244 7103 4398.14561 196062.161  4358%  18.9 205835s
 302777 287276 185746.224  245 7103 4398.14561 196062.161  4358%  18.9 205980s
 303959 287921 185745.231  246 7102 4398.14561 196062.161  4358%  18.9 206093s
 304946 288228 185733.417  262 7091 4398.14561 196062.161  4358%  18.9 206199s
 305259 288683 185712.911  301 7028 4398.14561 196062.161  4358%  18.9 206324s
 305716 289631 185514.333  331 6851 4398.14561 196062.161  4358%  18.9 206459s
 306679 290105 185485.399  357 6789 4398.14561 196062.161  4358%  18.9 206595s
 307153 290902 185452.369  383 6723 4398.14561 196062.161  4358%  18.9 206758s
 307954 290908 184979.115  414 6643 4398.14561 196062.161  4358%  18.9 206955s
H307960 296790                    4398.1456133 196062.161  4358%  18.9 215474s
 313960 298167 145730.454 1413 4624 4398.14561 195951.804  4355%  19.0 215763s
 315556 298434 141340.199 1515 4391 4398.14561 195921.626  4355%  19.0 215929s
 315823 298843 139920.918 1590 4257 4398.14561 195921.626  4355%  19.0 216092s
 316234 299412 134102.869 1751 3953 4398.14561 195921.626  4355%  19.0 216265s
 316805 300385 128660.923 1981 3620 4398.14561 195921.626  4355%  19.0 216465s
 317788 301976 120947.621 2224 3154 4398.14561 195921.626  4355%  19.0 216667s
 319383 303984 83570.6770 3011 1514 4398.14561 195921.626  4355%  19.0 216857s
 321589 305213 191243.183   56 8019 4398.14561 195921.626  4355%  18.9 216999s
 322824 305324 185750.479   95 7170 4398.14561 195921.626  4355%  18.9 217100s
 322952 305468 183016.745  105 6986 4398.14561 195921.626  4355%  18.9 217261s
 323196 305635 178442.709  127 6686 4398.14561 195921.626  4355%  18.9 217345s
 323365 305885 178406.035  162 6629 4398.14561 195921.626  4355%  18.9 217434s
 323615 306142 174252.511  200 6288 4398.14561 195921.626  4355%  18.9 217541s
 323872 306520 156411.936  258 5090 4398.14561 195921.626  4355%  18.9 217650s
 324254 307342 125914.118  357 3567 4398.14561 195921.626  4355%  18.9 217770s
 325106 307653 193432.663   33 8241 4398.14561 195921.626  4355%  18.9 217880s
 325419 308039 191211.660   58 7914 4398.14561 195921.626  4355%  19.0 217992s
 325811 308599 184739.432   92 7394 4398.14561 195921.626  4355%  19.0 218120s
 326371 309348 171104.523  143 6494 4398.14561 195921.626  4355%  19.0 218244s
 327126 310424 156846.858  202 5349 4398.14561 195921.626  4355%  19.0 218398s
 328204 312016 139433.272  282 4243 4398.14561 195921.626  4355%  19.0 218516s
 329892 312529 38304.8381  735  490 4398.14561 195921.626  4355%  18.9 218618s
 330438 313076 194141.186   49 8184 4398.14561 195921.626  4355%  18.9 218718s
 330985 313632 186707.513   54 7709 4398.14561 195921.626  4355%  18.9 218862s
 331541 314635 182548.474   61 7323 4398.14561 195921.626  4355%  18.9 219024s
 332544 316867 180736.568   62 7188 4398.14561 195921.626  4355%  18.9 219138s
H333717 316867                    4398.1456409 195921.626  4355%  19.0 219139s
 334776 318487 176536.262   69 6919 4398.14564 195921.626  4355%  18.9 219307s
 336644 318586 165410.539   79 6278 4398.14564 195921.626  4355%  18.9 219369s
 336743 319059 165238.978   80 6251 4398.14564 195921.626  4355%  18.9 219433s
 337218 319808 158785.337   84 5907 4398.14564 195921.626  4355%  18.9 219508s
 337967 320887 156344.618   88 5775 4398.14564 195921.626  4355%  18.9 219565s
 339046 321895 149766.135   90 5415 4398.14564 195921.626  4355%  18.9 219606s
 340198 322759 143899.855   94 4992 4398.14564 195921.626  4355%  18.9 219670s
 341332 322860 139049.161   96 4742 4398.14564 195921.626  4355%  18.8 219704s
 341433 322974 139206.469   99 4748 4398.14564 195921.626  4355%  18.8 219737s
 341547 323099 139029.224  102 4750 4398.14564 195921.626  4355%  18.8 219773s
 341674 323225 141455.876  103 4865 4398.14564 195921.626  4355%  18.8 219808s
 341800 323398 141453.558  105 4861 4398.14564 195921.626  4355%  18.8 219847s
 341975 323545 130608.467  113 4239 4398.14564 195921.626  4355%  18.8 219885s
 342124 323740 124330.938  118 3879 4398.14564 195921.626  4355%  18.8 219926s
 342323 323968 124110.175  121 3881 4398.14564 195921.626  4355%  18.8 219966s
 342553 324218 114437.324  129 3301 4398.14564 195921.626  4355%  18.8 220007s
 342805 324224 111914.958  137 3177 4398.14564 195921.626  4355%  18.8 220072s
 342811 324498 110220.272  138 3064 4398.14564 195921.626  4355%  18.8 220126s
 343085 324966 102475.653  145 2646 4398.14564 195921.626  4355%  18.8 220180s
 343553 325605 66363.7847  182 1246 4398.14564 195921.626  4355%  18.8 220261s
 344224 326249 195830.282   55 8309 4398.14564 195921.626  4355%  18.8 220331s
 344870 327284 193473.653   69 8036 4398.14564 195921.626  4355%  18.8 220392s
 345905 328469 191135.514   85 7825 4398.14564 195921.626  4355%  18.8 220442s
 347090 328955 188993.867   97 7668 4398.14564 195921.626  4355%  18.8 220512s
 347704 330338 188777.427  111 7550 4398.14564 195921.626  4355%  18.8 220789s
 349087 330917 180272.590  147 6895 4398.14564 195921.626  4355%  18.7 220893s
 349769 331875 176217.089  173 6648 4398.14564 195921.626  4355%  18.7 221079s
 350716 331875 192263.896   28 6366 4398.14564 195921.626  4355%  18.7 221080s
 350829 331987 172014.886  199 6323 4398.14564 195921.626  4355%  18.7 221188s
 350943 332017 167903.089  224 5986 4398.14564 195921.626  4355%  18.7 221406s
 350973 332187 167902.498  226 5984 4398.14564 195921.626  4355%  18.7 221525s
 351143 332402 159757.840  260 5347 4398.14564 195921.626  4355%  18.7 221645s
 351358 332580 148471.580  307 4696 4398.14564 195921.626  4355%  18.7 221813s
 351540 332838 133443.381  355 3849 4398.14564 195921.626  4355%  18.7 221968s
 351802 333668 106866.770  450 2601 4398.14564 195921.626  4355%  18.7 222184s
 352672 334007 194856.935   38 6810 4398.14564 195921.626  4355%  18.7 222388s
 353013 334379 183396.844   53 6201 4398.14564 195921.626  4355%  18.7 222501s
 353385 335516 183375.238   54 6203 4398.14564 195921.626  4355%  18.7 222739s
 354522 336343 176670.674   81 5816 4398.14564 195921.626  4355%  18.6 222939s
 355456 336542 166560.210  113 5254 4398.14564 195921.626  4355%  18.6 223143s
 355655 336767 155026.900  154 4497 4398.14564 195921.626  4355%  18.6 223345s
 355880 337094 146328.088  215 4068 4398.14564 195921.626  4355%  18.6 223554s
 356211 337454 135774.156  309 3510 4398.14564 195921.626  4355%  18.6 223757s
 356577 338133 118012.997  453 2778 4398.14564 195921.626  4355%  18.6 223988s
 357322 338636 193961.273   43 7828 4398.14564 195921.626  4355%  18.6 224231s
 357827 339798 193940.227   47 7808 4398.14564 195921.626  4355%  18.6 224425s
 358989 340420 191312.107   54 7641 4398.14564 195921.626  4355%  18.6 224624s
 359708 340609 181360.061   58 7106 4398.14564 195921.626  4355%  18.5 224823s
 359897 340813 176514.507   60 6794 4398.14564 195921.626  4355%  18.5 225030s
 360107 341087 176343.499   61 6819 4398.14564 195921.626  4355%  18.5 225229s
 360385 342403 174252.484   66 6681 4398.14564 195921.626  4355%  18.5 225691s
 361703 342933 167633.114   74 6283 4398.14564 195921.626  4355%  18.5 225892s
 362379 343584 161638.749   77 5886 4398.14564 195921.626  4355%  18.5 226101s
 363046 343872 154331.666   82 5537 4398.14564 195921.626  4355%  18.5 226307s
 363340 344717 148194.394   88 5182 4398.14564 195921.626  4355%  18.5 226564s
 364290 344878 142658.175   93 4755 4398.14564 195921.626  4355%  18.4 226777s
 364455 345137 135989.090   98 4418 4398.14564 195921.626  4355%  18.4 227018s
 364722 345179 133609.241   99 4300 4398.14564 195921.626  4355%  18.4 227245s
 364766 345971 135768.063  101 4423 4398.14564 195921.626  4355%  18.4 227491s
 365682 346074 129575.395  105 4056 4398.14564 195921.626  4355%  18.4 227725s
 365795 346268 123839.847  111 3719 4398.14564 195921.626  4355%  18.4 227948s
 366017 346436 115491.002  119 3303 4398.14564 195906.535  4354%  18.4 228005s
 366185 346645 108738.070  129 3013 4398.14564 195905.770  4354%  18.4 228065s
 366394 347302 93820.7594  146 2213 4398.14564 195905.770  4354%  18.4 228136s
 367089 347869 193578.925   51 8184 4398.14564 195905.770  4354%  18.4 228207s
 367685 348050 193340.922   68 7959 4398.14564 195905.770  4354%  18.4 228263s
 367870 348255 192408.654   86 7477 4398.14564 195905.770  4354%  18.4 228349s
 368079 348891 189604.569   94 6848 4398.14564 195905.770  4354%  18.4 228417s
 368741 349131 188892.923  116 6784 4398.14564 195905.770  4354%  18.4 228478s
 368983 349481 188640.288  141 6609 4398.14564 195905.770  4354%  18.4 228543s
 369335 349934 186160.445  173 6356 4398.14564 195905.770  4354%  18.4 228610s
 369798 351266 185998.629  210 6095 4398.14564 195905.770  4354%  18.4 228705s
 371130 351881 183900.859  262 5638 4398.14564 195905.770  4354%  18.3 228890s
 371836 352793 178835.945  320 5279 4398.14564 195905.770  4354%  18.3 229063s
 372748 353800 171602.190  366 5071 4398.14564 195905.770  4354%  18.3 229221s
 373869 353806 156253.842  428 4819 4398.14564 195905.770  4354%  18.2 229409s

Interrupt request received
 373875 358911 156251.418  429 4815 4398.14564 195905.770  4354%  18.2 267218s

Explored 379075 nodes (6954819 simplex iterations) in 267220.13 seconds (357753.02 work units)
Thread count was 12 (of 12 available processors)

Solution count 10: 4398.15 4398.15 4398.15 ... 4368.6

Solve interrupted
Best objective 4.398145610237e+03, best bound 1.959057703271e+05, gap 4354.2811%
Gurobi status: 11
Gurobi objective: 4398.1456
Best bound: 195905.7703
Gap: 4354.2811%
=========================

  Lida    fbuu   G3A11   G3A10
┌────────────────────────────────┐
│  27.2    41.4    48.5    44.3  │
│             322.8              │
│  30.1    38.5    48.5    44.3  │
└────────────────────────────────┘
  nsio    aubu    G3A2    G3A6

  GP42    GP72    joho    GP52
┌────────────────────────────────┐
│  27.2    31.4    21.4    27.2  │
│       214.39999999999998       │
│  27.2    31.4    21.4    27.2  │
└────────────────────────────────┘
  GP41    GP71     S9     GP51

  G4A6    G4A5    G4A3    GBOB
┌────────────────────────────────┐
│  56.9    70.1    75.1    60.3  │
│             525.5              │
│  57.1    70.6    75.1    60.3  │
└────────────────────────────────┘
  G4A7    G4A4    G4A1    G4A2

  G1A1    G1A5    G1A8    G1A3
┌────────────────────────────────┐
│  60.3    75.1    75.1    60.3  │
│       541.5999999999999        │
│  60.3    75.1    75.1    60.3  │
└────────────────────────────────┘
  G1A2    G1A6    G1A7    G1A4

  D1D1     S1     GT52    GT53
┌────────────────────────────────┐
│  17.3    16.3    35.7    35.3  │
│             189.1              │
│  17.3    16.3    18.6    32.3  │
└────────────────────────────────┘
  D2D2    G2A1     S2     GT51

  G512    G533    G534    G511
┌────────────────────────────────┐
│  50.3    68.0    70.6    57.1  │
│       455.29999999999995       │
│  17.2    65.1    70.1    56.9  │
└────────────────────────────────┘
   S8     G513    G531    G532

  G3A5    G3A8    G3A4    G3A7
┌────────────────────────────────┐
│  60.3    75.1    75.1    60.3  │
│       541.5999999999999        │
│  60.3    75.1    75.1    60.3  │
└────────────────────────────────┘
 G3A12    G3A9    G3A1    G3A3

  GT22    GT23    GT13     S4
┌────────────────────────────────┐
│  34.3    41.4    38.5    17.2  │
│             262.8              │
│  17.2    38.5    41.4    34.3  │
└────────────────────────────────┘
   S6     GT21    GT11    GT12

 Empty   Empty    GT33    GT31
┌────────────────────────────────┐
│  0.0     0.0     26.9    30.1  │
│              92.0              │
│  0.0     0.0     8.1     26.9  │
└────────────────────────────────┘
 Empty   Empty    MMMM    GT32

   S7     GP21    G523    G522
┌────────────────────────────────┐
│  17.2    31.4    41.4    34.3  │
│             228.6              │
│  17.2    31.4    38.5    17.2  │
└────────────────────────────────┘
   S5     GP22    G521    G4A8

  GP61    GP31    GP92    GP81
┌────────────────────────────────┐
│  27.2    31.4    31.4    27.2  │
│       234.39999999999998       │
│  27.2    31.4    31.4    27.2  │
└────────────────────────────────┘
  GP62    GP32    GP91    GP82

   S3     GT43    GT41   GP101
┌────────────────────────────────┐
│  17.2    38.5    41.4    27.2  │
│             248.6              │
│  27.2    31.4    38.5    27.2  │
└────────────────────────────────┘
  GP11    GP12    GT42   GP102

  G2A3    G2A6    G2A9    G2A8
┌────────────────────────────────┐
│  60.3    75.1    75.1    60.3  │
│       541.5999999999999        │
│  60.3    75.1    75.1    60.3  │
└────────────────────────────────┘
  G2A2    G2A5    G2A7    G2A4
total value: 4398.299999999999