cn8.hpc.itu.dk
nsio
/home/nsio/bachelorProject/hpc-jobs
Set parameter WLSAccessID
Set parameter WLSSecret
Set parameter LicenseID to value 2787341
Academic license 2787341 - for non-commercial use only - registered to ns___@itu.dk
Set parameter TimeLimit to value 20
Set parameter MIPGap to value 0.01
Gurobi Optimizer version 13.0.1 build v13.0.1rc0 (linux64 - "Debian GNU/Linux 13 (trixie)")

CPU model: AMD EPYC 7742 64-Core Processor, instruction set [SSE2|AVX|AVX2]
Thread count: 128 physical cores, 256 logical processors, using up to 32 threads

Non-default parameters:
TimeLimit  20
MIPGap  0.01

Academic license 2787341 - for non-commercial use only - registered to ns___@itu.dk
Optimize a model with 208 rows, 10816 columns and 21632 nonzeros (Max)
Model fingerprint: 0xfe3e2a3c
Model has 0 linear objective coefficients
Model has 3602144 quadratic objective terms
Variable types: 0 continuous, 10816 integer (10816 binary)
Coefficient statistics:
  Matrix range     [1e+00, 1e+00]
  Objective range  [0e+00, 0e+00]
  QObjective range [1e+00, 6e+01]
  Bounds range     [1e+00, 1e+00]
  RHS range        [1e+00, 1e+00]

Found heuristic solution: objective 2059.9452249
Presolve removed 0 rows and 0 columns (presolve time = 20s)...
Presolve time: 20.43s
Presolved: 208 rows, 10816 columns, 21632 nonzeros
Presolved model has 3602144 quadratic objective terms
Variable types: 0 continuous, 10816 integer (10816 binary)

Explored 0 nodes (0 simplex iterations) in 20.66 seconds (18.98 work units)
Thread count was 32 (of 256 available processors)

Solution count 1: 2059.95 

Time limit reached
Best objective 2.059945224851e+03, best bound 2.140863831358e+07, gap 1039181.9214%
Gurobi status: 9
Gurobi objective: 2059.9452
Best bound: 21408638.3136
Gap: 1039181.9214%
=========================

  GP11     S5     GBOB    G521  
┌────────────────────────────────┐
│  17.2    21.4    21.4    27.4  │
│       184.89999999999998       │
│  25.4    21.4    33.5    17.2  │
└────────────────────────────────┘
  G522     S8     G523    G1A4  

  GP51     S2     GP42    GP61  
┌────────────────────────────────┐
│  17.2    21.4    21.4    17.2  │
│       154.39999999999998       │
│  17.2    21.4    21.4    17.2  │
└────────────────────────────────┘
  G2A7    nsio    GT12    G1A5  

  Lida    GP81    G511     S6   
┌────────────────────────────────┐
│  17.2    21.4    25.9    17.2  │
│             163.4              │
│  21.7    21.4    21.4    17.2  │
└────────────────────────────────┘
  G533    GT22    GT32    G1A8  

  G4A3    G4A5    GP41    G1A3  
┌────────────────────────────────┐
│  30.4    35.9    21.4    24.3  │
│             203.9              │
│  17.2    21.4    28.5    24.8  │
└────────────────────────────────┘
  G512     S4     G1A2    G4A1  

  G3A2    GT11    GP32    G4A2  
┌────────────────────────────────┐
│  16.0    19.7    18.6    13.2  │
│       120.20000000000002       │
│  15.9    19.4    17.4    0.0   │
└────────────────────────────────┘
  GT51    GP92    GP22   Empty  

 Empty    GT53    G531   GP101  
┌────────────────────────────────┐
│  0.0     25.3    18.1    14.9  │
│             120.4              │
│  3.3     25.6    18.2    15.0  │
└────────────────────────────────┘
  D1D1    GT52    G3A9    GT33  

  G2A5    aubu    G4A4    G2A3  
┌────────────────────────────────┐
│  30.5    21.4    21.4    23.7  │
│             187.4              │
│  30.4    21.4    21.4    17.2  │
└────────────────────────────────┘
  G2A6    G534   G3A11   GP102  

  G4A8    G2A8    G513    GP12  
┌────────────────────────────────┐
│  16.5    20.4    20.7    16.8  │
│       143.79999999999998       │
│  16.2    16.1    20.4    16.7  │
└────────────────────────────────┘
  GP91    MMMM    GT23   G3A12  

  GP72    G3A5    G2A9    fbuu  
┌────────────────────────────────┐
│  24.3    35.6    28.5    17.2  │
│       221.20000000000002       │
│  29.3    28.5    33.5    24.3  │
└────────────────────────────────┘
  G3A8    GP71    G3A4    G2A4  

   S1     GT31    G4A7    GP62  
┌────────────────────────────────┐
│  20.4    21.4    21.4    17.2  │
│       160.89999999999998       │
│  20.5    21.4    21.4    17.2  │
└────────────────────────────────┘
   S3     GT13    GT21    G1A1  

  GP21    G1A7    G532    joho  
┌────────────────────────────────┐
│  17.2    21.4    21.4    17.2  │
│       174.39999999999998       │
│  17.2    21.4    31.4    27.2  │
└────────────────────────────────┘
  GT42    G2A1   G3A10    G3A3  

  GT41     S7     D2D2    G4A6  
┌────────────────────────────────┐
│  15.7    18.4    5.4     14.2  │
│       142.39999999999998       │
│  15.9    19.3    28.4    25.1  │
└────────────────────────────────┘
  GP52    GP82    G3A6    G3A1  

  G1A6     S9     G3A7   Empty  
┌────────────────────────────────┐
│  13.1    15.4    14.6    0.0   │
│              80.9              │
│  12.0    0.0     14.6    11.2  │
└────────────────────────────────┘
  GT43   Empty    GP31    G2A2  
total value: 2058.2000000000003
