cn11.hpc.itu.dk
nsio
/home/nsio/bachelorProject/hpc-jobs
Set parameter WLSAccessID
Set parameter WLSSecret
Set parameter LicenseID to value 2787341
Academic license 2787341 - for non-commercial use only - registered to ns___@itu.dk
Set parameter TimeLimit to value 82800
Set parameter MIPGap to value 0.01
Set parameter Threads to value 96
Gurobi Optimizer version 13.0.1 build v13.0.1rc0 (linux64 - "Debian GNU/Linux 13 (trixie)")

CPU model: AMD EPYC 9254 24-Core Processor, instruction set [SSE2|AVX|AVX2|AVX512]
Thread count: 48 physical cores, 96 logical processors, using up to 96 threads

Non-default parameters:
TimeLimit  82800
MIPGap  0.01
Threads  96

Academic license 2787341 - for non-commercial use only - registered to ns___@itu.dk
Optimize a model with 208 rows, 10816 columns and 21632 nonzeros (Max)
Model fingerprint: 0xfe3e2a3c
Model has 0 linear objective coefficients
Model has 3602144 quadratic objective terms
Variable types: 0 continuous, 10816 integer (10816 binary)
Coefficient statistics:
  Matrix range     [1e+00, 1e+00]
  Objective range  [0e+00, 0e+00]
  QObjective range [1e+00, 6e+01]
  Bounds range     [1e+00, 1e+00]
  RHS range        [1e+00, 1e+00]

Found heuristic solution: objective 2059.9452249
Presolve removed 0 rows and 0 columns (presolve time = 19s)...
Presolve time: 19.44s
Presolved: 208 rows, 10816 columns, 21632 nonzeros
Presolved model has 3612544 quadratic objective terms
Variable types: 0 continuous, 10816 integer (10816 binary)

Root simplex log...

Iteration    Objective       Primal Inf.    Dual Inf.      Time
       0   -0.0000000e+00   0.000000e+00   2.332057e+05     20s
    1128    1.6703482e+05   0.000000e+00   7.886639e+04     20s
    3350    2.0082432e+05   0.000000e+00   1.234404e+04     26s
    3936    2.0267483e+05   0.000000e+00   8.630779e+03     31s
    4352    2.0358657e+05   0.000000e+00   6.805369e+03     36s
    4623    2.0408202e+05   0.000000e+00   5.835319e+03     41s
    4896    2.0450191e+05   0.000000e+00   5.025608e+03     46s
    5178    2.0488181e+05   0.000000e+00   4.286115e+03     51s
    5314    2.0504424e+05   0.000000e+00   3.971965e+03     55s
    5578    2.0532037e+05   0.000000e+00   3.480167e+03     63s
    5716    2.0544637e+05   0.000000e+00   3.258980e+03     66s
    5956    2.0573496e+05   0.000000e+00   2.786104e+03     75s
    6072    2.0579898e+05   0.000000e+00   2.661787e+03     80s
    6204    2.0588026e+05   0.000000e+00   2.486755e+03     85s
    6325    2.0600576e+05   0.000000e+00   2.283974e+03     91s
    6445    2.0612250e+05   0.000000e+00   2.088663e+03     96s
    6563    2.0621591e+05   0.000000e+00   1.940231e+03    102s
    6677    2.0630983e+05   0.000000e+00   1.785309e+03    109s
    6796    2.0638051e+05   0.000000e+00   1.740442e+03    117s
    6926    2.0643182e+05   0.000000e+00   1.705650e+03    125s
    7055    2.0646821e+05   0.000000e+00   1.627091e+03    132s
    7190    2.0649919e+05   0.000000e+00   1.543006e+03    139s
    7312    2.0652477e+05   0.000000e+00   1.461077e+03    147s
    7444    2.0655028e+05   0.000000e+00   1.379901e+03    155s
    7574    2.0657429e+05   0.000000e+00   1.303615e+03    164s
    7704    2.0659569e+05   0.000000e+00   1.224212e+03    175s
    7810    2.0661473e+05   0.000000e+00   1.171259e+03    184s
    7933    2.0663307e+05   0.000000e+00   1.100749e+03    193s
    8062    2.0665472e+05   0.000000e+00   1.033292e+03    209s
    8180    2.0667148e+05   0.000000e+00   9.724224e+02    221s
    8304    2.0669060e+05   0.000000e+00   9.063785e+02    233s
    8423    2.0670769e+05   0.000000e+00   8.513436e+02    252s
    8541    2.0672316e+05   0.000000e+00   7.945189e+02    266s
    8669    2.0674072e+05   0.000000e+00   7.405888e+02    283s
    8796    2.0675698e+05   0.000000e+00   6.845642e+02    293s
    8941    2.0677400e+05   0.000000e+00   6.345347e+02    306s
    9075    2.0678707e+05   0.000000e+00   5.877225e+02    316s
    9189    2.0679749e+05   0.000000e+00   5.564576e+02    326s
    9335    2.0681369e+05   0.000000e+00   4.990062e+02    337s
    9456    2.0682347e+05   0.000000e+00   4.627228e+02    347s
    9593    2.0683793e+05   0.000000e+00   4.180636e+02    372s
    9714    2.0684948e+05   0.000000e+00   3.840890e+02    391s
    9831    2.0685943e+05   0.000000e+00   3.498931e+02    408s
    9960    2.0687139e+05   0.000000e+00   3.115345e+02    428s
   10082    2.0688235e+05   0.000000e+00   2.801140e+02    442s
   10277    2.0689967e+05   0.000000e+00   2.235151e+02    485s
   10379    2.0690744e+05   0.000000e+00   1.904577e+02    517s
   10487    2.0691681e+05   0.000000e+00   1.659154e+02    536s
   10678    2.0693115e+05   0.000000e+00   1.284764e+02    592s
   10868    2.0694113e+05   0.000000e+00   9.469590e+01    649s
   11056    2.0694730e+05   0.000000e+00   5.064284e+01    691s
   11261    2.0695047e+05   0.000000e+00   2.091392e+01    752s
   11367    2.0695152e+05   0.000000e+00   1.231715e+01    778s
   11506    2.0695253e+05   0.000000e+00   2.537645e+00    801s
   11561    2.0695281e+05   0.000000e+00   0.000000e+00    825s

Root relaxation: objective 2.069528e+05, 11561 iterations, 804.91 seconds (3471.78 work units)

    Nodes    |    Current Node    |     Objective Bounds      |     Work
 Expl Unexpl |  Obj  Depth IntInf | Incumbent    BestBd   Gap | It/Node Time

H    0     0                    2105.8853564 206952.813  9727%     - 1374s
     0     0 206952.813    0 10298 2105.88536 206952.813  9727%     - 1374s
H    0     0                    2407.6480671 206952.813  8496%     - 1374s
H    0     0                    2414.2611185 206952.813  8472%     - 1374s
H    0     0                    2438.8567190 206952.813  8386%     - 1374s
H    0     0                    2468.8567102 206952.813  8283%     - 1374s
H    0     0                    2468.8567128 206952.813  8283%     - 1374s
H    0     0                    2476.7452490 206952.813  8256%     - 1374s
H    0     0                    2486.3321820 206952.813  8224%     - 1374s
H    0     0                    2486.3321891 206952.813  8224%     - 1374s
H    0     0                    2493.6011129 206952.813  8199%     - 1375s
H    0     0                    2500.4743203 206952.813  8177%     - 1375s
H    0     0                    2500.4743207 206952.813  8177%     - 1375s
H    0     0                    2500.4743210 206952.813  8177%     - 1375s
H    0     0                    2509.4185832 206952.813  8147%     - 1375s
H    0     0                    2509.4185892 206952.813  8147%     - 1375s
H    0     0                    2579.4185883 206952.813  7923%     - 1376s
H    0     0                    2655.6317941 206952.813  7693%     - 1377s
H    0     0                    2667.5672980 206952.813  7658%     - 1377s
H    0     0                    2673.5607205 206952.813  7641%     - 1377s
H    0     0                    2687.7028557 206952.813  7600%     - 1378s
H    0     0                    2687.7028584 206952.813  7600%     - 1378s
H    0     0                    2695.4962066 206952.813  7578%     - 1378s
H    0     0                    2753.7804862 206952.813  7415%     - 1378s
H    0     0                    2755.5914082 206952.813  7410%     - 1378s
H    0     0                    2755.5914087 206952.813  7410%     - 1378s
H    0     0                    2759.7335354 206952.813  7399%     - 1378s
H    0     0                    2759.7335390 206952.813  7399%     - 1378s
H    0     0                    2759.7335424 206952.813  7399%     - 1378s
H    0     0                    2767.0870293 206952.813  7379%     - 1378s
     0     0 206951.989    0 10298 2767.08703 206951.989  7379%     - 1398s
H    0     0                    2996.2293041 206951.989  6807%     - 1415s
H    0     0                    3107.2091762 206951.989  6560%     - 1415s
H    0     0                    3123.1414663 206951.989  6526%     - 1418s
H    0     0                    3140.6169961 206951.989  6490%     - 1419s
H    0     0                    3140.8027399 206951.989  6489%     - 1423s
H    0     0                    3141.4351985 206951.989  6488%     - 1423s
H    0     0                    3170.8027392 206951.989  6427%     - 1423s
H    0     0                    3229.5337035 206951.989  6308%     - 1423s
H    0     0                    3249.5337082 206951.989  6269%     - 1423s
H    0     0                    3269.5337039 206951.989  6230%     - 1426s
H    0     0                    3269.5337048 206951.989  6230%     - 1426s
H    0     0                    3284.8905085 206951.989  6200%     - 1426s
H    0     0                    3297.5913878 206951.989  6176%     - 1426s
H    0     0                    3302.8670598 206951.989  6166%     - 1426s
H    0     0                    3307.9266512 206951.989  6156%     - 1426s
H    0     0                    3307.9266538 206951.989  6156%     - 1429s
H    0     0                    3307.9266798 206951.989  6156%     - 1429s
H    0     0                    3322.2344932 206951.989  6129%     - 1429s
H    0     0                    3322.7536724 206951.989  6128%     - 1429s
H    0     0                    3327.9266632 206951.989  6119%     - 1429s
H    0     0                    3328.2834524 206951.989  6118%     - 1429s
H    0     0                    3328.2834731 206951.989  6118%     - 1429s
H    0     0                    3342.1396590 206951.989  6092%     - 1429s
H    0     0                    3361.0839445 206951.989  6057%     - 1429s
H    0     0                    3365.8151298 206951.989  6049%     - 1430s
H    0     0                    3380.6172544 206951.989  6022%     - 1430s
H    0     0                    3385.4730071 206951.989  6013%     - 1430s
H    0     0                    3385.4730076 206951.989  6013%     - 1431s
H    0     0                    3390.2041923 206951.989  6004%     - 1431s
H    0     0                    3399.1484398 206951.989  5988%     - 1431s
H    0     0                    3410.1566042 206951.989  5969%     - 1431s
H    0     0                    3418.0451652 206951.989  5955%     - 1431s
H    0     2                    3472.3394816 206951.989  5860%     - 1508s
     0     2 206951.989    0 10298 3472.33948 206951.989  5860%     - 1508s
H    1     4                    3472.4764715 206951.989  5860%   0.0 1662s
     3     7 206928.631    2 10273 3472.47647 206928.631  5859%   4.7 1870s
     6    14 206913.261    3 10260 3472.47647 206913.261  5859%  37.8 1994s
H   13    28                    3472.4764724 206912.220  5859%  69.2 2134s
H   13    28                    3507.7574081 206912.220  5799%  69.2 2134s
H   15    28                    3520.7486380 206896.559  5776%  61.9 2134s
H   17    28                    3527.7574043 206896.559  5765%  55.5 2134s
H   19    28                    3529.2262169 206896.559  5762%  49.9 2134s
H   21    28                    3552.1536529 206896.559  5725%  53.6 2134s
    27    55 206877.020    5 10234 3552.15365 206877.020  5724%  79.7 2253s
H   54   109                    3570.8202960 206875.155  5693%  81.1 2451s
H   60   109                    3576.0167861 206846.908  5684%  73.8 2451s
H   72   109                    3819.1310776 206846.908  5316%  64.6 2451s
H  100   109                    3826.6829617 206846.908  5305%  77.2 2451s
   108   204 206827.331    7 10208 3826.68296 206827.331  5305%  82.7 2649s
H  203   573                    3826.6829647 206825.423  5305%  82.3 2905s
H  572   653                    3832.6152809 206825.423  5296%  37.0 3033s
H  573   653                    3840.5442240 206825.423  5285%  36.9 3033s
H  574   653                    3848.9251475 206825.423  5274%  36.9 3033s
H  581   653                    3900.0760580 206825.423  5203%  36.8 3033s
H  595   653                    3900.8372725 206825.423  5202%  36.2 3033s
H  605   653                    3905.0760728 206825.423  5196%  36.0 3033s
   652   861 196398.039   12 9498 3905.07607 206825.423  5196%  35.1 3222s
H  662   861                    3905.0760732 206825.423  5196%  34.7 3222s
   860  1027 196376.908   14 9478 3905.07607 206825.423  5196%  31.1 3405s
  1026  1178 193711.002   17 9268 3905.07607 206825.423  5196%  29.0 3576s
H 1103  1178                    3905.0760737 206825.423  5196%  29.0 3576s
  1177  1336 193702.396   18 9259 3905.07607 206825.423  5196%  28.4 3753s
  1335  1500 193671.983   21 9240 3905.07607 206825.423  5196%  27.8 3941s
H 1402  1500                    3905.0760746 206825.423  5196%  27.0 3941s
H 1499  1570                    3909.2182117 206825.423  5191%  27.0 4094s
H 1500  1570                    3929.2182167 206825.423  5164%  27.1 4094s
H 1502  1570                    3956.3126978 206825.423  5128%  27.3 4094s
H 1503  1570                    4055.7095071 206825.423  5000%  27.4 4094s
H 1512  1570                    4064.4646901 206825.423  4989%  27.6 4094s
H 1516  1570                    4131.7607275 206825.423  4906%  27.8 4094s
H 1569  1646                    4131.7607283 206825.423  4906%  28.4 4217s
H 1569  1646                    4140.2210988 206825.423  4896%  28.4 4217s
H 1576  1646                    4141.7607245 206825.423  4894%  28.3 4217s
H 1577  1646                    4141.7607337 206825.423  4894%  28.4 4217s
H 1603  1646                    4145.2211249 206825.423  4889%  28.5 4217s
H 1631  1646                    4150.2211078 206825.423  4883%  28.8 4217s
  1645  1880 193665.614   22 9231 4150.22111 206825.423  4883%  28.7 4443s
H 1879  1962                    4150.2211086 206825.423  4883%  26.6 4556s
H 1879  1962                    4181.4343087 206825.423  4846%  26.6 4556s
H 1883  1962                    4184.8911375 206825.423  4842%  26.5 4556s
H 1888  1962                    4221.8266881 206825.423  4799%  26.5 4556s
H 1892  1962                    4254.3851517 206825.423  4761%  26.4 4556s
  1961  2177 191004.464   27 9035 4254.38515 206825.423  4761%  26.8 4740s
H 2176  2343                    4255.4408801 206825.423  4760%  25.4 4921s
H 2196  2343                    4255.4408810 206825.423  4760%  25.7 4921s
  2342  2512 188355.908   32 8843 4255.44088 206825.423  4760%  25.7 5089s
  2511  2709 188327.060   36 8821 4255.44088 206825.423  4760%  25.4 5289s
H 2543  2709                    4255.4408814 206825.423  4760%  25.2 5289s
H 2708  2782                    4255.9687584 206825.423  4760%  24.7 5407s
H 2709  2782                    4261.2987526 206825.423  4754%  24.7 5407s
H 2713  2782                    4261.8266263 206825.423  4753%  24.7 5407s
H 2727  2782                    4264.7400501 206825.423  4750%  24.7 5407s
H 2781  3054                    4264.7400507 206825.423  4750%  24.7 5621s
  3053  3326 188262.050   46 8775 4264.74005 206825.423  4750%  23.7 5826s
  3325  3555 188251.969   50 8771 4264.74005 206825.423  4750%  22.7 6033s
H 3333  3555                    4264.7400603 206825.423  4750%  22.6 6033s
H 3382  3555                    4264.7400657 206825.423  4750%  22.4 6033s
H 3436  3555                    4264.7400664 206825.423  4750%  22.4 6033s
  3554  3870 188241.051   54 8767 4264.74007 206825.423  4750%  22.1 6258s
H 3869  3967                    4264.7400674 206825.423  4750%  21.0 6425s
H 3871  3967                    4264.7400684 206825.423  4750%  21.0 6425s
H 3876  3967                    4264.7400715 206825.423  4750%  21.0 6425s
H 3877  3967                    4265.2679154 206825.423  4749%  21.0 6425s
H 3882  3967                    4265.2679359 206825.423  4749%  21.0 6425s
  3966  4300 188230.497   58 8763 4265.26794 206825.423  4749%  21.0 6656s
  4299  4389 188224.241   60 8761 4265.26794 206825.423  4749%  20.0 6922s
H 4301  4389                    4309.4100883 206825.423  4699%  20.0 6922s
H 4379  4389                    4309.4100925 206825.423  4699%  19.9 6922s
  4388  4724 188221.769   61 8760 4309.41009 206825.423  4699%  19.9 7147s
  4723  4810 188213.826   64 8757 4309.41009 206825.423  4699%  19.2 7423s
H 4727  4810                    4309.4100936 206825.423  4699%  19.2 7423s
H 4731  4810                    4309.4100960 206825.423  4699%  19.2 7423s
H 4764  4810                    4315.1444711 206825.423  4693%  19.2 7423s
  4809  4924 188207.290   65 8750 4315.14447 206825.423  4693%  19.2 7609s
H 4814  4924                    4335.0210049 206825.423  4671%  19.2 7609s
H 4842  4924                    4335.0210151 206825.423  4671%  19.3 7609s
  4923  5241 188200.771   66 8743 4335.02102 206825.423  4671%  19.4 7840s
H 5240  5241                    4335.0210196 206825.423  4671%  19.1 8864s
H 5240  5241                    4335.0210314 206825.423  4671%  19.1 8916s
H 5240  5241                    4335.0210455 206825.423  4671%  19.1 9019s
  5241  5242 175307.532   46 10298 4335.02105 206825.423  4671%  19.1 9751s
H 5242  4980                    4335.0210464 206825.423  4671%  19.1 11139s
  5243  4980 177918.709   38 10298 4335.02105 206825.423  4671%  19.1 11328s
H 5244  4732                    4371.7975804 206825.423  4631%  19.1 11367s
H 5244  4496                    4371.7975809 206825.423  4631%  19.1 11367s
H 5245  4274                    4371.7975857 206825.423  4631%  21.3 11493s
  5246  4274 206825.423   13 10286 4371.79759 206825.423  4631%  21.3 11618s
  5247  4277 206825.423   14 10273 4371.79759 206825.423  4631%  21.3 11715s
  5250  4280 206825.423   15 10260 4371.79759 206825.423  4631%  21.3 11881s
  5254  4289 206825.423   16 10247 4371.79759 206825.423  4631%  21.4 12017s
  5264  4302 206825.423   17 10234 4371.79759 206825.423  4631%  21.5 12137s
  5281  4327 206825.423   18 10221 4371.79759 206825.423  4631%  21.6 12257s
  5311  4371 206825.423   19 10208 4371.79759 206825.423  4631%  21.9 12418s
H 5312  4156                    4371.7975862 206825.423  4631%  21.9 12418s
H 5318  3951                    4373.6707902 206825.423  4629%  21.9 12418s
  5365  4022 206825.423   20 10195 4373.67079 206825.423  4629%  22.3 12632s
H 5451  3891                    4379.2488334 206825.423  4623%  23.0 12829s
H 5456  3706                    4396.6620133 206823.195  4604%  23.0 12829s
H 5457  3532                    4396.6620142 206823.195  4604%  23.0 12829s
H 5460  3366                    4400.3997494 206823.195  4600%  23.0 12829s
H 5464  3208                    4401.5875742 206823.195  4599%  23.0 12829s
  5542  3547 206811.378   22 10169 4401.58757 206811.378  4599%  23.0 13257s
  5907  3605 206780.122   24 10143 4401.58757 206780.122  4598%  22.8 13543s
H 5908  3455                    4403.6586419 206779.257  4596%  22.8 13543s
  6087  3551 204170.744   25 9966 4403.65864 206779.257  4596%  22.6 13854s
  6243  3658 196293.386   31 9412 4403.65864 206779.257  4596%  22.8 14107s
  6402  3787 196244.886   35 9372 4403.65864 206779.257  4596%  22.8 14340s
  6584  3919 196212.760   36 9350 4403.65864 206779.257  4596%  23.0 14568s
  6777  4055 196202.583   37 9340 4403.65864 206779.257  4596%  23.1 14788s
  6977  4147 196144.444   41 9309 4403.65864 206779.257  4596%  23.1 15631s
H 7073  3974                    4403.6586667 206779.257  4596%  23.3 15631s
  7136  4206 196119.385   44 9297 4403.65867 206779.257  4596%  23.4 15881s
  7389  4203 193599.283   35 9182 4403.65867 206779.257  4596%  23.3 16011s
H 7393  4067                    4403.6586924 206779.257  4596%  23.3 16011s
H 7458  3917                    4403.6586978 206779.257  4596%  23.3 16011s
  7470  3999 193585.713   36 9173 4403.65870 206779.257  4596%  23.4 16129s
H 7471  3878                    4403.6586986 206779.257  4596%  23.4 16129s
H 7475  3760                    4403.6587005 206779.257  4596%  23.3 16129s
H 7477  3650                    4403.6587031 206779.257  4596%  23.3 16129s
H 7483  3544                    4403.6587039 206779.257  4596%  23.4 16129s
H 7511  3435                    4403.6587047 206779.257  4596%  23.3 16129s
  7556  3707 193584.375   37 9172 4403.65870 206779.257  4596%  23.4 16356s
  7843  3877 193516.993   42 9127 4403.65870 206779.257  4596%  22.9 16583s
  8108  4033 193406.653   57 9067 4403.65870 206779.257  4596%  22.7 16791s
  8353  4196 190875.164   45 8942 4403.65870 206779.257  4596%  22.5 17010s
  8597  4373 190846.299   48 8925 4403.65870 206779.257  4596%  22.2 17230s
  8856  4374 190796.372   54 8891 4403.65870 206779.257  4596%  21.9 17385s
  8943  4508 190795.396   55 8890 4403.65870 206779.257  4596%  22.0 17593s
  9106  4687 190758.959   62 8862 4403.65870 206779.257  4596%  21.8 17814s
  9339  4884 190718.969   68 8835 4403.65870 206779.257  4596%  21.6 18043s
  9614  4883 190689.792   72 8817 4403.65870 206779.257  4596%  21.3 18174s
  9705  5113 190679.163   73 8809 4403.65870 206779.257  4596%  21.3 18427s
  9965  5288 190651.042   78 8790 4403.65870 206779.257  4596%  21.2 18664s
 10227  5493 190622.078   84 8770 4403.65870 206779.257  4596%  21.2 18902s
 10519  5726 190608.430   89 8765 4403.65870 206779.257  4596%  21.0 19170s
 10849  5941 190571.790   96 8751 4403.65870 206779.257  4596%  20.8 19456s
 11174  6342 190559.221  101 8746 4403.65870 206779.257  4596%  20.7 19775s
 11586  6772 190537.680  109 8738 4403.65870 206779.257  4596%  20.5 20122s
 12016  7232 190515.162  115 8725 4403.65870 206779.257  4596%  20.4 20460s
 12476  7413 190457.177  123 8668 4403.65870 206779.257  4596%  20.5 20746s
 12657  7507 190436.247  126 8651 4403.65870 206779.257  4596%  20.5 20953s
 12751  7937 190426.335  127 8643 4403.65870 206779.257  4596%  20.6 21250s
 13181  8390 190418.947  128 8635 4403.65870 206779.257  4596%  20.5 21590s
 13634  8494 190409.019  129 8627 4403.65870 206779.257  4596%  20.4 21788s
 13746  8866 190400.980  130 8619 4403.65870 206779.257  4596%  20.4 22107s
 14129  8966 190393.760  131 8611 4403.65870 206765.689  4595%  20.2 22341s
 14229  9402 190385.301  132 8603 4403.65870 206765.689  4595%  20.3 22676s
 14665  9774 190375.601  133 8595 4403.65870 206765.689  4595%  20.2 23007s
 15037 10292 190367.510  134 8587 4403.65870 206765.689  4595%  20.0 23373s
 15555 10855 190366.215  135 8586 4403.65870 206765.689  4595%  19.7 23733s
 16118 11423 190358.942  136 8578 4403.65870 206765.689  4595%  19.5 24109s
 16686 11519 190351.283  137 8570 4403.65870 206765.689  4595%  19.4 24341s
H16688 11519                    4403.6587057 206765.689  4595%  19.4 24341s
 16782 12057 190342.067  138 8562 4403.65871 206765.689  4595%  19.4 24796s
 17320 12526 190331.107  139 8554 4403.65871 206765.689  4595%  19.2 25177s
 17789 13229 190322.229  140 8546 4403.65871 206765.689  4595%  19.1 25593s
 18492 14027 190316.043  141 8538 4403.65871 206765.689  4595%  19.0 26042s
 19290 14896 190309.393  142 8530 4403.65871 206765.689  4595%  19.0 26467s
 20159 14994 190301.490  143 8522 4403.65871 206765.689  4595%  18.9 27397s
 20286 15827 190293.026  144 8514 4403.65871 206765.689  4595%  18.8 27884s
 21119 16782 190275.279  148 8503 4403.65871 206765.689  4595%  18.7 28411s
 22074 17872 190233.683  155 8475 4403.65871 206765.689  4595%  18.6 28910s
 23164 19155 190205.531  160 8463 4403.65871 206765.689  4595%  18.5 29464s
 24447 20546 190094.741  174 8400 4403.65871 206765.689  4595%  18.3 29994s
 25838 21941 188044.577  188 8284 4403.65871 206765.689  4595%  18.1 30511s
 27233 23424 187927.666  199 8203 4403.65871 206765.689  4595%  18.0 30969s
 28716 25142 185441.560  207 8013 4403.65871 206765.689  4595%  18.0 31463s
 30434 25550 185374.387  214 7970 4403.65871 206765.689  4595%  17.8 32234s
 30842 26939 185366.839  215 7963 4403.65871 206765.689  4595%  17.7 32774s
H31215 26939                    4403.6587085 206765.689  4595%  17.6 32774s
 32239 27035 185307.086  222 7914 4403.65871 206765.689  4595%  17.4 33570s
H32240 27035                    4403.6587091 206765.689  4595%  17.4 33570s
H32241 27035                    4403.6587112 206765.689  4595%  17.4 33570s
H32285 27035                    4403.6587141 206765.689  4595%  17.4 33570s
 32335 29133 185298.672  223 7907 4403.65871 206765.689  4595%  17.4 34092s
 34451 29229 185219.121  231 7851 4403.65871 206765.689  4595%  17.1 34698s
H34452 29229                    4403.6587149 206765.689  4595%  17.1 34698s
H34461 29229                    4403.6587172 206765.689  4595%  17.1 34698s
 34547 31453 185207.870  232 7844 4403.65872 206765.689  4595%  17.1 35207s
 36789 31549 185094.727  244 7766 4403.65872 206765.689  4595%  16.8 35967s
H36793 31549                    4403.6587176 206765.689  4595%  16.8 35967s
H36802 31549                    4403.6587182 206765.689  4595%  16.8 35967s
H36828 31549                    4403.6587187 206765.689  4595%  16.8 35967s
H36837 31549                    4403.6587199 206765.689  4595%  16.8 35967s
H36881 31549                    4403.6587212 206765.689  4595%  16.8 35967s
 36885 32987 185086.800  245 7759 4403.65872 206765.689  4595%  16.8 36789s
 38323 35542 185026.368  250 7724 4403.65872 206765.689  4595%  16.7 37284s
 40910 37601 184898.853  263 7651 4403.65872 206765.689  4595%  16.2 38238s
 43011 39952 184763.803  273 7581 4403.65872 206765.689  4595%  16.1 38809s
 45417 42323 184639.651  288 7524 4403.65872 206765.689  4595%  15.9 39432s
 47880 44557 184578.064  300 7488 4403.65872 206765.689  4595%  15.8 40033s
 50172 48333 184561.320  311 7477 4403.65872 206765.689  4595%  15.6 41037s
 53955 48429 184525.122  332 7456 4403.65872 206765.689  4595%  15.4 42078s
 54051 49924 184522.786  333 7455 4403.65872 206765.689  4595%  15.4 42692s
 55546 52355 184500.073  345 7471 4403.65872 206765.689  4595%  15.3 43266s
 58023 54825 184481.597  353 7463 4403.65872 206765.689  4595%  15.0 43814s
 60505 56992 184455.027  364 7452 4403.65872 206765.689  4595%  14.7 44433s
 62825 58773 184431.312  374 7442 4403.65872 206765.689  4595%  14.5 45117s
 64685 60304 184412.346  383 7433 4403.65872 206765.689  4595%  14.3 45862s
 66287 61812 184385.981  394 7422 4403.65872 206621.334  4592%  14.3 46602s
 67795 62067 184359.966  406 7410 4403.65872 206481.672  4589%  14.2 47638s
 68058 62167 184348.341  408 7402 4403.65872 206481.672  4589%  14.2 48880s
 68192 64047 184345.520  409 7401 4403.65872 206481.672  4589%  14.2 49845s
 70132 66082 184304.735  424 7380 4403.65872 206481.672  4589%  14.3 50778s
 72203 68500 184266.834  441 7363 4403.65872 206481.672  4589%  14.2 51871s
 74622 71182 184226.486  458 7346 4403.65872 206481.672  4589%  14.1 52846s
 77306 71278 184180.999  477 7327 4403.65872 206481.672  4589%  13.9 53552s
 77402 71524 184180.889  478 7326 4403.65872 206481.672  4589%  13.9 54394s
 77648 71709 184179.522  479 7325 4403.65872 206481.672  4589%  13.9 55338s
 77935 72285 184176.485  480 7324 4403.65872 206481.672  4589%  13.9 56340s
 78521 73080 184173.555  481 7323 4403.65872 206481.672  4589%  13.9 57780s
 79404 73176 184172.455  482 7322 4403.65872 206481.672  4589%  13.8 58914s
 79500 76761 184169.944  483 7321 4403.65872 206481.672  4589%  13.8 60526s
 83123 80746 184087.700  515 7289 4403.65872 206481.672  4589%  13.7 61965s
 87108 84726 184002.456  547 7257 4403.65872 206481.672  4589%  13.6 63377s
 91182 85695 183931.721  574 7230 4403.65872 206481.672  4589%  13.4 64605s
 92194 89510 183928.912  575 7229 4403.65872 206481.672  4589%  13.3 66293s
 96049 93297 183817.187  615 7189 4403.65872 206481.672  4589%  13.2 68065s
 99868 97946 183726.601  645 7141 4403.65872 206481.672  4589%  13.2 70026s
 104567 104138 183388.760  681 7002 4403.65872 206481.672  4589%  13.3 75445s
 110927 109070 181291.459  722 6725 4403.65872 206481.672  4589%  13.7 77295s
 115937 112857 181069.233  754 6579 4403.65872 206481.672  4589%  13.8 79023s
 119774 119102 180588.383  786 6023 4403.65872 206481.672  4589%  14.0 80861s
H126231 121756                    4403.6587229 206481.672  4589%  14.1 82207s
 129080 127865 174867.841  833 5833 4403.65872 206481.672  4589%  13.9 82830s

Explored 135307 nodes (1880590 simplex iterations) in 82839.77 seconds (203627.48 work units)
Thread count was 96 (of 96 available processors)

Solution count 10: 4403.66 4403.66 4403.66 ... 4403.66

Time limit reached
Best objective 4.403658715870e+03, best bound 2.064816721575e+05, gap 4588.8664%
Gurobi status: 9
Gurobi objective: 4403.6587
Best bound: 206481.6722
Gap: 4588.8664%
=========================

   S1      S2     GT51    GT52  
┌────────────────────────────────┐
│  17.2    21.4    41.4    34.3  │
│             208.6              │
│  17.2    21.4    38.5    17.2  │
└────────────────────────────────┘
   S6      S9     GT53     S5   

  Lida    nsio    G2A1   Empty  
┌────────────────────────────────┐
│  24.2    29.9    13.6    0.0   │
│             156.5              │
│  34.1    43.7    11.0    0.0   │
└────────────────────────────────┘
  fbuu    aubu    MMMM   Empty  

  G4A2    G4A1    G4A4    G4A5  
┌────────────────────────────────┐
│  60.3    75.1    70.6    57.1  │
│             525.5              │
│  60.3    75.1    70.1    56.9  │
└────────────────────────────────┘
  GBOB    G4A3    G4A7    G4A6  

  GP51    GT41    GT42    GP41  
┌────────────────────────────────┐
│  27.2    38.5    41.4    27.2  │
│       248.59999999999997       │
│  27.2    21.4    38.5    27.2  │
└────────────────────────────────┘
  GP52     S7     GT43    GP42  

  GP62    GP71    GT11    joho  
┌────────────────────────────────┐
│  27.2    31.4    38.5    17.2  │
│       248.60000000000002       │
│  27.2    31.4    41.4    34.3  │
└────────────────────────────────┘
  GP61    GP72    GT12    GT13  

  G513    G512    G531    G511  
┌────────────────────────────────┐
│  50.3    68.0    70.6    57.1  │
│       455.29999999999995       │
│  17.2    65.1    70.1    56.9  │
└────────────────────────────────┘
  G4A8    G532    G534    G533  

  GP21    GP22    G521    GP31  
┌────────────────────────────────┐
│  27.2    31.4    38.5    27.2  │
│             248.6              │
│  17.2    38.5    41.4    27.2  │
└────────────────────────────────┘
   S4     G523    G522    GP32  

  G2A6    G2A2    G2A5    G2A3  
┌────────────────────────────────┐
│  60.3    75.1    75.1    60.3  │
│       541.5999999999999        │
│  60.3    75.1    75.1    60.3  │
└────────────────────────────────┘
  G2A9    G2A4    G2A8    G2A7  

  G3A7   G3A11    G3A8    G3A9  
┌────────────────────────────────┐
│  60.3    75.1    75.1    60.3  │
│       541.5999999999999        │
│  60.3    75.1    75.1    60.3  │
└────────────────────────────────┘
  G3A6    G3A3   G3A12   G3A10  

  GP82    GT31    GP11    GP12  
┌────────────────────────────────┐
│  27.2    38.5    31.4    27.2  │
│             248.6              │
│  27.2    41.4    38.5    17.2  │
└────────────────────────────────┘
  GP81    GT33    GT32     S3   

 Empty    D2D2    G3A2    G3A4  
┌────────────────────────────────┐
│  0.0     16.7    39.6    38.8  │
│             190.2              │
│  0.0     16.7    39.6    38.8  │
└────────────────────────────────┘
 Empty    D1D1    G3A5    G3A1  

  GP91    GT21    GT22   GP102  
┌────────────────────────────────┐
│  27.2    38.5    41.4    27.2  │
│       248.59999999999997       │
│  27.2    21.4    38.5    27.2  │
└────────────────────────────────┘
  GP92     S8     GT23   GP101  

  G1A3    G1A2    G1A6    G1A1  
┌────────────────────────────────┐
│  60.3    75.1    75.1    60.3  │
│       541.5999999999999        │
│  60.3    75.1    75.1    60.3  │
└────────────────────────────────┘
  G1A8    G1A4    G1A7    G1A5  
total value: 4403.9
