Task 11 running algorithm: linearSwitchFromGrouped, people: 300, cohesions: 90 100
cn14.hpc.itu.dk
nsio
/home/nsio/bachelorProject/hpc-jobs
Running iterations for algorithm: linearSwitchFromGrouped
  Completed 10 iterations for size 300, cohesion 90.
  Completed 10 iterations for size 300, cohesion 100.

Results successfully written to job80583/comparison_results_linearSwitchFromGrouped_300_c90-100.json
  Completed 10 iterations for size 300, cohesion 90.
  Completed 10 iterations for size 300, cohesion 100.

Results successfully written to job80583/comparison_results_linearSwitchFromGrouped_300_c90-100.json
  Completed 10 iterations for size 300, cohesion 90.
  Completed 10 iterations for size 300, cohesion 100.

Results successfully written to job80583/comparison_results_linearSwitchFromGrouped_300_c90-100.json
  Completed 10 iterations for size 300, cohesion 90.
  Completed 10 iterations for size 300, cohesion 100.

Results successfully written to job80583/comparison_results_linearSwitchFromGrouped_300_c90-100.json
  Completed 10 iterations for size 300, cohesion 90.
  Completed 10 iterations for size 300, cohesion 100.

Results successfully written to job80583/comparison_results_linearSwitchFromGrouped_300_c90-100.json
  Completed 10 iterations for size 300, cohesion 90.
  Completed 10 iterations for size 300, cohesion 100.

Results successfully written to job80583/comparison_results_linearSwitchFromGrouped_300_c90-100.json
  Completed 10 iterations for size 300, cohesion 90.
  Completed 10 iterations for size 300, cohesion 100.

Results successfully written to job80583/comparison_results_linearSwitchFromGrouped_300_c90-100.json
  Completed 10 iterations for size 300, cohesion 90.
slurmstepd: error: *** JOB 80595 ON cn14 CANCELLED AT 2026-05-11T16:41:36 ***
slurmstepd: error: *** STEP 80595.0 ON cn14 CANCELLED AT 2026-05-11T16:41:36 ***
