Task 1 running algorithm: linearSwitchFromGrouped, people: 8, cohesions: 30 40 50
cn8.hpc.itu.dk
aubu
/home/aubu/bachelorProject/hpc-jobs
Running iterations for algorithm: linearSwitchFromGrouped
  Completed 100 iterations for size 8, cohesion 30.
  Completed 100 iterations for size 8, cohesion 40.
  Completed 100 iterations for size 8, cohesion 50.

Results successfully written to job80227/comparison_results_linearSwitchFromGrouped_8_c30-40-50.json
  Completed 100 iterations for size 8, cohesion 30.
  Completed 100 iterations for size 8, cohesion 40.
  Completed 100 iterations for size 8, cohesion 50.

Results successfully written to job80227/comparison_results_linearSwitchFromGrouped_8_c30-40-50.json
  Completed 100 iterations for size 8, cohesion 30.
  Completed 100 iterations for size 8, cohesion 40.
  Completed 100 iterations for size 8, cohesion 50.

Results successfully written to job80227/comparison_results_linearSwitchFromGrouped_8_c30-40-50.json
  Completed 100 iterations for size 8, cohesion 30.
  Completed 100 iterations for size 8, cohesion 40.
  Completed 100 iterations for size 8, cohesion 50.

Results successfully written to job80227/comparison_results_linearSwitchFromGrouped_8_c30-40-50.json
  Completed 100 iterations for size 8, cohesion 30.
  Completed 100 iterations for size 8, cohesion 40.
  Completed 100 iterations for size 8, cohesion 50.

Results successfully written to job80227/comparison_results_linearSwitchFromGrouped_8_c30-40-50.json
  Completed 100 iterations for size 8, cohesion 30.
  Completed 100 iterations for size 8, cohesion 40.
  Completed 100 iterations for size 8, cohesion 50.

Results successfully written to job80227/comparison_results_linearSwitchFromGrouped_8_c30-40-50.json
  Completed 100 iterations for size 8, cohesion 30.
  Completed 100 iterations for size 8, cohesion 40.
  Completed 100 iterations for size 8, cohesion 50.

Results successfully written to job80227/comparison_results_linearSwitchFromGrouped_8_c30-40-50.json
  Completed 100 iterations for size 8, cohesion 30.
  Completed 100 iterations for size 8, cohesion 40.
  Completed 100 iterations for size 8, cohesion 50.

Results successfully written to job80227/comparison_results_linearSwitchFromGrouped_8_c30-40-50.json
  Completed 100 iterations for size 8, cohesion 30.
  Completed 100 iterations for size 8, cohesion 40.
  Completed 100 iterations for size 8, cohesion 50.

Results successfully written to job80227/comparison_results_linearSwitchFromGrouped_8_c30-40-50.json
  Completed 100 iterations for size 8, cohesion 30.
  Completed 100 iterations for size 8, cohesion 40.
  Completed 100 iterations for size 8, cohesion 50.

Results successfully written to job80227/comparison_results_linearSwitchFromGrouped_8_c30-40-50.json
  Completed 100 iterations for size 8, cohesion 30.
  Completed 100 iterations for size 8, cohesion 40.
  Completed 100 iterations for size 8, cohesion 50.

Results successfully written to job80227/comparison_results_linearSwitchFromGrouped_8_c30-40-50.json
  Completed 100 iterations for size 8, cohesion 30.
  Completed 100 iterations for size 8, cohesion 40.
  Completed 100 iterations for size 8, cohesion 50.

Results successfully written to job80227/comparison_results_linearSwitchFromGrouped_8_c30-40-50.json
  Completed 100 iterations for size 8, cohesion 30.
  Completed 100 iterations for size 8, cohesion 40.
  Completed 100 iterations for size 8, cohesion 50.

Results successfully written to job80227/comparison_results_linearSwitchFromGrouped_8_c30-40-50.json
  Completed 100 iterations for size 8, cohesion 30.
  Completed 100 iterations for size 8, cohesion 40.
  Completed 100 iterations for size 8, cohesion 50.

Results successfully written to job80227/comparison_results_linearSwitchFromGrouped_8_c30-40-50.json
  Completed 100 iterations for size 8, cohesion 30.
  Completed 100 iterations for size 8, cohesion 40.
  Completed 100 iterations for size 8, cohesion 50.

Results successfully written to job80227/comparison_results_linearSwitchFromGrouped_8_c30-40-50.json
  Completed 100 iterations for size 8, cohesion 30.
  Completed 100 iterations for size 8, cohesion 40.
  Completed 100 iterations for size 8, cohesion 50.

Results successfully written to job80227/comparison_results_linearSwitchFromGrouped_8_c30-40-50.json
  Completed 100 iterations for size 8, cohesion 30.
  Completed 100 iterations for size 8, cohesion 40.
  Completed 100 iterations for size 8, cohesion 50.

Results successfully written to job80227/comparison_results_linearSwitchFromGrouped_8_c30-40-50.json
  Completed 100 iterations for size 8, cohesion 30.
  Completed 100 iterations for size 8, cohesion 40.
  Completed 100 iterations for size 8, cohesion 50.

Results successfully written to job80227/comparison_results_linearSwitchFromGrouped_8_c30-40-50.json
  Completed 100 iterations for size 8, cohesion 30.
  Completed 100 iterations for size 8, cohesion 40.
  Completed 100 iterations for size 8, cohesion 50.

Results successfully written to job80227/comparison_results_linearSwitchFromGrouped_8_c30-40-50.json
  Completed 100 iterations for size 8, cohesion 30.
  Completed 100 iterations for size 8, cohesion 40.
  Completed 100 iterations for size 8, cohesion 50.

Results successfully written to job80227/comparison_results_linearSwitchFromGrouped_8_c30-40-50.json
  Completed 100 iterations for size 8, cohesion 30.
  Completed 100 iterations for size 8, cohesion 40.
  Completed 100 iterations for size 8, cohesion 50.

Results successfully written to job80227/comparison_results_linearSwitchFromGrouped_8_c30-40-50.json
  Completed 100 iterations for size 8, cohesion 30.
  Completed 100 iterations for size 8, cohesion 40.
  Completed 100 iterations for size 8, cohesion 50.

Results successfully written to job80227/comparison_results_linearSwitchFromGrouped_8_c30-40-50.json
  Completed 100 iterations for size 8, cohesion 30.
  Completed 100 iterations for size 8, cohesion 40.
  Completed 100 iterations for size 8, cohesion 50.

Results successfully written to job80227/comparison_results_linearSwitchFromGrouped_8_c30-40-50.json
  Completed 100 iterations for size 8, cohesion 30.
  Completed 100 iterations for size 8, cohesion 40.
  Completed 100 iterations for size 8, cohesion 50.

Results successfully written to job80227/comparison_results_linearSwitchFromGrouped_8_c30-40-50.json
  Completed 100 iterations for size 8, cohesion 30.
  Completed 100 iterations for size 8, cohesion 40.
  Completed 100 iterations for size 8, cohesion 50.

Results successfully written to job80227/comparison_results_linearSwitchFromGrouped_8_c30-40-50.json
  Completed 100 iterations for size 8, cohesion 30.
  Completed 100 iterations for size 8, cohesion 40.
  Completed 100 iterations for size 8, cohesion 50.

Results successfully written to job80227/comparison_results_linearSwitchFromGrouped_8_c30-40-50.json
  Completed 100 iterations for size 8, cohesion 30.
  Completed 100 iterations for size 8, cohesion 40.
  Completed 100 iterations for size 8, cohesion 50.

Results successfully written to job80227/comparison_results_linearSwitchFromGrouped_8_c30-40-50.json
  Completed 100 iterations for size 8, cohesion 30.
  Completed 100 iterations for size 8, cohesion 40.
  Completed 100 iterations for size 8, cohesion 50.

Results successfully written to job80227/comparison_results_linearSwitchFromGrouped_8_c30-40-50.json
  Completed 100 iterations for size 8, cohesion 30.
  Completed 100 iterations for size 8, cohesion 40.
  Completed 100 iterations for size 8, cohesion 50.

Results successfully written to job80227/comparison_results_linearSwitchFromGrouped_8_c30-40-50.json
  Completed 100 iterations for size 8, cohesion 30.
  Completed 100 iterations for size 8, cohesion 40.
  Completed 100 iterations for size 8, cohesion 50.

Results successfully written to job80227/comparison_results_linearSwitchFromGrouped_8_c30-40-50.json
  Completed 100 iterations for size 8, cohesion 30.
  Completed 100 iterations for size 8, cohesion 40.
  Completed 100 iterations for size 8, cohesion 50.

Results successfully written to job80227/comparison_results_linearSwitchFromGrouped_8_c30-40-50.json
  Completed 100 iterations for size 8, cohesion 30.
  Completed 100 iterations for size 8, cohesion 40.
  Completed 100 iterations for size 8, cohesion 50.

Results successfully written to job80227/comparison_results_linearSwitchFromGrouped_8_c30-40-50.json
  Completed 100 iterations for size 8, cohesion 30.
  Completed 100 iterations for size 8, cohesion 40.
  Completed 100 iterations for size 8, cohesion 50.

Results successfully written to job80227/comparison_results_linearSwitchFromGrouped_8_c30-40-50.json
  Completed 100 iterations for size 8, cohesion 30.
  Completed 100 iterations for size 8, cohesion 40.
  Completed 100 iterations for size 8, cohesion 50.

Results successfully written to job80227/comparison_results_linearSwitchFromGrouped_8_c30-40-50.json
  Completed 100 iterations for size 8, cohesion 30.
  Completed 100 iterations for size 8, cohesion 40.
  Completed 100 iterations for size 8, cohesion 50.

Results successfully written to job80227/comparison_results_linearSwitchFromGrouped_8_c30-40-50.json
  Completed 100 iterations for size 8, cohesion 30.
  Completed 100 iterations for size 8, cohesion 40.
  Completed 100 iterations for size 8, cohesion 50.

Results successfully written to job80227/comparison_results_linearSwitchFromGrouped_8_c30-40-50.json
  Completed 100 iterations for size 8, cohesion 30.
  Completed 100 iterations for size 8, cohesion 40.
  Completed 100 iterations for size 8, cohesion 50.

Results successfully written to job80227/comparison_results_linearSwitchFromGrouped_8_c30-40-50.json
  Completed 100 iterations for size 8, cohesion 30.
  Completed 100 iterations for size 8, cohesion 40.
  Completed 100 iterations for size 8, cohesion 50.

Results successfully written to job80227/comparison_results_linearSwitchFromGrouped_8_c30-40-50.json
  Completed 100 iterations for size 8, cohesion 30.
  Completed 100 iterations for size 8, cohesion 40.
  Completed 100 iterations for size 8, cohesion 50.

Results successfully written to job80227/comparison_results_linearSwitchFromGrouped_8_c30-40-50.json
  Completed 100 iterations for size 8, cohesion 30.
  Completed 100 iterations for size 8, cohesion 40.
  Completed 100 iterations for size 8, cohesion 50.

Results successfully written to job80227/comparison_results_linearSwitchFromGrouped_8_c30-40-50.json
  Completed 100 iterations for size 8, cohesion 30.
  Completed 100 iterations for size 8, cohesion 40.
  Completed 100 iterations for size 8, cohesion 50.

Results successfully written to job80227/comparison_results_linearSwitchFromGrouped_8_c30-40-50.json
  Completed 100 iterations for size 8, cohesion 30.
  Completed 100 iterations for size 8, cohesion 40.
  Completed 100 iterations for size 8, cohesion 50.

Results successfully written to job80227/comparison_results_linearSwitchFromGrouped_8_c30-40-50.json
  Completed 100 iterations for size 8, cohesion 30.
  Completed 100 iterations for size 8, cohesion 40.
  Completed 100 iterations for size 8, cohesion 50.

Results successfully written to job80227/comparison_results_linearSwitchFromGrouped_8_c30-40-50.json
  Completed 100 iterations for size 8, cohesion 30.
  Completed 100 iterations for size 8, cohesion 40.
  Completed 100 iterations for size 8, cohesion 50.

Results successfully written to job80227/comparison_results_linearSwitchFromGrouped_8_c30-40-50.json
  Completed 100 iterations for size 8, cohesion 30.
  Completed 100 iterations for size 8, cohesion 40.
  Completed 100 iterations for size 8, cohesion 50.

Results successfully written to job80227/comparison_results_linearSwitchFromGrouped_8_c30-40-50.json
  Completed 100 iterations for size 8, cohesion 30.
  Completed 100 iterations for size 8, cohesion 40.
  Completed 100 iterations for size 8, cohesion 50.

Results successfully written to job80227/comparison_results_linearSwitchFromGrouped_8_c30-40-50.json
  Completed 100 iterations for size 8, cohesion 30.
  Completed 100 iterations for size 8, cohesion 40.
  Completed 100 iterations for size 8, cohesion 50.

Results successfully written to job80227/comparison_results_linearSwitchFromGrouped_8_c30-40-50.json
  Completed 100 iterations for size 8, cohesion 30.
  Completed 100 iterations for size 8, cohesion 40.
  Completed 100 iterations for size 8, cohesion 50.

Results successfully written to job80227/comparison_results_linearSwitchFromGrouped_8_c30-40-50.json
  Completed 100 iterations for size 8, cohesion 30.
  Completed 100 iterations for size 8, cohesion 40.
  Completed 100 iterations for size 8, cohesion 50.

Results successfully written to job80227/comparison_results_linearSwitchFromGrouped_8_c30-40-50.json
  Completed 100 iterations for size 8, cohesion 30.
  Completed 100 iterations for size 8, cohesion 40.
  Completed 100 iterations for size 8, cohesion 50.

Results successfully written to job80227/comparison_results_linearSwitchFromGrouped_8_c30-40-50.json
  Completed 100 iterations for size 8, cohesion 30.
  Completed 100 iterations for size 8, cohesion 40.
  Completed 100 iterations for size 8, cohesion 50.

Results successfully written to job80227/comparison_results_linearSwitchFromGrouped_8_c30-40-50.json
  Completed 100 iterations for size 8, cohesion 30.
  Completed 100 iterations for size 8, cohesion 40.
  Completed 100 iterations for size 8, cohesion 50.

Results successfully written to job80227/comparison_results_linearSwitchFromGrouped_8_c30-40-50.json
  Completed 100 iterations for size 8, cohesion 30.
  Completed 100 iterations for size 8, cohesion 40.
  Completed 100 iterations for size 8, cohesion 50.

Results successfully written to job80227/comparison_results_linearSwitchFromGrouped_8_c30-40-50.json
  Completed 100 iterations for size 8, cohesion 30.
  Completed 100 iterations for size 8, cohesion 40.
  Completed 100 iterations for size 8, cohesion 50.

Results successfully written to job80227/comparison_results_linearSwitchFromGrouped_8_c30-40-50.json
  Completed 100 iterations for size 8, cohesion 30.
  Completed 100 iterations for size 8, cohesion 40.
  Completed 100 iterations for size 8, cohesion 50.

Results successfully written to job80227/comparison_results_linearSwitchFromGrouped_8_c30-40-50.json
  Completed 100 iterations for size 8, cohesion 30.
  Completed 100 iterations for size 8, cohesion 40.
  Completed 100 iterations for size 8, cohesion 50.

Results successfully written to job80227/comparison_results_linearSwitchFromGrouped_8_c30-40-50.json
  Completed 100 iterations for size 8, cohesion 30.
  Completed 100 iterations for size 8, cohesion 40.
  Completed 100 iterations for size 8, cohesion 50.

Results successfully written to job80227/comparison_results_linearSwitchFromGrouped_8_c30-40-50.json
  Completed 100 iterations for size 8, cohesion 30.
  Completed 100 iterations for size 8, cohesion 40.
  Completed 100 iterations for size 8, cohesion 50.

Results successfully written to job80227/comparison_results_linearSwitchFromGrouped_8_c30-40-50.json
  Completed 100 iterations for size 8, cohesion 30.
  Completed 100 iterations for size 8, cohesion 40.
  Completed 100 iterations for size 8, cohesion 50.

Results successfully written to job80227/comparison_results_linearSwitchFromGrouped_8_c30-40-50.json
  Completed 100 iterations for size 8, cohesion 30.
  Completed 100 iterations for size 8, cohesion 40.
  Completed 100 iterations for size 8, cohesion 50.

Results successfully written to job80227/comparison_results_linearSwitchFromGrouped_8_c30-40-50.json
  Completed 100 iterations for size 8, cohesion 30.
  Completed 100 iterations for size 8, cohesion 40.
  Completed 100 iterations for size 8, cohesion 50.

Results successfully written to job80227/comparison_results_linearSwitchFromGrouped_8_c30-40-50.json
  Completed 100 iterations for size 8, cohesion 30.
  Completed 100 iterations for size 8, cohesion 40.
  Completed 100 iterations for size 8, cohesion 50.

Results successfully written to job80227/comparison_results_linearSwitchFromGrouped_8_c30-40-50.json
  Completed 100 iterations for size 8, cohesion 30.
  Completed 100 iterations for size 8, cohesion 40.
  Completed 100 iterations for size 8, cohesion 50.

Results successfully written to job80227/comparison_results_linearSwitchFromGrouped_8_c30-40-50.json
  Completed 100 iterations for size 8, cohesion 30.
  Completed 100 iterations for size 8, cohesion 40.
  Completed 100 iterations for size 8, cohesion 50.

Results successfully written to job80227/comparison_results_linearSwitchFromGrouped_8_c30-40-50.json
  Completed 100 iterations for size 8, cohesion 30.
  Completed 100 iterations for size 8, cohesion 40.
  Completed 100 iterations for size 8, cohesion 50.

Results successfully written to job80227/comparison_results_linearSwitchFromGrouped_8_c30-40-50.json
  Completed 100 iterations for size 8, cohesion 30.
  Completed 100 iterations for size 8, cohesion 40.
  Completed 100 iterations for size 8, cohesion 50.

Results successfully written to job80227/comparison_results_linearSwitchFromGrouped_8_c30-40-50.json
  Completed 100 iterations for size 8, cohesion 30.
  Completed 100 iterations for size 8, cohesion 40.
  Completed 100 iterations for size 8, cohesion 50.

Results successfully written to job80227/comparison_results_linearSwitchFromGrouped_8_c30-40-50.json
  Completed 100 iterations for size 8, cohesion 30.
  Completed 100 iterations for size 8, cohesion 40.
  Completed 100 iterations for size 8, cohesion 50.

Results successfully written to job80227/comparison_results_linearSwitchFromGrouped_8_c30-40-50.json
  Completed 100 iterations for size 8, cohesion 30.
  Completed 100 iterations for size 8, cohesion 40.
  Completed 100 iterations for size 8, cohesion 50.

Results successfully written to job80227/comparison_results_linearSwitchFromGrouped_8_c30-40-50.json
  Completed 100 iterations for size 8, cohesion 30.
  Completed 100 iterations for size 8, cohesion 40.
  Completed 100 iterations for size 8, cohesion 50.

Results successfully written to job80227/comparison_results_linearSwitchFromGrouped_8_c30-40-50.json
  Completed 100 iterations for size 8, cohesion 30.
  Completed 100 iterations for size 8, cohesion 40.
  Completed 100 iterations for size 8, cohesion 50.

Results successfully written to job80227/comparison_results_linearSwitchFromGrouped_8_c30-40-50.json
  Completed 100 iterations for size 8, cohesion 30.
  Completed 100 iterations for size 8, cohesion 40.
  Completed 100 iterations for size 8, cohesion 50.

Results successfully written to job80227/comparison_results_linearSwitchFromGrouped_8_c30-40-50.json
  Completed 100 iterations for size 8, cohesion 30.
  Completed 100 iterations for size 8, cohesion 40.
  Completed 100 iterations for size 8, cohesion 50.

Results successfully written to job80227/comparison_results_linearSwitchFromGrouped_8_c30-40-50.json
  Completed 100 iterations for size 8, cohesion 30.
  Completed 100 iterations for size 8, cohesion 40.
  Completed 100 iterations for size 8, cohesion 50.

Results successfully written to job80227/comparison_results_linearSwitchFromGrouped_8_c30-40-50.json
  Completed 100 iterations for size 8, cohesion 30.
  Completed 100 iterations for size 8, cohesion 40.
  Completed 100 iterations for size 8, cohesion 50.

Results successfully written to job80227/comparison_results_linearSwitchFromGrouped_8_c30-40-50.json
  Completed 100 iterations for size 8, cohesion 30.
  Completed 100 iterations for size 8, cohesion 40.
  Completed 100 iterations for size 8, cohesion 50.

Results successfully written to job80227/comparison_results_linearSwitchFromGrouped_8_c30-40-50.json
  Completed 100 iterations for size 8, cohesion 30.
  Completed 100 iterations for size 8, cohesion 40.
  Completed 100 iterations for size 8, cohesion 50.

Results successfully written to job80227/comparison_results_linearSwitchFromGrouped_8_c30-40-50.json
  Completed 100 iterations for size 8, cohesion 30.
  Completed 100 iterations for size 8, cohesion 40.
  Completed 100 iterations for size 8, cohesion 50.

Results successfully written to job80227/comparison_results_linearSwitchFromGrouped_8_c30-40-50.json
  Completed 100 iterations for size 8, cohesion 30.
  Completed 100 iterations for size 8, cohesion 40.
  Completed 100 iterations for size 8, cohesion 50.

Results successfully written to job80227/comparison_results_linearSwitchFromGrouped_8_c30-40-50.json
  Completed 100 iterations for size 8, cohesion 30.
  Completed 100 iterations for size 8, cohesion 40.
  Completed 100 iterations for size 8, cohesion 50.

Results successfully written to job80227/comparison_results_linearSwitchFromGrouped_8_c30-40-50.json
  Completed 100 iterations for size 8, cohesion 30.
  Completed 100 iterations for size 8, cohesion 40.
  Completed 100 iterations for size 8, cohesion 50.

Results successfully written to job80227/comparison_results_linearSwitchFromGrouped_8_c30-40-50.json
  Completed 100 iterations for size 8, cohesion 30.
  Completed 100 iterations for size 8, cohesion 40.
  Completed 100 iterations for size 8, cohesion 50.

Results successfully written to job80227/comparison_results_linearSwitchFromGrouped_8_c30-40-50.json
  Completed 100 iterations for size 8, cohesion 30.
  Completed 100 iterations for size 8, cohesion 40.
  Completed 100 iterations for size 8, cohesion 50.

Results successfully written to job80227/comparison_results_linearSwitchFromGrouped_8_c30-40-50.json
  Completed 100 iterations for size 8, cohesion 30.
  Completed 100 iterations for size 8, cohesion 40.
  Completed 100 iterations for size 8, cohesion 50.

Results successfully written to job80227/comparison_results_linearSwitchFromGrouped_8_c30-40-50.json
  Completed 100 iterations for size 8, cohesion 30.
  Completed 100 iterations for size 8, cohesion 40.
  Completed 100 iterations for size 8, cohesion 50.

Results successfully written to job80227/comparison_results_linearSwitchFromGrouped_8_c30-40-50.json
  Completed 100 iterations for size 8, cohesion 30.
  Completed 100 iterations for size 8, cohesion 40.
  Completed 100 iterations for size 8, cohesion 50.

Results successfully written to job80227/comparison_results_linearSwitchFromGrouped_8_c30-40-50.json
  Completed 100 iterations for size 8, cohesion 30.
  Completed 100 iterations for size 8, cohesion 40.
  Completed 100 iterations for size 8, cohesion 50.

Results successfully written to job80227/comparison_results_linearSwitchFromGrouped_8_c30-40-50.json
  Completed 100 iterations for size 8, cohesion 30.
  Completed 100 iterations for size 8, cohesion 40.
  Completed 100 iterations for size 8, cohesion 50.

Results successfully written to job80227/comparison_results_linearSwitchFromGrouped_8_c30-40-50.json
  Completed 100 iterations for size 8, cohesion 30.
  Completed 100 iterations for size 8, cohesion 40.
  Completed 100 iterations for size 8, cohesion 50.

Results successfully written to job80227/comparison_results_linearSwitchFromGrouped_8_c30-40-50.json
  Completed 100 iterations for size 8, cohesion 30.
  Completed 100 iterations for size 8, cohesion 40.
  Completed 100 iterations for size 8, cohesion 50.

Results successfully written to job80227/comparison_results_linearSwitchFromGrouped_8_c30-40-50.json
  Completed 100 iterations for size 8, cohesion 30.
  Completed 100 iterations for size 8, cohesion 40.
  Completed 100 iterations for size 8, cohesion 50.

Results successfully written to job80227/comparison_results_linearSwitchFromGrouped_8_c30-40-50.json
  Completed 100 iterations for size 8, cohesion 30.
  Completed 100 iterations for size 8, cohesion 40.
  Completed 100 iterations for size 8, cohesion 50.

Results successfully written to job80227/comparison_results_linearSwitchFromGrouped_8_c30-40-50.json
  Completed 100 iterations for size 8, cohesion 30.
  Completed 100 iterations for size 8, cohesion 40.
  Completed 100 iterations for size 8, cohesion 50.

Results successfully written to job80227/comparison_results_linearSwitchFromGrouped_8_c30-40-50.json
  Completed 100 iterations for size 8, cohesion 30.
  Completed 100 iterations for size 8, cohesion 40.
  Completed 100 iterations for size 8, cohesion 50.

Results successfully written to job80227/comparison_results_linearSwitchFromGrouped_8_c30-40-50.json
  Completed 100 iterations for size 8, cohesion 30.
  Completed 100 iterations for size 8, cohesion 40.
  Completed 100 iterations for size 8, cohesion 50.

Results successfully written to job80227/comparison_results_linearSwitchFromGrouped_8_c30-40-50.json
  Completed 100 iterations for size 8, cohesion 30.
  Completed 100 iterations for size 8, cohesion 40.
  Completed 100 iterations for size 8, cohesion 50.

Results successfully written to job80227/comparison_results_linearSwitchFromGrouped_8_c30-40-50.json
  Completed 100 iterations for size 8, cohesion 30.
  Completed 100 iterations for size 8, cohesion 40.
  Completed 100 iterations for size 8, cohesion 50.

Results successfully written to job80227/comparison_results_linearSwitchFromGrouped_8_c30-40-50.json
  Completed 100 iterations for size 8, cohesion 30.
  Completed 100 iterations for size 8, cohesion 40.
  Completed 100 iterations for size 8, cohesion 50.

Results successfully written to job80227/comparison_results_linearSwitchFromGrouped_8_c30-40-50.json
  Completed 100 iterations for size 8, cohesion 30.
  Completed 100 iterations for size 8, cohesion 40.
  Completed 100 iterations for size 8, cohesion 50.

Results successfully written to job80227/comparison_results_linearSwitchFromGrouped_8_c30-40-50.json
  Completed 100 iterations for size 8, cohesion 30.
  Completed 100 iterations for size 8, cohesion 40.
  Completed 100 iterations for size 8, cohesion 50.

Results successfully written to job80227/comparison_results_linearSwitchFromGrouped_8_c30-40-50.json

================================================================================
Algorithm                   People    Avg Score  Avg Time(s)
--------------------------------------------------------------------------------
linearSwitchFromGrouped          8        438.0       0.0881
================================================================================

Results successfully written to job80227/comparison_results_linearSwitchFromGrouped_8_c30-40-50.json
