Task 10 running algorithm: linearSwitchFromGrouped, people: 100, cohesions: 60 70 80
cn8.hpc.itu.dk
aubu
/home/aubu/bachelorProject/hpc-jobs
Running iterations for algorithm: linearSwitchFromGrouped
  Completed 100 iterations for size 100, cohesion 60.
  Completed 100 iterations for size 100, cohesion 70.
  Completed 100 iterations for size 100, cohesion 80.

Results successfully written to job80227/comparison_results_linearSwitchFromGrouped_100_c60-70-80.json
  Completed 100 iterations for size 100, cohesion 60.
  Completed 100 iterations for size 100, cohesion 70.
  Completed 100 iterations for size 100, cohesion 80.

Results successfully written to job80227/comparison_results_linearSwitchFromGrouped_100_c60-70-80.json
  Completed 100 iterations for size 100, cohesion 60.
  Completed 100 iterations for size 100, cohesion 70.
  Completed 100 iterations for size 100, cohesion 80.

Results successfully written to job80227/comparison_results_linearSwitchFromGrouped_100_c60-70-80.json
  Completed 100 iterations for size 100, cohesion 60.
  Completed 100 iterations for size 100, cohesion 70.
  Completed 100 iterations for size 100, cohesion 80.

Results successfully written to job80227/comparison_results_linearSwitchFromGrouped_100_c60-70-80.json
  Completed 100 iterations for size 100, cohesion 60.
  Completed 100 iterations for size 100, cohesion 70.
  Completed 100 iterations for size 100, cohesion 80.

Results successfully written to job80227/comparison_results_linearSwitchFromGrouped_100_c60-70-80.json
  Completed 100 iterations for size 100, cohesion 60.
  Completed 100 iterations for size 100, cohesion 70.
  Completed 100 iterations for size 100, cohesion 80.

Results successfully written to job80227/comparison_results_linearSwitchFromGrouped_100_c60-70-80.json
  Completed 100 iterations for size 100, cohesion 60.
  Completed 100 iterations for size 100, cohesion 70.
  Completed 100 iterations for size 100, cohesion 80.

Results successfully written to job80227/comparison_results_linearSwitchFromGrouped_100_c60-70-80.json
  Completed 100 iterations for size 100, cohesion 60.
  Completed 100 iterations for size 100, cohesion 70.
  Completed 100 iterations for size 100, cohesion 80.

Results successfully written to job80227/comparison_results_linearSwitchFromGrouped_100_c60-70-80.json
  Completed 100 iterations for size 100, cohesion 60.
  Completed 100 iterations for size 100, cohesion 70.
  Completed 100 iterations for size 100, cohesion 80.

Results successfully written to job80227/comparison_results_linearSwitchFromGrouped_100_c60-70-80.json
  Completed 100 iterations for size 100, cohesion 60.
  Completed 100 iterations for size 100, cohesion 70.
  Completed 100 iterations for size 100, cohesion 80.

Results successfully written to job80227/comparison_results_linearSwitchFromGrouped_100_c60-70-80.json
  Completed 100 iterations for size 100, cohesion 60.
  Completed 100 iterations for size 100, cohesion 70.
  Completed 100 iterations for size 100, cohesion 80.

Results successfully written to job80227/comparison_results_linearSwitchFromGrouped_100_c60-70-80.json
  Completed 100 iterations for size 100, cohesion 60.
  Completed 100 iterations for size 100, cohesion 70.
  Completed 100 iterations for size 100, cohesion 80.

Results successfully written to job80227/comparison_results_linearSwitchFromGrouped_100_c60-70-80.json
  Completed 100 iterations for size 100, cohesion 60.
  Completed 100 iterations for size 100, cohesion 70.
  Completed 100 iterations for size 100, cohesion 80.

Results successfully written to job80227/comparison_results_linearSwitchFromGrouped_100_c60-70-80.json
  Completed 100 iterations for size 100, cohesion 60.
  Completed 100 iterations for size 100, cohesion 70.
  Completed 100 iterations for size 100, cohesion 80.

Results successfully written to job80227/comparison_results_linearSwitchFromGrouped_100_c60-70-80.json
  Completed 100 iterations for size 100, cohesion 60.
  Completed 100 iterations for size 100, cohesion 70.
  Completed 100 iterations for size 100, cohesion 80.

Results successfully written to job80227/comparison_results_linearSwitchFromGrouped_100_c60-70-80.json
  Completed 100 iterations for size 100, cohesion 60.
  Completed 100 iterations for size 100, cohesion 70.
  Completed 100 iterations for size 100, cohesion 80.

Results successfully written to job80227/comparison_results_linearSwitchFromGrouped_100_c60-70-80.json
  Completed 100 iterations for size 100, cohesion 60.
  Completed 100 iterations for size 100, cohesion 70.
  Completed 100 iterations for size 100, cohesion 80.

Results successfully written to job80227/comparison_results_linearSwitchFromGrouped_100_c60-70-80.json
  Completed 100 iterations for size 100, cohesion 60.
  Completed 100 iterations for size 100, cohesion 70.
  Completed 100 iterations for size 100, cohesion 80.

Results successfully written to job80227/comparison_results_linearSwitchFromGrouped_100_c60-70-80.json
  Completed 100 iterations for size 100, cohesion 60.
  Completed 100 iterations for size 100, cohesion 70.
  Completed 100 iterations for size 100, cohesion 80.

Results successfully written to job80227/comparison_results_linearSwitchFromGrouped_100_c60-70-80.json
  Completed 100 iterations for size 100, cohesion 60.
  Completed 100 iterations for size 100, cohesion 70.
  Completed 100 iterations for size 100, cohesion 80.

Results successfully written to job80227/comparison_results_linearSwitchFromGrouped_100_c60-70-80.json
  Completed 100 iterations for size 100, cohesion 60.
  Completed 100 iterations for size 100, cohesion 70.
  Completed 100 iterations for size 100, cohesion 80.

Results successfully written to job80227/comparison_results_linearSwitchFromGrouped_100_c60-70-80.json
  Completed 100 iterations for size 100, cohesion 60.
  Completed 100 iterations for size 100, cohesion 70.
  Completed 100 iterations for size 100, cohesion 80.

Results successfully written to job80227/comparison_results_linearSwitchFromGrouped_100_c60-70-80.json
  Completed 100 iterations for size 100, cohesion 60.
  Completed 100 iterations for size 100, cohesion 70.
  Completed 100 iterations for size 100, cohesion 80.

Results successfully written to job80227/comparison_results_linearSwitchFromGrouped_100_c60-70-80.json
  Completed 100 iterations for size 100, cohesion 60.
  Completed 100 iterations for size 100, cohesion 70.
  Completed 100 iterations for size 100, cohesion 80.

Results successfully written to job80227/comparison_results_linearSwitchFromGrouped_100_c60-70-80.json
  Completed 100 iterations for size 100, cohesion 60.
  Completed 100 iterations for size 100, cohesion 70.
  Completed 100 iterations for size 100, cohesion 80.

Results successfully written to job80227/comparison_results_linearSwitchFromGrouped_100_c60-70-80.json
  Completed 100 iterations for size 100, cohesion 60.
  Completed 100 iterations for size 100, cohesion 70.
  Completed 100 iterations for size 100, cohesion 80.

Results successfully written to job80227/comparison_results_linearSwitchFromGrouped_100_c60-70-80.json
  Completed 100 iterations for size 100, cohesion 60.
  Completed 100 iterations for size 100, cohesion 70.
  Completed 100 iterations for size 100, cohesion 80.

Results successfully written to job80227/comparison_results_linearSwitchFromGrouped_100_c60-70-80.json
  Completed 100 iterations for size 100, cohesion 60.
  Completed 100 iterations for size 100, cohesion 70.
  Completed 100 iterations for size 100, cohesion 80.

Results successfully written to job80227/comparison_results_linearSwitchFromGrouped_100_c60-70-80.json
  Completed 100 iterations for size 100, cohesion 60.
  Completed 100 iterations for size 100, cohesion 70.
  Completed 100 iterations for size 100, cohesion 80.

Results successfully written to job80227/comparison_results_linearSwitchFromGrouped_100_c60-70-80.json
  Completed 100 iterations for size 100, cohesion 60.
  Completed 100 iterations for size 100, cohesion 70.
  Completed 100 iterations for size 100, cohesion 80.

Results successfully written to job80227/comparison_results_linearSwitchFromGrouped_100_c60-70-80.json
  Completed 100 iterations for size 100, cohesion 60.
  Completed 100 iterations for size 100, cohesion 70.
  Completed 100 iterations for size 100, cohesion 80.

Results successfully written to job80227/comparison_results_linearSwitchFromGrouped_100_c60-70-80.json
  Completed 100 iterations for size 100, cohesion 60.
  Completed 100 iterations for size 100, cohesion 70.
  Completed 100 iterations for size 100, cohesion 80.

Results successfully written to job80227/comparison_results_linearSwitchFromGrouped_100_c60-70-80.json
  Completed 100 iterations for size 100, cohesion 60.
  Completed 100 iterations for size 100, cohesion 70.
  Completed 100 iterations for size 100, cohesion 80.

Results successfully written to job80227/comparison_results_linearSwitchFromGrouped_100_c60-70-80.json
  Completed 100 iterations for size 100, cohesion 60.
  Completed 100 iterations for size 100, cohesion 70.
  Completed 100 iterations for size 100, cohesion 80.

Results successfully written to job80227/comparison_results_linearSwitchFromGrouped_100_c60-70-80.json
  Completed 100 iterations for size 100, cohesion 60.
  Completed 100 iterations for size 100, cohesion 70.
  Completed 100 iterations for size 100, cohesion 80.

Results successfully written to job80227/comparison_results_linearSwitchFromGrouped_100_c60-70-80.json
  Completed 100 iterations for size 100, cohesion 60.
  Completed 100 iterations for size 100, cohesion 70.
  Completed 100 iterations for size 100, cohesion 80.

Results successfully written to job80227/comparison_results_linearSwitchFromGrouped_100_c60-70-80.json
  Completed 100 iterations for size 100, cohesion 60.
  Completed 100 iterations for size 100, cohesion 70.
  Completed 100 iterations for size 100, cohesion 80.

Results successfully written to job80227/comparison_results_linearSwitchFromGrouped_100_c60-70-80.json
  Completed 100 iterations for size 100, cohesion 60.
  Completed 100 iterations for size 100, cohesion 70.
  Completed 100 iterations for size 100, cohesion 80.

Results successfully written to job80227/comparison_results_linearSwitchFromGrouped_100_c60-70-80.json
  Completed 100 iterations for size 100, cohesion 60.
  Completed 100 iterations for size 100, cohesion 70.
  Completed 100 iterations for size 100, cohesion 80.

Results successfully written to job80227/comparison_results_linearSwitchFromGrouped_100_c60-70-80.json
  Completed 100 iterations for size 100, cohesion 60.
  Completed 100 iterations for size 100, cohesion 70.
  Completed 100 iterations for size 100, cohesion 80.

Results successfully written to job80227/comparison_results_linearSwitchFromGrouped_100_c60-70-80.json
  Completed 100 iterations for size 100, cohesion 60.
  Completed 100 iterations for size 100, cohesion 70.
  Completed 100 iterations for size 100, cohesion 80.

Results successfully written to job80227/comparison_results_linearSwitchFromGrouped_100_c60-70-80.json
  Completed 100 iterations for size 100, cohesion 60.
  Completed 100 iterations for size 100, cohesion 70.
  Completed 100 iterations for size 100, cohesion 80.

Results successfully written to job80227/comparison_results_linearSwitchFromGrouped_100_c60-70-80.json
  Completed 100 iterations for size 100, cohesion 60.
  Completed 100 iterations for size 100, cohesion 70.
  Completed 100 iterations for size 100, cohesion 80.

Results successfully written to job80227/comparison_results_linearSwitchFromGrouped_100_c60-70-80.json
  Completed 100 iterations for size 100, cohesion 60.
  Completed 100 iterations for size 100, cohesion 70.
  Completed 100 iterations for size 100, cohesion 80.

Results successfully written to job80227/comparison_results_linearSwitchFromGrouped_100_c60-70-80.json
  Completed 100 iterations for size 100, cohesion 60.
  Completed 100 iterations for size 100, cohesion 70.
  Completed 100 iterations for size 100, cohesion 80.

Results successfully written to job80227/comparison_results_linearSwitchFromGrouped_100_c60-70-80.json
  Completed 100 iterations for size 100, cohesion 60.
  Completed 100 iterations for size 100, cohesion 70.
  Completed 100 iterations for size 100, cohesion 80.

Results successfully written to job80227/comparison_results_linearSwitchFromGrouped_100_c60-70-80.json
  Completed 100 iterations for size 100, cohesion 60.
  Completed 100 iterations for size 100, cohesion 70.
  Completed 100 iterations for size 100, cohesion 80.

Results successfully written to job80227/comparison_results_linearSwitchFromGrouped_100_c60-70-80.json
  Completed 100 iterations for size 100, cohesion 60.
  Completed 100 iterations for size 100, cohesion 70.
  Completed 100 iterations for size 100, cohesion 80.

Results successfully written to job80227/comparison_results_linearSwitchFromGrouped_100_c60-70-80.json
  Completed 100 iterations for size 100, cohesion 60.
  Completed 100 iterations for size 100, cohesion 70.
  Completed 100 iterations for size 100, cohesion 80.

Results successfully written to job80227/comparison_results_linearSwitchFromGrouped_100_c60-70-80.json
  Completed 100 iterations for size 100, cohesion 60.
  Completed 100 iterations for size 100, cohesion 70.
  Completed 100 iterations for size 100, cohesion 80.

Results successfully written to job80227/comparison_results_linearSwitchFromGrouped_100_c60-70-80.json
  Completed 100 iterations for size 100, cohesion 60.
  Completed 100 iterations for size 100, cohesion 70.
  Completed 100 iterations for size 100, cohesion 80.

Results successfully written to job80227/comparison_results_linearSwitchFromGrouped_100_c60-70-80.json
  Completed 100 iterations for size 100, cohesion 60.
  Completed 100 iterations for size 100, cohesion 70.
  Completed 100 iterations for size 100, cohesion 80.

Results successfully written to job80227/comparison_results_linearSwitchFromGrouped_100_c60-70-80.json
  Completed 100 iterations for size 100, cohesion 60.
  Completed 100 iterations for size 100, cohesion 70.
  Completed 100 iterations for size 100, cohesion 80.

Results successfully written to job80227/comparison_results_linearSwitchFromGrouped_100_c60-70-80.json
  Completed 100 iterations for size 100, cohesion 60.
  Completed 100 iterations for size 100, cohesion 70.
  Completed 100 iterations for size 100, cohesion 80.

Results successfully written to job80227/comparison_results_linearSwitchFromGrouped_100_c60-70-80.json
  Completed 100 iterations for size 100, cohesion 60.
  Completed 100 iterations for size 100, cohesion 70.
  Completed 100 iterations for size 100, cohesion 80.

Results successfully written to job80227/comparison_results_linearSwitchFromGrouped_100_c60-70-80.json
  Completed 100 iterations for size 100, cohesion 60.
  Completed 100 iterations for size 100, cohesion 70.
  Completed 100 iterations for size 100, cohesion 80.

Results successfully written to job80227/comparison_results_linearSwitchFromGrouped_100_c60-70-80.json
  Completed 100 iterations for size 100, cohesion 60.
  Completed 100 iterations for size 100, cohesion 70.
  Completed 100 iterations for size 100, cohesion 80.

Results successfully written to job80227/comparison_results_linearSwitchFromGrouped_100_c60-70-80.json
  Completed 100 iterations for size 100, cohesion 60.
  Completed 100 iterations for size 100, cohesion 70.
  Completed 100 iterations for size 100, cohesion 80.

Results successfully written to job80227/comparison_results_linearSwitchFromGrouped_100_c60-70-80.json
  Completed 100 iterations for size 100, cohesion 60.
  Completed 100 iterations for size 100, cohesion 70.
  Completed 100 iterations for size 100, cohesion 80.

Results successfully written to job80227/comparison_results_linearSwitchFromGrouped_100_c60-70-80.json
  Completed 100 iterations for size 100, cohesion 60.
  Completed 100 iterations for size 100, cohesion 70.
  Completed 100 iterations for size 100, cohesion 80.

Results successfully written to job80227/comparison_results_linearSwitchFromGrouped_100_c60-70-80.json
  Completed 100 iterations for size 100, cohesion 60.
  Completed 100 iterations for size 100, cohesion 70.
  Completed 100 iterations for size 100, cohesion 80.

Results successfully written to job80227/comparison_results_linearSwitchFromGrouped_100_c60-70-80.json
  Completed 100 iterations for size 100, cohesion 60.
  Completed 100 iterations for size 100, cohesion 70.
  Completed 100 iterations for size 100, cohesion 80.

Results successfully written to job80227/comparison_results_linearSwitchFromGrouped_100_c60-70-80.json
  Completed 100 iterations for size 100, cohesion 60.
  Completed 100 iterations for size 100, cohesion 70.
  Completed 100 iterations for size 100, cohesion 80.

Results successfully written to job80227/comparison_results_linearSwitchFromGrouped_100_c60-70-80.json
  Completed 100 iterations for size 100, cohesion 60.
  Completed 100 iterations for size 100, cohesion 70.
  Completed 100 iterations for size 100, cohesion 80.

Results successfully written to job80227/comparison_results_linearSwitchFromGrouped_100_c60-70-80.json
  Completed 100 iterations for size 100, cohesion 60.
  Completed 100 iterations for size 100, cohesion 70.
  Completed 100 iterations for size 100, cohesion 80.

Results successfully written to job80227/comparison_results_linearSwitchFromGrouped_100_c60-70-80.json
  Completed 100 iterations for size 100, cohesion 60.
  Completed 100 iterations for size 100, cohesion 70.
  Completed 100 iterations for size 100, cohesion 80.

Results successfully written to job80227/comparison_results_linearSwitchFromGrouped_100_c60-70-80.json
  Completed 100 iterations for size 100, cohesion 60.
  Completed 100 iterations for size 100, cohesion 70.
  Completed 100 iterations for size 100, cohesion 80.

Results successfully written to job80227/comparison_results_linearSwitchFromGrouped_100_c60-70-80.json
  Completed 100 iterations for size 100, cohesion 60.
  Completed 100 iterations for size 100, cohesion 70.
  Completed 100 iterations for size 100, cohesion 80.

Results successfully written to job80227/comparison_results_linearSwitchFromGrouped_100_c60-70-80.json
  Completed 100 iterations for size 100, cohesion 60.
  Completed 100 iterations for size 100, cohesion 70.
  Completed 100 iterations for size 100, cohesion 80.

Results successfully written to job80227/comparison_results_linearSwitchFromGrouped_100_c60-70-80.json
  Completed 100 iterations for size 100, cohesion 60.
  Completed 100 iterations for size 100, cohesion 70.
  Completed 100 iterations for size 100, cohesion 80.

Results successfully written to job80227/comparison_results_linearSwitchFromGrouped_100_c60-70-80.json
  Completed 100 iterations for size 100, cohesion 60.
  Completed 100 iterations for size 100, cohesion 70.
  Completed 100 iterations for size 100, cohesion 80.

Results successfully written to job80227/comparison_results_linearSwitchFromGrouped_100_c60-70-80.json
  Completed 100 iterations for size 100, cohesion 60.
  Completed 100 iterations for size 100, cohesion 70.
  Completed 100 iterations for size 100, cohesion 80.

Results successfully written to job80227/comparison_results_linearSwitchFromGrouped_100_c60-70-80.json
  Completed 100 iterations for size 100, cohesion 60.
  Completed 100 iterations for size 100, cohesion 70.
  Completed 100 iterations for size 100, cohesion 80.

Results successfully written to job80227/comparison_results_linearSwitchFromGrouped_100_c60-70-80.json
  Completed 100 iterations for size 100, cohesion 60.
  Completed 100 iterations for size 100, cohesion 70.
  Completed 100 iterations for size 100, cohesion 80.

Results successfully written to job80227/comparison_results_linearSwitchFromGrouped_100_c60-70-80.json
  Completed 100 iterations for size 100, cohesion 60.
  Completed 100 iterations for size 100, cohesion 70.
  Completed 100 iterations for size 100, cohesion 80.

Results successfully written to job80227/comparison_results_linearSwitchFromGrouped_100_c60-70-80.json
  Completed 100 iterations for size 100, cohesion 60.
  Completed 100 iterations for size 100, cohesion 70.
  Completed 100 iterations for size 100, cohesion 80.

Results successfully written to job80227/comparison_results_linearSwitchFromGrouped_100_c60-70-80.json
  Completed 100 iterations for size 100, cohesion 60.
  Completed 100 iterations for size 100, cohesion 70.
  Completed 100 iterations for size 100, cohesion 80.

Results successfully written to job80227/comparison_results_linearSwitchFromGrouped_100_c60-70-80.json
  Completed 100 iterations for size 100, cohesion 60.
  Completed 100 iterations for size 100, cohesion 70.
  Completed 100 iterations for size 100, cohesion 80.

Results successfully written to job80227/comparison_results_linearSwitchFromGrouped_100_c60-70-80.json
  Completed 100 iterations for size 100, cohesion 60.
  Completed 100 iterations for size 100, cohesion 70.
  Completed 100 iterations for size 100, cohesion 80.

Results successfully written to job80227/comparison_results_linearSwitchFromGrouped_100_c60-70-80.json
  Completed 100 iterations for size 100, cohesion 60.
  Completed 100 iterations for size 100, cohesion 70.
  Completed 100 iterations for size 100, cohesion 80.

Results successfully written to job80227/comparison_results_linearSwitchFromGrouped_100_c60-70-80.json
  Completed 100 iterations for size 100, cohesion 60.
  Completed 100 iterations for size 100, cohesion 70.
  Completed 100 iterations for size 100, cohesion 80.

Results successfully written to job80227/comparison_results_linearSwitchFromGrouped_100_c60-70-80.json
  Completed 100 iterations for size 100, cohesion 60.
  Completed 100 iterations for size 100, cohesion 70.
  Completed 100 iterations for size 100, cohesion 80.

Results successfully written to job80227/comparison_results_linearSwitchFromGrouped_100_c60-70-80.json
  Completed 100 iterations for size 100, cohesion 60.
  Completed 100 iterations for size 100, cohesion 70.
  Completed 100 iterations for size 100, cohesion 80.

Results successfully written to job80227/comparison_results_linearSwitchFromGrouped_100_c60-70-80.json
  Completed 100 iterations for size 100, cohesion 60.
  Completed 100 iterations for size 100, cohesion 70.
  Completed 100 iterations for size 100, cohesion 80.

Results successfully written to job80227/comparison_results_linearSwitchFromGrouped_100_c60-70-80.json
  Completed 100 iterations for size 100, cohesion 60.
  Completed 100 iterations for size 100, cohesion 70.
  Completed 100 iterations for size 100, cohesion 80.

Results successfully written to job80227/comparison_results_linearSwitchFromGrouped_100_c60-70-80.json
  Completed 100 iterations for size 100, cohesion 60.
  Completed 100 iterations for size 100, cohesion 70.
  Completed 100 iterations for size 100, cohesion 80.

Results successfully written to job80227/comparison_results_linearSwitchFromGrouped_100_c60-70-80.json
  Completed 100 iterations for size 100, cohesion 60.
  Completed 100 iterations for size 100, cohesion 70.
  Completed 100 iterations for size 100, cohesion 80.

Results successfully written to job80227/comparison_results_linearSwitchFromGrouped_100_c60-70-80.json
  Completed 100 iterations for size 100, cohesion 60.
  Completed 100 iterations for size 100, cohesion 70.
  Completed 100 iterations for size 100, cohesion 80.

Results successfully written to job80227/comparison_results_linearSwitchFromGrouped_100_c60-70-80.json
  Completed 100 iterations for size 100, cohesion 60.
  Completed 100 iterations for size 100, cohesion 70.
  Completed 100 iterations for size 100, cohesion 80.

Results successfully written to job80227/comparison_results_linearSwitchFromGrouped_100_c60-70-80.json
  Completed 100 iterations for size 100, cohesion 60.
  Completed 100 iterations for size 100, cohesion 70.
  Completed 100 iterations for size 100, cohesion 80.

Results successfully written to job80227/comparison_results_linearSwitchFromGrouped_100_c60-70-80.json
  Completed 100 iterations for size 100, cohesion 60.
  Completed 100 iterations for size 100, cohesion 70.
  Completed 100 iterations for size 100, cohesion 80.

Results successfully written to job80227/comparison_results_linearSwitchFromGrouped_100_c60-70-80.json
  Completed 100 iterations for size 100, cohesion 60.
  Completed 100 iterations for size 100, cohesion 70.
  Completed 100 iterations for size 100, cohesion 80.

Results successfully written to job80227/comparison_results_linearSwitchFromGrouped_100_c60-70-80.json
  Completed 100 iterations for size 100, cohesion 60.
  Completed 100 iterations for size 100, cohesion 70.
  Completed 100 iterations for size 100, cohesion 80.

Results successfully written to job80227/comparison_results_linearSwitchFromGrouped_100_c60-70-80.json
  Completed 100 iterations for size 100, cohesion 60.
  Completed 100 iterations for size 100, cohesion 70.
  Completed 100 iterations for size 100, cohesion 80.

Results successfully written to job80227/comparison_results_linearSwitchFromGrouped_100_c60-70-80.json
  Completed 100 iterations for size 100, cohesion 60.
  Completed 100 iterations for size 100, cohesion 70.
  Completed 100 iterations for size 100, cohesion 80.

Results successfully written to job80227/comparison_results_linearSwitchFromGrouped_100_c60-70-80.json
  Completed 100 iterations for size 100, cohesion 60.
  Completed 100 iterations for size 100, cohesion 70.
  Completed 100 iterations for size 100, cohesion 80.

Results successfully written to job80227/comparison_results_linearSwitchFromGrouped_100_c60-70-80.json
  Completed 100 iterations for size 100, cohesion 60.
  Completed 100 iterations for size 100, cohesion 70.
  Completed 100 iterations for size 100, cohesion 80.

Results successfully written to job80227/comparison_results_linearSwitchFromGrouped_100_c60-70-80.json
  Completed 100 iterations for size 100, cohesion 60.
  Completed 100 iterations for size 100, cohesion 70.
  Completed 100 iterations for size 100, cohesion 80.

Results successfully written to job80227/comparison_results_linearSwitchFromGrouped_100_c60-70-80.json
  Completed 100 iterations for size 100, cohesion 60.
  Completed 100 iterations for size 100, cohesion 70.
  Completed 100 iterations for size 100, cohesion 80.

Results successfully written to job80227/comparison_results_linearSwitchFromGrouped_100_c60-70-80.json
  Completed 100 iterations for size 100, cohesion 60.
  Completed 100 iterations for size 100, cohesion 70.
  Completed 100 iterations for size 100, cohesion 80.

Results successfully written to job80227/comparison_results_linearSwitchFromGrouped_100_c60-70-80.json

================================================================================
Algorithm                   People    Avg Score  Avg Time(s)
--------------------------------------------------------------------------------
linearSwitchFromGrouped        100       5223.3      22.2183
================================================================================

Results successfully written to job80227/comparison_results_linearSwitchFromGrouped_100_c60-70-80.json
