Task 11 running algorithm: linearSwitchFromGrouped, people: 100, cohesions: 90 100
cn15.hpc.itu.dk
aubu
/home/aubu/bachelorProject/hpc-jobs
Running iterations for algorithm: linearSwitchFromGrouped
  Completed 100 iterations for size 100, cohesion 90.
  Completed 100 iterations for size 100, cohesion 100.

Results successfully written to job80227/comparison_results_linearSwitchFromGrouped_100_c90-100.json
  Completed 100 iterations for size 100, cohesion 90.
  Completed 100 iterations for size 100, cohesion 100.

Results successfully written to job80227/comparison_results_linearSwitchFromGrouped_100_c90-100.json
  Completed 100 iterations for size 100, cohesion 90.
  Completed 100 iterations for size 100, cohesion 100.

Results successfully written to job80227/comparison_results_linearSwitchFromGrouped_100_c90-100.json
  Completed 100 iterations for size 100, cohesion 90.
  Completed 100 iterations for size 100, cohesion 100.

Results successfully written to job80227/comparison_results_linearSwitchFromGrouped_100_c90-100.json
  Completed 100 iterations for size 100, cohesion 90.
  Completed 100 iterations for size 100, cohesion 100.

Results successfully written to job80227/comparison_results_linearSwitchFromGrouped_100_c90-100.json
  Completed 100 iterations for size 100, cohesion 90.
  Completed 100 iterations for size 100, cohesion 100.

Results successfully written to job80227/comparison_results_linearSwitchFromGrouped_100_c90-100.json
  Completed 100 iterations for size 100, cohesion 90.
  Completed 100 iterations for size 100, cohesion 100.

Results successfully written to job80227/comparison_results_linearSwitchFromGrouped_100_c90-100.json
  Completed 100 iterations for size 100, cohesion 90.
  Completed 100 iterations for size 100, cohesion 100.

Results successfully written to job80227/comparison_results_linearSwitchFromGrouped_100_c90-100.json
  Completed 100 iterations for size 100, cohesion 90.
  Completed 100 iterations for size 100, cohesion 100.

Results successfully written to job80227/comparison_results_linearSwitchFromGrouped_100_c90-100.json
  Completed 100 iterations for size 100, cohesion 90.
  Completed 100 iterations for size 100, cohesion 100.

Results successfully written to job80227/comparison_results_linearSwitchFromGrouped_100_c90-100.json
  Completed 100 iterations for size 100, cohesion 90.
  Completed 100 iterations for size 100, cohesion 100.

Results successfully written to job80227/comparison_results_linearSwitchFromGrouped_100_c90-100.json
  Completed 100 iterations for size 100, cohesion 90.
  Completed 100 iterations for size 100, cohesion 100.

Results successfully written to job80227/comparison_results_linearSwitchFromGrouped_100_c90-100.json
  Completed 100 iterations for size 100, cohesion 90.
  Completed 100 iterations for size 100, cohesion 100.

Results successfully written to job80227/comparison_results_linearSwitchFromGrouped_100_c90-100.json
  Completed 100 iterations for size 100, cohesion 90.
  Completed 100 iterations for size 100, cohesion 100.

Results successfully written to job80227/comparison_results_linearSwitchFromGrouped_100_c90-100.json
  Completed 100 iterations for size 100, cohesion 90.
  Completed 100 iterations for size 100, cohesion 100.

Results successfully written to job80227/comparison_results_linearSwitchFromGrouped_100_c90-100.json
  Completed 100 iterations for size 100, cohesion 90.
  Completed 100 iterations for size 100, cohesion 100.

Results successfully written to job80227/comparison_results_linearSwitchFromGrouped_100_c90-100.json
  Completed 100 iterations for size 100, cohesion 90.
  Completed 100 iterations for size 100, cohesion 100.

Results successfully written to job80227/comparison_results_linearSwitchFromGrouped_100_c90-100.json
  Completed 100 iterations for size 100, cohesion 90.
  Completed 100 iterations for size 100, cohesion 100.

Results successfully written to job80227/comparison_results_linearSwitchFromGrouped_100_c90-100.json
  Completed 100 iterations for size 100, cohesion 90.
  Completed 100 iterations for size 100, cohesion 100.

Results successfully written to job80227/comparison_results_linearSwitchFromGrouped_100_c90-100.json
  Completed 100 iterations for size 100, cohesion 90.
  Completed 100 iterations for size 100, cohesion 100.

Results successfully written to job80227/comparison_results_linearSwitchFromGrouped_100_c90-100.json
  Completed 100 iterations for size 100, cohesion 90.
  Completed 100 iterations for size 100, cohesion 100.

Results successfully written to job80227/comparison_results_linearSwitchFromGrouped_100_c90-100.json
  Completed 100 iterations for size 100, cohesion 90.
  Completed 100 iterations for size 100, cohesion 100.

Results successfully written to job80227/comparison_results_linearSwitchFromGrouped_100_c90-100.json
  Completed 100 iterations for size 100, cohesion 90.
  Completed 100 iterations for size 100, cohesion 100.

Results successfully written to job80227/comparison_results_linearSwitchFromGrouped_100_c90-100.json
  Completed 100 iterations for size 100, cohesion 90.
  Completed 100 iterations for size 100, cohesion 100.

Results successfully written to job80227/comparison_results_linearSwitchFromGrouped_100_c90-100.json
  Completed 100 iterations for size 100, cohesion 90.
  Completed 100 iterations for size 100, cohesion 100.

Results successfully written to job80227/comparison_results_linearSwitchFromGrouped_100_c90-100.json
  Completed 100 iterations for size 100, cohesion 90.
  Completed 100 iterations for size 100, cohesion 100.

Results successfully written to job80227/comparison_results_linearSwitchFromGrouped_100_c90-100.json
  Completed 100 iterations for size 100, cohesion 90.
  Completed 100 iterations for size 100, cohesion 100.

Results successfully written to job80227/comparison_results_linearSwitchFromGrouped_100_c90-100.json
  Completed 100 iterations for size 100, cohesion 90.
  Completed 100 iterations for size 100, cohesion 100.

Results successfully written to job80227/comparison_results_linearSwitchFromGrouped_100_c90-100.json
  Completed 100 iterations for size 100, cohesion 90.
  Completed 100 iterations for size 100, cohesion 100.

Results successfully written to job80227/comparison_results_linearSwitchFromGrouped_100_c90-100.json
  Completed 100 iterations for size 100, cohesion 90.
  Completed 100 iterations for size 100, cohesion 100.

Results successfully written to job80227/comparison_results_linearSwitchFromGrouped_100_c90-100.json
  Completed 100 iterations for size 100, cohesion 90.
  Completed 100 iterations for size 100, cohesion 100.

Results successfully written to job80227/comparison_results_linearSwitchFromGrouped_100_c90-100.json
  Completed 100 iterations for size 100, cohesion 90.
  Completed 100 iterations for size 100, cohesion 100.

Results successfully written to job80227/comparison_results_linearSwitchFromGrouped_100_c90-100.json
  Completed 100 iterations for size 100, cohesion 90.
  Completed 100 iterations for size 100, cohesion 100.

Results successfully written to job80227/comparison_results_linearSwitchFromGrouped_100_c90-100.json
  Completed 100 iterations for size 100, cohesion 90.
  Completed 100 iterations for size 100, cohesion 100.

Results successfully written to job80227/comparison_results_linearSwitchFromGrouped_100_c90-100.json
  Completed 100 iterations for size 100, cohesion 90.
  Completed 100 iterations for size 100, cohesion 100.

Results successfully written to job80227/comparison_results_linearSwitchFromGrouped_100_c90-100.json
  Completed 100 iterations for size 100, cohesion 90.
  Completed 100 iterations for size 100, cohesion 100.

Results successfully written to job80227/comparison_results_linearSwitchFromGrouped_100_c90-100.json
  Completed 100 iterations for size 100, cohesion 90.
  Completed 100 iterations for size 100, cohesion 100.

Results successfully written to job80227/comparison_results_linearSwitchFromGrouped_100_c90-100.json
  Completed 100 iterations for size 100, cohesion 90.
  Completed 100 iterations for size 100, cohesion 100.

Results successfully written to job80227/comparison_results_linearSwitchFromGrouped_100_c90-100.json
  Completed 100 iterations for size 100, cohesion 90.
  Completed 100 iterations for size 100, cohesion 100.

Results successfully written to job80227/comparison_results_linearSwitchFromGrouped_100_c90-100.json
  Completed 100 iterations for size 100, cohesion 90.
  Completed 100 iterations for size 100, cohesion 100.

Results successfully written to job80227/comparison_results_linearSwitchFromGrouped_100_c90-100.json
  Completed 100 iterations for size 100, cohesion 90.
  Completed 100 iterations for size 100, cohesion 100.

Results successfully written to job80227/comparison_results_linearSwitchFromGrouped_100_c90-100.json
  Completed 100 iterations for size 100, cohesion 90.
  Completed 100 iterations for size 100, cohesion 100.

Results successfully written to job80227/comparison_results_linearSwitchFromGrouped_100_c90-100.json
  Completed 100 iterations for size 100, cohesion 90.
  Completed 100 iterations for size 100, cohesion 100.

Results successfully written to job80227/comparison_results_linearSwitchFromGrouped_100_c90-100.json
  Completed 100 iterations for size 100, cohesion 90.
  Completed 100 iterations for size 100, cohesion 100.

Results successfully written to job80227/comparison_results_linearSwitchFromGrouped_100_c90-100.json
  Completed 100 iterations for size 100, cohesion 90.
  Completed 100 iterations for size 100, cohesion 100.

Results successfully written to job80227/comparison_results_linearSwitchFromGrouped_100_c90-100.json
  Completed 100 iterations for size 100, cohesion 90.
  Completed 100 iterations for size 100, cohesion 100.

Results successfully written to job80227/comparison_results_linearSwitchFromGrouped_100_c90-100.json
  Completed 100 iterations for size 100, cohesion 90.
  Completed 100 iterations for size 100, cohesion 100.

Results successfully written to job80227/comparison_results_linearSwitchFromGrouped_100_c90-100.json
  Completed 100 iterations for size 100, cohesion 90.
  Completed 100 iterations for size 100, cohesion 100.

Results successfully written to job80227/comparison_results_linearSwitchFromGrouped_100_c90-100.json
  Completed 100 iterations for size 100, cohesion 90.
  Completed 100 iterations for size 100, cohesion 100.

Results successfully written to job80227/comparison_results_linearSwitchFromGrouped_100_c90-100.json
  Completed 100 iterations for size 100, cohesion 90.
  Completed 100 iterations for size 100, cohesion 100.

Results successfully written to job80227/comparison_results_linearSwitchFromGrouped_100_c90-100.json
  Completed 100 iterations for size 100, cohesion 90.
  Completed 100 iterations for size 100, cohesion 100.

Results successfully written to job80227/comparison_results_linearSwitchFromGrouped_100_c90-100.json
  Completed 100 iterations for size 100, cohesion 90.
  Completed 100 iterations for size 100, cohesion 100.

Results successfully written to job80227/comparison_results_linearSwitchFromGrouped_100_c90-100.json
  Completed 100 iterations for size 100, cohesion 90.
  Completed 100 iterations for size 100, cohesion 100.

Results successfully written to job80227/comparison_results_linearSwitchFromGrouped_100_c90-100.json
  Completed 100 iterations for size 100, cohesion 90.
  Completed 100 iterations for size 100, cohesion 100.

Results successfully written to job80227/comparison_results_linearSwitchFromGrouped_100_c90-100.json
  Completed 100 iterations for size 100, cohesion 90.
  Completed 100 iterations for size 100, cohesion 100.

Results successfully written to job80227/comparison_results_linearSwitchFromGrouped_100_c90-100.json
  Completed 100 iterations for size 100, cohesion 90.
  Completed 100 iterations for size 100, cohesion 100.

Results successfully written to job80227/comparison_results_linearSwitchFromGrouped_100_c90-100.json
  Completed 100 iterations for size 100, cohesion 90.
  Completed 100 iterations for size 100, cohesion 100.

Results successfully written to job80227/comparison_results_linearSwitchFromGrouped_100_c90-100.json
  Completed 100 iterations for size 100, cohesion 90.
  Completed 100 iterations for size 100, cohesion 100.

Results successfully written to job80227/comparison_results_linearSwitchFromGrouped_100_c90-100.json
  Completed 100 iterations for size 100, cohesion 90.
  Completed 100 iterations for size 100, cohesion 100.

Results successfully written to job80227/comparison_results_linearSwitchFromGrouped_100_c90-100.json
  Completed 100 iterations for size 100, cohesion 90.
  Completed 100 iterations for size 100, cohesion 100.

Results successfully written to job80227/comparison_results_linearSwitchFromGrouped_100_c90-100.json
  Completed 100 iterations for size 100, cohesion 90.
  Completed 100 iterations for size 100, cohesion 100.

Results successfully written to job80227/comparison_results_linearSwitchFromGrouped_100_c90-100.json
  Completed 100 iterations for size 100, cohesion 90.
  Completed 100 iterations for size 100, cohesion 100.

Results successfully written to job80227/comparison_results_linearSwitchFromGrouped_100_c90-100.json
  Completed 100 iterations for size 100, cohesion 90.
  Completed 100 iterations for size 100, cohesion 100.

Results successfully written to job80227/comparison_results_linearSwitchFromGrouped_100_c90-100.json
  Completed 100 iterations for size 100, cohesion 90.
  Completed 100 iterations for size 100, cohesion 100.

Results successfully written to job80227/comparison_results_linearSwitchFromGrouped_100_c90-100.json
  Completed 100 iterations for size 100, cohesion 90.
  Completed 100 iterations for size 100, cohesion 100.

Results successfully written to job80227/comparison_results_linearSwitchFromGrouped_100_c90-100.json
  Completed 100 iterations for size 100, cohesion 90.
  Completed 100 iterations for size 100, cohesion 100.

Results successfully written to job80227/comparison_results_linearSwitchFromGrouped_100_c90-100.json
  Completed 100 iterations for size 100, cohesion 90.
  Completed 100 iterations for size 100, cohesion 100.

Results successfully written to job80227/comparison_results_linearSwitchFromGrouped_100_c90-100.json
  Completed 100 iterations for size 100, cohesion 90.
  Completed 100 iterations for size 100, cohesion 100.

Results successfully written to job80227/comparison_results_linearSwitchFromGrouped_100_c90-100.json
  Completed 100 iterations for size 100, cohesion 90.
  Completed 100 iterations for size 100, cohesion 100.

Results successfully written to job80227/comparison_results_linearSwitchFromGrouped_100_c90-100.json
  Completed 100 iterations for size 100, cohesion 90.
  Completed 100 iterations for size 100, cohesion 100.

Results successfully written to job80227/comparison_results_linearSwitchFromGrouped_100_c90-100.json
  Completed 100 iterations for size 100, cohesion 90.
  Completed 100 iterations for size 100, cohesion 100.

Results successfully written to job80227/comparison_results_linearSwitchFromGrouped_100_c90-100.json
  Completed 100 iterations for size 100, cohesion 90.
  Completed 100 iterations for size 100, cohesion 100.

Results successfully written to job80227/comparison_results_linearSwitchFromGrouped_100_c90-100.json
  Completed 100 iterations for size 100, cohesion 90.
  Completed 100 iterations for size 100, cohesion 100.

Results successfully written to job80227/comparison_results_linearSwitchFromGrouped_100_c90-100.json
  Completed 100 iterations for size 100, cohesion 90.
  Completed 100 iterations for size 100, cohesion 100.

Results successfully written to job80227/comparison_results_linearSwitchFromGrouped_100_c90-100.json
  Completed 100 iterations for size 100, cohesion 90.
  Completed 100 iterations for size 100, cohesion 100.

Results successfully written to job80227/comparison_results_linearSwitchFromGrouped_100_c90-100.json
  Completed 100 iterations for size 100, cohesion 90.
  Completed 100 iterations for size 100, cohesion 100.

Results successfully written to job80227/comparison_results_linearSwitchFromGrouped_100_c90-100.json
  Completed 100 iterations for size 100, cohesion 90.
  Completed 100 iterations for size 100, cohesion 100.

Results successfully written to job80227/comparison_results_linearSwitchFromGrouped_100_c90-100.json
  Completed 100 iterations for size 100, cohesion 90.
  Completed 100 iterations for size 100, cohesion 100.

Results successfully written to job80227/comparison_results_linearSwitchFromGrouped_100_c90-100.json
  Completed 100 iterations for size 100, cohesion 90.
  Completed 100 iterations for size 100, cohesion 100.

Results successfully written to job80227/comparison_results_linearSwitchFromGrouped_100_c90-100.json
  Completed 100 iterations for size 100, cohesion 90.
  Completed 100 iterations for size 100, cohesion 100.

Results successfully written to job80227/comparison_results_linearSwitchFromGrouped_100_c90-100.json
  Completed 100 iterations for size 100, cohesion 90.
  Completed 100 iterations for size 100, cohesion 100.

Results successfully written to job80227/comparison_results_linearSwitchFromGrouped_100_c90-100.json
  Completed 100 iterations for size 100, cohesion 90.
  Completed 100 iterations for size 100, cohesion 100.

Results successfully written to job80227/comparison_results_linearSwitchFromGrouped_100_c90-100.json
  Completed 100 iterations for size 100, cohesion 90.
  Completed 100 iterations for size 100, cohesion 100.

Results successfully written to job80227/comparison_results_linearSwitchFromGrouped_100_c90-100.json
  Completed 100 iterations for size 100, cohesion 90.
  Completed 100 iterations for size 100, cohesion 100.

Results successfully written to job80227/comparison_results_linearSwitchFromGrouped_100_c90-100.json
  Completed 100 iterations for size 100, cohesion 90.
  Completed 100 iterations for size 100, cohesion 100.

Results successfully written to job80227/comparison_results_linearSwitchFromGrouped_100_c90-100.json
  Completed 100 iterations for size 100, cohesion 90.
  Completed 100 iterations for size 100, cohesion 100.

Results successfully written to job80227/comparison_results_linearSwitchFromGrouped_100_c90-100.json
  Completed 100 iterations for size 100, cohesion 90.
  Completed 100 iterations for size 100, cohesion 100.

Results successfully written to job80227/comparison_results_linearSwitchFromGrouped_100_c90-100.json
  Completed 100 iterations for size 100, cohesion 90.
  Completed 100 iterations for size 100, cohesion 100.

Results successfully written to job80227/comparison_results_linearSwitchFromGrouped_100_c90-100.json
  Completed 100 iterations for size 100, cohesion 90.
  Completed 100 iterations for size 100, cohesion 100.

Results successfully written to job80227/comparison_results_linearSwitchFromGrouped_100_c90-100.json
  Completed 100 iterations for size 100, cohesion 90.
  Completed 100 iterations for size 100, cohesion 100.

Results successfully written to job80227/comparison_results_linearSwitchFromGrouped_100_c90-100.json
  Completed 100 iterations for size 100, cohesion 90.
  Completed 100 iterations for size 100, cohesion 100.

Results successfully written to job80227/comparison_results_linearSwitchFromGrouped_100_c90-100.json
  Completed 100 iterations for size 100, cohesion 90.
  Completed 100 iterations for size 100, cohesion 100.

Results successfully written to job80227/comparison_results_linearSwitchFromGrouped_100_c90-100.json
  Completed 100 iterations for size 100, cohesion 90.
  Completed 100 iterations for size 100, cohesion 100.

Results successfully written to job80227/comparison_results_linearSwitchFromGrouped_100_c90-100.json
  Completed 100 iterations for size 100, cohesion 90.
  Completed 100 iterations for size 100, cohesion 100.

Results successfully written to job80227/comparison_results_linearSwitchFromGrouped_100_c90-100.json
  Completed 100 iterations for size 100, cohesion 90.
  Completed 100 iterations for size 100, cohesion 100.

Results successfully written to job80227/comparison_results_linearSwitchFromGrouped_100_c90-100.json
  Completed 100 iterations for size 100, cohesion 90.
  Completed 100 iterations for size 100, cohesion 100.

Results successfully written to job80227/comparison_results_linearSwitchFromGrouped_100_c90-100.json
  Completed 100 iterations for size 100, cohesion 90.
  Completed 100 iterations for size 100, cohesion 100.

Results successfully written to job80227/comparison_results_linearSwitchFromGrouped_100_c90-100.json
  Completed 100 iterations for size 100, cohesion 90.
  Completed 100 iterations for size 100, cohesion 100.

Results successfully written to job80227/comparison_results_linearSwitchFromGrouped_100_c90-100.json
  Completed 100 iterations for size 100, cohesion 90.
  Completed 100 iterations for size 100, cohesion 100.

Results successfully written to job80227/comparison_results_linearSwitchFromGrouped_100_c90-100.json
  Completed 100 iterations for size 100, cohesion 90.
  Completed 100 iterations for size 100, cohesion 100.

Results successfully written to job80227/comparison_results_linearSwitchFromGrouped_100_c90-100.json

================================================================================
Algorithm                   People    Avg Score  Avg Time(s)
--------------------------------------------------------------------------------
linearSwitchFromGrouped        100       5260.4      22.2200
================================================================================

Results successfully written to job80227/comparison_results_linearSwitchFromGrouped_100_c90-100.json
