Task 12 running algorithm: linearSwitchFromGrouped, people: 300, cohesions: 0 10 20
cn15.hpc.itu.dk
aubu
/home/aubu/bachelorProject/hpc-jobs
Running iterations for algorithm: linearSwitchFromGrouped
  Completed 100 iterations for size 300, cohesion 0.
  Completed 100 iterations for size 300, cohesion 10.
  Completed 100 iterations for size 300, cohesion 20.

Results successfully written to job80227/comparison_results_linearSwitchFromGrouped_300_c0-10-20.json
  Completed 100 iterations for size 300, cohesion 0.
  Completed 100 iterations for size 300, cohesion 10.
  Completed 100 iterations for size 300, cohesion 20.

Results successfully written to job80227/comparison_results_linearSwitchFromGrouped_300_c0-10-20.json
  Completed 100 iterations for size 300, cohesion 0.
  Completed 100 iterations for size 300, cohesion 10.
  Completed 100 iterations for size 300, cohesion 20.

Results successfully written to job80227/comparison_results_linearSwitchFromGrouped_300_c0-10-20.json
  Completed 100 iterations for size 300, cohesion 0.
  Completed 100 iterations for size 300, cohesion 10.
  Completed 100 iterations for size 300, cohesion 20.

Results successfully written to job80227/comparison_results_linearSwitchFromGrouped_300_c0-10-20.json
  Completed 100 iterations for size 300, cohesion 0.
  Completed 100 iterations for size 300, cohesion 10.
  Completed 100 iterations for size 300, cohesion 20.

Results successfully written to job80227/comparison_results_linearSwitchFromGrouped_300_c0-10-20.json
  Completed 100 iterations for size 300, cohesion 0.
  Completed 100 iterations for size 300, cohesion 10.
  Completed 100 iterations for size 300, cohesion 20.

Results successfully written to job80227/comparison_results_linearSwitchFromGrouped_300_c0-10-20.json
  Completed 100 iterations for size 300, cohesion 0.
  Completed 100 iterations for size 300, cohesion 10.
  Completed 100 iterations for size 300, cohesion 20.

Results successfully written to job80227/comparison_results_linearSwitchFromGrouped_300_c0-10-20.json
  Completed 100 iterations for size 300, cohesion 0.
  Completed 100 iterations for size 300, cohesion 10.
  Completed 100 iterations for size 300, cohesion 20.

Results successfully written to job80227/comparison_results_linearSwitchFromGrouped_300_c0-10-20.json
  Completed 100 iterations for size 300, cohesion 0.
  Completed 100 iterations for size 300, cohesion 10.
  Completed 100 iterations for size 300, cohesion 20.

Results successfully written to job80227/comparison_results_linearSwitchFromGrouped_300_c0-10-20.json
  Completed 100 iterations for size 300, cohesion 0.
  Completed 100 iterations for size 300, cohesion 10.
  Completed 100 iterations for size 300, cohesion 20.

Results successfully written to job80227/comparison_results_linearSwitchFromGrouped_300_c0-10-20.json
  Completed 100 iterations for size 300, cohesion 0.
  Completed 100 iterations for size 300, cohesion 10.
  Completed 100 iterations for size 300, cohesion 20.

Results successfully written to job80227/comparison_results_linearSwitchFromGrouped_300_c0-10-20.json
  Completed 100 iterations for size 300, cohesion 0.
  Completed 100 iterations for size 300, cohesion 10.
  Completed 100 iterations for size 300, cohesion 20.

Results successfully written to job80227/comparison_results_linearSwitchFromGrouped_300_c0-10-20.json
  Completed 100 iterations for size 300, cohesion 0.
  Completed 100 iterations for size 300, cohesion 10.
  Completed 100 iterations for size 300, cohesion 20.

Results successfully written to job80227/comparison_results_linearSwitchFromGrouped_300_c0-10-20.json
  Completed 100 iterations for size 300, cohesion 0.
  Completed 100 iterations for size 300, cohesion 10.
  Completed 100 iterations for size 300, cohesion 20.

Results successfully written to job80227/comparison_results_linearSwitchFromGrouped_300_c0-10-20.json
  Completed 100 iterations for size 300, cohesion 0.
  Completed 100 iterations for size 300, cohesion 10.
  Completed 100 iterations for size 300, cohesion 20.

Results successfully written to job80227/comparison_results_linearSwitchFromGrouped_300_c0-10-20.json
  Completed 100 iterations for size 300, cohesion 0.
  Completed 100 iterations for size 300, cohesion 10.
  Completed 100 iterations for size 300, cohesion 20.

Results successfully written to job80227/comparison_results_linearSwitchFromGrouped_300_c0-10-20.json
  Completed 100 iterations for size 300, cohesion 0.
  Completed 100 iterations for size 300, cohesion 10.
  Completed 100 iterations for size 300, cohesion 20.

Results successfully written to job80227/comparison_results_linearSwitchFromGrouped_300_c0-10-20.json
  Completed 100 iterations for size 300, cohesion 0.
  Completed 100 iterations for size 300, cohesion 10.
  Completed 100 iterations for size 300, cohesion 20.

Results successfully written to job80227/comparison_results_linearSwitchFromGrouped_300_c0-10-20.json
  Completed 100 iterations for size 300, cohesion 0.
  Completed 100 iterations for size 300, cohesion 10.
  Completed 100 iterations for size 300, cohesion 20.

Results successfully written to job80227/comparison_results_linearSwitchFromGrouped_300_c0-10-20.json
  Completed 100 iterations for size 300, cohesion 0.
  Completed 100 iterations for size 300, cohesion 10.
  Completed 100 iterations for size 300, cohesion 20.

Results successfully written to job80227/comparison_results_linearSwitchFromGrouped_300_c0-10-20.json
  Completed 100 iterations for size 300, cohesion 0.
  Completed 100 iterations for size 300, cohesion 10.
  Completed 100 iterations for size 300, cohesion 20.

Results successfully written to job80227/comparison_results_linearSwitchFromGrouped_300_c0-10-20.json
  Completed 100 iterations for size 300, cohesion 0.
  Completed 100 iterations for size 300, cohesion 10.
  Completed 100 iterations for size 300, cohesion 20.

Results successfully written to job80227/comparison_results_linearSwitchFromGrouped_300_c0-10-20.json
  Completed 100 iterations for size 300, cohesion 0.
  Completed 100 iterations for size 300, cohesion 10.
  Completed 100 iterations for size 300, cohesion 20.

Results successfully written to job80227/comparison_results_linearSwitchFromGrouped_300_c0-10-20.json
  Completed 100 iterations for size 300, cohesion 0.
  Completed 100 iterations for size 300, cohesion 10.
  Completed 100 iterations for size 300, cohesion 20.

Results successfully written to job80227/comparison_results_linearSwitchFromGrouped_300_c0-10-20.json
  Completed 100 iterations for size 300, cohesion 0.
  Completed 100 iterations for size 300, cohesion 10.
  Completed 100 iterations for size 300, cohesion 20.

Results successfully written to job80227/comparison_results_linearSwitchFromGrouped_300_c0-10-20.json
  Completed 100 iterations for size 300, cohesion 0.
  Completed 100 iterations for size 300, cohesion 10.
  Completed 100 iterations for size 300, cohesion 20.

Results successfully written to job80227/comparison_results_linearSwitchFromGrouped_300_c0-10-20.json
  Completed 100 iterations for size 300, cohesion 0.
  Completed 100 iterations for size 300, cohesion 10.
  Completed 100 iterations for size 300, cohesion 20.

Results successfully written to job80227/comparison_results_linearSwitchFromGrouped_300_c0-10-20.json
  Completed 100 iterations for size 300, cohesion 0.
  Completed 100 iterations for size 300, cohesion 10.
  Completed 100 iterations for size 300, cohesion 20.

Results successfully written to job80227/comparison_results_linearSwitchFromGrouped_300_c0-10-20.json
  Completed 100 iterations for size 300, cohesion 0.
  Completed 100 iterations for size 300, cohesion 10.
  Completed 100 iterations for size 300, cohesion 20.

Results successfully written to job80227/comparison_results_linearSwitchFromGrouped_300_c0-10-20.json
  Completed 100 iterations for size 300, cohesion 0.
  Completed 100 iterations for size 300, cohesion 10.
  Completed 100 iterations for size 300, cohesion 20.

Results successfully written to job80227/comparison_results_linearSwitchFromGrouped_300_c0-10-20.json
  Completed 100 iterations for size 300, cohesion 0.
  Completed 100 iterations for size 300, cohesion 10.
  Completed 100 iterations for size 300, cohesion 20.

Results successfully written to job80227/comparison_results_linearSwitchFromGrouped_300_c0-10-20.json
  Completed 100 iterations for size 300, cohesion 0.
  Completed 100 iterations for size 300, cohesion 10.
  Completed 100 iterations for size 300, cohesion 20.

Results successfully written to job80227/comparison_results_linearSwitchFromGrouped_300_c0-10-20.json
  Completed 100 iterations for size 300, cohesion 0.
  Completed 100 iterations for size 300, cohesion 10.
  Completed 100 iterations for size 300, cohesion 20.

Results successfully written to job80227/comparison_results_linearSwitchFromGrouped_300_c0-10-20.json
  Completed 100 iterations for size 300, cohesion 0.
  Completed 100 iterations for size 300, cohesion 10.
  Completed 100 iterations for size 300, cohesion 20.

Results successfully written to job80227/comparison_results_linearSwitchFromGrouped_300_c0-10-20.json
  Completed 100 iterations for size 300, cohesion 0.
  Completed 100 iterations for size 300, cohesion 10.
  Completed 100 iterations for size 300, cohesion 20.

Results successfully written to job80227/comparison_results_linearSwitchFromGrouped_300_c0-10-20.json
  Completed 100 iterations for size 300, cohesion 0.
  Completed 100 iterations for size 300, cohesion 10.
  Completed 100 iterations for size 300, cohesion 20.

Results successfully written to job80227/comparison_results_linearSwitchFromGrouped_300_c0-10-20.json
  Completed 100 iterations for size 300, cohesion 0.
  Completed 100 iterations for size 300, cohesion 10.
  Completed 100 iterations for size 300, cohesion 20.

Results successfully written to job80227/comparison_results_linearSwitchFromGrouped_300_c0-10-20.json
  Completed 100 iterations for size 300, cohesion 0.
  Completed 100 iterations for size 300, cohesion 10.
  Completed 100 iterations for size 300, cohesion 20.

Results successfully written to job80227/comparison_results_linearSwitchFromGrouped_300_c0-10-20.json
  Completed 100 iterations for size 300, cohesion 0.
  Completed 100 iterations for size 300, cohesion 10.
  Completed 100 iterations for size 300, cohesion 20.

Results successfully written to job80227/comparison_results_linearSwitchFromGrouped_300_c0-10-20.json
  Completed 100 iterations for size 300, cohesion 0.
  Completed 100 iterations for size 300, cohesion 10.
  Completed 100 iterations for size 300, cohesion 20.

Results successfully written to job80227/comparison_results_linearSwitchFromGrouped_300_c0-10-20.json
  Completed 100 iterations for size 300, cohesion 0.
  Completed 100 iterations for size 300, cohesion 10.
  Completed 100 iterations for size 300, cohesion 20.

Results successfully written to job80227/comparison_results_linearSwitchFromGrouped_300_c0-10-20.json
  Completed 100 iterations for size 300, cohesion 0.
  Completed 100 iterations for size 300, cohesion 10.
  Completed 100 iterations for size 300, cohesion 20.

Results successfully written to job80227/comparison_results_linearSwitchFromGrouped_300_c0-10-20.json
  Completed 100 iterations for size 300, cohesion 0.
  Completed 100 iterations for size 300, cohesion 10.
  Completed 100 iterations for size 300, cohesion 20.

Results successfully written to job80227/comparison_results_linearSwitchFromGrouped_300_c0-10-20.json
  Completed 100 iterations for size 300, cohesion 0.
  Completed 100 iterations for size 300, cohesion 10.
  Completed 100 iterations for size 300, cohesion 20.

Results successfully written to job80227/comparison_results_linearSwitchFromGrouped_300_c0-10-20.json
  Completed 100 iterations for size 300, cohesion 0.
  Completed 100 iterations for size 300, cohesion 10.
  Completed 100 iterations for size 300, cohesion 20.

Results successfully written to job80227/comparison_results_linearSwitchFromGrouped_300_c0-10-20.json
  Completed 100 iterations for size 300, cohesion 0.
  Completed 100 iterations for size 300, cohesion 10.
  Completed 100 iterations for size 300, cohesion 20.

Results successfully written to job80227/comparison_results_linearSwitchFromGrouped_300_c0-10-20.json
  Completed 100 iterations for size 300, cohesion 0.
  Completed 100 iterations for size 300, cohesion 10.
  Completed 100 iterations for size 300, cohesion 20.

Results successfully written to job80227/comparison_results_linearSwitchFromGrouped_300_c0-10-20.json
  Completed 100 iterations for size 300, cohesion 0.
  Completed 100 iterations for size 300, cohesion 10.
  Completed 100 iterations for size 300, cohesion 20.

Results successfully written to job80227/comparison_results_linearSwitchFromGrouped_300_c0-10-20.json
  Completed 100 iterations for size 300, cohesion 0.
  Completed 100 iterations for size 300, cohesion 10.
  Completed 100 iterations for size 300, cohesion 20.

Results successfully written to job80227/comparison_results_linearSwitchFromGrouped_300_c0-10-20.json
  Completed 100 iterations for size 300, cohesion 0.
  Completed 100 iterations for size 300, cohesion 10.
  Completed 100 iterations for size 300, cohesion 20.

Results successfully written to job80227/comparison_results_linearSwitchFromGrouped_300_c0-10-20.json
  Completed 100 iterations for size 300, cohesion 0.
  Completed 100 iterations for size 300, cohesion 10.
  Completed 100 iterations for size 300, cohesion 20.

Results successfully written to job80227/comparison_results_linearSwitchFromGrouped_300_c0-10-20.json
  Completed 100 iterations for size 300, cohesion 0.
  Completed 100 iterations for size 300, cohesion 10.
  Completed 100 iterations for size 300, cohesion 20.

Results successfully written to job80227/comparison_results_linearSwitchFromGrouped_300_c0-10-20.json
  Completed 100 iterations for size 300, cohesion 0.
  Completed 100 iterations for size 300, cohesion 10.
  Completed 100 iterations for size 300, cohesion 20.

Results successfully written to job80227/comparison_results_linearSwitchFromGrouped_300_c0-10-20.json
  Completed 100 iterations for size 300, cohesion 0.
  Completed 100 iterations for size 300, cohesion 10.
  Completed 100 iterations for size 300, cohesion 20.

Results successfully written to job80227/comparison_results_linearSwitchFromGrouped_300_c0-10-20.json
  Completed 100 iterations for size 300, cohesion 0.
  Completed 100 iterations for size 300, cohesion 10.
  Completed 100 iterations for size 300, cohesion 20.

Results successfully written to job80227/comparison_results_linearSwitchFromGrouped_300_c0-10-20.json
  Completed 100 iterations for size 300, cohesion 0.
  Completed 100 iterations for size 300, cohesion 10.
  Completed 100 iterations for size 300, cohesion 20.

Results successfully written to job80227/comparison_results_linearSwitchFromGrouped_300_c0-10-20.json
  Completed 100 iterations for size 300, cohesion 0.
  Completed 100 iterations for size 300, cohesion 10.
  Completed 100 iterations for size 300, cohesion 20.

Results successfully written to job80227/comparison_results_linearSwitchFromGrouped_300_c0-10-20.json
  Completed 100 iterations for size 300, cohesion 0.
  Completed 100 iterations for size 300, cohesion 10.
  Completed 100 iterations for size 300, cohesion 20.

Results successfully written to job80227/comparison_results_linearSwitchFromGrouped_300_c0-10-20.json
  Completed 100 iterations for size 300, cohesion 0.
  Completed 100 iterations for size 300, cohesion 10.
  Completed 100 iterations for size 300, cohesion 20.

Results successfully written to job80227/comparison_results_linearSwitchFromGrouped_300_c0-10-20.json
  Completed 100 iterations for size 300, cohesion 0.
  Completed 100 iterations for size 300, cohesion 10.
  Completed 100 iterations for size 300, cohesion 20.

Results successfully written to job80227/comparison_results_linearSwitchFromGrouped_300_c0-10-20.json
  Completed 100 iterations for size 300, cohesion 0.
  Completed 100 iterations for size 300, cohesion 10.
  Completed 100 iterations for size 300, cohesion 20.

Results successfully written to job80227/comparison_results_linearSwitchFromGrouped_300_c0-10-20.json
  Completed 100 iterations for size 300, cohesion 0.
  Completed 100 iterations for size 300, cohesion 10.
  Completed 100 iterations for size 300, cohesion 20.

Results successfully written to job80227/comparison_results_linearSwitchFromGrouped_300_c0-10-20.json
  Completed 100 iterations for size 300, cohesion 0.
  Completed 100 iterations for size 300, cohesion 10.
  Completed 100 iterations for size 300, cohesion 20.

Results successfully written to job80227/comparison_results_linearSwitchFromGrouped_300_c0-10-20.json
  Completed 100 iterations for size 300, cohesion 0.
  Completed 100 iterations for size 300, cohesion 10.
  Completed 100 iterations for size 300, cohesion 20.

Results successfully written to job80227/comparison_results_linearSwitchFromGrouped_300_c0-10-20.json
  Completed 100 iterations for size 300, cohesion 0.
  Completed 100 iterations for size 300, cohesion 10.
  Completed 100 iterations for size 300, cohesion 20.

Results successfully written to job80227/comparison_results_linearSwitchFromGrouped_300_c0-10-20.json
  Completed 100 iterations for size 300, cohesion 0.
  Completed 100 iterations for size 300, cohesion 10.
  Completed 100 iterations for size 300, cohesion 20.

Results successfully written to job80227/comparison_results_linearSwitchFromGrouped_300_c0-10-20.json
  Completed 100 iterations for size 300, cohesion 0.
  Completed 100 iterations for size 300, cohesion 10.
  Completed 100 iterations for size 300, cohesion 20.

Results successfully written to job80227/comparison_results_linearSwitchFromGrouped_300_c0-10-20.json
  Completed 100 iterations for size 300, cohesion 0.
  Completed 100 iterations for size 300, cohesion 10.
  Completed 100 iterations for size 300, cohesion 20.

Results successfully written to job80227/comparison_results_linearSwitchFromGrouped_300_c0-10-20.json
  Completed 100 iterations for size 300, cohesion 0.
  Completed 100 iterations for size 300, cohesion 10.
  Completed 100 iterations for size 300, cohesion 20.

Results successfully written to job80227/comparison_results_linearSwitchFromGrouped_300_c0-10-20.json
  Completed 100 iterations for size 300, cohesion 0.
  Completed 100 iterations for size 300, cohesion 10.
  Completed 100 iterations for size 300, cohesion 20.

Results successfully written to job80227/comparison_results_linearSwitchFromGrouped_300_c0-10-20.json
  Completed 100 iterations for size 300, cohesion 0.
  Completed 100 iterations for size 300, cohesion 10.
  Completed 100 iterations for size 300, cohesion 20.

Results successfully written to job80227/comparison_results_linearSwitchFromGrouped_300_c0-10-20.json
  Completed 100 iterations for size 300, cohesion 0.
  Completed 100 iterations for size 300, cohesion 10.
  Completed 100 iterations for size 300, cohesion 20.

Results successfully written to job80227/comparison_results_linearSwitchFromGrouped_300_c0-10-20.json
  Completed 100 iterations for size 300, cohesion 0.
  Completed 100 iterations for size 300, cohesion 10.
  Completed 100 iterations for size 300, cohesion 20.

Results successfully written to job80227/comparison_results_linearSwitchFromGrouped_300_c0-10-20.json
  Completed 100 iterations for size 300, cohesion 0.
  Completed 100 iterations for size 300, cohesion 10.
  Completed 100 iterations for size 300, cohesion 20.

Results successfully written to job80227/comparison_results_linearSwitchFromGrouped_300_c0-10-20.json
  Completed 100 iterations for size 300, cohesion 0.
  Completed 100 iterations for size 300, cohesion 10.
  Completed 100 iterations for size 300, cohesion 20.

Results successfully written to job80227/comparison_results_linearSwitchFromGrouped_300_c0-10-20.json
  Completed 100 iterations for size 300, cohesion 0.
  Completed 100 iterations for size 300, cohesion 10.
  Completed 100 iterations for size 300, cohesion 20.

Results successfully written to job80227/comparison_results_linearSwitchFromGrouped_300_c0-10-20.json
  Completed 100 iterations for size 300, cohesion 0.
  Completed 100 iterations for size 300, cohesion 10.
  Completed 100 iterations for size 300, cohesion 20.

Results successfully written to job80227/comparison_results_linearSwitchFromGrouped_300_c0-10-20.json
  Completed 100 iterations for size 300, cohesion 0.
  Completed 100 iterations for size 300, cohesion 10.
  Completed 100 iterations for size 300, cohesion 20.

Results successfully written to job80227/comparison_results_linearSwitchFromGrouped_300_c0-10-20.json
  Completed 100 iterations for size 300, cohesion 0.
  Completed 100 iterations for size 300, cohesion 10.
  Completed 100 iterations for size 300, cohesion 20.

Results successfully written to job80227/comparison_results_linearSwitchFromGrouped_300_c0-10-20.json
  Completed 100 iterations for size 300, cohesion 0.
  Completed 100 iterations for size 300, cohesion 10.
  Completed 100 iterations for size 300, cohesion 20.

Results successfully written to job80227/comparison_results_linearSwitchFromGrouped_300_c0-10-20.json
  Completed 100 iterations for size 300, cohesion 0.
  Completed 100 iterations for size 300, cohesion 10.
  Completed 100 iterations for size 300, cohesion 20.

Results successfully written to job80227/comparison_results_linearSwitchFromGrouped_300_c0-10-20.json
  Completed 100 iterations for size 300, cohesion 0.
  Completed 100 iterations for size 300, cohesion 10.
  Completed 100 iterations for size 300, cohesion 20.

Results successfully written to job80227/comparison_results_linearSwitchFromGrouped_300_c0-10-20.json
  Completed 100 iterations for size 300, cohesion 0.
  Completed 100 iterations for size 300, cohesion 10.
  Completed 100 iterations for size 300, cohesion 20.

Results successfully written to job80227/comparison_results_linearSwitchFromGrouped_300_c0-10-20.json
  Completed 100 iterations for size 300, cohesion 0.
  Completed 100 iterations for size 300, cohesion 10.
  Completed 100 iterations for size 300, cohesion 20.

Results successfully written to job80227/comparison_results_linearSwitchFromGrouped_300_c0-10-20.json
  Completed 100 iterations for size 300, cohesion 0.
  Completed 100 iterations for size 300, cohesion 10.
  Completed 100 iterations for size 300, cohesion 20.

Results successfully written to job80227/comparison_results_linearSwitchFromGrouped_300_c0-10-20.json
  Completed 100 iterations for size 300, cohesion 0.
  Completed 100 iterations for size 300, cohesion 10.
  Completed 100 iterations for size 300, cohesion 20.

Results successfully written to job80227/comparison_results_linearSwitchFromGrouped_300_c0-10-20.json
  Completed 100 iterations for size 300, cohesion 0.
  Completed 100 iterations for size 300, cohesion 10.
  Completed 100 iterations for size 300, cohesion 20.

Results successfully written to job80227/comparison_results_linearSwitchFromGrouped_300_c0-10-20.json
  Completed 100 iterations for size 300, cohesion 0.
  Completed 100 iterations for size 300, cohesion 10.
  Completed 100 iterations for size 300, cohesion 20.

Results successfully written to job80227/comparison_results_linearSwitchFromGrouped_300_c0-10-20.json
  Completed 100 iterations for size 300, cohesion 0.
  Completed 100 iterations for size 300, cohesion 10.
  Completed 100 iterations for size 300, cohesion 20.

Results successfully written to job80227/comparison_results_linearSwitchFromGrouped_300_c0-10-20.json
  Completed 100 iterations for size 300, cohesion 0.
  Completed 100 iterations for size 300, cohesion 10.
  Completed 100 iterations for size 300, cohesion 20.

Results successfully written to job80227/comparison_results_linearSwitchFromGrouped_300_c0-10-20.json
  Completed 100 iterations for size 300, cohesion 0.
  Completed 100 iterations for size 300, cohesion 10.
  Completed 100 iterations for size 300, cohesion 20.

Results successfully written to job80227/comparison_results_linearSwitchFromGrouped_300_c0-10-20.json
  Completed 100 iterations for size 300, cohesion 0.
  Completed 100 iterations for size 300, cohesion 10.
  Completed 100 iterations for size 300, cohesion 20.

Results successfully written to job80227/comparison_results_linearSwitchFromGrouped_300_c0-10-20.json
  Completed 100 iterations for size 300, cohesion 0.
  Completed 100 iterations for size 300, cohesion 10.
  Completed 100 iterations for size 300, cohesion 20.

Results successfully written to job80227/comparison_results_linearSwitchFromGrouped_300_c0-10-20.json
  Completed 100 iterations for size 300, cohesion 0.
  Completed 100 iterations for size 300, cohesion 10.
  Completed 100 iterations for size 300, cohesion 20.

Results successfully written to job80227/comparison_results_linearSwitchFromGrouped_300_c0-10-20.json
  Completed 100 iterations for size 300, cohesion 0.
  Completed 100 iterations for size 300, cohesion 10.
  Completed 100 iterations for size 300, cohesion 20.

Results successfully written to job80227/comparison_results_linearSwitchFromGrouped_300_c0-10-20.json
  Completed 100 iterations for size 300, cohesion 0.
  Completed 100 iterations for size 300, cohesion 10.
  Completed 100 iterations for size 300, cohesion 20.

Results successfully written to job80227/comparison_results_linearSwitchFromGrouped_300_c0-10-20.json
  Completed 100 iterations for size 300, cohesion 0.
  Completed 100 iterations for size 300, cohesion 10.
  Completed 100 iterations for size 300, cohesion 20.

Results successfully written to job80227/comparison_results_linearSwitchFromGrouped_300_c0-10-20.json
  Completed 100 iterations for size 300, cohesion 0.
  Completed 100 iterations for size 300, cohesion 10.
  Completed 100 iterations for size 300, cohesion 20.

Results successfully written to job80227/comparison_results_linearSwitchFromGrouped_300_c0-10-20.json
  Completed 100 iterations for size 300, cohesion 0.
  Completed 100 iterations for size 300, cohesion 10.
  Completed 100 iterations for size 300, cohesion 20.

Results successfully written to job80227/comparison_results_linearSwitchFromGrouped_300_c0-10-20.json
  Completed 100 iterations for size 300, cohesion 0.
  Completed 100 iterations for size 300, cohesion 10.
  Completed 100 iterations for size 300, cohesion 20.

Results successfully written to job80227/comparison_results_linearSwitchFromGrouped_300_c0-10-20.json

================================================================================
Algorithm                   People    Avg Score  Avg Time(s)
--------------------------------------------------------------------------------
linearSwitchFromGrouped        300      12658.5      31.2750
================================================================================

Results successfully written to job80227/comparison_results_linearSwitchFromGrouped_300_c0-10-20.json
