Task 13 running algorithm: linearSwitchFromGrouped, people: 300, cohesions: 30 40 50
cn15.hpc.itu.dk
aubu
/home/aubu/bachelorProject/hpc-jobs
Running iterations for algorithm: linearSwitchFromGrouped
  Completed 100 iterations for size 300, cohesion 30.
  Completed 100 iterations for size 300, cohesion 40.
  Completed 100 iterations for size 300, cohesion 50.

Results successfully written to job80227/comparison_results_linearSwitchFromGrouped_300_c30-40-50.json
  Completed 100 iterations for size 300, cohesion 30.
  Completed 100 iterations for size 300, cohesion 40.
  Completed 100 iterations for size 300, cohesion 50.

Results successfully written to job80227/comparison_results_linearSwitchFromGrouped_300_c30-40-50.json
  Completed 100 iterations for size 300, cohesion 30.
  Completed 100 iterations for size 300, cohesion 40.
  Completed 100 iterations for size 300, cohesion 50.

Results successfully written to job80227/comparison_results_linearSwitchFromGrouped_300_c30-40-50.json
  Completed 100 iterations for size 300, cohesion 30.
  Completed 100 iterations for size 300, cohesion 40.
  Completed 100 iterations for size 300, cohesion 50.

Results successfully written to job80227/comparison_results_linearSwitchFromGrouped_300_c30-40-50.json
  Completed 100 iterations for size 300, cohesion 30.
  Completed 100 iterations for size 300, cohesion 40.
  Completed 100 iterations for size 300, cohesion 50.

Results successfully written to job80227/comparison_results_linearSwitchFromGrouped_300_c30-40-50.json
  Completed 100 iterations for size 300, cohesion 30.
  Completed 100 iterations for size 300, cohesion 40.
  Completed 100 iterations for size 300, cohesion 50.

Results successfully written to job80227/comparison_results_linearSwitchFromGrouped_300_c30-40-50.json
  Completed 100 iterations for size 300, cohesion 30.
  Completed 100 iterations for size 300, cohesion 40.
  Completed 100 iterations for size 300, cohesion 50.

Results successfully written to job80227/comparison_results_linearSwitchFromGrouped_300_c30-40-50.json
  Completed 100 iterations for size 300, cohesion 30.
  Completed 100 iterations for size 300, cohesion 40.
  Completed 100 iterations for size 300, cohesion 50.

Results successfully written to job80227/comparison_results_linearSwitchFromGrouped_300_c30-40-50.json
  Completed 100 iterations for size 300, cohesion 30.
  Completed 100 iterations for size 300, cohesion 40.
  Completed 100 iterations for size 300, cohesion 50.

Results successfully written to job80227/comparison_results_linearSwitchFromGrouped_300_c30-40-50.json
  Completed 100 iterations for size 300, cohesion 30.
  Completed 100 iterations for size 300, cohesion 40.
  Completed 100 iterations for size 300, cohesion 50.

Results successfully written to job80227/comparison_results_linearSwitchFromGrouped_300_c30-40-50.json
  Completed 100 iterations for size 300, cohesion 30.
  Completed 100 iterations for size 300, cohesion 40.
  Completed 100 iterations for size 300, cohesion 50.

Results successfully written to job80227/comparison_results_linearSwitchFromGrouped_300_c30-40-50.json
  Completed 100 iterations for size 300, cohesion 30.
  Completed 100 iterations for size 300, cohesion 40.
  Completed 100 iterations for size 300, cohesion 50.

Results successfully written to job80227/comparison_results_linearSwitchFromGrouped_300_c30-40-50.json
  Completed 100 iterations for size 300, cohesion 30.
  Completed 100 iterations for size 300, cohesion 40.
  Completed 100 iterations for size 300, cohesion 50.

Results successfully written to job80227/comparison_results_linearSwitchFromGrouped_300_c30-40-50.json
  Completed 100 iterations for size 300, cohesion 30.
  Completed 100 iterations for size 300, cohesion 40.
  Completed 100 iterations for size 300, cohesion 50.

Results successfully written to job80227/comparison_results_linearSwitchFromGrouped_300_c30-40-50.json
  Completed 100 iterations for size 300, cohesion 30.
  Completed 100 iterations for size 300, cohesion 40.
  Completed 100 iterations for size 300, cohesion 50.

Results successfully written to job80227/comparison_results_linearSwitchFromGrouped_300_c30-40-50.json
  Completed 100 iterations for size 300, cohesion 30.
  Completed 100 iterations for size 300, cohesion 40.
  Completed 100 iterations for size 300, cohesion 50.

Results successfully written to job80227/comparison_results_linearSwitchFromGrouped_300_c30-40-50.json
  Completed 100 iterations for size 300, cohesion 30.
  Completed 100 iterations for size 300, cohesion 40.
  Completed 100 iterations for size 300, cohesion 50.

Results successfully written to job80227/comparison_results_linearSwitchFromGrouped_300_c30-40-50.json
  Completed 100 iterations for size 300, cohesion 30.
  Completed 100 iterations for size 300, cohesion 40.
  Completed 100 iterations for size 300, cohesion 50.

Results successfully written to job80227/comparison_results_linearSwitchFromGrouped_300_c30-40-50.json
  Completed 100 iterations for size 300, cohesion 30.
  Completed 100 iterations for size 300, cohesion 40.
  Completed 100 iterations for size 300, cohesion 50.

Results successfully written to job80227/comparison_results_linearSwitchFromGrouped_300_c30-40-50.json
  Completed 100 iterations for size 300, cohesion 30.
  Completed 100 iterations for size 300, cohesion 40.
  Completed 100 iterations for size 300, cohesion 50.

Results successfully written to job80227/comparison_results_linearSwitchFromGrouped_300_c30-40-50.json
  Completed 100 iterations for size 300, cohesion 30.
  Completed 100 iterations for size 300, cohesion 40.
  Completed 100 iterations for size 300, cohesion 50.

Results successfully written to job80227/comparison_results_linearSwitchFromGrouped_300_c30-40-50.json
  Completed 100 iterations for size 300, cohesion 30.
  Completed 100 iterations for size 300, cohesion 40.
  Completed 100 iterations for size 300, cohesion 50.

Results successfully written to job80227/comparison_results_linearSwitchFromGrouped_300_c30-40-50.json
  Completed 100 iterations for size 300, cohesion 30.
  Completed 100 iterations for size 300, cohesion 40.
  Completed 100 iterations for size 300, cohesion 50.

Results successfully written to job80227/comparison_results_linearSwitchFromGrouped_300_c30-40-50.json
  Completed 100 iterations for size 300, cohesion 30.
  Completed 100 iterations for size 300, cohesion 40.
  Completed 100 iterations for size 300, cohesion 50.

Results successfully written to job80227/comparison_results_linearSwitchFromGrouped_300_c30-40-50.json
  Completed 100 iterations for size 300, cohesion 30.
  Completed 100 iterations for size 300, cohesion 40.
  Completed 100 iterations for size 300, cohesion 50.

Results successfully written to job80227/comparison_results_linearSwitchFromGrouped_300_c30-40-50.json
  Completed 100 iterations for size 300, cohesion 30.
  Completed 100 iterations for size 300, cohesion 40.
  Completed 100 iterations for size 300, cohesion 50.

Results successfully written to job80227/comparison_results_linearSwitchFromGrouped_300_c30-40-50.json
  Completed 100 iterations for size 300, cohesion 30.
  Completed 100 iterations for size 300, cohesion 40.
  Completed 100 iterations for size 300, cohesion 50.

Results successfully written to job80227/comparison_results_linearSwitchFromGrouped_300_c30-40-50.json
  Completed 100 iterations for size 300, cohesion 30.
  Completed 100 iterations for size 300, cohesion 40.
  Completed 100 iterations for size 300, cohesion 50.

Results successfully written to job80227/comparison_results_linearSwitchFromGrouped_300_c30-40-50.json
  Completed 100 iterations for size 300, cohesion 30.
  Completed 100 iterations for size 300, cohesion 40.
  Completed 100 iterations for size 300, cohesion 50.

Results successfully written to job80227/comparison_results_linearSwitchFromGrouped_300_c30-40-50.json
  Completed 100 iterations for size 300, cohesion 30.
  Completed 100 iterations for size 300, cohesion 40.
  Completed 100 iterations for size 300, cohesion 50.

Results successfully written to job80227/comparison_results_linearSwitchFromGrouped_300_c30-40-50.json
  Completed 100 iterations for size 300, cohesion 30.
  Completed 100 iterations for size 300, cohesion 40.
  Completed 100 iterations for size 300, cohesion 50.

Results successfully written to job80227/comparison_results_linearSwitchFromGrouped_300_c30-40-50.json
  Completed 100 iterations for size 300, cohesion 30.
  Completed 100 iterations for size 300, cohesion 40.
  Completed 100 iterations for size 300, cohesion 50.

Results successfully written to job80227/comparison_results_linearSwitchFromGrouped_300_c30-40-50.json
  Completed 100 iterations for size 300, cohesion 30.
  Completed 100 iterations for size 300, cohesion 40.
  Completed 100 iterations for size 300, cohesion 50.

Results successfully written to job80227/comparison_results_linearSwitchFromGrouped_300_c30-40-50.json
  Completed 100 iterations for size 300, cohesion 30.
  Completed 100 iterations for size 300, cohesion 40.
  Completed 100 iterations for size 300, cohesion 50.

Results successfully written to job80227/comparison_results_linearSwitchFromGrouped_300_c30-40-50.json
  Completed 100 iterations for size 300, cohesion 30.
  Completed 100 iterations for size 300, cohesion 40.
  Completed 100 iterations for size 300, cohesion 50.

Results successfully written to job80227/comparison_results_linearSwitchFromGrouped_300_c30-40-50.json
  Completed 100 iterations for size 300, cohesion 30.
  Completed 100 iterations for size 300, cohesion 40.
  Completed 100 iterations for size 300, cohesion 50.

Results successfully written to job80227/comparison_results_linearSwitchFromGrouped_300_c30-40-50.json
  Completed 100 iterations for size 300, cohesion 30.
  Completed 100 iterations for size 300, cohesion 40.
  Completed 100 iterations for size 300, cohesion 50.

Results successfully written to job80227/comparison_results_linearSwitchFromGrouped_300_c30-40-50.json
  Completed 100 iterations for size 300, cohesion 30.
  Completed 100 iterations for size 300, cohesion 40.
  Completed 100 iterations for size 300, cohesion 50.

Results successfully written to job80227/comparison_results_linearSwitchFromGrouped_300_c30-40-50.json
  Completed 100 iterations for size 300, cohesion 30.
  Completed 100 iterations for size 300, cohesion 40.
  Completed 100 iterations for size 300, cohesion 50.

Results successfully written to job80227/comparison_results_linearSwitchFromGrouped_300_c30-40-50.json
  Completed 100 iterations for size 300, cohesion 30.
  Completed 100 iterations for size 300, cohesion 40.
  Completed 100 iterations for size 300, cohesion 50.

Results successfully written to job80227/comparison_results_linearSwitchFromGrouped_300_c30-40-50.json
  Completed 100 iterations for size 300, cohesion 30.
  Completed 100 iterations for size 300, cohesion 40.
  Completed 100 iterations for size 300, cohesion 50.

Results successfully written to job80227/comparison_results_linearSwitchFromGrouped_300_c30-40-50.json
  Completed 100 iterations for size 300, cohesion 30.
  Completed 100 iterations for size 300, cohesion 40.
  Completed 100 iterations for size 300, cohesion 50.

Results successfully written to job80227/comparison_results_linearSwitchFromGrouped_300_c30-40-50.json
  Completed 100 iterations for size 300, cohesion 30.
  Completed 100 iterations for size 300, cohesion 40.
  Completed 100 iterations for size 300, cohesion 50.

Results successfully written to job80227/comparison_results_linearSwitchFromGrouped_300_c30-40-50.json
  Completed 100 iterations for size 300, cohesion 30.
  Completed 100 iterations for size 300, cohesion 40.
  Completed 100 iterations for size 300, cohesion 50.

Results successfully written to job80227/comparison_results_linearSwitchFromGrouped_300_c30-40-50.json
  Completed 100 iterations for size 300, cohesion 30.
  Completed 100 iterations for size 300, cohesion 40.
  Completed 100 iterations for size 300, cohesion 50.

Results successfully written to job80227/comparison_results_linearSwitchFromGrouped_300_c30-40-50.json
  Completed 100 iterations for size 300, cohesion 30.
  Completed 100 iterations for size 300, cohesion 40.
  Completed 100 iterations for size 300, cohesion 50.

Results successfully written to job80227/comparison_results_linearSwitchFromGrouped_300_c30-40-50.json
  Completed 100 iterations for size 300, cohesion 30.
  Completed 100 iterations for size 300, cohesion 40.
  Completed 100 iterations for size 300, cohesion 50.

Results successfully written to job80227/comparison_results_linearSwitchFromGrouped_300_c30-40-50.json
  Completed 100 iterations for size 300, cohesion 30.
  Completed 100 iterations for size 300, cohesion 40.
  Completed 100 iterations for size 300, cohesion 50.

Results successfully written to job80227/comparison_results_linearSwitchFromGrouped_300_c30-40-50.json
  Completed 100 iterations for size 300, cohesion 30.
  Completed 100 iterations for size 300, cohesion 40.
  Completed 100 iterations for size 300, cohesion 50.

Results successfully written to job80227/comparison_results_linearSwitchFromGrouped_300_c30-40-50.json
  Completed 100 iterations for size 300, cohesion 30.
  Completed 100 iterations for size 300, cohesion 40.
  Completed 100 iterations for size 300, cohesion 50.

Results successfully written to job80227/comparison_results_linearSwitchFromGrouped_300_c30-40-50.json
  Completed 100 iterations for size 300, cohesion 30.
  Completed 100 iterations for size 300, cohesion 40.
  Completed 100 iterations for size 300, cohesion 50.

Results successfully written to job80227/comparison_results_linearSwitchFromGrouped_300_c30-40-50.json
  Completed 100 iterations for size 300, cohesion 30.
  Completed 100 iterations for size 300, cohesion 40.
  Completed 100 iterations for size 300, cohesion 50.

Results successfully written to job80227/comparison_results_linearSwitchFromGrouped_300_c30-40-50.json
  Completed 100 iterations for size 300, cohesion 30.
  Completed 100 iterations for size 300, cohesion 40.
  Completed 100 iterations for size 300, cohesion 50.

Results successfully written to job80227/comparison_results_linearSwitchFromGrouped_300_c30-40-50.json
  Completed 100 iterations for size 300, cohesion 30.
  Completed 100 iterations for size 300, cohesion 40.
  Completed 100 iterations for size 300, cohesion 50.

Results successfully written to job80227/comparison_results_linearSwitchFromGrouped_300_c30-40-50.json
  Completed 100 iterations for size 300, cohesion 30.
  Completed 100 iterations for size 300, cohesion 40.
  Completed 100 iterations for size 300, cohesion 50.

Results successfully written to job80227/comparison_results_linearSwitchFromGrouped_300_c30-40-50.json
  Completed 100 iterations for size 300, cohesion 30.
  Completed 100 iterations for size 300, cohesion 40.
  Completed 100 iterations for size 300, cohesion 50.

Results successfully written to job80227/comparison_results_linearSwitchFromGrouped_300_c30-40-50.json
  Completed 100 iterations for size 300, cohesion 30.
  Completed 100 iterations for size 300, cohesion 40.
  Completed 100 iterations for size 300, cohesion 50.

Results successfully written to job80227/comparison_results_linearSwitchFromGrouped_300_c30-40-50.json
  Completed 100 iterations for size 300, cohesion 30.
  Completed 100 iterations for size 300, cohesion 40.
  Completed 100 iterations for size 300, cohesion 50.

Results successfully written to job80227/comparison_results_linearSwitchFromGrouped_300_c30-40-50.json
  Completed 100 iterations for size 300, cohesion 30.
  Completed 100 iterations for size 300, cohesion 40.
  Completed 100 iterations for size 300, cohesion 50.

Results successfully written to job80227/comparison_results_linearSwitchFromGrouped_300_c30-40-50.json
  Completed 100 iterations for size 300, cohesion 30.
  Completed 100 iterations for size 300, cohesion 40.
  Completed 100 iterations for size 300, cohesion 50.

Results successfully written to job80227/comparison_results_linearSwitchFromGrouped_300_c30-40-50.json
  Completed 100 iterations for size 300, cohesion 30.
  Completed 100 iterations for size 300, cohesion 40.
  Completed 100 iterations for size 300, cohesion 50.

Results successfully written to job80227/comparison_results_linearSwitchFromGrouped_300_c30-40-50.json
  Completed 100 iterations for size 300, cohesion 30.
  Completed 100 iterations for size 300, cohesion 40.
  Completed 100 iterations for size 300, cohesion 50.

Results successfully written to job80227/comparison_results_linearSwitchFromGrouped_300_c30-40-50.json
  Completed 100 iterations for size 300, cohesion 30.
  Completed 100 iterations for size 300, cohesion 40.
  Completed 100 iterations for size 300, cohesion 50.

Results successfully written to job80227/comparison_results_linearSwitchFromGrouped_300_c30-40-50.json
  Completed 100 iterations for size 300, cohesion 30.
  Completed 100 iterations for size 300, cohesion 40.
  Completed 100 iterations for size 300, cohesion 50.

Results successfully written to job80227/comparison_results_linearSwitchFromGrouped_300_c30-40-50.json
  Completed 100 iterations for size 300, cohesion 30.
  Completed 100 iterations for size 300, cohesion 40.
  Completed 100 iterations for size 300, cohesion 50.

Results successfully written to job80227/comparison_results_linearSwitchFromGrouped_300_c30-40-50.json
  Completed 100 iterations for size 300, cohesion 30.
  Completed 100 iterations for size 300, cohesion 40.
  Completed 100 iterations for size 300, cohesion 50.

Results successfully written to job80227/comparison_results_linearSwitchFromGrouped_300_c30-40-50.json
  Completed 100 iterations for size 300, cohesion 30.
  Completed 100 iterations for size 300, cohesion 40.
  Completed 100 iterations for size 300, cohesion 50.

Results successfully written to job80227/comparison_results_linearSwitchFromGrouped_300_c30-40-50.json
  Completed 100 iterations for size 300, cohesion 30.
  Completed 100 iterations for size 300, cohesion 40.
  Completed 100 iterations for size 300, cohesion 50.

Results successfully written to job80227/comparison_results_linearSwitchFromGrouped_300_c30-40-50.json
  Completed 100 iterations for size 300, cohesion 30.
  Completed 100 iterations for size 300, cohesion 40.
  Completed 100 iterations for size 300, cohesion 50.

Results successfully written to job80227/comparison_results_linearSwitchFromGrouped_300_c30-40-50.json
  Completed 100 iterations for size 300, cohesion 30.
  Completed 100 iterations for size 300, cohesion 40.
  Completed 100 iterations for size 300, cohesion 50.

Results successfully written to job80227/comparison_results_linearSwitchFromGrouped_300_c30-40-50.json
  Completed 100 iterations for size 300, cohesion 30.
  Completed 100 iterations for size 300, cohesion 40.
  Completed 100 iterations for size 300, cohesion 50.

Results successfully written to job80227/comparison_results_linearSwitchFromGrouped_300_c30-40-50.json
  Completed 100 iterations for size 300, cohesion 30.
  Completed 100 iterations for size 300, cohesion 40.
  Completed 100 iterations for size 300, cohesion 50.

Results successfully written to job80227/comparison_results_linearSwitchFromGrouped_300_c30-40-50.json
  Completed 100 iterations for size 300, cohesion 30.
  Completed 100 iterations for size 300, cohesion 40.
  Completed 100 iterations for size 300, cohesion 50.

Results successfully written to job80227/comparison_results_linearSwitchFromGrouped_300_c30-40-50.json
  Completed 100 iterations for size 300, cohesion 30.
  Completed 100 iterations for size 300, cohesion 40.
  Completed 100 iterations for size 300, cohesion 50.

Results successfully written to job80227/comparison_results_linearSwitchFromGrouped_300_c30-40-50.json
  Completed 100 iterations for size 300, cohesion 30.
  Completed 100 iterations for size 300, cohesion 40.
  Completed 100 iterations for size 300, cohesion 50.

Results successfully written to job80227/comparison_results_linearSwitchFromGrouped_300_c30-40-50.json
  Completed 100 iterations for size 300, cohesion 30.
  Completed 100 iterations for size 300, cohesion 40.
  Completed 100 iterations for size 300, cohesion 50.

Results successfully written to job80227/comparison_results_linearSwitchFromGrouped_300_c30-40-50.json
  Completed 100 iterations for size 300, cohesion 30.
  Completed 100 iterations for size 300, cohesion 40.
  Completed 100 iterations for size 300, cohesion 50.

Results successfully written to job80227/comparison_results_linearSwitchFromGrouped_300_c30-40-50.json
  Completed 100 iterations for size 300, cohesion 30.
  Completed 100 iterations for size 300, cohesion 40.
  Completed 100 iterations for size 300, cohesion 50.

Results successfully written to job80227/comparison_results_linearSwitchFromGrouped_300_c30-40-50.json
  Completed 100 iterations for size 300, cohesion 30.
  Completed 100 iterations for size 300, cohesion 40.
  Completed 100 iterations for size 300, cohesion 50.

Results successfully written to job80227/comparison_results_linearSwitchFromGrouped_300_c30-40-50.json
  Completed 100 iterations for size 300, cohesion 30.
  Completed 100 iterations for size 300, cohesion 40.
  Completed 100 iterations for size 300, cohesion 50.

Results successfully written to job80227/comparison_results_linearSwitchFromGrouped_300_c30-40-50.json
  Completed 100 iterations for size 300, cohesion 30.
  Completed 100 iterations for size 300, cohesion 40.
  Completed 100 iterations for size 300, cohesion 50.

Results successfully written to job80227/comparison_results_linearSwitchFromGrouped_300_c30-40-50.json
  Completed 100 iterations for size 300, cohesion 30.
  Completed 100 iterations for size 300, cohesion 40.
  Completed 100 iterations for size 300, cohesion 50.

Results successfully written to job80227/comparison_results_linearSwitchFromGrouped_300_c30-40-50.json
  Completed 100 iterations for size 300, cohesion 30.
  Completed 100 iterations for size 300, cohesion 40.
  Completed 100 iterations for size 300, cohesion 50.

Results successfully written to job80227/comparison_results_linearSwitchFromGrouped_300_c30-40-50.json
  Completed 100 iterations for size 300, cohesion 30.
  Completed 100 iterations for size 300, cohesion 40.
  Completed 100 iterations for size 300, cohesion 50.

Results successfully written to job80227/comparison_results_linearSwitchFromGrouped_300_c30-40-50.json
  Completed 100 iterations for size 300, cohesion 30.
  Completed 100 iterations for size 300, cohesion 40.
  Completed 100 iterations for size 300, cohesion 50.

Results successfully written to job80227/comparison_results_linearSwitchFromGrouped_300_c30-40-50.json
  Completed 100 iterations for size 300, cohesion 30.
  Completed 100 iterations for size 300, cohesion 40.
  Completed 100 iterations for size 300, cohesion 50.

Results successfully written to job80227/comparison_results_linearSwitchFromGrouped_300_c30-40-50.json
  Completed 100 iterations for size 300, cohesion 30.
  Completed 100 iterations for size 300, cohesion 40.
  Completed 100 iterations for size 300, cohesion 50.

Results successfully written to job80227/comparison_results_linearSwitchFromGrouped_300_c30-40-50.json
  Completed 100 iterations for size 300, cohesion 30.
  Completed 100 iterations for size 300, cohesion 40.
  Completed 100 iterations for size 300, cohesion 50.

Results successfully written to job80227/comparison_results_linearSwitchFromGrouped_300_c30-40-50.json
  Completed 100 iterations for size 300, cohesion 30.
  Completed 100 iterations for size 300, cohesion 40.
  Completed 100 iterations for size 300, cohesion 50.

Results successfully written to job80227/comparison_results_linearSwitchFromGrouped_300_c30-40-50.json
  Completed 100 iterations for size 300, cohesion 30.
  Completed 100 iterations for size 300, cohesion 40.
  Completed 100 iterations for size 300, cohesion 50.

Results successfully written to job80227/comparison_results_linearSwitchFromGrouped_300_c30-40-50.json
  Completed 100 iterations for size 300, cohesion 30.
  Completed 100 iterations for size 300, cohesion 40.
  Completed 100 iterations for size 300, cohesion 50.

Results successfully written to job80227/comparison_results_linearSwitchFromGrouped_300_c30-40-50.json
  Completed 100 iterations for size 300, cohesion 30.
  Completed 100 iterations for size 300, cohesion 40.
  Completed 100 iterations for size 300, cohesion 50.

Results successfully written to job80227/comparison_results_linearSwitchFromGrouped_300_c30-40-50.json
  Completed 100 iterations for size 300, cohesion 30.
  Completed 100 iterations for size 300, cohesion 40.
  Completed 100 iterations for size 300, cohesion 50.

Results successfully written to job80227/comparison_results_linearSwitchFromGrouped_300_c30-40-50.json
  Completed 100 iterations for size 300, cohesion 30.
  Completed 100 iterations for size 300, cohesion 40.
  Completed 100 iterations for size 300, cohesion 50.

Results successfully written to job80227/comparison_results_linearSwitchFromGrouped_300_c30-40-50.json
  Completed 100 iterations for size 300, cohesion 30.
  Completed 100 iterations for size 300, cohesion 40.
  Completed 100 iterations for size 300, cohesion 50.

Results successfully written to job80227/comparison_results_linearSwitchFromGrouped_300_c30-40-50.json
  Completed 100 iterations for size 300, cohesion 30.
  Completed 100 iterations for size 300, cohesion 40.
  Completed 100 iterations for size 300, cohesion 50.

Results successfully written to job80227/comparison_results_linearSwitchFromGrouped_300_c30-40-50.json
  Completed 100 iterations for size 300, cohesion 30.
  Completed 100 iterations for size 300, cohesion 40.
  Completed 100 iterations for size 300, cohesion 50.

Results successfully written to job80227/comparison_results_linearSwitchFromGrouped_300_c30-40-50.json
  Completed 100 iterations for size 300, cohesion 30.
  Completed 100 iterations for size 300, cohesion 40.
  Completed 100 iterations for size 300, cohesion 50.

Results successfully written to job80227/comparison_results_linearSwitchFromGrouped_300_c30-40-50.json
  Completed 100 iterations for size 300, cohesion 30.
  Completed 100 iterations for size 300, cohesion 40.
  Completed 100 iterations for size 300, cohesion 50.

Results successfully written to job80227/comparison_results_linearSwitchFromGrouped_300_c30-40-50.json
  Completed 100 iterations for size 300, cohesion 30.
  Completed 100 iterations for size 300, cohesion 40.
  Completed 100 iterations for size 300, cohesion 50.

Results successfully written to job80227/comparison_results_linearSwitchFromGrouped_300_c30-40-50.json

================================================================================
Algorithm                   People    Avg Score  Avg Time(s)
--------------------------------------------------------------------------------
linearSwitchFromGrouped        300      14322.2      30.7766
================================================================================

Results successfully written to job80227/comparison_results_linearSwitchFromGrouped_300_c30-40-50.json
