Task 15 running algorithm: linearSwitchFromGrouped, people: 300, cohesions: 90 100
cn15.hpc.itu.dk
aubu
/home/aubu/bachelorProject/hpc-jobs
Running iterations for algorithm: linearSwitchFromGrouped
  Completed 100 iterations for size 300, cohesion 90.
  Completed 100 iterations for size 300, cohesion 100.

Results successfully written to job80227/comparison_results_linearSwitchFromGrouped_300_c90-100.json
  Completed 100 iterations for size 300, cohesion 90.
  Completed 100 iterations for size 300, cohesion 100.

Results successfully written to job80227/comparison_results_linearSwitchFromGrouped_300_c90-100.json
  Completed 100 iterations for size 300, cohesion 90.
  Completed 100 iterations for size 300, cohesion 100.

Results successfully written to job80227/comparison_results_linearSwitchFromGrouped_300_c90-100.json
  Completed 100 iterations for size 300, cohesion 90.
  Completed 100 iterations for size 300, cohesion 100.

Results successfully written to job80227/comparison_results_linearSwitchFromGrouped_300_c90-100.json
  Completed 100 iterations for size 300, cohesion 90.
  Completed 100 iterations for size 300, cohesion 100.

Results successfully written to job80227/comparison_results_linearSwitchFromGrouped_300_c90-100.json
  Completed 100 iterations for size 300, cohesion 90.
  Completed 100 iterations for size 300, cohesion 100.

Results successfully written to job80227/comparison_results_linearSwitchFromGrouped_300_c90-100.json
  Completed 100 iterations for size 300, cohesion 90.
  Completed 100 iterations for size 300, cohesion 100.

Results successfully written to job80227/comparison_results_linearSwitchFromGrouped_300_c90-100.json
  Completed 100 iterations for size 300, cohesion 90.
  Completed 100 iterations for size 300, cohesion 100.

Results successfully written to job80227/comparison_results_linearSwitchFromGrouped_300_c90-100.json
  Completed 100 iterations for size 300, cohesion 90.
  Completed 100 iterations for size 300, cohesion 100.

Results successfully written to job80227/comparison_results_linearSwitchFromGrouped_300_c90-100.json
  Completed 100 iterations for size 300, cohesion 90.
  Completed 100 iterations for size 300, cohesion 100.

Results successfully written to job80227/comparison_results_linearSwitchFromGrouped_300_c90-100.json
  Completed 100 iterations for size 300, cohesion 90.
  Completed 100 iterations for size 300, cohesion 100.

Results successfully written to job80227/comparison_results_linearSwitchFromGrouped_300_c90-100.json
  Completed 100 iterations for size 300, cohesion 90.
  Completed 100 iterations for size 300, cohesion 100.

Results successfully written to job80227/comparison_results_linearSwitchFromGrouped_300_c90-100.json
  Completed 100 iterations for size 300, cohesion 90.
  Completed 100 iterations for size 300, cohesion 100.

Results successfully written to job80227/comparison_results_linearSwitchFromGrouped_300_c90-100.json
  Completed 100 iterations for size 300, cohesion 90.
  Completed 100 iterations for size 300, cohesion 100.

Results successfully written to job80227/comparison_results_linearSwitchFromGrouped_300_c90-100.json
  Completed 100 iterations for size 300, cohesion 90.
  Completed 100 iterations for size 300, cohesion 100.

Results successfully written to job80227/comparison_results_linearSwitchFromGrouped_300_c90-100.json
  Completed 100 iterations for size 300, cohesion 90.
  Completed 100 iterations for size 300, cohesion 100.

Results successfully written to job80227/comparison_results_linearSwitchFromGrouped_300_c90-100.json
  Completed 100 iterations for size 300, cohesion 90.
  Completed 100 iterations for size 300, cohesion 100.

Results successfully written to job80227/comparison_results_linearSwitchFromGrouped_300_c90-100.json
  Completed 100 iterations for size 300, cohesion 90.
  Completed 100 iterations for size 300, cohesion 100.

Results successfully written to job80227/comparison_results_linearSwitchFromGrouped_300_c90-100.json
  Completed 100 iterations for size 300, cohesion 90.
  Completed 100 iterations for size 300, cohesion 100.

Results successfully written to job80227/comparison_results_linearSwitchFromGrouped_300_c90-100.json
  Completed 100 iterations for size 300, cohesion 90.
  Completed 100 iterations for size 300, cohesion 100.

Results successfully written to job80227/comparison_results_linearSwitchFromGrouped_300_c90-100.json
  Completed 100 iterations for size 300, cohesion 90.
  Completed 100 iterations for size 300, cohesion 100.

Results successfully written to job80227/comparison_results_linearSwitchFromGrouped_300_c90-100.json
  Completed 100 iterations for size 300, cohesion 90.
  Completed 100 iterations for size 300, cohesion 100.

Results successfully written to job80227/comparison_results_linearSwitchFromGrouped_300_c90-100.json
  Completed 100 iterations for size 300, cohesion 90.
  Completed 100 iterations for size 300, cohesion 100.

Results successfully written to job80227/comparison_results_linearSwitchFromGrouped_300_c90-100.json
  Completed 100 iterations for size 300, cohesion 90.
  Completed 100 iterations for size 300, cohesion 100.

Results successfully written to job80227/comparison_results_linearSwitchFromGrouped_300_c90-100.json
  Completed 100 iterations for size 300, cohesion 90.
  Completed 100 iterations for size 300, cohesion 100.

Results successfully written to job80227/comparison_results_linearSwitchFromGrouped_300_c90-100.json
  Completed 100 iterations for size 300, cohesion 90.
  Completed 100 iterations for size 300, cohesion 100.

Results successfully written to job80227/comparison_results_linearSwitchFromGrouped_300_c90-100.json
  Completed 100 iterations for size 300, cohesion 90.
  Completed 100 iterations for size 300, cohesion 100.

Results successfully written to job80227/comparison_results_linearSwitchFromGrouped_300_c90-100.json
  Completed 100 iterations for size 300, cohesion 90.
  Completed 100 iterations for size 300, cohesion 100.

Results successfully written to job80227/comparison_results_linearSwitchFromGrouped_300_c90-100.json
  Completed 100 iterations for size 300, cohesion 90.
  Completed 100 iterations for size 300, cohesion 100.

Results successfully written to job80227/comparison_results_linearSwitchFromGrouped_300_c90-100.json
  Completed 100 iterations for size 300, cohesion 90.
  Completed 100 iterations for size 300, cohesion 100.

Results successfully written to job80227/comparison_results_linearSwitchFromGrouped_300_c90-100.json
  Completed 100 iterations for size 300, cohesion 90.
  Completed 100 iterations for size 300, cohesion 100.

Results successfully written to job80227/comparison_results_linearSwitchFromGrouped_300_c90-100.json
  Completed 100 iterations for size 300, cohesion 90.
  Completed 100 iterations for size 300, cohesion 100.

Results successfully written to job80227/comparison_results_linearSwitchFromGrouped_300_c90-100.json
  Completed 100 iterations for size 300, cohesion 90.
  Completed 100 iterations for size 300, cohesion 100.

Results successfully written to job80227/comparison_results_linearSwitchFromGrouped_300_c90-100.json
  Completed 100 iterations for size 300, cohesion 90.
  Completed 100 iterations for size 300, cohesion 100.

Results successfully written to job80227/comparison_results_linearSwitchFromGrouped_300_c90-100.json
  Completed 100 iterations for size 300, cohesion 90.
  Completed 100 iterations for size 300, cohesion 100.

Results successfully written to job80227/comparison_results_linearSwitchFromGrouped_300_c90-100.json
  Completed 100 iterations for size 300, cohesion 90.
  Completed 100 iterations for size 300, cohesion 100.

Results successfully written to job80227/comparison_results_linearSwitchFromGrouped_300_c90-100.json
  Completed 100 iterations for size 300, cohesion 90.
  Completed 100 iterations for size 300, cohesion 100.

Results successfully written to job80227/comparison_results_linearSwitchFromGrouped_300_c90-100.json
  Completed 100 iterations for size 300, cohesion 90.
  Completed 100 iterations for size 300, cohesion 100.

Results successfully written to job80227/comparison_results_linearSwitchFromGrouped_300_c90-100.json
  Completed 100 iterations for size 300, cohesion 90.
  Completed 100 iterations for size 300, cohesion 100.

Results successfully written to job80227/comparison_results_linearSwitchFromGrouped_300_c90-100.json
  Completed 100 iterations for size 300, cohesion 90.
  Completed 100 iterations for size 300, cohesion 100.

Results successfully written to job80227/comparison_results_linearSwitchFromGrouped_300_c90-100.json
  Completed 100 iterations for size 300, cohesion 90.
  Completed 100 iterations for size 300, cohesion 100.

Results successfully written to job80227/comparison_results_linearSwitchFromGrouped_300_c90-100.json
  Completed 100 iterations for size 300, cohesion 90.
  Completed 100 iterations for size 300, cohesion 100.

Results successfully written to job80227/comparison_results_linearSwitchFromGrouped_300_c90-100.json
  Completed 100 iterations for size 300, cohesion 90.
  Completed 100 iterations for size 300, cohesion 100.

Results successfully written to job80227/comparison_results_linearSwitchFromGrouped_300_c90-100.json
  Completed 100 iterations for size 300, cohesion 90.
  Completed 100 iterations for size 300, cohesion 100.

Results successfully written to job80227/comparison_results_linearSwitchFromGrouped_300_c90-100.json
  Completed 100 iterations for size 300, cohesion 90.
  Completed 100 iterations for size 300, cohesion 100.

Results successfully written to job80227/comparison_results_linearSwitchFromGrouped_300_c90-100.json
  Completed 100 iterations for size 300, cohesion 90.
  Completed 100 iterations for size 300, cohesion 100.

Results successfully written to job80227/comparison_results_linearSwitchFromGrouped_300_c90-100.json
  Completed 100 iterations for size 300, cohesion 90.
  Completed 100 iterations for size 300, cohesion 100.

Results successfully written to job80227/comparison_results_linearSwitchFromGrouped_300_c90-100.json
  Completed 100 iterations for size 300, cohesion 90.
  Completed 100 iterations for size 300, cohesion 100.

Results successfully written to job80227/comparison_results_linearSwitchFromGrouped_300_c90-100.json
  Completed 100 iterations for size 300, cohesion 90.
  Completed 100 iterations for size 300, cohesion 100.

Results successfully written to job80227/comparison_results_linearSwitchFromGrouped_300_c90-100.json
  Completed 100 iterations for size 300, cohesion 90.
  Completed 100 iterations for size 300, cohesion 100.

Results successfully written to job80227/comparison_results_linearSwitchFromGrouped_300_c90-100.json
  Completed 100 iterations for size 300, cohesion 90.
  Completed 100 iterations for size 300, cohesion 100.

Results successfully written to job80227/comparison_results_linearSwitchFromGrouped_300_c90-100.json
  Completed 100 iterations for size 300, cohesion 90.
  Completed 100 iterations for size 300, cohesion 100.

Results successfully written to job80227/comparison_results_linearSwitchFromGrouped_300_c90-100.json
  Completed 100 iterations for size 300, cohesion 90.
  Completed 100 iterations for size 300, cohesion 100.

Results successfully written to job80227/comparison_results_linearSwitchFromGrouped_300_c90-100.json
  Completed 100 iterations for size 300, cohesion 90.
  Completed 100 iterations for size 300, cohesion 100.

Results successfully written to job80227/comparison_results_linearSwitchFromGrouped_300_c90-100.json
  Completed 100 iterations for size 300, cohesion 90.
  Completed 100 iterations for size 300, cohesion 100.

Results successfully written to job80227/comparison_results_linearSwitchFromGrouped_300_c90-100.json
  Completed 100 iterations for size 300, cohesion 90.
  Completed 100 iterations for size 300, cohesion 100.

Results successfully written to job80227/comparison_results_linearSwitchFromGrouped_300_c90-100.json
  Completed 100 iterations for size 300, cohesion 90.
  Completed 100 iterations for size 300, cohesion 100.

Results successfully written to job80227/comparison_results_linearSwitchFromGrouped_300_c90-100.json
  Completed 100 iterations for size 300, cohesion 90.
  Completed 100 iterations for size 300, cohesion 100.

Results successfully written to job80227/comparison_results_linearSwitchFromGrouped_300_c90-100.json
  Completed 100 iterations for size 300, cohesion 90.
  Completed 100 iterations for size 300, cohesion 100.

Results successfully written to job80227/comparison_results_linearSwitchFromGrouped_300_c90-100.json
  Completed 100 iterations for size 300, cohesion 90.
  Completed 100 iterations for size 300, cohesion 100.

Results successfully written to job80227/comparison_results_linearSwitchFromGrouped_300_c90-100.json
  Completed 100 iterations for size 300, cohesion 90.
  Completed 100 iterations for size 300, cohesion 100.

Results successfully written to job80227/comparison_results_linearSwitchFromGrouped_300_c90-100.json
  Completed 100 iterations for size 300, cohesion 90.
  Completed 100 iterations for size 300, cohesion 100.

Results successfully written to job80227/comparison_results_linearSwitchFromGrouped_300_c90-100.json
  Completed 100 iterations for size 300, cohesion 90.
  Completed 100 iterations for size 300, cohesion 100.

Results successfully written to job80227/comparison_results_linearSwitchFromGrouped_300_c90-100.json
  Completed 100 iterations for size 300, cohesion 90.
  Completed 100 iterations for size 300, cohesion 100.

Results successfully written to job80227/comparison_results_linearSwitchFromGrouped_300_c90-100.json
  Completed 100 iterations for size 300, cohesion 90.
  Completed 100 iterations for size 300, cohesion 100.

Results successfully written to job80227/comparison_results_linearSwitchFromGrouped_300_c90-100.json
  Completed 100 iterations for size 300, cohesion 90.
  Completed 100 iterations for size 300, cohesion 100.

Results successfully written to job80227/comparison_results_linearSwitchFromGrouped_300_c90-100.json
  Completed 100 iterations for size 300, cohesion 90.
  Completed 100 iterations for size 300, cohesion 100.

Results successfully written to job80227/comparison_results_linearSwitchFromGrouped_300_c90-100.json
  Completed 100 iterations for size 300, cohesion 90.
  Completed 100 iterations for size 300, cohesion 100.

Results successfully written to job80227/comparison_results_linearSwitchFromGrouped_300_c90-100.json
  Completed 100 iterations for size 300, cohesion 90.
  Completed 100 iterations for size 300, cohesion 100.

Results successfully written to job80227/comparison_results_linearSwitchFromGrouped_300_c90-100.json
  Completed 100 iterations for size 300, cohesion 90.
  Completed 100 iterations for size 300, cohesion 100.

Results successfully written to job80227/comparison_results_linearSwitchFromGrouped_300_c90-100.json
  Completed 100 iterations for size 300, cohesion 90.
  Completed 100 iterations for size 300, cohesion 100.

Results successfully written to job80227/comparison_results_linearSwitchFromGrouped_300_c90-100.json
  Completed 100 iterations for size 300, cohesion 90.
  Completed 100 iterations for size 300, cohesion 100.

Results successfully written to job80227/comparison_results_linearSwitchFromGrouped_300_c90-100.json
  Completed 100 iterations for size 300, cohesion 90.
  Completed 100 iterations for size 300, cohesion 100.

Results successfully written to job80227/comparison_results_linearSwitchFromGrouped_300_c90-100.json
  Completed 100 iterations for size 300, cohesion 90.
  Completed 100 iterations for size 300, cohesion 100.

Results successfully written to job80227/comparison_results_linearSwitchFromGrouped_300_c90-100.json
  Completed 100 iterations for size 300, cohesion 90.
  Completed 100 iterations for size 300, cohesion 100.

Results successfully written to job80227/comparison_results_linearSwitchFromGrouped_300_c90-100.json
  Completed 100 iterations for size 300, cohesion 90.
  Completed 100 iterations for size 300, cohesion 100.

Results successfully written to job80227/comparison_results_linearSwitchFromGrouped_300_c90-100.json
  Completed 100 iterations for size 300, cohesion 90.
  Completed 100 iterations for size 300, cohesion 100.

Results successfully written to job80227/comparison_results_linearSwitchFromGrouped_300_c90-100.json
  Completed 100 iterations for size 300, cohesion 90.
  Completed 100 iterations for size 300, cohesion 100.

Results successfully written to job80227/comparison_results_linearSwitchFromGrouped_300_c90-100.json
  Completed 100 iterations for size 300, cohesion 90.
  Completed 100 iterations for size 300, cohesion 100.

Results successfully written to job80227/comparison_results_linearSwitchFromGrouped_300_c90-100.json
  Completed 100 iterations for size 300, cohesion 90.
  Completed 100 iterations for size 300, cohesion 100.

Results successfully written to job80227/comparison_results_linearSwitchFromGrouped_300_c90-100.json
  Completed 100 iterations for size 300, cohesion 90.
  Completed 100 iterations for size 300, cohesion 100.

Results successfully written to job80227/comparison_results_linearSwitchFromGrouped_300_c90-100.json
  Completed 100 iterations for size 300, cohesion 90.
  Completed 100 iterations for size 300, cohesion 100.

Results successfully written to job80227/comparison_results_linearSwitchFromGrouped_300_c90-100.json
  Completed 100 iterations for size 300, cohesion 90.
  Completed 100 iterations for size 300, cohesion 100.

Results successfully written to job80227/comparison_results_linearSwitchFromGrouped_300_c90-100.json
  Completed 100 iterations for size 300, cohesion 90.
  Completed 100 iterations for size 300, cohesion 100.

Results successfully written to job80227/comparison_results_linearSwitchFromGrouped_300_c90-100.json
  Completed 100 iterations for size 300, cohesion 90.
  Completed 100 iterations for size 300, cohesion 100.

Results successfully written to job80227/comparison_results_linearSwitchFromGrouped_300_c90-100.json
  Completed 100 iterations for size 300, cohesion 90.
  Completed 100 iterations for size 300, cohesion 100.

Results successfully written to job80227/comparison_results_linearSwitchFromGrouped_300_c90-100.json
  Completed 100 iterations for size 300, cohesion 90.
  Completed 100 iterations for size 300, cohesion 100.

Results successfully written to job80227/comparison_results_linearSwitchFromGrouped_300_c90-100.json
  Completed 100 iterations for size 300, cohesion 90.
  Completed 100 iterations for size 300, cohesion 100.

Results successfully written to job80227/comparison_results_linearSwitchFromGrouped_300_c90-100.json
  Completed 100 iterations for size 300, cohesion 90.
  Completed 100 iterations for size 300, cohesion 100.

Results successfully written to job80227/comparison_results_linearSwitchFromGrouped_300_c90-100.json
  Completed 100 iterations for size 300, cohesion 90.
  Completed 100 iterations for size 300, cohesion 100.

Results successfully written to job80227/comparison_results_linearSwitchFromGrouped_300_c90-100.json
  Completed 100 iterations for size 300, cohesion 90.
  Completed 100 iterations for size 300, cohesion 100.

Results successfully written to job80227/comparison_results_linearSwitchFromGrouped_300_c90-100.json
  Completed 100 iterations for size 300, cohesion 90.
  Completed 100 iterations for size 300, cohesion 100.

Results successfully written to job80227/comparison_results_linearSwitchFromGrouped_300_c90-100.json
  Completed 100 iterations for size 300, cohesion 90.
  Completed 100 iterations for size 300, cohesion 100.

Results successfully written to job80227/comparison_results_linearSwitchFromGrouped_300_c90-100.json
  Completed 100 iterations for size 300, cohesion 90.
  Completed 100 iterations for size 300, cohesion 100.

Results successfully written to job80227/comparison_results_linearSwitchFromGrouped_300_c90-100.json
  Completed 100 iterations for size 300, cohesion 90.
  Completed 100 iterations for size 300, cohesion 100.

Results successfully written to job80227/comparison_results_linearSwitchFromGrouped_300_c90-100.json
  Completed 100 iterations for size 300, cohesion 90.
  Completed 100 iterations for size 300, cohesion 100.

Results successfully written to job80227/comparison_results_linearSwitchFromGrouped_300_c90-100.json
  Completed 100 iterations for size 300, cohesion 90.
  Completed 100 iterations for size 300, cohesion 100.

Results successfully written to job80227/comparison_results_linearSwitchFromGrouped_300_c90-100.json
  Completed 100 iterations for size 300, cohesion 90.
  Completed 100 iterations for size 300, cohesion 100.

Results successfully written to job80227/comparison_results_linearSwitchFromGrouped_300_c90-100.json
  Completed 100 iterations for size 300, cohesion 90.
  Completed 100 iterations for size 300, cohesion 100.

Results successfully written to job80227/comparison_results_linearSwitchFromGrouped_300_c90-100.json
  Completed 100 iterations for size 300, cohesion 90.
  Completed 100 iterations for size 300, cohesion 100.

Results successfully written to job80227/comparison_results_linearSwitchFromGrouped_300_c90-100.json

================================================================================
Algorithm                   People    Avg Score  Avg Time(s)
--------------------------------------------------------------------------------
linearSwitchFromGrouped        300      15398.0      30.5608
================================================================================

Results successfully written to job80227/comparison_results_linearSwitchFromGrouped_300_c90-100.json
