Task 16 running algorithm: linearSwitchFromGroupedProtected, people: 8, cohesions: 0 10 20
cn15.hpc.itu.dk
aubu
/home/aubu/bachelorProject/hpc-jobs
Running iterations for algorithm: linearSwitchFromGroupedProtected
  Completed 100 iterations for size 8, cohesion 0.
  Completed 100 iterations for size 8, cohesion 10.
  Completed 100 iterations for size 8, cohesion 20.

Results successfully written to job80227/comparison_results_linearSwitchFromGroupedProtected_8_c0-10-20.json
  Completed 100 iterations for size 8, cohesion 0.
  Completed 100 iterations for size 8, cohesion 10.
  Completed 100 iterations for size 8, cohesion 20.

Results successfully written to job80227/comparison_results_linearSwitchFromGroupedProtected_8_c0-10-20.json
  Completed 100 iterations for size 8, cohesion 0.
  Completed 100 iterations for size 8, cohesion 10.
  Completed 100 iterations for size 8, cohesion 20.

Results successfully written to job80227/comparison_results_linearSwitchFromGroupedProtected_8_c0-10-20.json
  Completed 100 iterations for size 8, cohesion 0.
  Completed 100 iterations for size 8, cohesion 10.
  Completed 100 iterations for size 8, cohesion 20.

Results successfully written to job80227/comparison_results_linearSwitchFromGroupedProtected_8_c0-10-20.json
  Completed 100 iterations for size 8, cohesion 0.
  Completed 100 iterations for size 8, cohesion 10.
  Completed 100 iterations for size 8, cohesion 20.

Results successfully written to job80227/comparison_results_linearSwitchFromGroupedProtected_8_c0-10-20.json
  Completed 100 iterations for size 8, cohesion 0.
  Completed 100 iterations for size 8, cohesion 10.
  Completed 100 iterations for size 8, cohesion 20.

Results successfully written to job80227/comparison_results_linearSwitchFromGroupedProtected_8_c0-10-20.json
  Completed 100 iterations for size 8, cohesion 0.
  Completed 100 iterations for size 8, cohesion 10.
  Completed 100 iterations for size 8, cohesion 20.

Results successfully written to job80227/comparison_results_linearSwitchFromGroupedProtected_8_c0-10-20.json
  Completed 100 iterations for size 8, cohesion 0.
  Completed 100 iterations for size 8, cohesion 10.
  Completed 100 iterations for size 8, cohesion 20.

Results successfully written to job80227/comparison_results_linearSwitchFromGroupedProtected_8_c0-10-20.json
  Completed 100 iterations for size 8, cohesion 0.
  Completed 100 iterations for size 8, cohesion 10.
  Completed 100 iterations for size 8, cohesion 20.

Results successfully written to job80227/comparison_results_linearSwitchFromGroupedProtected_8_c0-10-20.json
  Completed 100 iterations for size 8, cohesion 0.
  Completed 100 iterations for size 8, cohesion 10.
  Completed 100 iterations for size 8, cohesion 20.

Results successfully written to job80227/comparison_results_linearSwitchFromGroupedProtected_8_c0-10-20.json
  Completed 100 iterations for size 8, cohesion 0.
  Completed 100 iterations for size 8, cohesion 10.
  Completed 100 iterations for size 8, cohesion 20.

Results successfully written to job80227/comparison_results_linearSwitchFromGroupedProtected_8_c0-10-20.json
  Completed 100 iterations for size 8, cohesion 0.
  Completed 100 iterations for size 8, cohesion 10.
  Completed 100 iterations for size 8, cohesion 20.

Results successfully written to job80227/comparison_results_linearSwitchFromGroupedProtected_8_c0-10-20.json
  Completed 100 iterations for size 8, cohesion 0.
  Completed 100 iterations for size 8, cohesion 10.
  Completed 100 iterations for size 8, cohesion 20.

Results successfully written to job80227/comparison_results_linearSwitchFromGroupedProtected_8_c0-10-20.json
  Completed 100 iterations for size 8, cohesion 0.
  Completed 100 iterations for size 8, cohesion 10.
  Completed 100 iterations for size 8, cohesion 20.

Results successfully written to job80227/comparison_results_linearSwitchFromGroupedProtected_8_c0-10-20.json
  Completed 100 iterations for size 8, cohesion 0.
  Completed 100 iterations for size 8, cohesion 10.
  Completed 100 iterations for size 8, cohesion 20.

Results successfully written to job80227/comparison_results_linearSwitchFromGroupedProtected_8_c0-10-20.json
  Completed 100 iterations for size 8, cohesion 0.
  Completed 100 iterations for size 8, cohesion 10.
  Completed 100 iterations for size 8, cohesion 20.

Results successfully written to job80227/comparison_results_linearSwitchFromGroupedProtected_8_c0-10-20.json
  Completed 100 iterations for size 8, cohesion 0.
  Completed 100 iterations for size 8, cohesion 10.
  Completed 100 iterations for size 8, cohesion 20.

Results successfully written to job80227/comparison_results_linearSwitchFromGroupedProtected_8_c0-10-20.json
  Completed 100 iterations for size 8, cohesion 0.
  Completed 100 iterations for size 8, cohesion 10.
  Completed 100 iterations for size 8, cohesion 20.

Results successfully written to job80227/comparison_results_linearSwitchFromGroupedProtected_8_c0-10-20.json
  Completed 100 iterations for size 8, cohesion 0.
  Completed 100 iterations for size 8, cohesion 10.
  Completed 100 iterations for size 8, cohesion 20.

Results successfully written to job80227/comparison_results_linearSwitchFromGroupedProtected_8_c0-10-20.json
  Completed 100 iterations for size 8, cohesion 0.
  Completed 100 iterations for size 8, cohesion 10.
  Completed 100 iterations for size 8, cohesion 20.

Results successfully written to job80227/comparison_results_linearSwitchFromGroupedProtected_8_c0-10-20.json
  Completed 100 iterations for size 8, cohesion 0.
  Completed 100 iterations for size 8, cohesion 10.
  Completed 100 iterations for size 8, cohesion 20.

Results successfully written to job80227/comparison_results_linearSwitchFromGroupedProtected_8_c0-10-20.json
  Completed 100 iterations for size 8, cohesion 0.
  Completed 100 iterations for size 8, cohesion 10.
  Completed 100 iterations for size 8, cohesion 20.

Results successfully written to job80227/comparison_results_linearSwitchFromGroupedProtected_8_c0-10-20.json
  Completed 100 iterations for size 8, cohesion 0.
  Completed 100 iterations for size 8, cohesion 10.
  Completed 100 iterations for size 8, cohesion 20.

Results successfully written to job80227/comparison_results_linearSwitchFromGroupedProtected_8_c0-10-20.json
  Completed 100 iterations for size 8, cohesion 0.
  Completed 100 iterations for size 8, cohesion 10.
  Completed 100 iterations for size 8, cohesion 20.

Results successfully written to job80227/comparison_results_linearSwitchFromGroupedProtected_8_c0-10-20.json
  Completed 100 iterations for size 8, cohesion 0.
  Completed 100 iterations for size 8, cohesion 10.
  Completed 100 iterations for size 8, cohesion 20.

Results successfully written to job80227/comparison_results_linearSwitchFromGroupedProtected_8_c0-10-20.json
  Completed 100 iterations for size 8, cohesion 0.
  Completed 100 iterations for size 8, cohesion 10.
  Completed 100 iterations for size 8, cohesion 20.

Results successfully written to job80227/comparison_results_linearSwitchFromGroupedProtected_8_c0-10-20.json
  Completed 100 iterations for size 8, cohesion 0.
  Completed 100 iterations for size 8, cohesion 10.
  Completed 100 iterations for size 8, cohesion 20.

Results successfully written to job80227/comparison_results_linearSwitchFromGroupedProtected_8_c0-10-20.json
  Completed 100 iterations for size 8, cohesion 0.
  Completed 100 iterations for size 8, cohesion 10.
  Completed 100 iterations for size 8, cohesion 20.

Results successfully written to job80227/comparison_results_linearSwitchFromGroupedProtected_8_c0-10-20.json
  Completed 100 iterations for size 8, cohesion 0.
  Completed 100 iterations for size 8, cohesion 10.
  Completed 100 iterations for size 8, cohesion 20.

Results successfully written to job80227/comparison_results_linearSwitchFromGroupedProtected_8_c0-10-20.json
  Completed 100 iterations for size 8, cohesion 0.
  Completed 100 iterations for size 8, cohesion 10.
  Completed 100 iterations for size 8, cohesion 20.

Results successfully written to job80227/comparison_results_linearSwitchFromGroupedProtected_8_c0-10-20.json
  Completed 100 iterations for size 8, cohesion 0.
  Completed 100 iterations for size 8, cohesion 10.
  Completed 100 iterations for size 8, cohesion 20.

Results successfully written to job80227/comparison_results_linearSwitchFromGroupedProtected_8_c0-10-20.json
  Completed 100 iterations for size 8, cohesion 0.
  Completed 100 iterations for size 8, cohesion 10.
  Completed 100 iterations for size 8, cohesion 20.

Results successfully written to job80227/comparison_results_linearSwitchFromGroupedProtected_8_c0-10-20.json
  Completed 100 iterations for size 8, cohesion 0.
  Completed 100 iterations for size 8, cohesion 10.
  Completed 100 iterations for size 8, cohesion 20.

Results successfully written to job80227/comparison_results_linearSwitchFromGroupedProtected_8_c0-10-20.json
  Completed 100 iterations for size 8, cohesion 0.
  Completed 100 iterations for size 8, cohesion 10.
  Completed 100 iterations for size 8, cohesion 20.

Results successfully written to job80227/comparison_results_linearSwitchFromGroupedProtected_8_c0-10-20.json
  Completed 100 iterations for size 8, cohesion 0.
  Completed 100 iterations for size 8, cohesion 10.
  Completed 100 iterations for size 8, cohesion 20.

Results successfully written to job80227/comparison_results_linearSwitchFromGroupedProtected_8_c0-10-20.json
  Completed 100 iterations for size 8, cohesion 0.
  Completed 100 iterations for size 8, cohesion 10.
  Completed 100 iterations for size 8, cohesion 20.

Results successfully written to job80227/comparison_results_linearSwitchFromGroupedProtected_8_c0-10-20.json
  Completed 100 iterations for size 8, cohesion 0.
  Completed 100 iterations for size 8, cohesion 10.
  Completed 100 iterations for size 8, cohesion 20.

Results successfully written to job80227/comparison_results_linearSwitchFromGroupedProtected_8_c0-10-20.json
  Completed 100 iterations for size 8, cohesion 0.
  Completed 100 iterations for size 8, cohesion 10.
  Completed 100 iterations for size 8, cohesion 20.

Results successfully written to job80227/comparison_results_linearSwitchFromGroupedProtected_8_c0-10-20.json
  Completed 100 iterations for size 8, cohesion 0.
  Completed 100 iterations for size 8, cohesion 10.
  Completed 100 iterations for size 8, cohesion 20.

Results successfully written to job80227/comparison_results_linearSwitchFromGroupedProtected_8_c0-10-20.json
  Completed 100 iterations for size 8, cohesion 0.
  Completed 100 iterations for size 8, cohesion 10.
  Completed 100 iterations for size 8, cohesion 20.

Results successfully written to job80227/comparison_results_linearSwitchFromGroupedProtected_8_c0-10-20.json
  Completed 100 iterations for size 8, cohesion 0.
  Completed 100 iterations for size 8, cohesion 10.
  Completed 100 iterations for size 8, cohesion 20.

Results successfully written to job80227/comparison_results_linearSwitchFromGroupedProtected_8_c0-10-20.json
  Completed 100 iterations for size 8, cohesion 0.
  Completed 100 iterations for size 8, cohesion 10.
  Completed 100 iterations for size 8, cohesion 20.

Results successfully written to job80227/comparison_results_linearSwitchFromGroupedProtected_8_c0-10-20.json
  Completed 100 iterations for size 8, cohesion 0.
  Completed 100 iterations for size 8, cohesion 10.
  Completed 100 iterations for size 8, cohesion 20.

Results successfully written to job80227/comparison_results_linearSwitchFromGroupedProtected_8_c0-10-20.json
  Completed 100 iterations for size 8, cohesion 0.
  Completed 100 iterations for size 8, cohesion 10.
  Completed 100 iterations for size 8, cohesion 20.

Results successfully written to job80227/comparison_results_linearSwitchFromGroupedProtected_8_c0-10-20.json
  Completed 100 iterations for size 8, cohesion 0.
  Completed 100 iterations for size 8, cohesion 10.
  Completed 100 iterations for size 8, cohesion 20.

Results successfully written to job80227/comparison_results_linearSwitchFromGroupedProtected_8_c0-10-20.json
  Completed 100 iterations for size 8, cohesion 0.
  Completed 100 iterations for size 8, cohesion 10.
  Completed 100 iterations for size 8, cohesion 20.

Results successfully written to job80227/comparison_results_linearSwitchFromGroupedProtected_8_c0-10-20.json
  Completed 100 iterations for size 8, cohesion 0.
  Completed 100 iterations for size 8, cohesion 10.
  Completed 100 iterations for size 8, cohesion 20.

Results successfully written to job80227/comparison_results_linearSwitchFromGroupedProtected_8_c0-10-20.json
  Completed 100 iterations for size 8, cohesion 0.
  Completed 100 iterations for size 8, cohesion 10.
  Completed 100 iterations for size 8, cohesion 20.

Results successfully written to job80227/comparison_results_linearSwitchFromGroupedProtected_8_c0-10-20.json
  Completed 100 iterations for size 8, cohesion 0.
  Completed 100 iterations for size 8, cohesion 10.
  Completed 100 iterations for size 8, cohesion 20.

Results successfully written to job80227/comparison_results_linearSwitchFromGroupedProtected_8_c0-10-20.json
  Completed 100 iterations for size 8, cohesion 0.
  Completed 100 iterations for size 8, cohesion 10.
  Completed 100 iterations for size 8, cohesion 20.

Results successfully written to job80227/comparison_results_linearSwitchFromGroupedProtected_8_c0-10-20.json
  Completed 100 iterations for size 8, cohesion 0.
  Completed 100 iterations for size 8, cohesion 10.
  Completed 100 iterations for size 8, cohesion 20.

Results successfully written to job80227/comparison_results_linearSwitchFromGroupedProtected_8_c0-10-20.json
  Completed 100 iterations for size 8, cohesion 0.
  Completed 100 iterations for size 8, cohesion 10.
  Completed 100 iterations for size 8, cohesion 20.

Results successfully written to job80227/comparison_results_linearSwitchFromGroupedProtected_8_c0-10-20.json
  Completed 100 iterations for size 8, cohesion 0.
  Completed 100 iterations for size 8, cohesion 10.
  Completed 100 iterations for size 8, cohesion 20.

Results successfully written to job80227/comparison_results_linearSwitchFromGroupedProtected_8_c0-10-20.json
  Completed 100 iterations for size 8, cohesion 0.
  Completed 100 iterations for size 8, cohesion 10.
  Completed 100 iterations for size 8, cohesion 20.

Results successfully written to job80227/comparison_results_linearSwitchFromGroupedProtected_8_c0-10-20.json
  Completed 100 iterations for size 8, cohesion 0.
  Completed 100 iterations for size 8, cohesion 10.
  Completed 100 iterations for size 8, cohesion 20.

Results successfully written to job80227/comparison_results_linearSwitchFromGroupedProtected_8_c0-10-20.json
  Completed 100 iterations for size 8, cohesion 0.
  Completed 100 iterations for size 8, cohesion 10.
  Completed 100 iterations for size 8, cohesion 20.

Results successfully written to job80227/comparison_results_linearSwitchFromGroupedProtected_8_c0-10-20.json
  Completed 100 iterations for size 8, cohesion 0.
  Completed 100 iterations for size 8, cohesion 10.
  Completed 100 iterations for size 8, cohesion 20.

Results successfully written to job80227/comparison_results_linearSwitchFromGroupedProtected_8_c0-10-20.json
  Completed 100 iterations for size 8, cohesion 0.
  Completed 100 iterations for size 8, cohesion 10.
  Completed 100 iterations for size 8, cohesion 20.

Results successfully written to job80227/comparison_results_linearSwitchFromGroupedProtected_8_c0-10-20.json
  Completed 100 iterations for size 8, cohesion 0.
  Completed 100 iterations for size 8, cohesion 10.
  Completed 100 iterations for size 8, cohesion 20.

Results successfully written to job80227/comparison_results_linearSwitchFromGroupedProtected_8_c0-10-20.json
  Completed 100 iterations for size 8, cohesion 0.
  Completed 100 iterations for size 8, cohesion 10.
  Completed 100 iterations for size 8, cohesion 20.

Results successfully written to job80227/comparison_results_linearSwitchFromGroupedProtected_8_c0-10-20.json
  Completed 100 iterations for size 8, cohesion 0.
  Completed 100 iterations for size 8, cohesion 10.
  Completed 100 iterations for size 8, cohesion 20.

Results successfully written to job80227/comparison_results_linearSwitchFromGroupedProtected_8_c0-10-20.json
  Completed 100 iterations for size 8, cohesion 0.
  Completed 100 iterations for size 8, cohesion 10.
  Completed 100 iterations for size 8, cohesion 20.

Results successfully written to job80227/comparison_results_linearSwitchFromGroupedProtected_8_c0-10-20.json
  Completed 100 iterations for size 8, cohesion 0.
  Completed 100 iterations for size 8, cohesion 10.
  Completed 100 iterations for size 8, cohesion 20.

Results successfully written to job80227/comparison_results_linearSwitchFromGroupedProtected_8_c0-10-20.json
  Completed 100 iterations for size 8, cohesion 0.
  Completed 100 iterations for size 8, cohesion 10.
  Completed 100 iterations for size 8, cohesion 20.

Results successfully written to job80227/comparison_results_linearSwitchFromGroupedProtected_8_c0-10-20.json
  Completed 100 iterations for size 8, cohesion 0.
  Completed 100 iterations for size 8, cohesion 10.
  Completed 100 iterations for size 8, cohesion 20.

Results successfully written to job80227/comparison_results_linearSwitchFromGroupedProtected_8_c0-10-20.json
  Completed 100 iterations for size 8, cohesion 0.
  Completed 100 iterations for size 8, cohesion 10.
  Completed 100 iterations for size 8, cohesion 20.

Results successfully written to job80227/comparison_results_linearSwitchFromGroupedProtected_8_c0-10-20.json
  Completed 100 iterations for size 8, cohesion 0.
  Completed 100 iterations for size 8, cohesion 10.
  Completed 100 iterations for size 8, cohesion 20.

Results successfully written to job80227/comparison_results_linearSwitchFromGroupedProtected_8_c0-10-20.json
  Completed 100 iterations for size 8, cohesion 0.
  Completed 100 iterations for size 8, cohesion 10.
  Completed 100 iterations for size 8, cohesion 20.

Results successfully written to job80227/comparison_results_linearSwitchFromGroupedProtected_8_c0-10-20.json
  Completed 100 iterations for size 8, cohesion 0.
  Completed 100 iterations for size 8, cohesion 10.
  Completed 100 iterations for size 8, cohesion 20.

Results successfully written to job80227/comparison_results_linearSwitchFromGroupedProtected_8_c0-10-20.json
  Completed 100 iterations for size 8, cohesion 0.
  Completed 100 iterations for size 8, cohesion 10.
  Completed 100 iterations for size 8, cohesion 20.

Results successfully written to job80227/comparison_results_linearSwitchFromGroupedProtected_8_c0-10-20.json
  Completed 100 iterations for size 8, cohesion 0.
  Completed 100 iterations for size 8, cohesion 10.
  Completed 100 iterations for size 8, cohesion 20.

Results successfully written to job80227/comparison_results_linearSwitchFromGroupedProtected_8_c0-10-20.json
  Completed 100 iterations for size 8, cohesion 0.
  Completed 100 iterations for size 8, cohesion 10.
  Completed 100 iterations for size 8, cohesion 20.

Results successfully written to job80227/comparison_results_linearSwitchFromGroupedProtected_8_c0-10-20.json
  Completed 100 iterations for size 8, cohesion 0.
  Completed 100 iterations for size 8, cohesion 10.
  Completed 100 iterations for size 8, cohesion 20.

Results successfully written to job80227/comparison_results_linearSwitchFromGroupedProtected_8_c0-10-20.json
  Completed 100 iterations for size 8, cohesion 0.
  Completed 100 iterations for size 8, cohesion 10.
  Completed 100 iterations for size 8, cohesion 20.

Results successfully written to job80227/comparison_results_linearSwitchFromGroupedProtected_8_c0-10-20.json
  Completed 100 iterations for size 8, cohesion 0.
  Completed 100 iterations for size 8, cohesion 10.
  Completed 100 iterations for size 8, cohesion 20.

Results successfully written to job80227/comparison_results_linearSwitchFromGroupedProtected_8_c0-10-20.json
  Completed 100 iterations for size 8, cohesion 0.
  Completed 100 iterations for size 8, cohesion 10.
  Completed 100 iterations for size 8, cohesion 20.

Results successfully written to job80227/comparison_results_linearSwitchFromGroupedProtected_8_c0-10-20.json
  Completed 100 iterations for size 8, cohesion 0.
  Completed 100 iterations for size 8, cohesion 10.
  Completed 100 iterations for size 8, cohesion 20.

Results successfully written to job80227/comparison_results_linearSwitchFromGroupedProtected_8_c0-10-20.json
  Completed 100 iterations for size 8, cohesion 0.
  Completed 100 iterations for size 8, cohesion 10.
  Completed 100 iterations for size 8, cohesion 20.

Results successfully written to job80227/comparison_results_linearSwitchFromGroupedProtected_8_c0-10-20.json
  Completed 100 iterations for size 8, cohesion 0.
  Completed 100 iterations for size 8, cohesion 10.
  Completed 100 iterations for size 8, cohesion 20.

Results successfully written to job80227/comparison_results_linearSwitchFromGroupedProtected_8_c0-10-20.json
  Completed 100 iterations for size 8, cohesion 0.
  Completed 100 iterations for size 8, cohesion 10.
  Completed 100 iterations for size 8, cohesion 20.

Results successfully written to job80227/comparison_results_linearSwitchFromGroupedProtected_8_c0-10-20.json
  Completed 100 iterations for size 8, cohesion 0.
  Completed 100 iterations for size 8, cohesion 10.
  Completed 100 iterations for size 8, cohesion 20.

Results successfully written to job80227/comparison_results_linearSwitchFromGroupedProtected_8_c0-10-20.json
  Completed 100 iterations for size 8, cohesion 0.
  Completed 100 iterations for size 8, cohesion 10.
  Completed 100 iterations for size 8, cohesion 20.

Results successfully written to job80227/comparison_results_linearSwitchFromGroupedProtected_8_c0-10-20.json
  Completed 100 iterations for size 8, cohesion 0.
  Completed 100 iterations for size 8, cohesion 10.
  Completed 100 iterations for size 8, cohesion 20.

Results successfully written to job80227/comparison_results_linearSwitchFromGroupedProtected_8_c0-10-20.json
  Completed 100 iterations for size 8, cohesion 0.
  Completed 100 iterations for size 8, cohesion 10.
  Completed 100 iterations for size 8, cohesion 20.

Results successfully written to job80227/comparison_results_linearSwitchFromGroupedProtected_8_c0-10-20.json
  Completed 100 iterations for size 8, cohesion 0.
  Completed 100 iterations for size 8, cohesion 10.
  Completed 100 iterations for size 8, cohesion 20.

Results successfully written to job80227/comparison_results_linearSwitchFromGroupedProtected_8_c0-10-20.json
  Completed 100 iterations for size 8, cohesion 0.
  Completed 100 iterations for size 8, cohesion 10.
  Completed 100 iterations for size 8, cohesion 20.

Results successfully written to job80227/comparison_results_linearSwitchFromGroupedProtected_8_c0-10-20.json
  Completed 100 iterations for size 8, cohesion 0.
  Completed 100 iterations for size 8, cohesion 10.
  Completed 100 iterations for size 8, cohesion 20.

Results successfully written to job80227/comparison_results_linearSwitchFromGroupedProtected_8_c0-10-20.json
  Completed 100 iterations for size 8, cohesion 0.
  Completed 100 iterations for size 8, cohesion 10.
  Completed 100 iterations for size 8, cohesion 20.

Results successfully written to job80227/comparison_results_linearSwitchFromGroupedProtected_8_c0-10-20.json
  Completed 100 iterations for size 8, cohesion 0.
  Completed 100 iterations for size 8, cohesion 10.
  Completed 100 iterations for size 8, cohesion 20.

Results successfully written to job80227/comparison_results_linearSwitchFromGroupedProtected_8_c0-10-20.json
  Completed 100 iterations for size 8, cohesion 0.
  Completed 100 iterations for size 8, cohesion 10.
  Completed 100 iterations for size 8, cohesion 20.

Results successfully written to job80227/comparison_results_linearSwitchFromGroupedProtected_8_c0-10-20.json
  Completed 100 iterations for size 8, cohesion 0.
  Completed 100 iterations for size 8, cohesion 10.
  Completed 100 iterations for size 8, cohesion 20.

Results successfully written to job80227/comparison_results_linearSwitchFromGroupedProtected_8_c0-10-20.json
  Completed 100 iterations for size 8, cohesion 0.
  Completed 100 iterations for size 8, cohesion 10.
  Completed 100 iterations for size 8, cohesion 20.

Results successfully written to job80227/comparison_results_linearSwitchFromGroupedProtected_8_c0-10-20.json
  Completed 100 iterations for size 8, cohesion 0.
  Completed 100 iterations for size 8, cohesion 10.
  Completed 100 iterations for size 8, cohesion 20.

Results successfully written to job80227/comparison_results_linearSwitchFromGroupedProtected_8_c0-10-20.json
  Completed 100 iterations for size 8, cohesion 0.
  Completed 100 iterations for size 8, cohesion 10.
  Completed 100 iterations for size 8, cohesion 20.

Results successfully written to job80227/comparison_results_linearSwitchFromGroupedProtected_8_c0-10-20.json
  Completed 100 iterations for size 8, cohesion 0.
  Completed 100 iterations for size 8, cohesion 10.
  Completed 100 iterations for size 8, cohesion 20.

Results successfully written to job80227/comparison_results_linearSwitchFromGroupedProtected_8_c0-10-20.json
  Completed 100 iterations for size 8, cohesion 0.
  Completed 100 iterations for size 8, cohesion 10.
  Completed 100 iterations for size 8, cohesion 20.

Results successfully written to job80227/comparison_results_linearSwitchFromGroupedProtected_8_c0-10-20.json
  Completed 100 iterations for size 8, cohesion 0.
  Completed 100 iterations for size 8, cohesion 10.
  Completed 100 iterations for size 8, cohesion 20.

Results successfully written to job80227/comparison_results_linearSwitchFromGroupedProtected_8_c0-10-20.json
  Completed 100 iterations for size 8, cohesion 0.
  Completed 100 iterations for size 8, cohesion 10.
  Completed 100 iterations for size 8, cohesion 20.

Results successfully written to job80227/comparison_results_linearSwitchFromGroupedProtected_8_c0-10-20.json
  Completed 100 iterations for size 8, cohesion 0.
  Completed 100 iterations for size 8, cohesion 10.
  Completed 100 iterations for size 8, cohesion 20.

Results successfully written to job80227/comparison_results_linearSwitchFromGroupedProtected_8_c0-10-20.json
  Completed 100 iterations for size 8, cohesion 0.
  Completed 100 iterations for size 8, cohesion 10.
  Completed 100 iterations for size 8, cohesion 20.

Results successfully written to job80227/comparison_results_linearSwitchFromGroupedProtected_8_c0-10-20.json

================================================================================
Algorithm                   People    Avg Score  Avg Time(s)
--------------------------------------------------------------------------------
linearSwitchFromGroupedProtected        8        437.7       0.1269
================================================================================

Results successfully written to job80227/comparison_results_linearSwitchFromGroupedProtected_8_c0-10-20.json
