Task 17 running algorithm: linearSwitchFromGroupedProtected, people: 8, cohesions: 30 40 50
cn15.hpc.itu.dk
aubu
/home/aubu/bachelorProject/hpc-jobs
Running iterations for algorithm: linearSwitchFromGroupedProtected
  Completed 100 iterations for size 8, cohesion 30.
  Completed 100 iterations for size 8, cohesion 40.
  Completed 100 iterations for size 8, cohesion 50.

Results successfully written to job80227/comparison_results_linearSwitchFromGroupedProtected_8_c30-40-50.json
  Completed 100 iterations for size 8, cohesion 30.
  Completed 100 iterations for size 8, cohesion 40.
  Completed 100 iterations for size 8, cohesion 50.

Results successfully written to job80227/comparison_results_linearSwitchFromGroupedProtected_8_c30-40-50.json
  Completed 100 iterations for size 8, cohesion 30.
  Completed 100 iterations for size 8, cohesion 40.
  Completed 100 iterations for size 8, cohesion 50.

Results successfully written to job80227/comparison_results_linearSwitchFromGroupedProtected_8_c30-40-50.json
  Completed 100 iterations for size 8, cohesion 30.
  Completed 100 iterations for size 8, cohesion 40.
  Completed 100 iterations for size 8, cohesion 50.

Results successfully written to job80227/comparison_results_linearSwitchFromGroupedProtected_8_c30-40-50.json
  Completed 100 iterations for size 8, cohesion 30.
  Completed 100 iterations for size 8, cohesion 40.
  Completed 100 iterations for size 8, cohesion 50.

Results successfully written to job80227/comparison_results_linearSwitchFromGroupedProtected_8_c30-40-50.json
  Completed 100 iterations for size 8, cohesion 30.
  Completed 100 iterations for size 8, cohesion 40.
  Completed 100 iterations for size 8, cohesion 50.

Results successfully written to job80227/comparison_results_linearSwitchFromGroupedProtected_8_c30-40-50.json
  Completed 100 iterations for size 8, cohesion 30.
  Completed 100 iterations for size 8, cohesion 40.
  Completed 100 iterations for size 8, cohesion 50.

Results successfully written to job80227/comparison_results_linearSwitchFromGroupedProtected_8_c30-40-50.json
  Completed 100 iterations for size 8, cohesion 30.
  Completed 100 iterations for size 8, cohesion 40.
  Completed 100 iterations for size 8, cohesion 50.

Results successfully written to job80227/comparison_results_linearSwitchFromGroupedProtected_8_c30-40-50.json
  Completed 100 iterations for size 8, cohesion 30.
  Completed 100 iterations for size 8, cohesion 40.
  Completed 100 iterations for size 8, cohesion 50.

Results successfully written to job80227/comparison_results_linearSwitchFromGroupedProtected_8_c30-40-50.json
  Completed 100 iterations for size 8, cohesion 30.
  Completed 100 iterations for size 8, cohesion 40.
  Completed 100 iterations for size 8, cohesion 50.

Results successfully written to job80227/comparison_results_linearSwitchFromGroupedProtected_8_c30-40-50.json
  Completed 100 iterations for size 8, cohesion 30.
  Completed 100 iterations for size 8, cohesion 40.
  Completed 100 iterations for size 8, cohesion 50.

Results successfully written to job80227/comparison_results_linearSwitchFromGroupedProtected_8_c30-40-50.json
  Completed 100 iterations for size 8, cohesion 30.
  Completed 100 iterations for size 8, cohesion 40.
  Completed 100 iterations for size 8, cohesion 50.

Results successfully written to job80227/comparison_results_linearSwitchFromGroupedProtected_8_c30-40-50.json
  Completed 100 iterations for size 8, cohesion 30.
  Completed 100 iterations for size 8, cohesion 40.
  Completed 100 iterations for size 8, cohesion 50.

Results successfully written to job80227/comparison_results_linearSwitchFromGroupedProtected_8_c30-40-50.json
  Completed 100 iterations for size 8, cohesion 30.
  Completed 100 iterations for size 8, cohesion 40.
  Completed 100 iterations for size 8, cohesion 50.

Results successfully written to job80227/comparison_results_linearSwitchFromGroupedProtected_8_c30-40-50.json
  Completed 100 iterations for size 8, cohesion 30.
  Completed 100 iterations for size 8, cohesion 40.
  Completed 100 iterations for size 8, cohesion 50.

Results successfully written to job80227/comparison_results_linearSwitchFromGroupedProtected_8_c30-40-50.json
  Completed 100 iterations for size 8, cohesion 30.
  Completed 100 iterations for size 8, cohesion 40.
  Completed 100 iterations for size 8, cohesion 50.

Results successfully written to job80227/comparison_results_linearSwitchFromGroupedProtected_8_c30-40-50.json
  Completed 100 iterations for size 8, cohesion 30.
  Completed 100 iterations for size 8, cohesion 40.
  Completed 100 iterations for size 8, cohesion 50.

Results successfully written to job80227/comparison_results_linearSwitchFromGroupedProtected_8_c30-40-50.json
  Completed 100 iterations for size 8, cohesion 30.
  Completed 100 iterations for size 8, cohesion 40.
  Completed 100 iterations for size 8, cohesion 50.

Results successfully written to job80227/comparison_results_linearSwitchFromGroupedProtected_8_c30-40-50.json
  Completed 100 iterations for size 8, cohesion 30.
  Completed 100 iterations for size 8, cohesion 40.
  Completed 100 iterations for size 8, cohesion 50.

Results successfully written to job80227/comparison_results_linearSwitchFromGroupedProtected_8_c30-40-50.json
  Completed 100 iterations for size 8, cohesion 30.
  Completed 100 iterations for size 8, cohesion 40.
  Completed 100 iterations for size 8, cohesion 50.

Results successfully written to job80227/comparison_results_linearSwitchFromGroupedProtected_8_c30-40-50.json
  Completed 100 iterations for size 8, cohesion 30.
  Completed 100 iterations for size 8, cohesion 40.
  Completed 100 iterations for size 8, cohesion 50.

Results successfully written to job80227/comparison_results_linearSwitchFromGroupedProtected_8_c30-40-50.json
  Completed 100 iterations for size 8, cohesion 30.
  Completed 100 iterations for size 8, cohesion 40.
  Completed 100 iterations for size 8, cohesion 50.

Results successfully written to job80227/comparison_results_linearSwitchFromGroupedProtected_8_c30-40-50.json
  Completed 100 iterations for size 8, cohesion 30.
  Completed 100 iterations for size 8, cohesion 40.
  Completed 100 iterations for size 8, cohesion 50.

Results successfully written to job80227/comparison_results_linearSwitchFromGroupedProtected_8_c30-40-50.json
  Completed 100 iterations for size 8, cohesion 30.
  Completed 100 iterations for size 8, cohesion 40.
  Completed 100 iterations for size 8, cohesion 50.

Results successfully written to job80227/comparison_results_linearSwitchFromGroupedProtected_8_c30-40-50.json
  Completed 100 iterations for size 8, cohesion 30.
  Completed 100 iterations for size 8, cohesion 40.
  Completed 100 iterations for size 8, cohesion 50.

Results successfully written to job80227/comparison_results_linearSwitchFromGroupedProtected_8_c30-40-50.json
  Completed 100 iterations for size 8, cohesion 30.
  Completed 100 iterations for size 8, cohesion 40.
  Completed 100 iterations for size 8, cohesion 50.

Results successfully written to job80227/comparison_results_linearSwitchFromGroupedProtected_8_c30-40-50.json
  Completed 100 iterations for size 8, cohesion 30.
  Completed 100 iterations for size 8, cohesion 40.
  Completed 100 iterations for size 8, cohesion 50.

Results successfully written to job80227/comparison_results_linearSwitchFromGroupedProtected_8_c30-40-50.json
  Completed 100 iterations for size 8, cohesion 30.
  Completed 100 iterations for size 8, cohesion 40.
  Completed 100 iterations for size 8, cohesion 50.

Results successfully written to job80227/comparison_results_linearSwitchFromGroupedProtected_8_c30-40-50.json
  Completed 100 iterations for size 8, cohesion 30.
  Completed 100 iterations for size 8, cohesion 40.
  Completed 100 iterations for size 8, cohesion 50.

Results successfully written to job80227/comparison_results_linearSwitchFromGroupedProtected_8_c30-40-50.json
  Completed 100 iterations for size 8, cohesion 30.
  Completed 100 iterations for size 8, cohesion 40.
  Completed 100 iterations for size 8, cohesion 50.

Results successfully written to job80227/comparison_results_linearSwitchFromGroupedProtected_8_c30-40-50.json
  Completed 100 iterations for size 8, cohesion 30.
  Completed 100 iterations for size 8, cohesion 40.
  Completed 100 iterations for size 8, cohesion 50.

Results successfully written to job80227/comparison_results_linearSwitchFromGroupedProtected_8_c30-40-50.json
  Completed 100 iterations for size 8, cohesion 30.
  Completed 100 iterations for size 8, cohesion 40.
  Completed 100 iterations for size 8, cohesion 50.

Results successfully written to job80227/comparison_results_linearSwitchFromGroupedProtected_8_c30-40-50.json
  Completed 100 iterations for size 8, cohesion 30.
  Completed 100 iterations for size 8, cohesion 40.
  Completed 100 iterations for size 8, cohesion 50.

Results successfully written to job80227/comparison_results_linearSwitchFromGroupedProtected_8_c30-40-50.json
  Completed 100 iterations for size 8, cohesion 30.
  Completed 100 iterations for size 8, cohesion 40.
  Completed 100 iterations for size 8, cohesion 50.

Results successfully written to job80227/comparison_results_linearSwitchFromGroupedProtected_8_c30-40-50.json
  Completed 100 iterations for size 8, cohesion 30.
  Completed 100 iterations for size 8, cohesion 40.
  Completed 100 iterations for size 8, cohesion 50.

Results successfully written to job80227/comparison_results_linearSwitchFromGroupedProtected_8_c30-40-50.json
  Completed 100 iterations for size 8, cohesion 30.
  Completed 100 iterations for size 8, cohesion 40.
  Completed 100 iterations for size 8, cohesion 50.

Results successfully written to job80227/comparison_results_linearSwitchFromGroupedProtected_8_c30-40-50.json
  Completed 100 iterations for size 8, cohesion 30.
  Completed 100 iterations for size 8, cohesion 40.
  Completed 100 iterations for size 8, cohesion 50.

Results successfully written to job80227/comparison_results_linearSwitchFromGroupedProtected_8_c30-40-50.json
  Completed 100 iterations for size 8, cohesion 30.
  Completed 100 iterations for size 8, cohesion 40.
  Completed 100 iterations for size 8, cohesion 50.

Results successfully written to job80227/comparison_results_linearSwitchFromGroupedProtected_8_c30-40-50.json
  Completed 100 iterations for size 8, cohesion 30.
  Completed 100 iterations for size 8, cohesion 40.
  Completed 100 iterations for size 8, cohesion 50.

Results successfully written to job80227/comparison_results_linearSwitchFromGroupedProtected_8_c30-40-50.json
  Completed 100 iterations for size 8, cohesion 30.
  Completed 100 iterations for size 8, cohesion 40.
  Completed 100 iterations for size 8, cohesion 50.

Results successfully written to job80227/comparison_results_linearSwitchFromGroupedProtected_8_c30-40-50.json
  Completed 100 iterations for size 8, cohesion 30.
  Completed 100 iterations for size 8, cohesion 40.
  Completed 100 iterations for size 8, cohesion 50.

Results successfully written to job80227/comparison_results_linearSwitchFromGroupedProtected_8_c30-40-50.json
  Completed 100 iterations for size 8, cohesion 30.
  Completed 100 iterations for size 8, cohesion 40.
  Completed 100 iterations for size 8, cohesion 50.

Results successfully written to job80227/comparison_results_linearSwitchFromGroupedProtected_8_c30-40-50.json
  Completed 100 iterations for size 8, cohesion 30.
  Completed 100 iterations for size 8, cohesion 40.
  Completed 100 iterations for size 8, cohesion 50.

Results successfully written to job80227/comparison_results_linearSwitchFromGroupedProtected_8_c30-40-50.json
  Completed 100 iterations for size 8, cohesion 30.
  Completed 100 iterations for size 8, cohesion 40.
  Completed 100 iterations for size 8, cohesion 50.

Results successfully written to job80227/comparison_results_linearSwitchFromGroupedProtected_8_c30-40-50.json
  Completed 100 iterations for size 8, cohesion 30.
  Completed 100 iterations for size 8, cohesion 40.
  Completed 100 iterations for size 8, cohesion 50.

Results successfully written to job80227/comparison_results_linearSwitchFromGroupedProtected_8_c30-40-50.json
  Completed 100 iterations for size 8, cohesion 30.
  Completed 100 iterations for size 8, cohesion 40.
  Completed 100 iterations for size 8, cohesion 50.

Results successfully written to job80227/comparison_results_linearSwitchFromGroupedProtected_8_c30-40-50.json
  Completed 100 iterations for size 8, cohesion 30.
  Completed 100 iterations for size 8, cohesion 40.
  Completed 100 iterations for size 8, cohesion 50.

Results successfully written to job80227/comparison_results_linearSwitchFromGroupedProtected_8_c30-40-50.json
  Completed 100 iterations for size 8, cohesion 30.
  Completed 100 iterations for size 8, cohesion 40.
  Completed 100 iterations for size 8, cohesion 50.

Results successfully written to job80227/comparison_results_linearSwitchFromGroupedProtected_8_c30-40-50.json
  Completed 100 iterations for size 8, cohesion 30.
  Completed 100 iterations for size 8, cohesion 40.
  Completed 100 iterations for size 8, cohesion 50.

Results successfully written to job80227/comparison_results_linearSwitchFromGroupedProtected_8_c30-40-50.json
  Completed 100 iterations for size 8, cohesion 30.
  Completed 100 iterations for size 8, cohesion 40.
  Completed 100 iterations for size 8, cohesion 50.

Results successfully written to job80227/comparison_results_linearSwitchFromGroupedProtected_8_c30-40-50.json
  Completed 100 iterations for size 8, cohesion 30.
  Completed 100 iterations for size 8, cohesion 40.
  Completed 100 iterations for size 8, cohesion 50.

Results successfully written to job80227/comparison_results_linearSwitchFromGroupedProtected_8_c30-40-50.json
  Completed 100 iterations for size 8, cohesion 30.
  Completed 100 iterations for size 8, cohesion 40.
  Completed 100 iterations for size 8, cohesion 50.

Results successfully written to job80227/comparison_results_linearSwitchFromGroupedProtected_8_c30-40-50.json
  Completed 100 iterations for size 8, cohesion 30.
  Completed 100 iterations for size 8, cohesion 40.
  Completed 100 iterations for size 8, cohesion 50.

Results successfully written to job80227/comparison_results_linearSwitchFromGroupedProtected_8_c30-40-50.json
  Completed 100 iterations for size 8, cohesion 30.
  Completed 100 iterations for size 8, cohesion 40.
  Completed 100 iterations for size 8, cohesion 50.

Results successfully written to job80227/comparison_results_linearSwitchFromGroupedProtected_8_c30-40-50.json
  Completed 100 iterations for size 8, cohesion 30.
  Completed 100 iterations for size 8, cohesion 40.
  Completed 100 iterations for size 8, cohesion 50.

Results successfully written to job80227/comparison_results_linearSwitchFromGroupedProtected_8_c30-40-50.json
  Completed 100 iterations for size 8, cohesion 30.
  Completed 100 iterations for size 8, cohesion 40.
  Completed 100 iterations for size 8, cohesion 50.

Results successfully written to job80227/comparison_results_linearSwitchFromGroupedProtected_8_c30-40-50.json
  Completed 100 iterations for size 8, cohesion 30.
  Completed 100 iterations for size 8, cohesion 40.
  Completed 100 iterations for size 8, cohesion 50.

Results successfully written to job80227/comparison_results_linearSwitchFromGroupedProtected_8_c30-40-50.json
  Completed 100 iterations for size 8, cohesion 30.
  Completed 100 iterations for size 8, cohesion 40.
  Completed 100 iterations for size 8, cohesion 50.

Results successfully written to job80227/comparison_results_linearSwitchFromGroupedProtected_8_c30-40-50.json
  Completed 100 iterations for size 8, cohesion 30.
  Completed 100 iterations for size 8, cohesion 40.
  Completed 100 iterations for size 8, cohesion 50.

Results successfully written to job80227/comparison_results_linearSwitchFromGroupedProtected_8_c30-40-50.json
  Completed 100 iterations for size 8, cohesion 30.
  Completed 100 iterations for size 8, cohesion 40.
  Completed 100 iterations for size 8, cohesion 50.

Results successfully written to job80227/comparison_results_linearSwitchFromGroupedProtected_8_c30-40-50.json
  Completed 100 iterations for size 8, cohesion 30.
  Completed 100 iterations for size 8, cohesion 40.
  Completed 100 iterations for size 8, cohesion 50.

Results successfully written to job80227/comparison_results_linearSwitchFromGroupedProtected_8_c30-40-50.json
  Completed 100 iterations for size 8, cohesion 30.
  Completed 100 iterations for size 8, cohesion 40.
  Completed 100 iterations for size 8, cohesion 50.

Results successfully written to job80227/comparison_results_linearSwitchFromGroupedProtected_8_c30-40-50.json
  Completed 100 iterations for size 8, cohesion 30.
  Completed 100 iterations for size 8, cohesion 40.
  Completed 100 iterations for size 8, cohesion 50.

Results successfully written to job80227/comparison_results_linearSwitchFromGroupedProtected_8_c30-40-50.json
  Completed 100 iterations for size 8, cohesion 30.
  Completed 100 iterations for size 8, cohesion 40.
  Completed 100 iterations for size 8, cohesion 50.

Results successfully written to job80227/comparison_results_linearSwitchFromGroupedProtected_8_c30-40-50.json
  Completed 100 iterations for size 8, cohesion 30.
  Completed 100 iterations for size 8, cohesion 40.
  Completed 100 iterations for size 8, cohesion 50.

Results successfully written to job80227/comparison_results_linearSwitchFromGroupedProtected_8_c30-40-50.json
  Completed 100 iterations for size 8, cohesion 30.
  Completed 100 iterations for size 8, cohesion 40.
  Completed 100 iterations for size 8, cohesion 50.

Results successfully written to job80227/comparison_results_linearSwitchFromGroupedProtected_8_c30-40-50.json
  Completed 100 iterations for size 8, cohesion 30.
  Completed 100 iterations for size 8, cohesion 40.
  Completed 100 iterations for size 8, cohesion 50.

Results successfully written to job80227/comparison_results_linearSwitchFromGroupedProtected_8_c30-40-50.json
  Completed 100 iterations for size 8, cohesion 30.
  Completed 100 iterations for size 8, cohesion 40.
  Completed 100 iterations for size 8, cohesion 50.

Results successfully written to job80227/comparison_results_linearSwitchFromGroupedProtected_8_c30-40-50.json
  Completed 100 iterations for size 8, cohesion 30.
  Completed 100 iterations for size 8, cohesion 40.
  Completed 100 iterations for size 8, cohesion 50.

Results successfully written to job80227/comparison_results_linearSwitchFromGroupedProtected_8_c30-40-50.json
  Completed 100 iterations for size 8, cohesion 30.
  Completed 100 iterations for size 8, cohesion 40.
  Completed 100 iterations for size 8, cohesion 50.

Results successfully written to job80227/comparison_results_linearSwitchFromGroupedProtected_8_c30-40-50.json
  Completed 100 iterations for size 8, cohesion 30.
  Completed 100 iterations for size 8, cohesion 40.
  Completed 100 iterations for size 8, cohesion 50.

Results successfully written to job80227/comparison_results_linearSwitchFromGroupedProtected_8_c30-40-50.json
  Completed 100 iterations for size 8, cohesion 30.
  Completed 100 iterations for size 8, cohesion 40.
  Completed 100 iterations for size 8, cohesion 50.

Results successfully written to job80227/comparison_results_linearSwitchFromGroupedProtected_8_c30-40-50.json
  Completed 100 iterations for size 8, cohesion 30.
  Completed 100 iterations for size 8, cohesion 40.
  Completed 100 iterations for size 8, cohesion 50.

Results successfully written to job80227/comparison_results_linearSwitchFromGroupedProtected_8_c30-40-50.json
  Completed 100 iterations for size 8, cohesion 30.
  Completed 100 iterations for size 8, cohesion 40.
  Completed 100 iterations for size 8, cohesion 50.

Results successfully written to job80227/comparison_results_linearSwitchFromGroupedProtected_8_c30-40-50.json
  Completed 100 iterations for size 8, cohesion 30.
  Completed 100 iterations for size 8, cohesion 40.
  Completed 100 iterations for size 8, cohesion 50.

Results successfully written to job80227/comparison_results_linearSwitchFromGroupedProtected_8_c30-40-50.json
  Completed 100 iterations for size 8, cohesion 30.
  Completed 100 iterations for size 8, cohesion 40.
  Completed 100 iterations for size 8, cohesion 50.

Results successfully written to job80227/comparison_results_linearSwitchFromGroupedProtected_8_c30-40-50.json
  Completed 100 iterations for size 8, cohesion 30.
  Completed 100 iterations for size 8, cohesion 40.
  Completed 100 iterations for size 8, cohesion 50.

Results successfully written to job80227/comparison_results_linearSwitchFromGroupedProtected_8_c30-40-50.json
  Completed 100 iterations for size 8, cohesion 30.
  Completed 100 iterations for size 8, cohesion 40.
  Completed 100 iterations for size 8, cohesion 50.

Results successfully written to job80227/comparison_results_linearSwitchFromGroupedProtected_8_c30-40-50.json
  Completed 100 iterations for size 8, cohesion 30.
  Completed 100 iterations for size 8, cohesion 40.
  Completed 100 iterations for size 8, cohesion 50.

Results successfully written to job80227/comparison_results_linearSwitchFromGroupedProtected_8_c30-40-50.json
  Completed 100 iterations for size 8, cohesion 30.
  Completed 100 iterations for size 8, cohesion 40.
  Completed 100 iterations for size 8, cohesion 50.

Results successfully written to job80227/comparison_results_linearSwitchFromGroupedProtected_8_c30-40-50.json
  Completed 100 iterations for size 8, cohesion 30.
  Completed 100 iterations for size 8, cohesion 40.
  Completed 100 iterations for size 8, cohesion 50.

Results successfully written to job80227/comparison_results_linearSwitchFromGroupedProtected_8_c30-40-50.json
  Completed 100 iterations for size 8, cohesion 30.
  Completed 100 iterations for size 8, cohesion 40.
  Completed 100 iterations for size 8, cohesion 50.

Results successfully written to job80227/comparison_results_linearSwitchFromGroupedProtected_8_c30-40-50.json
  Completed 100 iterations for size 8, cohesion 30.
  Completed 100 iterations for size 8, cohesion 40.
  Completed 100 iterations for size 8, cohesion 50.

Results successfully written to job80227/comparison_results_linearSwitchFromGroupedProtected_8_c30-40-50.json
  Completed 100 iterations for size 8, cohesion 30.
  Completed 100 iterations for size 8, cohesion 40.
  Completed 100 iterations for size 8, cohesion 50.

Results successfully written to job80227/comparison_results_linearSwitchFromGroupedProtected_8_c30-40-50.json
  Completed 100 iterations for size 8, cohesion 30.
  Completed 100 iterations for size 8, cohesion 40.
  Completed 100 iterations for size 8, cohesion 50.

Results successfully written to job80227/comparison_results_linearSwitchFromGroupedProtected_8_c30-40-50.json
  Completed 100 iterations for size 8, cohesion 30.
  Completed 100 iterations for size 8, cohesion 40.
  Completed 100 iterations for size 8, cohesion 50.

Results successfully written to job80227/comparison_results_linearSwitchFromGroupedProtected_8_c30-40-50.json
  Completed 100 iterations for size 8, cohesion 30.
  Completed 100 iterations for size 8, cohesion 40.
  Completed 100 iterations for size 8, cohesion 50.

Results successfully written to job80227/comparison_results_linearSwitchFromGroupedProtected_8_c30-40-50.json
  Completed 100 iterations for size 8, cohesion 30.
  Completed 100 iterations for size 8, cohesion 40.
  Completed 100 iterations for size 8, cohesion 50.

Results successfully written to job80227/comparison_results_linearSwitchFromGroupedProtected_8_c30-40-50.json
  Completed 100 iterations for size 8, cohesion 30.
  Completed 100 iterations for size 8, cohesion 40.
  Completed 100 iterations for size 8, cohesion 50.

Results successfully written to job80227/comparison_results_linearSwitchFromGroupedProtected_8_c30-40-50.json
  Completed 100 iterations for size 8, cohesion 30.
  Completed 100 iterations for size 8, cohesion 40.
  Completed 100 iterations for size 8, cohesion 50.

Results successfully written to job80227/comparison_results_linearSwitchFromGroupedProtected_8_c30-40-50.json
  Completed 100 iterations for size 8, cohesion 30.
  Completed 100 iterations for size 8, cohesion 40.
  Completed 100 iterations for size 8, cohesion 50.

Results successfully written to job80227/comparison_results_linearSwitchFromGroupedProtected_8_c30-40-50.json
  Completed 100 iterations for size 8, cohesion 30.
  Completed 100 iterations for size 8, cohesion 40.
  Completed 100 iterations for size 8, cohesion 50.

Results successfully written to job80227/comparison_results_linearSwitchFromGroupedProtected_8_c30-40-50.json
  Completed 100 iterations for size 8, cohesion 30.
  Completed 100 iterations for size 8, cohesion 40.
  Completed 100 iterations for size 8, cohesion 50.

Results successfully written to job80227/comparison_results_linearSwitchFromGroupedProtected_8_c30-40-50.json
  Completed 100 iterations for size 8, cohesion 30.
  Completed 100 iterations for size 8, cohesion 40.
  Completed 100 iterations for size 8, cohesion 50.

Results successfully written to job80227/comparison_results_linearSwitchFromGroupedProtected_8_c30-40-50.json
  Completed 100 iterations for size 8, cohesion 30.
  Completed 100 iterations for size 8, cohesion 40.
  Completed 100 iterations for size 8, cohesion 50.

Results successfully written to job80227/comparison_results_linearSwitchFromGroupedProtected_8_c30-40-50.json
  Completed 100 iterations for size 8, cohesion 30.
  Completed 100 iterations for size 8, cohesion 40.
  Completed 100 iterations for size 8, cohesion 50.

Results successfully written to job80227/comparison_results_linearSwitchFromGroupedProtected_8_c30-40-50.json
  Completed 100 iterations for size 8, cohesion 30.
  Completed 100 iterations for size 8, cohesion 40.
  Completed 100 iterations for size 8, cohesion 50.

Results successfully written to job80227/comparison_results_linearSwitchFromGroupedProtected_8_c30-40-50.json
  Completed 100 iterations for size 8, cohesion 30.
  Completed 100 iterations for size 8, cohesion 40.
  Completed 100 iterations for size 8, cohesion 50.

Results successfully written to job80227/comparison_results_linearSwitchFromGroupedProtected_8_c30-40-50.json
  Completed 100 iterations for size 8, cohesion 30.
  Completed 100 iterations for size 8, cohesion 40.
  Completed 100 iterations for size 8, cohesion 50.

Results successfully written to job80227/comparison_results_linearSwitchFromGroupedProtected_8_c30-40-50.json
  Completed 100 iterations for size 8, cohesion 30.
  Completed 100 iterations for size 8, cohesion 40.
  Completed 100 iterations for size 8, cohesion 50.

Results successfully written to job80227/comparison_results_linearSwitchFromGroupedProtected_8_c30-40-50.json

================================================================================
Algorithm                   People    Avg Score  Avg Time(s)
--------------------------------------------------------------------------------
linearSwitchFromGroupedProtected        8        437.7       0.1259
================================================================================

Results successfully written to job80227/comparison_results_linearSwitchFromGroupedProtected_8_c30-40-50.json
