Task 18 running algorithm: linearSwitchFromGroupedProtected, people: 8, cohesions: 60 70 80
cn15.hpc.itu.dk
aubu
/home/aubu/bachelorProject/hpc-jobs
Running iterations for algorithm: linearSwitchFromGroupedProtected
  Completed 100 iterations for size 8, cohesion 60.
  Completed 100 iterations for size 8, cohesion 70.
  Completed 100 iterations for size 8, cohesion 80.

Results successfully written to job80227/comparison_results_linearSwitchFromGroupedProtected_8_c60-70-80.json
  Completed 100 iterations for size 8, cohesion 60.
  Completed 100 iterations for size 8, cohesion 70.
  Completed 100 iterations for size 8, cohesion 80.

Results successfully written to job80227/comparison_results_linearSwitchFromGroupedProtected_8_c60-70-80.json
  Completed 100 iterations for size 8, cohesion 60.
  Completed 100 iterations for size 8, cohesion 70.
  Completed 100 iterations for size 8, cohesion 80.

Results successfully written to job80227/comparison_results_linearSwitchFromGroupedProtected_8_c60-70-80.json
  Completed 100 iterations for size 8, cohesion 60.
  Completed 100 iterations for size 8, cohesion 70.
  Completed 100 iterations for size 8, cohesion 80.

Results successfully written to job80227/comparison_results_linearSwitchFromGroupedProtected_8_c60-70-80.json
  Completed 100 iterations for size 8, cohesion 60.
  Completed 100 iterations for size 8, cohesion 70.
  Completed 100 iterations for size 8, cohesion 80.

Results successfully written to job80227/comparison_results_linearSwitchFromGroupedProtected_8_c60-70-80.json
  Completed 100 iterations for size 8, cohesion 60.
  Completed 100 iterations for size 8, cohesion 70.
  Completed 100 iterations for size 8, cohesion 80.

Results successfully written to job80227/comparison_results_linearSwitchFromGroupedProtected_8_c60-70-80.json
  Completed 100 iterations for size 8, cohesion 60.
  Completed 100 iterations for size 8, cohesion 70.
  Completed 100 iterations for size 8, cohesion 80.

Results successfully written to job80227/comparison_results_linearSwitchFromGroupedProtected_8_c60-70-80.json
  Completed 100 iterations for size 8, cohesion 60.
  Completed 100 iterations for size 8, cohesion 70.
  Completed 100 iterations for size 8, cohesion 80.

Results successfully written to job80227/comparison_results_linearSwitchFromGroupedProtected_8_c60-70-80.json
  Completed 100 iterations for size 8, cohesion 60.
  Completed 100 iterations for size 8, cohesion 70.
  Completed 100 iterations for size 8, cohesion 80.

Results successfully written to job80227/comparison_results_linearSwitchFromGroupedProtected_8_c60-70-80.json
  Completed 100 iterations for size 8, cohesion 60.
  Completed 100 iterations for size 8, cohesion 70.
  Completed 100 iterations for size 8, cohesion 80.

Results successfully written to job80227/comparison_results_linearSwitchFromGroupedProtected_8_c60-70-80.json
  Completed 100 iterations for size 8, cohesion 60.
  Completed 100 iterations for size 8, cohesion 70.
  Completed 100 iterations for size 8, cohesion 80.

Results successfully written to job80227/comparison_results_linearSwitchFromGroupedProtected_8_c60-70-80.json
  Completed 100 iterations for size 8, cohesion 60.
  Completed 100 iterations for size 8, cohesion 70.
  Completed 100 iterations for size 8, cohesion 80.

Results successfully written to job80227/comparison_results_linearSwitchFromGroupedProtected_8_c60-70-80.json
  Completed 100 iterations for size 8, cohesion 60.
  Completed 100 iterations for size 8, cohesion 70.
  Completed 100 iterations for size 8, cohesion 80.

Results successfully written to job80227/comparison_results_linearSwitchFromGroupedProtected_8_c60-70-80.json
  Completed 100 iterations for size 8, cohesion 60.
  Completed 100 iterations for size 8, cohesion 70.
  Completed 100 iterations for size 8, cohesion 80.

Results successfully written to job80227/comparison_results_linearSwitchFromGroupedProtected_8_c60-70-80.json
  Completed 100 iterations for size 8, cohesion 60.
  Completed 100 iterations for size 8, cohesion 70.
  Completed 100 iterations for size 8, cohesion 80.

Results successfully written to job80227/comparison_results_linearSwitchFromGroupedProtected_8_c60-70-80.json
  Completed 100 iterations for size 8, cohesion 60.
  Completed 100 iterations for size 8, cohesion 70.
  Completed 100 iterations for size 8, cohesion 80.

Results successfully written to job80227/comparison_results_linearSwitchFromGroupedProtected_8_c60-70-80.json
  Completed 100 iterations for size 8, cohesion 60.
  Completed 100 iterations for size 8, cohesion 70.
  Completed 100 iterations for size 8, cohesion 80.

Results successfully written to job80227/comparison_results_linearSwitchFromGroupedProtected_8_c60-70-80.json
  Completed 100 iterations for size 8, cohesion 60.
  Completed 100 iterations for size 8, cohesion 70.
  Completed 100 iterations for size 8, cohesion 80.

Results successfully written to job80227/comparison_results_linearSwitchFromGroupedProtected_8_c60-70-80.json
  Completed 100 iterations for size 8, cohesion 60.
  Completed 100 iterations for size 8, cohesion 70.
  Completed 100 iterations for size 8, cohesion 80.

Results successfully written to job80227/comparison_results_linearSwitchFromGroupedProtected_8_c60-70-80.json
  Completed 100 iterations for size 8, cohesion 60.
  Completed 100 iterations for size 8, cohesion 70.
  Completed 100 iterations for size 8, cohesion 80.

Results successfully written to job80227/comparison_results_linearSwitchFromGroupedProtected_8_c60-70-80.json
  Completed 100 iterations for size 8, cohesion 60.
  Completed 100 iterations for size 8, cohesion 70.
  Completed 100 iterations for size 8, cohesion 80.

Results successfully written to job80227/comparison_results_linearSwitchFromGroupedProtected_8_c60-70-80.json
  Completed 100 iterations for size 8, cohesion 60.
  Completed 100 iterations for size 8, cohesion 70.
  Completed 100 iterations for size 8, cohesion 80.

Results successfully written to job80227/comparison_results_linearSwitchFromGroupedProtected_8_c60-70-80.json
  Completed 100 iterations for size 8, cohesion 60.
  Completed 100 iterations for size 8, cohesion 70.
  Completed 100 iterations for size 8, cohesion 80.

Results successfully written to job80227/comparison_results_linearSwitchFromGroupedProtected_8_c60-70-80.json
  Completed 100 iterations for size 8, cohesion 60.
  Completed 100 iterations for size 8, cohesion 70.
  Completed 100 iterations for size 8, cohesion 80.

Results successfully written to job80227/comparison_results_linearSwitchFromGroupedProtected_8_c60-70-80.json
  Completed 100 iterations for size 8, cohesion 60.
  Completed 100 iterations for size 8, cohesion 70.
  Completed 100 iterations for size 8, cohesion 80.

Results successfully written to job80227/comparison_results_linearSwitchFromGroupedProtected_8_c60-70-80.json
  Completed 100 iterations for size 8, cohesion 60.
  Completed 100 iterations for size 8, cohesion 70.
  Completed 100 iterations for size 8, cohesion 80.

Results successfully written to job80227/comparison_results_linearSwitchFromGroupedProtected_8_c60-70-80.json
  Completed 100 iterations for size 8, cohesion 60.
  Completed 100 iterations for size 8, cohesion 70.
  Completed 100 iterations for size 8, cohesion 80.

Results successfully written to job80227/comparison_results_linearSwitchFromGroupedProtected_8_c60-70-80.json
  Completed 100 iterations for size 8, cohesion 60.
  Completed 100 iterations for size 8, cohesion 70.
  Completed 100 iterations for size 8, cohesion 80.

Results successfully written to job80227/comparison_results_linearSwitchFromGroupedProtected_8_c60-70-80.json
  Completed 100 iterations for size 8, cohesion 60.
  Completed 100 iterations for size 8, cohesion 70.
  Completed 100 iterations for size 8, cohesion 80.

Results successfully written to job80227/comparison_results_linearSwitchFromGroupedProtected_8_c60-70-80.json
  Completed 100 iterations for size 8, cohesion 60.
  Completed 100 iterations for size 8, cohesion 70.
  Completed 100 iterations for size 8, cohesion 80.

Results successfully written to job80227/comparison_results_linearSwitchFromGroupedProtected_8_c60-70-80.json
  Completed 100 iterations for size 8, cohesion 60.
  Completed 100 iterations for size 8, cohesion 70.
  Completed 100 iterations for size 8, cohesion 80.

Results successfully written to job80227/comparison_results_linearSwitchFromGroupedProtected_8_c60-70-80.json
  Completed 100 iterations for size 8, cohesion 60.
  Completed 100 iterations for size 8, cohesion 70.
  Completed 100 iterations for size 8, cohesion 80.

Results successfully written to job80227/comparison_results_linearSwitchFromGroupedProtected_8_c60-70-80.json
  Completed 100 iterations for size 8, cohesion 60.
  Completed 100 iterations for size 8, cohesion 70.
  Completed 100 iterations for size 8, cohesion 80.

Results successfully written to job80227/comparison_results_linearSwitchFromGroupedProtected_8_c60-70-80.json
  Completed 100 iterations for size 8, cohesion 60.
  Completed 100 iterations for size 8, cohesion 70.
  Completed 100 iterations for size 8, cohesion 80.

Results successfully written to job80227/comparison_results_linearSwitchFromGroupedProtected_8_c60-70-80.json
  Completed 100 iterations for size 8, cohesion 60.
  Completed 100 iterations for size 8, cohesion 70.
  Completed 100 iterations for size 8, cohesion 80.

Results successfully written to job80227/comparison_results_linearSwitchFromGroupedProtected_8_c60-70-80.json
  Completed 100 iterations for size 8, cohesion 60.
  Completed 100 iterations for size 8, cohesion 70.
  Completed 100 iterations for size 8, cohesion 80.

Results successfully written to job80227/comparison_results_linearSwitchFromGroupedProtected_8_c60-70-80.json
  Completed 100 iterations for size 8, cohesion 60.
  Completed 100 iterations for size 8, cohesion 70.
  Completed 100 iterations for size 8, cohesion 80.

Results successfully written to job80227/comparison_results_linearSwitchFromGroupedProtected_8_c60-70-80.json
  Completed 100 iterations for size 8, cohesion 60.
  Completed 100 iterations for size 8, cohesion 70.
  Completed 100 iterations for size 8, cohesion 80.

Results successfully written to job80227/comparison_results_linearSwitchFromGroupedProtected_8_c60-70-80.json
  Completed 100 iterations for size 8, cohesion 60.
  Completed 100 iterations for size 8, cohesion 70.
  Completed 100 iterations for size 8, cohesion 80.

Results successfully written to job80227/comparison_results_linearSwitchFromGroupedProtected_8_c60-70-80.json
  Completed 100 iterations for size 8, cohesion 60.
  Completed 100 iterations for size 8, cohesion 70.
  Completed 100 iterations for size 8, cohesion 80.

Results successfully written to job80227/comparison_results_linearSwitchFromGroupedProtected_8_c60-70-80.json
  Completed 100 iterations for size 8, cohesion 60.
  Completed 100 iterations for size 8, cohesion 70.
  Completed 100 iterations for size 8, cohesion 80.

Results successfully written to job80227/comparison_results_linearSwitchFromGroupedProtected_8_c60-70-80.json
  Completed 100 iterations for size 8, cohesion 60.
  Completed 100 iterations for size 8, cohesion 70.
  Completed 100 iterations for size 8, cohesion 80.

Results successfully written to job80227/comparison_results_linearSwitchFromGroupedProtected_8_c60-70-80.json
  Completed 100 iterations for size 8, cohesion 60.
  Completed 100 iterations for size 8, cohesion 70.
  Completed 100 iterations for size 8, cohesion 80.

Results successfully written to job80227/comparison_results_linearSwitchFromGroupedProtected_8_c60-70-80.json
  Completed 100 iterations for size 8, cohesion 60.
  Completed 100 iterations for size 8, cohesion 70.
  Completed 100 iterations for size 8, cohesion 80.

Results successfully written to job80227/comparison_results_linearSwitchFromGroupedProtected_8_c60-70-80.json
  Completed 100 iterations for size 8, cohesion 60.
  Completed 100 iterations for size 8, cohesion 70.
  Completed 100 iterations for size 8, cohesion 80.

Results successfully written to job80227/comparison_results_linearSwitchFromGroupedProtected_8_c60-70-80.json
  Completed 100 iterations for size 8, cohesion 60.
  Completed 100 iterations for size 8, cohesion 70.
  Completed 100 iterations for size 8, cohesion 80.

Results successfully written to job80227/comparison_results_linearSwitchFromGroupedProtected_8_c60-70-80.json
  Completed 100 iterations for size 8, cohesion 60.
  Completed 100 iterations for size 8, cohesion 70.
  Completed 100 iterations for size 8, cohesion 80.

Results successfully written to job80227/comparison_results_linearSwitchFromGroupedProtected_8_c60-70-80.json
  Completed 100 iterations for size 8, cohesion 60.
  Completed 100 iterations for size 8, cohesion 70.
  Completed 100 iterations for size 8, cohesion 80.

Results successfully written to job80227/comparison_results_linearSwitchFromGroupedProtected_8_c60-70-80.json
  Completed 100 iterations for size 8, cohesion 60.
  Completed 100 iterations for size 8, cohesion 70.
  Completed 100 iterations for size 8, cohesion 80.

Results successfully written to job80227/comparison_results_linearSwitchFromGroupedProtected_8_c60-70-80.json
  Completed 100 iterations for size 8, cohesion 60.
  Completed 100 iterations for size 8, cohesion 70.
  Completed 100 iterations for size 8, cohesion 80.

Results successfully written to job80227/comparison_results_linearSwitchFromGroupedProtected_8_c60-70-80.json
  Completed 100 iterations for size 8, cohesion 60.
  Completed 100 iterations for size 8, cohesion 70.
  Completed 100 iterations for size 8, cohesion 80.

Results successfully written to job80227/comparison_results_linearSwitchFromGroupedProtected_8_c60-70-80.json
  Completed 100 iterations for size 8, cohesion 60.
  Completed 100 iterations for size 8, cohesion 70.
  Completed 100 iterations for size 8, cohesion 80.

Results successfully written to job80227/comparison_results_linearSwitchFromGroupedProtected_8_c60-70-80.json
  Completed 100 iterations for size 8, cohesion 60.
  Completed 100 iterations for size 8, cohesion 70.
  Completed 100 iterations for size 8, cohesion 80.

Results successfully written to job80227/comparison_results_linearSwitchFromGroupedProtected_8_c60-70-80.json
  Completed 100 iterations for size 8, cohesion 60.
  Completed 100 iterations for size 8, cohesion 70.
  Completed 100 iterations for size 8, cohesion 80.

Results successfully written to job80227/comparison_results_linearSwitchFromGroupedProtected_8_c60-70-80.json
  Completed 100 iterations for size 8, cohesion 60.
  Completed 100 iterations for size 8, cohesion 70.
  Completed 100 iterations for size 8, cohesion 80.

Results successfully written to job80227/comparison_results_linearSwitchFromGroupedProtected_8_c60-70-80.json
  Completed 100 iterations for size 8, cohesion 60.
  Completed 100 iterations for size 8, cohesion 70.
  Completed 100 iterations for size 8, cohesion 80.

Results successfully written to job80227/comparison_results_linearSwitchFromGroupedProtected_8_c60-70-80.json
  Completed 100 iterations for size 8, cohesion 60.
  Completed 100 iterations for size 8, cohesion 70.
  Completed 100 iterations for size 8, cohesion 80.

Results successfully written to job80227/comparison_results_linearSwitchFromGroupedProtected_8_c60-70-80.json
  Completed 100 iterations for size 8, cohesion 60.
  Completed 100 iterations for size 8, cohesion 70.
  Completed 100 iterations for size 8, cohesion 80.

Results successfully written to job80227/comparison_results_linearSwitchFromGroupedProtected_8_c60-70-80.json
  Completed 100 iterations for size 8, cohesion 60.
  Completed 100 iterations for size 8, cohesion 70.
  Completed 100 iterations for size 8, cohesion 80.

Results successfully written to job80227/comparison_results_linearSwitchFromGroupedProtected_8_c60-70-80.json
  Completed 100 iterations for size 8, cohesion 60.
  Completed 100 iterations for size 8, cohesion 70.
  Completed 100 iterations for size 8, cohesion 80.

Results successfully written to job80227/comparison_results_linearSwitchFromGroupedProtected_8_c60-70-80.json
  Completed 100 iterations for size 8, cohesion 60.
  Completed 100 iterations for size 8, cohesion 70.
  Completed 100 iterations for size 8, cohesion 80.

Results successfully written to job80227/comparison_results_linearSwitchFromGroupedProtected_8_c60-70-80.json
  Completed 100 iterations for size 8, cohesion 60.
  Completed 100 iterations for size 8, cohesion 70.
  Completed 100 iterations for size 8, cohesion 80.

Results successfully written to job80227/comparison_results_linearSwitchFromGroupedProtected_8_c60-70-80.json
  Completed 100 iterations for size 8, cohesion 60.
  Completed 100 iterations for size 8, cohesion 70.
  Completed 100 iterations for size 8, cohesion 80.

Results successfully written to job80227/comparison_results_linearSwitchFromGroupedProtected_8_c60-70-80.json
  Completed 100 iterations for size 8, cohesion 60.
  Completed 100 iterations for size 8, cohesion 70.
  Completed 100 iterations for size 8, cohesion 80.

Results successfully written to job80227/comparison_results_linearSwitchFromGroupedProtected_8_c60-70-80.json
  Completed 100 iterations for size 8, cohesion 60.
  Completed 100 iterations for size 8, cohesion 70.
  Completed 100 iterations for size 8, cohesion 80.

Results successfully written to job80227/comparison_results_linearSwitchFromGroupedProtected_8_c60-70-80.json
  Completed 100 iterations for size 8, cohesion 60.
  Completed 100 iterations for size 8, cohesion 70.
  Completed 100 iterations for size 8, cohesion 80.

Results successfully written to job80227/comparison_results_linearSwitchFromGroupedProtected_8_c60-70-80.json
  Completed 100 iterations for size 8, cohesion 60.
  Completed 100 iterations for size 8, cohesion 70.
  Completed 100 iterations for size 8, cohesion 80.

Results successfully written to job80227/comparison_results_linearSwitchFromGroupedProtected_8_c60-70-80.json
  Completed 100 iterations for size 8, cohesion 60.
  Completed 100 iterations for size 8, cohesion 70.
  Completed 100 iterations for size 8, cohesion 80.

Results successfully written to job80227/comparison_results_linearSwitchFromGroupedProtected_8_c60-70-80.json
  Completed 100 iterations for size 8, cohesion 60.
  Completed 100 iterations for size 8, cohesion 70.
  Completed 100 iterations for size 8, cohesion 80.

Results successfully written to job80227/comparison_results_linearSwitchFromGroupedProtected_8_c60-70-80.json
  Completed 100 iterations for size 8, cohesion 60.
  Completed 100 iterations for size 8, cohesion 70.
  Completed 100 iterations for size 8, cohesion 80.

Results successfully written to job80227/comparison_results_linearSwitchFromGroupedProtected_8_c60-70-80.json
  Completed 100 iterations for size 8, cohesion 60.
  Completed 100 iterations for size 8, cohesion 70.
  Completed 100 iterations for size 8, cohesion 80.

Results successfully written to job80227/comparison_results_linearSwitchFromGroupedProtected_8_c60-70-80.json
  Completed 100 iterations for size 8, cohesion 60.
  Completed 100 iterations for size 8, cohesion 70.
  Completed 100 iterations for size 8, cohesion 80.

Results successfully written to job80227/comparison_results_linearSwitchFromGroupedProtected_8_c60-70-80.json
  Completed 100 iterations for size 8, cohesion 60.
  Completed 100 iterations for size 8, cohesion 70.
  Completed 100 iterations for size 8, cohesion 80.

Results successfully written to job80227/comparison_results_linearSwitchFromGroupedProtected_8_c60-70-80.json
  Completed 100 iterations for size 8, cohesion 60.
  Completed 100 iterations for size 8, cohesion 70.
  Completed 100 iterations for size 8, cohesion 80.

Results successfully written to job80227/comparison_results_linearSwitchFromGroupedProtected_8_c60-70-80.json
  Completed 100 iterations for size 8, cohesion 60.
  Completed 100 iterations for size 8, cohesion 70.
  Completed 100 iterations for size 8, cohesion 80.

Results successfully written to job80227/comparison_results_linearSwitchFromGroupedProtected_8_c60-70-80.json
  Completed 100 iterations for size 8, cohesion 60.
  Completed 100 iterations for size 8, cohesion 70.
  Completed 100 iterations for size 8, cohesion 80.

Results successfully written to job80227/comparison_results_linearSwitchFromGroupedProtected_8_c60-70-80.json
  Completed 100 iterations for size 8, cohesion 60.
  Completed 100 iterations for size 8, cohesion 70.
  Completed 100 iterations for size 8, cohesion 80.

Results successfully written to job80227/comparison_results_linearSwitchFromGroupedProtected_8_c60-70-80.json
  Completed 100 iterations for size 8, cohesion 60.
  Completed 100 iterations for size 8, cohesion 70.
  Completed 100 iterations for size 8, cohesion 80.

Results successfully written to job80227/comparison_results_linearSwitchFromGroupedProtected_8_c60-70-80.json
  Completed 100 iterations for size 8, cohesion 60.
  Completed 100 iterations for size 8, cohesion 70.
  Completed 100 iterations for size 8, cohesion 80.

Results successfully written to job80227/comparison_results_linearSwitchFromGroupedProtected_8_c60-70-80.json
  Completed 100 iterations for size 8, cohesion 60.
  Completed 100 iterations for size 8, cohesion 70.
  Completed 100 iterations for size 8, cohesion 80.

Results successfully written to job80227/comparison_results_linearSwitchFromGroupedProtected_8_c60-70-80.json
  Completed 100 iterations for size 8, cohesion 60.
  Completed 100 iterations for size 8, cohesion 70.
  Completed 100 iterations for size 8, cohesion 80.

Results successfully written to job80227/comparison_results_linearSwitchFromGroupedProtected_8_c60-70-80.json
  Completed 100 iterations for size 8, cohesion 60.
  Completed 100 iterations for size 8, cohesion 70.
  Completed 100 iterations for size 8, cohesion 80.

Results successfully written to job80227/comparison_results_linearSwitchFromGroupedProtected_8_c60-70-80.json
  Completed 100 iterations for size 8, cohesion 60.
  Completed 100 iterations for size 8, cohesion 70.
  Completed 100 iterations for size 8, cohesion 80.

Results successfully written to job80227/comparison_results_linearSwitchFromGroupedProtected_8_c60-70-80.json
  Completed 100 iterations for size 8, cohesion 60.
  Completed 100 iterations for size 8, cohesion 70.
  Completed 100 iterations for size 8, cohesion 80.

Results successfully written to job80227/comparison_results_linearSwitchFromGroupedProtected_8_c60-70-80.json
  Completed 100 iterations for size 8, cohesion 60.
  Completed 100 iterations for size 8, cohesion 70.
  Completed 100 iterations for size 8, cohesion 80.

Results successfully written to job80227/comparison_results_linearSwitchFromGroupedProtected_8_c60-70-80.json
  Completed 100 iterations for size 8, cohesion 60.
  Completed 100 iterations for size 8, cohesion 70.
  Completed 100 iterations for size 8, cohesion 80.

Results successfully written to job80227/comparison_results_linearSwitchFromGroupedProtected_8_c60-70-80.json
  Completed 100 iterations for size 8, cohesion 60.
  Completed 100 iterations for size 8, cohesion 70.
  Completed 100 iterations for size 8, cohesion 80.

Results successfully written to job80227/comparison_results_linearSwitchFromGroupedProtected_8_c60-70-80.json
  Completed 100 iterations for size 8, cohesion 60.
  Completed 100 iterations for size 8, cohesion 70.
  Completed 100 iterations for size 8, cohesion 80.

Results successfully written to job80227/comparison_results_linearSwitchFromGroupedProtected_8_c60-70-80.json
  Completed 100 iterations for size 8, cohesion 60.
  Completed 100 iterations for size 8, cohesion 70.
  Completed 100 iterations for size 8, cohesion 80.

Results successfully written to job80227/comparison_results_linearSwitchFromGroupedProtected_8_c60-70-80.json
  Completed 100 iterations for size 8, cohesion 60.
  Completed 100 iterations for size 8, cohesion 70.
  Completed 100 iterations for size 8, cohesion 80.

Results successfully written to job80227/comparison_results_linearSwitchFromGroupedProtected_8_c60-70-80.json
  Completed 100 iterations for size 8, cohesion 60.
  Completed 100 iterations for size 8, cohesion 70.
  Completed 100 iterations for size 8, cohesion 80.

Results successfully written to job80227/comparison_results_linearSwitchFromGroupedProtected_8_c60-70-80.json
  Completed 100 iterations for size 8, cohesion 60.
  Completed 100 iterations for size 8, cohesion 70.
  Completed 100 iterations for size 8, cohesion 80.

Results successfully written to job80227/comparison_results_linearSwitchFromGroupedProtected_8_c60-70-80.json
  Completed 100 iterations for size 8, cohesion 60.
  Completed 100 iterations for size 8, cohesion 70.
  Completed 100 iterations for size 8, cohesion 80.

Results successfully written to job80227/comparison_results_linearSwitchFromGroupedProtected_8_c60-70-80.json
  Completed 100 iterations for size 8, cohesion 60.
  Completed 100 iterations for size 8, cohesion 70.
  Completed 100 iterations for size 8, cohesion 80.

Results successfully written to job80227/comparison_results_linearSwitchFromGroupedProtected_8_c60-70-80.json
  Completed 100 iterations for size 8, cohesion 60.
  Completed 100 iterations for size 8, cohesion 70.
  Completed 100 iterations for size 8, cohesion 80.

Results successfully written to job80227/comparison_results_linearSwitchFromGroupedProtected_8_c60-70-80.json
  Completed 100 iterations for size 8, cohesion 60.
  Completed 100 iterations for size 8, cohesion 70.
  Completed 100 iterations for size 8, cohesion 80.

Results successfully written to job80227/comparison_results_linearSwitchFromGroupedProtected_8_c60-70-80.json
  Completed 100 iterations for size 8, cohesion 60.
  Completed 100 iterations for size 8, cohesion 70.
  Completed 100 iterations for size 8, cohesion 80.

Results successfully written to job80227/comparison_results_linearSwitchFromGroupedProtected_8_c60-70-80.json
  Completed 100 iterations for size 8, cohesion 60.
  Completed 100 iterations for size 8, cohesion 70.
  Completed 100 iterations for size 8, cohesion 80.

Results successfully written to job80227/comparison_results_linearSwitchFromGroupedProtected_8_c60-70-80.json
  Completed 100 iterations for size 8, cohesion 60.
  Completed 100 iterations for size 8, cohesion 70.
  Completed 100 iterations for size 8, cohesion 80.

Results successfully written to job80227/comparison_results_linearSwitchFromGroupedProtected_8_c60-70-80.json
  Completed 100 iterations for size 8, cohesion 60.
  Completed 100 iterations for size 8, cohesion 70.
  Completed 100 iterations for size 8, cohesion 80.

Results successfully written to job80227/comparison_results_linearSwitchFromGroupedProtected_8_c60-70-80.json

================================================================================
Algorithm                   People    Avg Score  Avg Time(s)
--------------------------------------------------------------------------------
linearSwitchFromGroupedProtected        8        437.7       0.1264
================================================================================

Results successfully written to job80227/comparison_results_linearSwitchFromGroupedProtected_8_c60-70-80.json
