Task 19 running algorithm: linearSwitchFromGroupedProtected, people: 8, cohesions: 90 100
cn15.hpc.itu.dk
aubu
/home/aubu/bachelorProject/hpc-jobs
Running iterations for algorithm: linearSwitchFromGroupedProtected
  Completed 100 iterations for size 8, cohesion 90.
  Completed 100 iterations for size 8, cohesion 100.

Results successfully written to job80227/comparison_results_linearSwitchFromGroupedProtected_8_c90-100.json
  Completed 100 iterations for size 8, cohesion 90.
  Completed 100 iterations for size 8, cohesion 100.

Results successfully written to job80227/comparison_results_linearSwitchFromGroupedProtected_8_c90-100.json
  Completed 100 iterations for size 8, cohesion 90.
  Completed 100 iterations for size 8, cohesion 100.

Results successfully written to job80227/comparison_results_linearSwitchFromGroupedProtected_8_c90-100.json
  Completed 100 iterations for size 8, cohesion 90.
  Completed 100 iterations for size 8, cohesion 100.

Results successfully written to job80227/comparison_results_linearSwitchFromGroupedProtected_8_c90-100.json
  Completed 100 iterations for size 8, cohesion 90.
  Completed 100 iterations for size 8, cohesion 100.

Results successfully written to job80227/comparison_results_linearSwitchFromGroupedProtected_8_c90-100.json
  Completed 100 iterations for size 8, cohesion 90.
  Completed 100 iterations for size 8, cohesion 100.

Results successfully written to job80227/comparison_results_linearSwitchFromGroupedProtected_8_c90-100.json
  Completed 100 iterations for size 8, cohesion 90.
  Completed 100 iterations for size 8, cohesion 100.

Results successfully written to job80227/comparison_results_linearSwitchFromGroupedProtected_8_c90-100.json
  Completed 100 iterations for size 8, cohesion 90.
  Completed 100 iterations for size 8, cohesion 100.

Results successfully written to job80227/comparison_results_linearSwitchFromGroupedProtected_8_c90-100.json
  Completed 100 iterations for size 8, cohesion 90.
  Completed 100 iterations for size 8, cohesion 100.

Results successfully written to job80227/comparison_results_linearSwitchFromGroupedProtected_8_c90-100.json
  Completed 100 iterations for size 8, cohesion 90.
  Completed 100 iterations for size 8, cohesion 100.

Results successfully written to job80227/comparison_results_linearSwitchFromGroupedProtected_8_c90-100.json
  Completed 100 iterations for size 8, cohesion 90.
  Completed 100 iterations for size 8, cohesion 100.

Results successfully written to job80227/comparison_results_linearSwitchFromGroupedProtected_8_c90-100.json
  Completed 100 iterations for size 8, cohesion 90.
  Completed 100 iterations for size 8, cohesion 100.

Results successfully written to job80227/comparison_results_linearSwitchFromGroupedProtected_8_c90-100.json
  Completed 100 iterations for size 8, cohesion 90.
  Completed 100 iterations for size 8, cohesion 100.

Results successfully written to job80227/comparison_results_linearSwitchFromGroupedProtected_8_c90-100.json
  Completed 100 iterations for size 8, cohesion 90.
  Completed 100 iterations for size 8, cohesion 100.

Results successfully written to job80227/comparison_results_linearSwitchFromGroupedProtected_8_c90-100.json
  Completed 100 iterations for size 8, cohesion 90.
  Completed 100 iterations for size 8, cohesion 100.

Results successfully written to job80227/comparison_results_linearSwitchFromGroupedProtected_8_c90-100.json
  Completed 100 iterations for size 8, cohesion 90.
  Completed 100 iterations for size 8, cohesion 100.

Results successfully written to job80227/comparison_results_linearSwitchFromGroupedProtected_8_c90-100.json
  Completed 100 iterations for size 8, cohesion 90.
  Completed 100 iterations for size 8, cohesion 100.

Results successfully written to job80227/comparison_results_linearSwitchFromGroupedProtected_8_c90-100.json
  Completed 100 iterations for size 8, cohesion 90.
  Completed 100 iterations for size 8, cohesion 100.

Results successfully written to job80227/comparison_results_linearSwitchFromGroupedProtected_8_c90-100.json
  Completed 100 iterations for size 8, cohesion 90.
  Completed 100 iterations for size 8, cohesion 100.

Results successfully written to job80227/comparison_results_linearSwitchFromGroupedProtected_8_c90-100.json
  Completed 100 iterations for size 8, cohesion 90.
  Completed 100 iterations for size 8, cohesion 100.

Results successfully written to job80227/comparison_results_linearSwitchFromGroupedProtected_8_c90-100.json
  Completed 100 iterations for size 8, cohesion 90.
  Completed 100 iterations for size 8, cohesion 100.

Results successfully written to job80227/comparison_results_linearSwitchFromGroupedProtected_8_c90-100.json
  Completed 100 iterations for size 8, cohesion 90.
  Completed 100 iterations for size 8, cohesion 100.

Results successfully written to job80227/comparison_results_linearSwitchFromGroupedProtected_8_c90-100.json
  Completed 100 iterations for size 8, cohesion 90.
  Completed 100 iterations for size 8, cohesion 100.

Results successfully written to job80227/comparison_results_linearSwitchFromGroupedProtected_8_c90-100.json
  Completed 100 iterations for size 8, cohesion 90.
  Completed 100 iterations for size 8, cohesion 100.

Results successfully written to job80227/comparison_results_linearSwitchFromGroupedProtected_8_c90-100.json
  Completed 100 iterations for size 8, cohesion 90.
  Completed 100 iterations for size 8, cohesion 100.

Results successfully written to job80227/comparison_results_linearSwitchFromGroupedProtected_8_c90-100.json
  Completed 100 iterations for size 8, cohesion 90.
  Completed 100 iterations for size 8, cohesion 100.

Results successfully written to job80227/comparison_results_linearSwitchFromGroupedProtected_8_c90-100.json
  Completed 100 iterations for size 8, cohesion 90.
  Completed 100 iterations for size 8, cohesion 100.

Results successfully written to job80227/comparison_results_linearSwitchFromGroupedProtected_8_c90-100.json
  Completed 100 iterations for size 8, cohesion 90.
  Completed 100 iterations for size 8, cohesion 100.

Results successfully written to job80227/comparison_results_linearSwitchFromGroupedProtected_8_c90-100.json
  Completed 100 iterations for size 8, cohesion 90.
  Completed 100 iterations for size 8, cohesion 100.

Results successfully written to job80227/comparison_results_linearSwitchFromGroupedProtected_8_c90-100.json
  Completed 100 iterations for size 8, cohesion 90.
  Completed 100 iterations for size 8, cohesion 100.

Results successfully written to job80227/comparison_results_linearSwitchFromGroupedProtected_8_c90-100.json
  Completed 100 iterations for size 8, cohesion 90.
  Completed 100 iterations for size 8, cohesion 100.

Results successfully written to job80227/comparison_results_linearSwitchFromGroupedProtected_8_c90-100.json
  Completed 100 iterations for size 8, cohesion 90.
  Completed 100 iterations for size 8, cohesion 100.

Results successfully written to job80227/comparison_results_linearSwitchFromGroupedProtected_8_c90-100.json
  Completed 100 iterations for size 8, cohesion 90.
  Completed 100 iterations for size 8, cohesion 100.

Results successfully written to job80227/comparison_results_linearSwitchFromGroupedProtected_8_c90-100.json
  Completed 100 iterations for size 8, cohesion 90.
  Completed 100 iterations for size 8, cohesion 100.

Results successfully written to job80227/comparison_results_linearSwitchFromGroupedProtected_8_c90-100.json
  Completed 100 iterations for size 8, cohesion 90.
  Completed 100 iterations for size 8, cohesion 100.

Results successfully written to job80227/comparison_results_linearSwitchFromGroupedProtected_8_c90-100.json
  Completed 100 iterations for size 8, cohesion 90.
  Completed 100 iterations for size 8, cohesion 100.

Results successfully written to job80227/comparison_results_linearSwitchFromGroupedProtected_8_c90-100.json
  Completed 100 iterations for size 8, cohesion 90.
  Completed 100 iterations for size 8, cohesion 100.

Results successfully written to job80227/comparison_results_linearSwitchFromGroupedProtected_8_c90-100.json
  Completed 100 iterations for size 8, cohesion 90.
  Completed 100 iterations for size 8, cohesion 100.

Results successfully written to job80227/comparison_results_linearSwitchFromGroupedProtected_8_c90-100.json
  Completed 100 iterations for size 8, cohesion 90.
  Completed 100 iterations for size 8, cohesion 100.

Results successfully written to job80227/comparison_results_linearSwitchFromGroupedProtected_8_c90-100.json
  Completed 100 iterations for size 8, cohesion 90.
  Completed 100 iterations for size 8, cohesion 100.

Results successfully written to job80227/comparison_results_linearSwitchFromGroupedProtected_8_c90-100.json
  Completed 100 iterations for size 8, cohesion 90.
  Completed 100 iterations for size 8, cohesion 100.

Results successfully written to job80227/comparison_results_linearSwitchFromGroupedProtected_8_c90-100.json
  Completed 100 iterations for size 8, cohesion 90.
  Completed 100 iterations for size 8, cohesion 100.

Results successfully written to job80227/comparison_results_linearSwitchFromGroupedProtected_8_c90-100.json
  Completed 100 iterations for size 8, cohesion 90.
  Completed 100 iterations for size 8, cohesion 100.

Results successfully written to job80227/comparison_results_linearSwitchFromGroupedProtected_8_c90-100.json
  Completed 100 iterations for size 8, cohesion 90.
  Completed 100 iterations for size 8, cohesion 100.

Results successfully written to job80227/comparison_results_linearSwitchFromGroupedProtected_8_c90-100.json
  Completed 100 iterations for size 8, cohesion 90.
  Completed 100 iterations for size 8, cohesion 100.

Results successfully written to job80227/comparison_results_linearSwitchFromGroupedProtected_8_c90-100.json
  Completed 100 iterations for size 8, cohesion 90.
  Completed 100 iterations for size 8, cohesion 100.

Results successfully written to job80227/comparison_results_linearSwitchFromGroupedProtected_8_c90-100.json
  Completed 100 iterations for size 8, cohesion 90.
  Completed 100 iterations for size 8, cohesion 100.

Results successfully written to job80227/comparison_results_linearSwitchFromGroupedProtected_8_c90-100.json
  Completed 100 iterations for size 8, cohesion 90.
  Completed 100 iterations for size 8, cohesion 100.

Results successfully written to job80227/comparison_results_linearSwitchFromGroupedProtected_8_c90-100.json
  Completed 100 iterations for size 8, cohesion 90.
  Completed 100 iterations for size 8, cohesion 100.

Results successfully written to job80227/comparison_results_linearSwitchFromGroupedProtected_8_c90-100.json
  Completed 100 iterations for size 8, cohesion 90.
  Completed 100 iterations for size 8, cohesion 100.

Results successfully written to job80227/comparison_results_linearSwitchFromGroupedProtected_8_c90-100.json
  Completed 100 iterations for size 8, cohesion 90.
  Completed 100 iterations for size 8, cohesion 100.

Results successfully written to job80227/comparison_results_linearSwitchFromGroupedProtected_8_c90-100.json
  Completed 100 iterations for size 8, cohesion 90.
  Completed 100 iterations for size 8, cohesion 100.

Results successfully written to job80227/comparison_results_linearSwitchFromGroupedProtected_8_c90-100.json
  Completed 100 iterations for size 8, cohesion 90.
  Completed 100 iterations for size 8, cohesion 100.

Results successfully written to job80227/comparison_results_linearSwitchFromGroupedProtected_8_c90-100.json
  Completed 100 iterations for size 8, cohesion 90.
  Completed 100 iterations for size 8, cohesion 100.

Results successfully written to job80227/comparison_results_linearSwitchFromGroupedProtected_8_c90-100.json
  Completed 100 iterations for size 8, cohesion 90.
  Completed 100 iterations for size 8, cohesion 100.

Results successfully written to job80227/comparison_results_linearSwitchFromGroupedProtected_8_c90-100.json
  Completed 100 iterations for size 8, cohesion 90.
  Completed 100 iterations for size 8, cohesion 100.

Results successfully written to job80227/comparison_results_linearSwitchFromGroupedProtected_8_c90-100.json
  Completed 100 iterations for size 8, cohesion 90.
  Completed 100 iterations for size 8, cohesion 100.

Results successfully written to job80227/comparison_results_linearSwitchFromGroupedProtected_8_c90-100.json
  Completed 100 iterations for size 8, cohesion 90.
  Completed 100 iterations for size 8, cohesion 100.

Results successfully written to job80227/comparison_results_linearSwitchFromGroupedProtected_8_c90-100.json
  Completed 100 iterations for size 8, cohesion 90.
  Completed 100 iterations for size 8, cohesion 100.

Results successfully written to job80227/comparison_results_linearSwitchFromGroupedProtected_8_c90-100.json
  Completed 100 iterations for size 8, cohesion 90.
  Completed 100 iterations for size 8, cohesion 100.

Results successfully written to job80227/comparison_results_linearSwitchFromGroupedProtected_8_c90-100.json
  Completed 100 iterations for size 8, cohesion 90.
  Completed 100 iterations for size 8, cohesion 100.

Results successfully written to job80227/comparison_results_linearSwitchFromGroupedProtected_8_c90-100.json
  Completed 100 iterations for size 8, cohesion 90.
  Completed 100 iterations for size 8, cohesion 100.

Results successfully written to job80227/comparison_results_linearSwitchFromGroupedProtected_8_c90-100.json
  Completed 100 iterations for size 8, cohesion 90.
  Completed 100 iterations for size 8, cohesion 100.

Results successfully written to job80227/comparison_results_linearSwitchFromGroupedProtected_8_c90-100.json
  Completed 100 iterations for size 8, cohesion 90.
  Completed 100 iterations for size 8, cohesion 100.

Results successfully written to job80227/comparison_results_linearSwitchFromGroupedProtected_8_c90-100.json
  Completed 100 iterations for size 8, cohesion 90.
  Completed 100 iterations for size 8, cohesion 100.

Results successfully written to job80227/comparison_results_linearSwitchFromGroupedProtected_8_c90-100.json
  Completed 100 iterations for size 8, cohesion 90.
  Completed 100 iterations for size 8, cohesion 100.

Results successfully written to job80227/comparison_results_linearSwitchFromGroupedProtected_8_c90-100.json
  Completed 100 iterations for size 8, cohesion 90.
  Completed 100 iterations for size 8, cohesion 100.

Results successfully written to job80227/comparison_results_linearSwitchFromGroupedProtected_8_c90-100.json
  Completed 100 iterations for size 8, cohesion 90.
  Completed 100 iterations for size 8, cohesion 100.

Results successfully written to job80227/comparison_results_linearSwitchFromGroupedProtected_8_c90-100.json
  Completed 100 iterations for size 8, cohesion 90.
  Completed 100 iterations for size 8, cohesion 100.

Results successfully written to job80227/comparison_results_linearSwitchFromGroupedProtected_8_c90-100.json
  Completed 100 iterations for size 8, cohesion 90.
  Completed 100 iterations for size 8, cohesion 100.

Results successfully written to job80227/comparison_results_linearSwitchFromGroupedProtected_8_c90-100.json
  Completed 100 iterations for size 8, cohesion 90.
  Completed 100 iterations for size 8, cohesion 100.

Results successfully written to job80227/comparison_results_linearSwitchFromGroupedProtected_8_c90-100.json
  Completed 100 iterations for size 8, cohesion 90.
  Completed 100 iterations for size 8, cohesion 100.

Results successfully written to job80227/comparison_results_linearSwitchFromGroupedProtected_8_c90-100.json
  Completed 100 iterations for size 8, cohesion 90.
  Completed 100 iterations for size 8, cohesion 100.

Results successfully written to job80227/comparison_results_linearSwitchFromGroupedProtected_8_c90-100.json
  Completed 100 iterations for size 8, cohesion 90.
  Completed 100 iterations for size 8, cohesion 100.

Results successfully written to job80227/comparison_results_linearSwitchFromGroupedProtected_8_c90-100.json
  Completed 100 iterations for size 8, cohesion 90.
  Completed 100 iterations for size 8, cohesion 100.

Results successfully written to job80227/comparison_results_linearSwitchFromGroupedProtected_8_c90-100.json
  Completed 100 iterations for size 8, cohesion 90.
  Completed 100 iterations for size 8, cohesion 100.

Results successfully written to job80227/comparison_results_linearSwitchFromGroupedProtected_8_c90-100.json
  Completed 100 iterations for size 8, cohesion 90.
  Completed 100 iterations for size 8, cohesion 100.

Results successfully written to job80227/comparison_results_linearSwitchFromGroupedProtected_8_c90-100.json
  Completed 100 iterations for size 8, cohesion 90.
  Completed 100 iterations for size 8, cohesion 100.

Results successfully written to job80227/comparison_results_linearSwitchFromGroupedProtected_8_c90-100.json
  Completed 100 iterations for size 8, cohesion 90.
  Completed 100 iterations for size 8, cohesion 100.

Results successfully written to job80227/comparison_results_linearSwitchFromGroupedProtected_8_c90-100.json
  Completed 100 iterations for size 8, cohesion 90.
  Completed 100 iterations for size 8, cohesion 100.

Results successfully written to job80227/comparison_results_linearSwitchFromGroupedProtected_8_c90-100.json
  Completed 100 iterations for size 8, cohesion 90.
  Completed 100 iterations for size 8, cohesion 100.

Results successfully written to job80227/comparison_results_linearSwitchFromGroupedProtected_8_c90-100.json
  Completed 100 iterations for size 8, cohesion 90.
  Completed 100 iterations for size 8, cohesion 100.

Results successfully written to job80227/comparison_results_linearSwitchFromGroupedProtected_8_c90-100.json
  Completed 100 iterations for size 8, cohesion 90.
  Completed 100 iterations for size 8, cohesion 100.

Results successfully written to job80227/comparison_results_linearSwitchFromGroupedProtected_8_c90-100.json
  Completed 100 iterations for size 8, cohesion 90.
  Completed 100 iterations for size 8, cohesion 100.

Results successfully written to job80227/comparison_results_linearSwitchFromGroupedProtected_8_c90-100.json
  Completed 100 iterations for size 8, cohesion 90.
  Completed 100 iterations for size 8, cohesion 100.

Results successfully written to job80227/comparison_results_linearSwitchFromGroupedProtected_8_c90-100.json
  Completed 100 iterations for size 8, cohesion 90.
  Completed 100 iterations for size 8, cohesion 100.

Results successfully written to job80227/comparison_results_linearSwitchFromGroupedProtected_8_c90-100.json
  Completed 100 iterations for size 8, cohesion 90.
  Completed 100 iterations for size 8, cohesion 100.

Results successfully written to job80227/comparison_results_linearSwitchFromGroupedProtected_8_c90-100.json
  Completed 100 iterations for size 8, cohesion 90.
  Completed 100 iterations for size 8, cohesion 100.

Results successfully written to job80227/comparison_results_linearSwitchFromGroupedProtected_8_c90-100.json
  Completed 100 iterations for size 8, cohesion 90.
  Completed 100 iterations for size 8, cohesion 100.

Results successfully written to job80227/comparison_results_linearSwitchFromGroupedProtected_8_c90-100.json
  Completed 100 iterations for size 8, cohesion 90.
  Completed 100 iterations for size 8, cohesion 100.

Results successfully written to job80227/comparison_results_linearSwitchFromGroupedProtected_8_c90-100.json
  Completed 100 iterations for size 8, cohesion 90.
  Completed 100 iterations for size 8, cohesion 100.

Results successfully written to job80227/comparison_results_linearSwitchFromGroupedProtected_8_c90-100.json
  Completed 100 iterations for size 8, cohesion 90.
  Completed 100 iterations for size 8, cohesion 100.

Results successfully written to job80227/comparison_results_linearSwitchFromGroupedProtected_8_c90-100.json
  Completed 100 iterations for size 8, cohesion 90.
  Completed 100 iterations for size 8, cohesion 100.

Results successfully written to job80227/comparison_results_linearSwitchFromGroupedProtected_8_c90-100.json
  Completed 100 iterations for size 8, cohesion 90.
  Completed 100 iterations for size 8, cohesion 100.

Results successfully written to job80227/comparison_results_linearSwitchFromGroupedProtected_8_c90-100.json
  Completed 100 iterations for size 8, cohesion 90.
  Completed 100 iterations for size 8, cohesion 100.

Results successfully written to job80227/comparison_results_linearSwitchFromGroupedProtected_8_c90-100.json
  Completed 100 iterations for size 8, cohesion 90.
  Completed 100 iterations for size 8, cohesion 100.

Results successfully written to job80227/comparison_results_linearSwitchFromGroupedProtected_8_c90-100.json
  Completed 100 iterations for size 8, cohesion 90.
  Completed 100 iterations for size 8, cohesion 100.

Results successfully written to job80227/comparison_results_linearSwitchFromGroupedProtected_8_c90-100.json
  Completed 100 iterations for size 8, cohesion 90.
  Completed 100 iterations for size 8, cohesion 100.

Results successfully written to job80227/comparison_results_linearSwitchFromGroupedProtected_8_c90-100.json
  Completed 100 iterations for size 8, cohesion 90.
  Completed 100 iterations for size 8, cohesion 100.

Results successfully written to job80227/comparison_results_linearSwitchFromGroupedProtected_8_c90-100.json
  Completed 100 iterations for size 8, cohesion 90.
  Completed 100 iterations for size 8, cohesion 100.

Results successfully written to job80227/comparison_results_linearSwitchFromGroupedProtected_8_c90-100.json

================================================================================
Algorithm                   People    Avg Score  Avg Time(s)
--------------------------------------------------------------------------------
linearSwitchFromGroupedProtected        8        437.7       0.1259
================================================================================

Results successfully written to job80227/comparison_results_linearSwitchFromGroupedProtected_8_c90-100.json
