Task 2 running algorithm: linearSwitchFromGrouped, people: 8, cohesions: 60 70 80
cn8.hpc.itu.dk
aubu
/home/aubu/bachelorProject/hpc-jobs
Running iterations for algorithm: linearSwitchFromGrouped
  Completed 100 iterations for size 8, cohesion 60.
  Completed 100 iterations for size 8, cohesion 70.
  Completed 100 iterations for size 8, cohesion 80.

Results successfully written to job80227/comparison_results_linearSwitchFromGrouped_8_c60-70-80.json
  Completed 100 iterations for size 8, cohesion 60.
  Completed 100 iterations for size 8, cohesion 70.
  Completed 100 iterations for size 8, cohesion 80.

Results successfully written to job80227/comparison_results_linearSwitchFromGrouped_8_c60-70-80.json
  Completed 100 iterations for size 8, cohesion 60.
  Completed 100 iterations for size 8, cohesion 70.
  Completed 100 iterations for size 8, cohesion 80.

Results successfully written to job80227/comparison_results_linearSwitchFromGrouped_8_c60-70-80.json
  Completed 100 iterations for size 8, cohesion 60.
  Completed 100 iterations for size 8, cohesion 70.
  Completed 100 iterations for size 8, cohesion 80.

Results successfully written to job80227/comparison_results_linearSwitchFromGrouped_8_c60-70-80.json
  Completed 100 iterations for size 8, cohesion 60.
  Completed 100 iterations for size 8, cohesion 70.
  Completed 100 iterations for size 8, cohesion 80.

Results successfully written to job80227/comparison_results_linearSwitchFromGrouped_8_c60-70-80.json
  Completed 100 iterations for size 8, cohesion 60.
  Completed 100 iterations for size 8, cohesion 70.
  Completed 100 iterations for size 8, cohesion 80.

Results successfully written to job80227/comparison_results_linearSwitchFromGrouped_8_c60-70-80.json
  Completed 100 iterations for size 8, cohesion 60.
  Completed 100 iterations for size 8, cohesion 70.
  Completed 100 iterations for size 8, cohesion 80.

Results successfully written to job80227/comparison_results_linearSwitchFromGrouped_8_c60-70-80.json
  Completed 100 iterations for size 8, cohesion 60.
  Completed 100 iterations for size 8, cohesion 70.
  Completed 100 iterations for size 8, cohesion 80.

Results successfully written to job80227/comparison_results_linearSwitchFromGrouped_8_c60-70-80.json
  Completed 100 iterations for size 8, cohesion 60.
  Completed 100 iterations for size 8, cohesion 70.
  Completed 100 iterations for size 8, cohesion 80.

Results successfully written to job80227/comparison_results_linearSwitchFromGrouped_8_c60-70-80.json
  Completed 100 iterations for size 8, cohesion 60.
  Completed 100 iterations for size 8, cohesion 70.
  Completed 100 iterations for size 8, cohesion 80.

Results successfully written to job80227/comparison_results_linearSwitchFromGrouped_8_c60-70-80.json
  Completed 100 iterations for size 8, cohesion 60.
  Completed 100 iterations for size 8, cohesion 70.
  Completed 100 iterations for size 8, cohesion 80.

Results successfully written to job80227/comparison_results_linearSwitchFromGrouped_8_c60-70-80.json
  Completed 100 iterations for size 8, cohesion 60.
  Completed 100 iterations for size 8, cohesion 70.
  Completed 100 iterations for size 8, cohesion 80.

Results successfully written to job80227/comparison_results_linearSwitchFromGrouped_8_c60-70-80.json
  Completed 100 iterations for size 8, cohesion 60.
  Completed 100 iterations for size 8, cohesion 70.
  Completed 100 iterations for size 8, cohesion 80.

Results successfully written to job80227/comparison_results_linearSwitchFromGrouped_8_c60-70-80.json
  Completed 100 iterations for size 8, cohesion 60.
  Completed 100 iterations for size 8, cohesion 70.
  Completed 100 iterations for size 8, cohesion 80.

Results successfully written to job80227/comparison_results_linearSwitchFromGrouped_8_c60-70-80.json
  Completed 100 iterations for size 8, cohesion 60.
  Completed 100 iterations for size 8, cohesion 70.
  Completed 100 iterations for size 8, cohesion 80.

Results successfully written to job80227/comparison_results_linearSwitchFromGrouped_8_c60-70-80.json
  Completed 100 iterations for size 8, cohesion 60.
  Completed 100 iterations for size 8, cohesion 70.
  Completed 100 iterations for size 8, cohesion 80.

Results successfully written to job80227/comparison_results_linearSwitchFromGrouped_8_c60-70-80.json
  Completed 100 iterations for size 8, cohesion 60.
  Completed 100 iterations for size 8, cohesion 70.
  Completed 100 iterations for size 8, cohesion 80.

Results successfully written to job80227/comparison_results_linearSwitchFromGrouped_8_c60-70-80.json
  Completed 100 iterations for size 8, cohesion 60.
  Completed 100 iterations for size 8, cohesion 70.
  Completed 100 iterations for size 8, cohesion 80.

Results successfully written to job80227/comparison_results_linearSwitchFromGrouped_8_c60-70-80.json
  Completed 100 iterations for size 8, cohesion 60.
  Completed 100 iterations for size 8, cohesion 70.
  Completed 100 iterations for size 8, cohesion 80.

Results successfully written to job80227/comparison_results_linearSwitchFromGrouped_8_c60-70-80.json
  Completed 100 iterations for size 8, cohesion 60.
  Completed 100 iterations for size 8, cohesion 70.
  Completed 100 iterations for size 8, cohesion 80.

Results successfully written to job80227/comparison_results_linearSwitchFromGrouped_8_c60-70-80.json
  Completed 100 iterations for size 8, cohesion 60.
  Completed 100 iterations for size 8, cohesion 70.
  Completed 100 iterations for size 8, cohesion 80.

Results successfully written to job80227/comparison_results_linearSwitchFromGrouped_8_c60-70-80.json
  Completed 100 iterations for size 8, cohesion 60.
  Completed 100 iterations for size 8, cohesion 70.
  Completed 100 iterations for size 8, cohesion 80.

Results successfully written to job80227/comparison_results_linearSwitchFromGrouped_8_c60-70-80.json
  Completed 100 iterations for size 8, cohesion 60.
  Completed 100 iterations for size 8, cohesion 70.
  Completed 100 iterations for size 8, cohesion 80.

Results successfully written to job80227/comparison_results_linearSwitchFromGrouped_8_c60-70-80.json
  Completed 100 iterations for size 8, cohesion 60.
  Completed 100 iterations for size 8, cohesion 70.
  Completed 100 iterations for size 8, cohesion 80.

Results successfully written to job80227/comparison_results_linearSwitchFromGrouped_8_c60-70-80.json
  Completed 100 iterations for size 8, cohesion 60.
  Completed 100 iterations for size 8, cohesion 70.
  Completed 100 iterations for size 8, cohesion 80.

Results successfully written to job80227/comparison_results_linearSwitchFromGrouped_8_c60-70-80.json
  Completed 100 iterations for size 8, cohesion 60.
  Completed 100 iterations for size 8, cohesion 70.
  Completed 100 iterations for size 8, cohesion 80.

Results successfully written to job80227/comparison_results_linearSwitchFromGrouped_8_c60-70-80.json
  Completed 100 iterations for size 8, cohesion 60.
  Completed 100 iterations for size 8, cohesion 70.
  Completed 100 iterations for size 8, cohesion 80.

Results successfully written to job80227/comparison_results_linearSwitchFromGrouped_8_c60-70-80.json
  Completed 100 iterations for size 8, cohesion 60.
  Completed 100 iterations for size 8, cohesion 70.
  Completed 100 iterations for size 8, cohesion 80.

Results successfully written to job80227/comparison_results_linearSwitchFromGrouped_8_c60-70-80.json
  Completed 100 iterations for size 8, cohesion 60.
  Completed 100 iterations for size 8, cohesion 70.
  Completed 100 iterations for size 8, cohesion 80.

Results successfully written to job80227/comparison_results_linearSwitchFromGrouped_8_c60-70-80.json
  Completed 100 iterations for size 8, cohesion 60.
  Completed 100 iterations for size 8, cohesion 70.
  Completed 100 iterations for size 8, cohesion 80.

Results successfully written to job80227/comparison_results_linearSwitchFromGrouped_8_c60-70-80.json
  Completed 100 iterations for size 8, cohesion 60.
  Completed 100 iterations for size 8, cohesion 70.
  Completed 100 iterations for size 8, cohesion 80.

Results successfully written to job80227/comparison_results_linearSwitchFromGrouped_8_c60-70-80.json
  Completed 100 iterations for size 8, cohesion 60.
  Completed 100 iterations for size 8, cohesion 70.
  Completed 100 iterations for size 8, cohesion 80.

Results successfully written to job80227/comparison_results_linearSwitchFromGrouped_8_c60-70-80.json
  Completed 100 iterations for size 8, cohesion 60.
  Completed 100 iterations for size 8, cohesion 70.
  Completed 100 iterations for size 8, cohesion 80.

Results successfully written to job80227/comparison_results_linearSwitchFromGrouped_8_c60-70-80.json
  Completed 100 iterations for size 8, cohesion 60.
  Completed 100 iterations for size 8, cohesion 70.
  Completed 100 iterations for size 8, cohesion 80.

Results successfully written to job80227/comparison_results_linearSwitchFromGrouped_8_c60-70-80.json
  Completed 100 iterations for size 8, cohesion 60.
  Completed 100 iterations for size 8, cohesion 70.
  Completed 100 iterations for size 8, cohesion 80.

Results successfully written to job80227/comparison_results_linearSwitchFromGrouped_8_c60-70-80.json
  Completed 100 iterations for size 8, cohesion 60.
  Completed 100 iterations for size 8, cohesion 70.
  Completed 100 iterations for size 8, cohesion 80.

Results successfully written to job80227/comparison_results_linearSwitchFromGrouped_8_c60-70-80.json
  Completed 100 iterations for size 8, cohesion 60.
  Completed 100 iterations for size 8, cohesion 70.
  Completed 100 iterations for size 8, cohesion 80.

Results successfully written to job80227/comparison_results_linearSwitchFromGrouped_8_c60-70-80.json
  Completed 100 iterations for size 8, cohesion 60.
  Completed 100 iterations for size 8, cohesion 70.
  Completed 100 iterations for size 8, cohesion 80.

Results successfully written to job80227/comparison_results_linearSwitchFromGrouped_8_c60-70-80.json
  Completed 100 iterations for size 8, cohesion 60.
  Completed 100 iterations for size 8, cohesion 70.
  Completed 100 iterations for size 8, cohesion 80.

Results successfully written to job80227/comparison_results_linearSwitchFromGrouped_8_c60-70-80.json
  Completed 100 iterations for size 8, cohesion 60.
  Completed 100 iterations for size 8, cohesion 70.
  Completed 100 iterations for size 8, cohesion 80.

Results successfully written to job80227/comparison_results_linearSwitchFromGrouped_8_c60-70-80.json
  Completed 100 iterations for size 8, cohesion 60.
  Completed 100 iterations for size 8, cohesion 70.
  Completed 100 iterations for size 8, cohesion 80.

Results successfully written to job80227/comparison_results_linearSwitchFromGrouped_8_c60-70-80.json
  Completed 100 iterations for size 8, cohesion 60.
  Completed 100 iterations for size 8, cohesion 70.
  Completed 100 iterations for size 8, cohesion 80.

Results successfully written to job80227/comparison_results_linearSwitchFromGrouped_8_c60-70-80.json
  Completed 100 iterations for size 8, cohesion 60.
  Completed 100 iterations for size 8, cohesion 70.
  Completed 100 iterations for size 8, cohesion 80.

Results successfully written to job80227/comparison_results_linearSwitchFromGrouped_8_c60-70-80.json
  Completed 100 iterations for size 8, cohesion 60.
  Completed 100 iterations for size 8, cohesion 70.
  Completed 100 iterations for size 8, cohesion 80.

Results successfully written to job80227/comparison_results_linearSwitchFromGrouped_8_c60-70-80.json
  Completed 100 iterations for size 8, cohesion 60.
  Completed 100 iterations for size 8, cohesion 70.
  Completed 100 iterations for size 8, cohesion 80.

Results successfully written to job80227/comparison_results_linearSwitchFromGrouped_8_c60-70-80.json
  Completed 100 iterations for size 8, cohesion 60.
  Completed 100 iterations for size 8, cohesion 70.
  Completed 100 iterations for size 8, cohesion 80.

Results successfully written to job80227/comparison_results_linearSwitchFromGrouped_8_c60-70-80.json
  Completed 100 iterations for size 8, cohesion 60.
  Completed 100 iterations for size 8, cohesion 70.
  Completed 100 iterations for size 8, cohesion 80.

Results successfully written to job80227/comparison_results_linearSwitchFromGrouped_8_c60-70-80.json
  Completed 100 iterations for size 8, cohesion 60.
  Completed 100 iterations for size 8, cohesion 70.
  Completed 100 iterations for size 8, cohesion 80.

Results successfully written to job80227/comparison_results_linearSwitchFromGrouped_8_c60-70-80.json
  Completed 100 iterations for size 8, cohesion 60.
  Completed 100 iterations for size 8, cohesion 70.
  Completed 100 iterations for size 8, cohesion 80.

Results successfully written to job80227/comparison_results_linearSwitchFromGrouped_8_c60-70-80.json
  Completed 100 iterations for size 8, cohesion 60.
  Completed 100 iterations for size 8, cohesion 70.
  Completed 100 iterations for size 8, cohesion 80.

Results successfully written to job80227/comparison_results_linearSwitchFromGrouped_8_c60-70-80.json
  Completed 100 iterations for size 8, cohesion 60.
  Completed 100 iterations for size 8, cohesion 70.
  Completed 100 iterations for size 8, cohesion 80.

Results successfully written to job80227/comparison_results_linearSwitchFromGrouped_8_c60-70-80.json
  Completed 100 iterations for size 8, cohesion 60.
  Completed 100 iterations for size 8, cohesion 70.
  Completed 100 iterations for size 8, cohesion 80.

Results successfully written to job80227/comparison_results_linearSwitchFromGrouped_8_c60-70-80.json
  Completed 100 iterations for size 8, cohesion 60.
  Completed 100 iterations for size 8, cohesion 70.
  Completed 100 iterations for size 8, cohesion 80.

Results successfully written to job80227/comparison_results_linearSwitchFromGrouped_8_c60-70-80.json
  Completed 100 iterations for size 8, cohesion 60.
  Completed 100 iterations for size 8, cohesion 70.
  Completed 100 iterations for size 8, cohesion 80.

Results successfully written to job80227/comparison_results_linearSwitchFromGrouped_8_c60-70-80.json
  Completed 100 iterations for size 8, cohesion 60.
  Completed 100 iterations for size 8, cohesion 70.
  Completed 100 iterations for size 8, cohesion 80.

Results successfully written to job80227/comparison_results_linearSwitchFromGrouped_8_c60-70-80.json
  Completed 100 iterations for size 8, cohesion 60.
  Completed 100 iterations for size 8, cohesion 70.
  Completed 100 iterations for size 8, cohesion 80.

Results successfully written to job80227/comparison_results_linearSwitchFromGrouped_8_c60-70-80.json
  Completed 100 iterations for size 8, cohesion 60.
  Completed 100 iterations for size 8, cohesion 70.
  Completed 100 iterations for size 8, cohesion 80.

Results successfully written to job80227/comparison_results_linearSwitchFromGrouped_8_c60-70-80.json
  Completed 100 iterations for size 8, cohesion 60.
  Completed 100 iterations for size 8, cohesion 70.
  Completed 100 iterations for size 8, cohesion 80.

Results successfully written to job80227/comparison_results_linearSwitchFromGrouped_8_c60-70-80.json
  Completed 100 iterations for size 8, cohesion 60.
  Completed 100 iterations for size 8, cohesion 70.
  Completed 100 iterations for size 8, cohesion 80.

Results successfully written to job80227/comparison_results_linearSwitchFromGrouped_8_c60-70-80.json
  Completed 100 iterations for size 8, cohesion 60.
  Completed 100 iterations for size 8, cohesion 70.
  Completed 100 iterations for size 8, cohesion 80.

Results successfully written to job80227/comparison_results_linearSwitchFromGrouped_8_c60-70-80.json
  Completed 100 iterations for size 8, cohesion 60.
  Completed 100 iterations for size 8, cohesion 70.
  Completed 100 iterations for size 8, cohesion 80.

Results successfully written to job80227/comparison_results_linearSwitchFromGrouped_8_c60-70-80.json
  Completed 100 iterations for size 8, cohesion 60.
  Completed 100 iterations for size 8, cohesion 70.
  Completed 100 iterations for size 8, cohesion 80.

Results successfully written to job80227/comparison_results_linearSwitchFromGrouped_8_c60-70-80.json
  Completed 100 iterations for size 8, cohesion 60.
  Completed 100 iterations for size 8, cohesion 70.
  Completed 100 iterations for size 8, cohesion 80.

Results successfully written to job80227/comparison_results_linearSwitchFromGrouped_8_c60-70-80.json
  Completed 100 iterations for size 8, cohesion 60.
  Completed 100 iterations for size 8, cohesion 70.
  Completed 100 iterations for size 8, cohesion 80.

Results successfully written to job80227/comparison_results_linearSwitchFromGrouped_8_c60-70-80.json
  Completed 100 iterations for size 8, cohesion 60.
  Completed 100 iterations for size 8, cohesion 70.
  Completed 100 iterations for size 8, cohesion 80.

Results successfully written to job80227/comparison_results_linearSwitchFromGrouped_8_c60-70-80.json
  Completed 100 iterations for size 8, cohesion 60.
  Completed 100 iterations for size 8, cohesion 70.
  Completed 100 iterations for size 8, cohesion 80.

Results successfully written to job80227/comparison_results_linearSwitchFromGrouped_8_c60-70-80.json
  Completed 100 iterations for size 8, cohesion 60.
  Completed 100 iterations for size 8, cohesion 70.
  Completed 100 iterations for size 8, cohesion 80.

Results successfully written to job80227/comparison_results_linearSwitchFromGrouped_8_c60-70-80.json
  Completed 100 iterations for size 8, cohesion 60.
  Completed 100 iterations for size 8, cohesion 70.
  Completed 100 iterations for size 8, cohesion 80.

Results successfully written to job80227/comparison_results_linearSwitchFromGrouped_8_c60-70-80.json
  Completed 100 iterations for size 8, cohesion 60.
  Completed 100 iterations for size 8, cohesion 70.
  Completed 100 iterations for size 8, cohesion 80.

Results successfully written to job80227/comparison_results_linearSwitchFromGrouped_8_c60-70-80.json
  Completed 100 iterations for size 8, cohesion 60.
  Completed 100 iterations for size 8, cohesion 70.
  Completed 100 iterations for size 8, cohesion 80.

Results successfully written to job80227/comparison_results_linearSwitchFromGrouped_8_c60-70-80.json
  Completed 100 iterations for size 8, cohesion 60.
  Completed 100 iterations for size 8, cohesion 70.
  Completed 100 iterations for size 8, cohesion 80.

Results successfully written to job80227/comparison_results_linearSwitchFromGrouped_8_c60-70-80.json
  Completed 100 iterations for size 8, cohesion 60.
  Completed 100 iterations for size 8, cohesion 70.
  Completed 100 iterations for size 8, cohesion 80.

Results successfully written to job80227/comparison_results_linearSwitchFromGrouped_8_c60-70-80.json
  Completed 100 iterations for size 8, cohesion 60.
  Completed 100 iterations for size 8, cohesion 70.
  Completed 100 iterations for size 8, cohesion 80.

Results successfully written to job80227/comparison_results_linearSwitchFromGrouped_8_c60-70-80.json
  Completed 100 iterations for size 8, cohesion 60.
  Completed 100 iterations for size 8, cohesion 70.
  Completed 100 iterations for size 8, cohesion 80.

Results successfully written to job80227/comparison_results_linearSwitchFromGrouped_8_c60-70-80.json
  Completed 100 iterations for size 8, cohesion 60.
  Completed 100 iterations for size 8, cohesion 70.
  Completed 100 iterations for size 8, cohesion 80.

Results successfully written to job80227/comparison_results_linearSwitchFromGrouped_8_c60-70-80.json
  Completed 100 iterations for size 8, cohesion 60.
  Completed 100 iterations for size 8, cohesion 70.
  Completed 100 iterations for size 8, cohesion 80.

Results successfully written to job80227/comparison_results_linearSwitchFromGrouped_8_c60-70-80.json
  Completed 100 iterations for size 8, cohesion 60.
  Completed 100 iterations for size 8, cohesion 70.
  Completed 100 iterations for size 8, cohesion 80.

Results successfully written to job80227/comparison_results_linearSwitchFromGrouped_8_c60-70-80.json
  Completed 100 iterations for size 8, cohesion 60.
  Completed 100 iterations for size 8, cohesion 70.
  Completed 100 iterations for size 8, cohesion 80.

Results successfully written to job80227/comparison_results_linearSwitchFromGrouped_8_c60-70-80.json
  Completed 100 iterations for size 8, cohesion 60.
  Completed 100 iterations for size 8, cohesion 70.
  Completed 100 iterations for size 8, cohesion 80.

Results successfully written to job80227/comparison_results_linearSwitchFromGrouped_8_c60-70-80.json
  Completed 100 iterations for size 8, cohesion 60.
  Completed 100 iterations for size 8, cohesion 70.
  Completed 100 iterations for size 8, cohesion 80.

Results successfully written to job80227/comparison_results_linearSwitchFromGrouped_8_c60-70-80.json
  Completed 100 iterations for size 8, cohesion 60.
  Completed 100 iterations for size 8, cohesion 70.
  Completed 100 iterations for size 8, cohesion 80.

Results successfully written to job80227/comparison_results_linearSwitchFromGrouped_8_c60-70-80.json
  Completed 100 iterations for size 8, cohesion 60.
  Completed 100 iterations for size 8, cohesion 70.
  Completed 100 iterations for size 8, cohesion 80.

Results successfully written to job80227/comparison_results_linearSwitchFromGrouped_8_c60-70-80.json
  Completed 100 iterations for size 8, cohesion 60.
  Completed 100 iterations for size 8, cohesion 70.
  Completed 100 iterations for size 8, cohesion 80.

Results successfully written to job80227/comparison_results_linearSwitchFromGrouped_8_c60-70-80.json
  Completed 100 iterations for size 8, cohesion 60.
  Completed 100 iterations for size 8, cohesion 70.
  Completed 100 iterations for size 8, cohesion 80.

Results successfully written to job80227/comparison_results_linearSwitchFromGrouped_8_c60-70-80.json
  Completed 100 iterations for size 8, cohesion 60.
  Completed 100 iterations for size 8, cohesion 70.
  Completed 100 iterations for size 8, cohesion 80.

Results successfully written to job80227/comparison_results_linearSwitchFromGrouped_8_c60-70-80.json
  Completed 100 iterations for size 8, cohesion 60.
  Completed 100 iterations for size 8, cohesion 70.
  Completed 100 iterations for size 8, cohesion 80.

Results successfully written to job80227/comparison_results_linearSwitchFromGrouped_8_c60-70-80.json
  Completed 100 iterations for size 8, cohesion 60.
  Completed 100 iterations for size 8, cohesion 70.
  Completed 100 iterations for size 8, cohesion 80.

Results successfully written to job80227/comparison_results_linearSwitchFromGrouped_8_c60-70-80.json
  Completed 100 iterations for size 8, cohesion 60.
  Completed 100 iterations for size 8, cohesion 70.
  Completed 100 iterations for size 8, cohesion 80.

Results successfully written to job80227/comparison_results_linearSwitchFromGrouped_8_c60-70-80.json
  Completed 100 iterations for size 8, cohesion 60.
  Completed 100 iterations for size 8, cohesion 70.
  Completed 100 iterations for size 8, cohesion 80.

Results successfully written to job80227/comparison_results_linearSwitchFromGrouped_8_c60-70-80.json
  Completed 100 iterations for size 8, cohesion 60.
  Completed 100 iterations for size 8, cohesion 70.
  Completed 100 iterations for size 8, cohesion 80.

Results successfully written to job80227/comparison_results_linearSwitchFromGrouped_8_c60-70-80.json
  Completed 100 iterations for size 8, cohesion 60.
  Completed 100 iterations for size 8, cohesion 70.
  Completed 100 iterations for size 8, cohesion 80.

Results successfully written to job80227/comparison_results_linearSwitchFromGrouped_8_c60-70-80.json
  Completed 100 iterations for size 8, cohesion 60.
  Completed 100 iterations for size 8, cohesion 70.
  Completed 100 iterations for size 8, cohesion 80.

Results successfully written to job80227/comparison_results_linearSwitchFromGrouped_8_c60-70-80.json
  Completed 100 iterations for size 8, cohesion 60.
  Completed 100 iterations for size 8, cohesion 70.
  Completed 100 iterations for size 8, cohesion 80.

Results successfully written to job80227/comparison_results_linearSwitchFromGrouped_8_c60-70-80.json
  Completed 100 iterations for size 8, cohesion 60.
  Completed 100 iterations for size 8, cohesion 70.
  Completed 100 iterations for size 8, cohesion 80.

Results successfully written to job80227/comparison_results_linearSwitchFromGrouped_8_c60-70-80.json
  Completed 100 iterations for size 8, cohesion 60.
  Completed 100 iterations for size 8, cohesion 70.
  Completed 100 iterations for size 8, cohesion 80.

Results successfully written to job80227/comparison_results_linearSwitchFromGrouped_8_c60-70-80.json
  Completed 100 iterations for size 8, cohesion 60.
  Completed 100 iterations for size 8, cohesion 70.
  Completed 100 iterations for size 8, cohesion 80.

Results successfully written to job80227/comparison_results_linearSwitchFromGrouped_8_c60-70-80.json
  Completed 100 iterations for size 8, cohesion 60.
  Completed 100 iterations for size 8, cohesion 70.
  Completed 100 iterations for size 8, cohesion 80.

Results successfully written to job80227/comparison_results_linearSwitchFromGrouped_8_c60-70-80.json
  Completed 100 iterations for size 8, cohesion 60.
  Completed 100 iterations for size 8, cohesion 70.
  Completed 100 iterations for size 8, cohesion 80.

Results successfully written to job80227/comparison_results_linearSwitchFromGrouped_8_c60-70-80.json
  Completed 100 iterations for size 8, cohesion 60.
  Completed 100 iterations for size 8, cohesion 70.
  Completed 100 iterations for size 8, cohesion 80.

Results successfully written to job80227/comparison_results_linearSwitchFromGrouped_8_c60-70-80.json
  Completed 100 iterations for size 8, cohesion 60.
  Completed 100 iterations for size 8, cohesion 70.
  Completed 100 iterations for size 8, cohesion 80.

Results successfully written to job80227/comparison_results_linearSwitchFromGrouped_8_c60-70-80.json

================================================================================
Algorithm                   People    Avg Score  Avg Time(s)
--------------------------------------------------------------------------------
linearSwitchFromGrouped          8        438.0       0.0876
================================================================================

Results successfully written to job80227/comparison_results_linearSwitchFromGrouped_8_c60-70-80.json
