Task 20 running algorithm: linearSwitchFromGroupedProtected, people: 30, cohesions: 0 10 20
cn15.hpc.itu.dk
aubu
/home/aubu/bachelorProject/hpc-jobs
Running iterations for algorithm: linearSwitchFromGroupedProtected
  Completed 100 iterations for size 30, cohesion 0.
  Completed 100 iterations for size 30, cohesion 10.
  Completed 100 iterations for size 30, cohesion 20.

Results successfully written to job80227/comparison_results_linearSwitchFromGroupedProtected_30_c0-10-20.json
  Completed 100 iterations for size 30, cohesion 0.
  Completed 100 iterations for size 30, cohesion 10.
  Completed 100 iterations for size 30, cohesion 20.

Results successfully written to job80227/comparison_results_linearSwitchFromGroupedProtected_30_c0-10-20.json
  Completed 100 iterations for size 30, cohesion 0.
  Completed 100 iterations for size 30, cohesion 10.
  Completed 100 iterations for size 30, cohesion 20.

Results successfully written to job80227/comparison_results_linearSwitchFromGroupedProtected_30_c0-10-20.json
  Completed 100 iterations for size 30, cohesion 0.
  Completed 100 iterations for size 30, cohesion 10.
  Completed 100 iterations for size 30, cohesion 20.

Results successfully written to job80227/comparison_results_linearSwitchFromGroupedProtected_30_c0-10-20.json
  Completed 100 iterations for size 30, cohesion 0.
  Completed 100 iterations for size 30, cohesion 10.
  Completed 100 iterations for size 30, cohesion 20.

Results successfully written to job80227/comparison_results_linearSwitchFromGroupedProtected_30_c0-10-20.json
  Completed 100 iterations for size 30, cohesion 0.
  Completed 100 iterations for size 30, cohesion 10.
  Completed 100 iterations for size 30, cohesion 20.

Results successfully written to job80227/comparison_results_linearSwitchFromGroupedProtected_30_c0-10-20.json
  Completed 100 iterations for size 30, cohesion 0.
  Completed 100 iterations for size 30, cohesion 10.
  Completed 100 iterations for size 30, cohesion 20.

Results successfully written to job80227/comparison_results_linearSwitchFromGroupedProtected_30_c0-10-20.json
  Completed 100 iterations for size 30, cohesion 0.
  Completed 100 iterations for size 30, cohesion 10.
  Completed 100 iterations for size 30, cohesion 20.

Results successfully written to job80227/comparison_results_linearSwitchFromGroupedProtected_30_c0-10-20.json
  Completed 100 iterations for size 30, cohesion 0.
  Completed 100 iterations for size 30, cohesion 10.
  Completed 100 iterations for size 30, cohesion 20.

Results successfully written to job80227/comparison_results_linearSwitchFromGroupedProtected_30_c0-10-20.json
  Completed 100 iterations for size 30, cohesion 0.
  Completed 100 iterations for size 30, cohesion 10.
  Completed 100 iterations for size 30, cohesion 20.

Results successfully written to job80227/comparison_results_linearSwitchFromGroupedProtected_30_c0-10-20.json
  Completed 100 iterations for size 30, cohesion 0.
  Completed 100 iterations for size 30, cohesion 10.
  Completed 100 iterations for size 30, cohesion 20.

Results successfully written to job80227/comparison_results_linearSwitchFromGroupedProtected_30_c0-10-20.json
  Completed 100 iterations for size 30, cohesion 0.
  Completed 100 iterations for size 30, cohesion 10.
  Completed 100 iterations for size 30, cohesion 20.

Results successfully written to job80227/comparison_results_linearSwitchFromGroupedProtected_30_c0-10-20.json
  Completed 100 iterations for size 30, cohesion 0.
  Completed 100 iterations for size 30, cohesion 10.
  Completed 100 iterations for size 30, cohesion 20.

Results successfully written to job80227/comparison_results_linearSwitchFromGroupedProtected_30_c0-10-20.json
  Completed 100 iterations for size 30, cohesion 0.
  Completed 100 iterations for size 30, cohesion 10.
  Completed 100 iterations for size 30, cohesion 20.

Results successfully written to job80227/comparison_results_linearSwitchFromGroupedProtected_30_c0-10-20.json
  Completed 100 iterations for size 30, cohesion 0.
  Completed 100 iterations for size 30, cohesion 10.
  Completed 100 iterations for size 30, cohesion 20.

Results successfully written to job80227/comparison_results_linearSwitchFromGroupedProtected_30_c0-10-20.json
  Completed 100 iterations for size 30, cohesion 0.
  Completed 100 iterations for size 30, cohesion 10.
  Completed 100 iterations for size 30, cohesion 20.

Results successfully written to job80227/comparison_results_linearSwitchFromGroupedProtected_30_c0-10-20.json
  Completed 100 iterations for size 30, cohesion 0.
  Completed 100 iterations for size 30, cohesion 10.
  Completed 100 iterations for size 30, cohesion 20.

Results successfully written to job80227/comparison_results_linearSwitchFromGroupedProtected_30_c0-10-20.json
  Completed 100 iterations for size 30, cohesion 0.
  Completed 100 iterations for size 30, cohesion 10.
  Completed 100 iterations for size 30, cohesion 20.

Results successfully written to job80227/comparison_results_linearSwitchFromGroupedProtected_30_c0-10-20.json
  Completed 100 iterations for size 30, cohesion 0.
  Completed 100 iterations for size 30, cohesion 10.
  Completed 100 iterations for size 30, cohesion 20.

Results successfully written to job80227/comparison_results_linearSwitchFromGroupedProtected_30_c0-10-20.json
  Completed 100 iterations for size 30, cohesion 0.
  Completed 100 iterations for size 30, cohesion 10.
  Completed 100 iterations for size 30, cohesion 20.

Results successfully written to job80227/comparison_results_linearSwitchFromGroupedProtected_30_c0-10-20.json
  Completed 100 iterations for size 30, cohesion 0.
  Completed 100 iterations for size 30, cohesion 10.
  Completed 100 iterations for size 30, cohesion 20.

Results successfully written to job80227/comparison_results_linearSwitchFromGroupedProtected_30_c0-10-20.json
  Completed 100 iterations for size 30, cohesion 0.
  Completed 100 iterations for size 30, cohesion 10.
  Completed 100 iterations for size 30, cohesion 20.

Results successfully written to job80227/comparison_results_linearSwitchFromGroupedProtected_30_c0-10-20.json
  Completed 100 iterations for size 30, cohesion 0.
  Completed 100 iterations for size 30, cohesion 10.
  Completed 100 iterations for size 30, cohesion 20.

Results successfully written to job80227/comparison_results_linearSwitchFromGroupedProtected_30_c0-10-20.json
  Completed 100 iterations for size 30, cohesion 0.
  Completed 100 iterations for size 30, cohesion 10.
  Completed 100 iterations for size 30, cohesion 20.

Results successfully written to job80227/comparison_results_linearSwitchFromGroupedProtected_30_c0-10-20.json
  Completed 100 iterations for size 30, cohesion 0.
  Completed 100 iterations for size 30, cohesion 10.
  Completed 100 iterations for size 30, cohesion 20.

Results successfully written to job80227/comparison_results_linearSwitchFromGroupedProtected_30_c0-10-20.json
  Completed 100 iterations for size 30, cohesion 0.
  Completed 100 iterations for size 30, cohesion 10.
  Completed 100 iterations for size 30, cohesion 20.

Results successfully written to job80227/comparison_results_linearSwitchFromGroupedProtected_30_c0-10-20.json
  Completed 100 iterations for size 30, cohesion 0.
  Completed 100 iterations for size 30, cohesion 10.
  Completed 100 iterations for size 30, cohesion 20.

Results successfully written to job80227/comparison_results_linearSwitchFromGroupedProtected_30_c0-10-20.json
  Completed 100 iterations for size 30, cohesion 0.
  Completed 100 iterations for size 30, cohesion 10.
  Completed 100 iterations for size 30, cohesion 20.

Results successfully written to job80227/comparison_results_linearSwitchFromGroupedProtected_30_c0-10-20.json
  Completed 100 iterations for size 30, cohesion 0.
  Completed 100 iterations for size 30, cohesion 10.
  Completed 100 iterations for size 30, cohesion 20.

Results successfully written to job80227/comparison_results_linearSwitchFromGroupedProtected_30_c0-10-20.json
  Completed 100 iterations for size 30, cohesion 0.
  Completed 100 iterations for size 30, cohesion 10.
  Completed 100 iterations for size 30, cohesion 20.

Results successfully written to job80227/comparison_results_linearSwitchFromGroupedProtected_30_c0-10-20.json
  Completed 100 iterations for size 30, cohesion 0.
  Completed 100 iterations for size 30, cohesion 10.
  Completed 100 iterations for size 30, cohesion 20.

Results successfully written to job80227/comparison_results_linearSwitchFromGroupedProtected_30_c0-10-20.json
  Completed 100 iterations for size 30, cohesion 0.
  Completed 100 iterations for size 30, cohesion 10.
  Completed 100 iterations for size 30, cohesion 20.

Results successfully written to job80227/comparison_results_linearSwitchFromGroupedProtected_30_c0-10-20.json
  Completed 100 iterations for size 30, cohesion 0.
  Completed 100 iterations for size 30, cohesion 10.
  Completed 100 iterations for size 30, cohesion 20.

Results successfully written to job80227/comparison_results_linearSwitchFromGroupedProtected_30_c0-10-20.json
  Completed 100 iterations for size 30, cohesion 0.
  Completed 100 iterations for size 30, cohesion 10.
  Completed 100 iterations for size 30, cohesion 20.

Results successfully written to job80227/comparison_results_linearSwitchFromGroupedProtected_30_c0-10-20.json
  Completed 100 iterations for size 30, cohesion 0.
  Completed 100 iterations for size 30, cohesion 10.
  Completed 100 iterations for size 30, cohesion 20.

Results successfully written to job80227/comparison_results_linearSwitchFromGroupedProtected_30_c0-10-20.json
  Completed 100 iterations for size 30, cohesion 0.
  Completed 100 iterations for size 30, cohesion 10.
  Completed 100 iterations for size 30, cohesion 20.

Results successfully written to job80227/comparison_results_linearSwitchFromGroupedProtected_30_c0-10-20.json
  Completed 100 iterations for size 30, cohesion 0.
  Completed 100 iterations for size 30, cohesion 10.
  Completed 100 iterations for size 30, cohesion 20.

Results successfully written to job80227/comparison_results_linearSwitchFromGroupedProtected_30_c0-10-20.json
  Completed 100 iterations for size 30, cohesion 0.
  Completed 100 iterations for size 30, cohesion 10.
  Completed 100 iterations for size 30, cohesion 20.

Results successfully written to job80227/comparison_results_linearSwitchFromGroupedProtected_30_c0-10-20.json
  Completed 100 iterations for size 30, cohesion 0.
  Completed 100 iterations for size 30, cohesion 10.
  Completed 100 iterations for size 30, cohesion 20.

Results successfully written to job80227/comparison_results_linearSwitchFromGroupedProtected_30_c0-10-20.json
  Completed 100 iterations for size 30, cohesion 0.
  Completed 100 iterations for size 30, cohesion 10.
  Completed 100 iterations for size 30, cohesion 20.

Results successfully written to job80227/comparison_results_linearSwitchFromGroupedProtected_30_c0-10-20.json
  Completed 100 iterations for size 30, cohesion 0.
  Completed 100 iterations for size 30, cohesion 10.
  Completed 100 iterations for size 30, cohesion 20.

Results successfully written to job80227/comparison_results_linearSwitchFromGroupedProtected_30_c0-10-20.json
  Completed 100 iterations for size 30, cohesion 0.
  Completed 100 iterations for size 30, cohesion 10.
  Completed 100 iterations for size 30, cohesion 20.

Results successfully written to job80227/comparison_results_linearSwitchFromGroupedProtected_30_c0-10-20.json
  Completed 100 iterations for size 30, cohesion 0.
  Completed 100 iterations for size 30, cohesion 10.
  Completed 100 iterations for size 30, cohesion 20.

Results successfully written to job80227/comparison_results_linearSwitchFromGroupedProtected_30_c0-10-20.json
  Completed 100 iterations for size 30, cohesion 0.
  Completed 100 iterations for size 30, cohesion 10.
  Completed 100 iterations for size 30, cohesion 20.

Results successfully written to job80227/comparison_results_linearSwitchFromGroupedProtected_30_c0-10-20.json
  Completed 100 iterations for size 30, cohesion 0.
  Completed 100 iterations for size 30, cohesion 10.
  Completed 100 iterations for size 30, cohesion 20.

Results successfully written to job80227/comparison_results_linearSwitchFromGroupedProtected_30_c0-10-20.json
  Completed 100 iterations for size 30, cohesion 0.
  Completed 100 iterations for size 30, cohesion 10.
  Completed 100 iterations for size 30, cohesion 20.

Results successfully written to job80227/comparison_results_linearSwitchFromGroupedProtected_30_c0-10-20.json
  Completed 100 iterations for size 30, cohesion 0.
  Completed 100 iterations for size 30, cohesion 10.
  Completed 100 iterations for size 30, cohesion 20.

Results successfully written to job80227/comparison_results_linearSwitchFromGroupedProtected_30_c0-10-20.json
  Completed 100 iterations for size 30, cohesion 0.
  Completed 100 iterations for size 30, cohesion 10.
  Completed 100 iterations for size 30, cohesion 20.

Results successfully written to job80227/comparison_results_linearSwitchFromGroupedProtected_30_c0-10-20.json
  Completed 100 iterations for size 30, cohesion 0.
  Completed 100 iterations for size 30, cohesion 10.
  Completed 100 iterations for size 30, cohesion 20.

Results successfully written to job80227/comparison_results_linearSwitchFromGroupedProtected_30_c0-10-20.json
  Completed 100 iterations for size 30, cohesion 0.
  Completed 100 iterations for size 30, cohesion 10.
  Completed 100 iterations for size 30, cohesion 20.

Results successfully written to job80227/comparison_results_linearSwitchFromGroupedProtected_30_c0-10-20.json
  Completed 100 iterations for size 30, cohesion 0.
  Completed 100 iterations for size 30, cohesion 10.
  Completed 100 iterations for size 30, cohesion 20.

Results successfully written to job80227/comparison_results_linearSwitchFromGroupedProtected_30_c0-10-20.json
  Completed 100 iterations for size 30, cohesion 0.
  Completed 100 iterations for size 30, cohesion 10.
  Completed 100 iterations for size 30, cohesion 20.

Results successfully written to job80227/comparison_results_linearSwitchFromGroupedProtected_30_c0-10-20.json
  Completed 100 iterations for size 30, cohesion 0.
  Completed 100 iterations for size 30, cohesion 10.
  Completed 100 iterations for size 30, cohesion 20.

Results successfully written to job80227/comparison_results_linearSwitchFromGroupedProtected_30_c0-10-20.json
  Completed 100 iterations for size 30, cohesion 0.
  Completed 100 iterations for size 30, cohesion 10.
  Completed 100 iterations for size 30, cohesion 20.

Results successfully written to job80227/comparison_results_linearSwitchFromGroupedProtected_30_c0-10-20.json
  Completed 100 iterations for size 30, cohesion 0.
  Completed 100 iterations for size 30, cohesion 10.
  Completed 100 iterations for size 30, cohesion 20.

Results successfully written to job80227/comparison_results_linearSwitchFromGroupedProtected_30_c0-10-20.json
  Completed 100 iterations for size 30, cohesion 0.
  Completed 100 iterations for size 30, cohesion 10.
  Completed 100 iterations for size 30, cohesion 20.

Results successfully written to job80227/comparison_results_linearSwitchFromGroupedProtected_30_c0-10-20.json
  Completed 100 iterations for size 30, cohesion 0.
  Completed 100 iterations for size 30, cohesion 10.
  Completed 100 iterations for size 30, cohesion 20.

Results successfully written to job80227/comparison_results_linearSwitchFromGroupedProtected_30_c0-10-20.json
  Completed 100 iterations for size 30, cohesion 0.
  Completed 100 iterations for size 30, cohesion 10.
  Completed 100 iterations for size 30, cohesion 20.

Results successfully written to job80227/comparison_results_linearSwitchFromGroupedProtected_30_c0-10-20.json
  Completed 100 iterations for size 30, cohesion 0.
  Completed 100 iterations for size 30, cohesion 10.
  Completed 100 iterations for size 30, cohesion 20.

Results successfully written to job80227/comparison_results_linearSwitchFromGroupedProtected_30_c0-10-20.json
  Completed 100 iterations for size 30, cohesion 0.
  Completed 100 iterations for size 30, cohesion 10.
  Completed 100 iterations for size 30, cohesion 20.

Results successfully written to job80227/comparison_results_linearSwitchFromGroupedProtected_30_c0-10-20.json
  Completed 100 iterations for size 30, cohesion 0.
  Completed 100 iterations for size 30, cohesion 10.
  Completed 100 iterations for size 30, cohesion 20.

Results successfully written to job80227/comparison_results_linearSwitchFromGroupedProtected_30_c0-10-20.json
  Completed 100 iterations for size 30, cohesion 0.
  Completed 100 iterations for size 30, cohesion 10.
  Completed 100 iterations for size 30, cohesion 20.

Results successfully written to job80227/comparison_results_linearSwitchFromGroupedProtected_30_c0-10-20.json
  Completed 100 iterations for size 30, cohesion 0.
  Completed 100 iterations for size 30, cohesion 10.
  Completed 100 iterations for size 30, cohesion 20.

Results successfully written to job80227/comparison_results_linearSwitchFromGroupedProtected_30_c0-10-20.json
  Completed 100 iterations for size 30, cohesion 0.
  Completed 100 iterations for size 30, cohesion 10.
  Completed 100 iterations for size 30, cohesion 20.

Results successfully written to job80227/comparison_results_linearSwitchFromGroupedProtected_30_c0-10-20.json
  Completed 100 iterations for size 30, cohesion 0.
  Completed 100 iterations for size 30, cohesion 10.
  Completed 100 iterations for size 30, cohesion 20.

Results successfully written to job80227/comparison_results_linearSwitchFromGroupedProtected_30_c0-10-20.json
  Completed 100 iterations for size 30, cohesion 0.
  Completed 100 iterations for size 30, cohesion 10.
  Completed 100 iterations for size 30, cohesion 20.

Results successfully written to job80227/comparison_results_linearSwitchFromGroupedProtected_30_c0-10-20.json
  Completed 100 iterations for size 30, cohesion 0.
  Completed 100 iterations for size 30, cohesion 10.
  Completed 100 iterations for size 30, cohesion 20.

Results successfully written to job80227/comparison_results_linearSwitchFromGroupedProtected_30_c0-10-20.json
  Completed 100 iterations for size 30, cohesion 0.
  Completed 100 iterations for size 30, cohesion 10.
  Completed 100 iterations for size 30, cohesion 20.

Results successfully written to job80227/comparison_results_linearSwitchFromGroupedProtected_30_c0-10-20.json
  Completed 100 iterations for size 30, cohesion 0.
  Completed 100 iterations for size 30, cohesion 10.
  Completed 100 iterations for size 30, cohesion 20.

Results successfully written to job80227/comparison_results_linearSwitchFromGroupedProtected_30_c0-10-20.json
  Completed 100 iterations for size 30, cohesion 0.
  Completed 100 iterations for size 30, cohesion 10.
  Completed 100 iterations for size 30, cohesion 20.

Results successfully written to job80227/comparison_results_linearSwitchFromGroupedProtected_30_c0-10-20.json
  Completed 100 iterations for size 30, cohesion 0.
  Completed 100 iterations for size 30, cohesion 10.
  Completed 100 iterations for size 30, cohesion 20.

Results successfully written to job80227/comparison_results_linearSwitchFromGroupedProtected_30_c0-10-20.json
  Completed 100 iterations for size 30, cohesion 0.
  Completed 100 iterations for size 30, cohesion 10.
  Completed 100 iterations for size 30, cohesion 20.

Results successfully written to job80227/comparison_results_linearSwitchFromGroupedProtected_30_c0-10-20.json
  Completed 100 iterations for size 30, cohesion 0.
  Completed 100 iterations for size 30, cohesion 10.
  Completed 100 iterations for size 30, cohesion 20.

Results successfully written to job80227/comparison_results_linearSwitchFromGroupedProtected_30_c0-10-20.json
  Completed 100 iterations for size 30, cohesion 0.
  Completed 100 iterations for size 30, cohesion 10.
  Completed 100 iterations for size 30, cohesion 20.

Results successfully written to job80227/comparison_results_linearSwitchFromGroupedProtected_30_c0-10-20.json
  Completed 100 iterations for size 30, cohesion 0.
  Completed 100 iterations for size 30, cohesion 10.
  Completed 100 iterations for size 30, cohesion 20.

Results successfully written to job80227/comparison_results_linearSwitchFromGroupedProtected_30_c0-10-20.json
  Completed 100 iterations for size 30, cohesion 0.
  Completed 100 iterations for size 30, cohesion 10.
  Completed 100 iterations for size 30, cohesion 20.

Results successfully written to job80227/comparison_results_linearSwitchFromGroupedProtected_30_c0-10-20.json
  Completed 100 iterations for size 30, cohesion 0.
  Completed 100 iterations for size 30, cohesion 10.
  Completed 100 iterations for size 30, cohesion 20.

Results successfully written to job80227/comparison_results_linearSwitchFromGroupedProtected_30_c0-10-20.json
  Completed 100 iterations for size 30, cohesion 0.
  Completed 100 iterations for size 30, cohesion 10.
  Completed 100 iterations for size 30, cohesion 20.

Results successfully written to job80227/comparison_results_linearSwitchFromGroupedProtected_30_c0-10-20.json
  Completed 100 iterations for size 30, cohesion 0.
  Completed 100 iterations for size 30, cohesion 10.
  Completed 100 iterations for size 30, cohesion 20.

Results successfully written to job80227/comparison_results_linearSwitchFromGroupedProtected_30_c0-10-20.json
  Completed 100 iterations for size 30, cohesion 0.
  Completed 100 iterations for size 30, cohesion 10.
  Completed 100 iterations for size 30, cohesion 20.

Results successfully written to job80227/comparison_results_linearSwitchFromGroupedProtected_30_c0-10-20.json
  Completed 100 iterations for size 30, cohesion 0.
  Completed 100 iterations for size 30, cohesion 10.
  Completed 100 iterations for size 30, cohesion 20.

Results successfully written to job80227/comparison_results_linearSwitchFromGroupedProtected_30_c0-10-20.json
  Completed 100 iterations for size 30, cohesion 0.
  Completed 100 iterations for size 30, cohesion 10.
  Completed 100 iterations for size 30, cohesion 20.

Results successfully written to job80227/comparison_results_linearSwitchFromGroupedProtected_30_c0-10-20.json
  Completed 100 iterations for size 30, cohesion 0.
  Completed 100 iterations for size 30, cohesion 10.
  Completed 100 iterations for size 30, cohesion 20.

Results successfully written to job80227/comparison_results_linearSwitchFromGroupedProtected_30_c0-10-20.json
  Completed 100 iterations for size 30, cohesion 0.
  Completed 100 iterations for size 30, cohesion 10.
  Completed 100 iterations for size 30, cohesion 20.

Results successfully written to job80227/comparison_results_linearSwitchFromGroupedProtected_30_c0-10-20.json
  Completed 100 iterations for size 30, cohesion 0.
  Completed 100 iterations for size 30, cohesion 10.
  Completed 100 iterations for size 30, cohesion 20.

Results successfully written to job80227/comparison_results_linearSwitchFromGroupedProtected_30_c0-10-20.json
  Completed 100 iterations for size 30, cohesion 0.
  Completed 100 iterations for size 30, cohesion 10.
  Completed 100 iterations for size 30, cohesion 20.

Results successfully written to job80227/comparison_results_linearSwitchFromGroupedProtected_30_c0-10-20.json
  Completed 100 iterations for size 30, cohesion 0.
  Completed 100 iterations for size 30, cohesion 10.
  Completed 100 iterations for size 30, cohesion 20.

Results successfully written to job80227/comparison_results_linearSwitchFromGroupedProtected_30_c0-10-20.json
  Completed 100 iterations for size 30, cohesion 0.
  Completed 100 iterations for size 30, cohesion 10.
  Completed 100 iterations for size 30, cohesion 20.

Results successfully written to job80227/comparison_results_linearSwitchFromGroupedProtected_30_c0-10-20.json
  Completed 100 iterations for size 30, cohesion 0.
  Completed 100 iterations for size 30, cohesion 10.
  Completed 100 iterations for size 30, cohesion 20.

Results successfully written to job80227/comparison_results_linearSwitchFromGroupedProtected_30_c0-10-20.json
  Completed 100 iterations for size 30, cohesion 0.
  Completed 100 iterations for size 30, cohesion 10.
  Completed 100 iterations for size 30, cohesion 20.

Results successfully written to job80227/comparison_results_linearSwitchFromGroupedProtected_30_c0-10-20.json
  Completed 100 iterations for size 30, cohesion 0.
  Completed 100 iterations for size 30, cohesion 10.
  Completed 100 iterations for size 30, cohesion 20.

Results successfully written to job80227/comparison_results_linearSwitchFromGroupedProtected_30_c0-10-20.json
  Completed 100 iterations for size 30, cohesion 0.
  Completed 100 iterations for size 30, cohesion 10.
  Completed 100 iterations for size 30, cohesion 20.

Results successfully written to job80227/comparison_results_linearSwitchFromGroupedProtected_30_c0-10-20.json
  Completed 100 iterations for size 30, cohesion 0.
  Completed 100 iterations for size 30, cohesion 10.
  Completed 100 iterations for size 30, cohesion 20.

Results successfully written to job80227/comparison_results_linearSwitchFromGroupedProtected_30_c0-10-20.json
  Completed 100 iterations for size 30, cohesion 0.
  Completed 100 iterations for size 30, cohesion 10.
  Completed 100 iterations for size 30, cohesion 20.

Results successfully written to job80227/comparison_results_linearSwitchFromGroupedProtected_30_c0-10-20.json
  Completed 100 iterations for size 30, cohesion 0.
  Completed 100 iterations for size 30, cohesion 10.
  Completed 100 iterations for size 30, cohesion 20.

Results successfully written to job80227/comparison_results_linearSwitchFromGroupedProtected_30_c0-10-20.json
  Completed 100 iterations for size 30, cohesion 0.
  Completed 100 iterations for size 30, cohesion 10.
  Completed 100 iterations for size 30, cohesion 20.

Results successfully written to job80227/comparison_results_linearSwitchFromGroupedProtected_30_c0-10-20.json
  Completed 100 iterations for size 30, cohesion 0.
  Completed 100 iterations for size 30, cohesion 10.
  Completed 100 iterations for size 30, cohesion 20.

Results successfully written to job80227/comparison_results_linearSwitchFromGroupedProtected_30_c0-10-20.json
  Completed 100 iterations for size 30, cohesion 0.
  Completed 100 iterations for size 30, cohesion 10.
  Completed 100 iterations for size 30, cohesion 20.

Results successfully written to job80227/comparison_results_linearSwitchFromGroupedProtected_30_c0-10-20.json
  Completed 100 iterations for size 30, cohesion 0.
  Completed 100 iterations for size 30, cohesion 10.
  Completed 100 iterations for size 30, cohesion 20.

Results successfully written to job80227/comparison_results_linearSwitchFromGroupedProtected_30_c0-10-20.json
  Completed 100 iterations for size 30, cohesion 0.
  Completed 100 iterations for size 30, cohesion 10.
  Completed 100 iterations for size 30, cohesion 20.

Results successfully written to job80227/comparison_results_linearSwitchFromGroupedProtected_30_c0-10-20.json

================================================================================
Algorithm                   People    Avg Score  Avg Time(s)
--------------------------------------------------------------------------------
linearSwitchFromGroupedProtected       30       1255.3       0.4643
================================================================================

Results successfully written to job80227/comparison_results_linearSwitchFromGroupedProtected_30_c0-10-20.json
