Task 21 running algorithm: linearSwitchFromGroupedProtected, people: 30, cohesions: 30 40 50
cn15.hpc.itu.dk
aubu
/home/aubu/bachelorProject/hpc-jobs
Running iterations for algorithm: linearSwitchFromGroupedProtected
  Completed 100 iterations for size 30, cohesion 30.
  Completed 100 iterations for size 30, cohesion 40.
  Completed 100 iterations for size 30, cohesion 50.

Results successfully written to job80227/comparison_results_linearSwitchFromGroupedProtected_30_c30-40-50.json
  Completed 100 iterations for size 30, cohesion 30.
  Completed 100 iterations for size 30, cohesion 40.
  Completed 100 iterations for size 30, cohesion 50.

Results successfully written to job80227/comparison_results_linearSwitchFromGroupedProtected_30_c30-40-50.json
  Completed 100 iterations for size 30, cohesion 30.
  Completed 100 iterations for size 30, cohesion 40.
  Completed 100 iterations for size 30, cohesion 50.

Results successfully written to job80227/comparison_results_linearSwitchFromGroupedProtected_30_c30-40-50.json
  Completed 100 iterations for size 30, cohesion 30.
  Completed 100 iterations for size 30, cohesion 40.
  Completed 100 iterations for size 30, cohesion 50.

Results successfully written to job80227/comparison_results_linearSwitchFromGroupedProtected_30_c30-40-50.json
  Completed 100 iterations for size 30, cohesion 30.
  Completed 100 iterations for size 30, cohesion 40.
  Completed 100 iterations for size 30, cohesion 50.

Results successfully written to job80227/comparison_results_linearSwitchFromGroupedProtected_30_c30-40-50.json
  Completed 100 iterations for size 30, cohesion 30.
  Completed 100 iterations for size 30, cohesion 40.
  Completed 100 iterations for size 30, cohesion 50.

Results successfully written to job80227/comparison_results_linearSwitchFromGroupedProtected_30_c30-40-50.json
  Completed 100 iterations for size 30, cohesion 30.
  Completed 100 iterations for size 30, cohesion 40.
  Completed 100 iterations for size 30, cohesion 50.

Results successfully written to job80227/comparison_results_linearSwitchFromGroupedProtected_30_c30-40-50.json
  Completed 100 iterations for size 30, cohesion 30.
  Completed 100 iterations for size 30, cohesion 40.
  Completed 100 iterations for size 30, cohesion 50.

Results successfully written to job80227/comparison_results_linearSwitchFromGroupedProtected_30_c30-40-50.json
  Completed 100 iterations for size 30, cohesion 30.
  Completed 100 iterations for size 30, cohesion 40.
  Completed 100 iterations for size 30, cohesion 50.

Results successfully written to job80227/comparison_results_linearSwitchFromGroupedProtected_30_c30-40-50.json
  Completed 100 iterations for size 30, cohesion 30.
  Completed 100 iterations for size 30, cohesion 40.
  Completed 100 iterations for size 30, cohesion 50.

Results successfully written to job80227/comparison_results_linearSwitchFromGroupedProtected_30_c30-40-50.json
  Completed 100 iterations for size 30, cohesion 30.
  Completed 100 iterations for size 30, cohesion 40.
  Completed 100 iterations for size 30, cohesion 50.

Results successfully written to job80227/comparison_results_linearSwitchFromGroupedProtected_30_c30-40-50.json
  Completed 100 iterations for size 30, cohesion 30.
  Completed 100 iterations for size 30, cohesion 40.
  Completed 100 iterations for size 30, cohesion 50.

Results successfully written to job80227/comparison_results_linearSwitchFromGroupedProtected_30_c30-40-50.json
  Completed 100 iterations for size 30, cohesion 30.
  Completed 100 iterations for size 30, cohesion 40.
  Completed 100 iterations for size 30, cohesion 50.

Results successfully written to job80227/comparison_results_linearSwitchFromGroupedProtected_30_c30-40-50.json
  Completed 100 iterations for size 30, cohesion 30.
  Completed 100 iterations for size 30, cohesion 40.
  Completed 100 iterations for size 30, cohesion 50.

Results successfully written to job80227/comparison_results_linearSwitchFromGroupedProtected_30_c30-40-50.json
  Completed 100 iterations for size 30, cohesion 30.
  Completed 100 iterations for size 30, cohesion 40.
  Completed 100 iterations for size 30, cohesion 50.

Results successfully written to job80227/comparison_results_linearSwitchFromGroupedProtected_30_c30-40-50.json
  Completed 100 iterations for size 30, cohesion 30.
  Completed 100 iterations for size 30, cohesion 40.
  Completed 100 iterations for size 30, cohesion 50.

Results successfully written to job80227/comparison_results_linearSwitchFromGroupedProtected_30_c30-40-50.json
  Completed 100 iterations for size 30, cohesion 30.
  Completed 100 iterations for size 30, cohesion 40.
  Completed 100 iterations for size 30, cohesion 50.

Results successfully written to job80227/comparison_results_linearSwitchFromGroupedProtected_30_c30-40-50.json
  Completed 100 iterations for size 30, cohesion 30.
  Completed 100 iterations for size 30, cohesion 40.
  Completed 100 iterations for size 30, cohesion 50.

Results successfully written to job80227/comparison_results_linearSwitchFromGroupedProtected_30_c30-40-50.json
  Completed 100 iterations for size 30, cohesion 30.
  Completed 100 iterations for size 30, cohesion 40.
  Completed 100 iterations for size 30, cohesion 50.

Results successfully written to job80227/comparison_results_linearSwitchFromGroupedProtected_30_c30-40-50.json
  Completed 100 iterations for size 30, cohesion 30.
  Completed 100 iterations for size 30, cohesion 40.
  Completed 100 iterations for size 30, cohesion 50.

Results successfully written to job80227/comparison_results_linearSwitchFromGroupedProtected_30_c30-40-50.json
  Completed 100 iterations for size 30, cohesion 30.
  Completed 100 iterations for size 30, cohesion 40.
  Completed 100 iterations for size 30, cohesion 50.

Results successfully written to job80227/comparison_results_linearSwitchFromGroupedProtected_30_c30-40-50.json
  Completed 100 iterations for size 30, cohesion 30.
  Completed 100 iterations for size 30, cohesion 40.
  Completed 100 iterations for size 30, cohesion 50.

Results successfully written to job80227/comparison_results_linearSwitchFromGroupedProtected_30_c30-40-50.json
  Completed 100 iterations for size 30, cohesion 30.
  Completed 100 iterations for size 30, cohesion 40.
  Completed 100 iterations for size 30, cohesion 50.

Results successfully written to job80227/comparison_results_linearSwitchFromGroupedProtected_30_c30-40-50.json
  Completed 100 iterations for size 30, cohesion 30.
  Completed 100 iterations for size 30, cohesion 40.
  Completed 100 iterations for size 30, cohesion 50.

Results successfully written to job80227/comparison_results_linearSwitchFromGroupedProtected_30_c30-40-50.json
  Completed 100 iterations for size 30, cohesion 30.
  Completed 100 iterations for size 30, cohesion 40.
  Completed 100 iterations for size 30, cohesion 50.

Results successfully written to job80227/comparison_results_linearSwitchFromGroupedProtected_30_c30-40-50.json
  Completed 100 iterations for size 30, cohesion 30.
  Completed 100 iterations for size 30, cohesion 40.
  Completed 100 iterations for size 30, cohesion 50.

Results successfully written to job80227/comparison_results_linearSwitchFromGroupedProtected_30_c30-40-50.json
  Completed 100 iterations for size 30, cohesion 30.
  Completed 100 iterations for size 30, cohesion 40.
  Completed 100 iterations for size 30, cohesion 50.

Results successfully written to job80227/comparison_results_linearSwitchFromGroupedProtected_30_c30-40-50.json
  Completed 100 iterations for size 30, cohesion 30.
  Completed 100 iterations for size 30, cohesion 40.
  Completed 100 iterations for size 30, cohesion 50.

Results successfully written to job80227/comparison_results_linearSwitchFromGroupedProtected_30_c30-40-50.json
  Completed 100 iterations for size 30, cohesion 30.
  Completed 100 iterations for size 30, cohesion 40.
  Completed 100 iterations for size 30, cohesion 50.

Results successfully written to job80227/comparison_results_linearSwitchFromGroupedProtected_30_c30-40-50.json
  Completed 100 iterations for size 30, cohesion 30.
  Completed 100 iterations for size 30, cohesion 40.
  Completed 100 iterations for size 30, cohesion 50.

Results successfully written to job80227/comparison_results_linearSwitchFromGroupedProtected_30_c30-40-50.json
  Completed 100 iterations for size 30, cohesion 30.
  Completed 100 iterations for size 30, cohesion 40.
  Completed 100 iterations for size 30, cohesion 50.

Results successfully written to job80227/comparison_results_linearSwitchFromGroupedProtected_30_c30-40-50.json
  Completed 100 iterations for size 30, cohesion 30.
  Completed 100 iterations for size 30, cohesion 40.
  Completed 100 iterations for size 30, cohesion 50.

Results successfully written to job80227/comparison_results_linearSwitchFromGroupedProtected_30_c30-40-50.json
  Completed 100 iterations for size 30, cohesion 30.
  Completed 100 iterations for size 30, cohesion 40.
  Completed 100 iterations for size 30, cohesion 50.

Results successfully written to job80227/comparison_results_linearSwitchFromGroupedProtected_30_c30-40-50.json
  Completed 100 iterations for size 30, cohesion 30.
  Completed 100 iterations for size 30, cohesion 40.
  Completed 100 iterations for size 30, cohesion 50.

Results successfully written to job80227/comparison_results_linearSwitchFromGroupedProtected_30_c30-40-50.json
  Completed 100 iterations for size 30, cohesion 30.
  Completed 100 iterations for size 30, cohesion 40.
  Completed 100 iterations for size 30, cohesion 50.

Results successfully written to job80227/comparison_results_linearSwitchFromGroupedProtected_30_c30-40-50.json
  Completed 100 iterations for size 30, cohesion 30.
  Completed 100 iterations for size 30, cohesion 40.
  Completed 100 iterations for size 30, cohesion 50.

Results successfully written to job80227/comparison_results_linearSwitchFromGroupedProtected_30_c30-40-50.json
  Completed 100 iterations for size 30, cohesion 30.
  Completed 100 iterations for size 30, cohesion 40.
  Completed 100 iterations for size 30, cohesion 50.

Results successfully written to job80227/comparison_results_linearSwitchFromGroupedProtected_30_c30-40-50.json
  Completed 100 iterations for size 30, cohesion 30.
  Completed 100 iterations for size 30, cohesion 40.
  Completed 100 iterations for size 30, cohesion 50.

Results successfully written to job80227/comparison_results_linearSwitchFromGroupedProtected_30_c30-40-50.json
  Completed 100 iterations for size 30, cohesion 30.
  Completed 100 iterations for size 30, cohesion 40.
  Completed 100 iterations for size 30, cohesion 50.

Results successfully written to job80227/comparison_results_linearSwitchFromGroupedProtected_30_c30-40-50.json
  Completed 100 iterations for size 30, cohesion 30.
  Completed 100 iterations for size 30, cohesion 40.
  Completed 100 iterations for size 30, cohesion 50.

Results successfully written to job80227/comparison_results_linearSwitchFromGroupedProtected_30_c30-40-50.json
  Completed 100 iterations for size 30, cohesion 30.
  Completed 100 iterations for size 30, cohesion 40.
  Completed 100 iterations for size 30, cohesion 50.

Results successfully written to job80227/comparison_results_linearSwitchFromGroupedProtected_30_c30-40-50.json
  Completed 100 iterations for size 30, cohesion 30.
  Completed 100 iterations for size 30, cohesion 40.
  Completed 100 iterations for size 30, cohesion 50.

Results successfully written to job80227/comparison_results_linearSwitchFromGroupedProtected_30_c30-40-50.json
  Completed 100 iterations for size 30, cohesion 30.
  Completed 100 iterations for size 30, cohesion 40.
  Completed 100 iterations for size 30, cohesion 50.

Results successfully written to job80227/comparison_results_linearSwitchFromGroupedProtected_30_c30-40-50.json
  Completed 100 iterations for size 30, cohesion 30.
  Completed 100 iterations for size 30, cohesion 40.
  Completed 100 iterations for size 30, cohesion 50.

Results successfully written to job80227/comparison_results_linearSwitchFromGroupedProtected_30_c30-40-50.json
  Completed 100 iterations for size 30, cohesion 30.
  Completed 100 iterations for size 30, cohesion 40.
  Completed 100 iterations for size 30, cohesion 50.

Results successfully written to job80227/comparison_results_linearSwitchFromGroupedProtected_30_c30-40-50.json
  Completed 100 iterations for size 30, cohesion 30.
  Completed 100 iterations for size 30, cohesion 40.
  Completed 100 iterations for size 30, cohesion 50.

Results successfully written to job80227/comparison_results_linearSwitchFromGroupedProtected_30_c30-40-50.json
  Completed 100 iterations for size 30, cohesion 30.
  Completed 100 iterations for size 30, cohesion 40.
  Completed 100 iterations for size 30, cohesion 50.

Results successfully written to job80227/comparison_results_linearSwitchFromGroupedProtected_30_c30-40-50.json
  Completed 100 iterations for size 30, cohesion 30.
  Completed 100 iterations for size 30, cohesion 40.
  Completed 100 iterations for size 30, cohesion 50.

Results successfully written to job80227/comparison_results_linearSwitchFromGroupedProtected_30_c30-40-50.json
  Completed 100 iterations for size 30, cohesion 30.
  Completed 100 iterations for size 30, cohesion 40.
  Completed 100 iterations for size 30, cohesion 50.

Results successfully written to job80227/comparison_results_linearSwitchFromGroupedProtected_30_c30-40-50.json
  Completed 100 iterations for size 30, cohesion 30.
  Completed 100 iterations for size 30, cohesion 40.
  Completed 100 iterations for size 30, cohesion 50.

Results successfully written to job80227/comparison_results_linearSwitchFromGroupedProtected_30_c30-40-50.json
  Completed 100 iterations for size 30, cohesion 30.
  Completed 100 iterations for size 30, cohesion 40.
  Completed 100 iterations for size 30, cohesion 50.

Results successfully written to job80227/comparison_results_linearSwitchFromGroupedProtected_30_c30-40-50.json
  Completed 100 iterations for size 30, cohesion 30.
  Completed 100 iterations for size 30, cohesion 40.
  Completed 100 iterations for size 30, cohesion 50.

Results successfully written to job80227/comparison_results_linearSwitchFromGroupedProtected_30_c30-40-50.json
  Completed 100 iterations for size 30, cohesion 30.
  Completed 100 iterations for size 30, cohesion 40.
  Completed 100 iterations for size 30, cohesion 50.

Results successfully written to job80227/comparison_results_linearSwitchFromGroupedProtected_30_c30-40-50.json
  Completed 100 iterations for size 30, cohesion 30.
  Completed 100 iterations for size 30, cohesion 40.
  Completed 100 iterations for size 30, cohesion 50.

Results successfully written to job80227/comparison_results_linearSwitchFromGroupedProtected_30_c30-40-50.json
  Completed 100 iterations for size 30, cohesion 30.
  Completed 100 iterations for size 30, cohesion 40.
  Completed 100 iterations for size 30, cohesion 50.

Results successfully written to job80227/comparison_results_linearSwitchFromGroupedProtected_30_c30-40-50.json
  Completed 100 iterations for size 30, cohesion 30.
  Completed 100 iterations for size 30, cohesion 40.
  Completed 100 iterations for size 30, cohesion 50.

Results successfully written to job80227/comparison_results_linearSwitchFromGroupedProtected_30_c30-40-50.json
  Completed 100 iterations for size 30, cohesion 30.
  Completed 100 iterations for size 30, cohesion 40.
  Completed 100 iterations for size 30, cohesion 50.

Results successfully written to job80227/comparison_results_linearSwitchFromGroupedProtected_30_c30-40-50.json
  Completed 100 iterations for size 30, cohesion 30.
  Completed 100 iterations for size 30, cohesion 40.
  Completed 100 iterations for size 30, cohesion 50.

Results successfully written to job80227/comparison_results_linearSwitchFromGroupedProtected_30_c30-40-50.json
  Completed 100 iterations for size 30, cohesion 30.
  Completed 100 iterations for size 30, cohesion 40.
  Completed 100 iterations for size 30, cohesion 50.

Results successfully written to job80227/comparison_results_linearSwitchFromGroupedProtected_30_c30-40-50.json
  Completed 100 iterations for size 30, cohesion 30.
  Completed 100 iterations for size 30, cohesion 40.
  Completed 100 iterations for size 30, cohesion 50.

Results successfully written to job80227/comparison_results_linearSwitchFromGroupedProtected_30_c30-40-50.json
  Completed 100 iterations for size 30, cohesion 30.
  Completed 100 iterations for size 30, cohesion 40.
  Completed 100 iterations for size 30, cohesion 50.

Results successfully written to job80227/comparison_results_linearSwitchFromGroupedProtected_30_c30-40-50.json
  Completed 100 iterations for size 30, cohesion 30.
  Completed 100 iterations for size 30, cohesion 40.
  Completed 100 iterations for size 30, cohesion 50.

Results successfully written to job80227/comparison_results_linearSwitchFromGroupedProtected_30_c30-40-50.json
  Completed 100 iterations for size 30, cohesion 30.
  Completed 100 iterations for size 30, cohesion 40.
  Completed 100 iterations for size 30, cohesion 50.

Results successfully written to job80227/comparison_results_linearSwitchFromGroupedProtected_30_c30-40-50.json
  Completed 100 iterations for size 30, cohesion 30.
  Completed 100 iterations for size 30, cohesion 40.
  Completed 100 iterations for size 30, cohesion 50.

Results successfully written to job80227/comparison_results_linearSwitchFromGroupedProtected_30_c30-40-50.json
  Completed 100 iterations for size 30, cohesion 30.
  Completed 100 iterations for size 30, cohesion 40.
  Completed 100 iterations for size 30, cohesion 50.

Results successfully written to job80227/comparison_results_linearSwitchFromGroupedProtected_30_c30-40-50.json
  Completed 100 iterations for size 30, cohesion 30.
  Completed 100 iterations for size 30, cohesion 40.
  Completed 100 iterations for size 30, cohesion 50.

Results successfully written to job80227/comparison_results_linearSwitchFromGroupedProtected_30_c30-40-50.json
  Completed 100 iterations for size 30, cohesion 30.
  Completed 100 iterations for size 30, cohesion 40.
  Completed 100 iterations for size 30, cohesion 50.

Results successfully written to job80227/comparison_results_linearSwitchFromGroupedProtected_30_c30-40-50.json
  Completed 100 iterations for size 30, cohesion 30.
  Completed 100 iterations for size 30, cohesion 40.
  Completed 100 iterations for size 30, cohesion 50.

Results successfully written to job80227/comparison_results_linearSwitchFromGroupedProtected_30_c30-40-50.json
  Completed 100 iterations for size 30, cohesion 30.
  Completed 100 iterations for size 30, cohesion 40.
  Completed 100 iterations for size 30, cohesion 50.

Results successfully written to job80227/comparison_results_linearSwitchFromGroupedProtected_30_c30-40-50.json
  Completed 100 iterations for size 30, cohesion 30.
  Completed 100 iterations for size 30, cohesion 40.
  Completed 100 iterations for size 30, cohesion 50.

Results successfully written to job80227/comparison_results_linearSwitchFromGroupedProtected_30_c30-40-50.json
  Completed 100 iterations for size 30, cohesion 30.
  Completed 100 iterations for size 30, cohesion 40.
  Completed 100 iterations for size 30, cohesion 50.

Results successfully written to job80227/comparison_results_linearSwitchFromGroupedProtected_30_c30-40-50.json
  Completed 100 iterations for size 30, cohesion 30.
  Completed 100 iterations for size 30, cohesion 40.
  Completed 100 iterations for size 30, cohesion 50.

Results successfully written to job80227/comparison_results_linearSwitchFromGroupedProtected_30_c30-40-50.json
  Completed 100 iterations for size 30, cohesion 30.
  Completed 100 iterations for size 30, cohesion 40.
  Completed 100 iterations for size 30, cohesion 50.

Results successfully written to job80227/comparison_results_linearSwitchFromGroupedProtected_30_c30-40-50.json
  Completed 100 iterations for size 30, cohesion 30.
  Completed 100 iterations for size 30, cohesion 40.
  Completed 100 iterations for size 30, cohesion 50.

Results successfully written to job80227/comparison_results_linearSwitchFromGroupedProtected_30_c30-40-50.json
  Completed 100 iterations for size 30, cohesion 30.
  Completed 100 iterations for size 30, cohesion 40.
  Completed 100 iterations for size 30, cohesion 50.

Results successfully written to job80227/comparison_results_linearSwitchFromGroupedProtected_30_c30-40-50.json
  Completed 100 iterations for size 30, cohesion 30.
  Completed 100 iterations for size 30, cohesion 40.
  Completed 100 iterations for size 30, cohesion 50.

Results successfully written to job80227/comparison_results_linearSwitchFromGroupedProtected_30_c30-40-50.json
  Completed 100 iterations for size 30, cohesion 30.
  Completed 100 iterations for size 30, cohesion 40.
  Completed 100 iterations for size 30, cohesion 50.

Results successfully written to job80227/comparison_results_linearSwitchFromGroupedProtected_30_c30-40-50.json
  Completed 100 iterations for size 30, cohesion 30.
  Completed 100 iterations for size 30, cohesion 40.
  Completed 100 iterations for size 30, cohesion 50.

Results successfully written to job80227/comparison_results_linearSwitchFromGroupedProtected_30_c30-40-50.json
  Completed 100 iterations for size 30, cohesion 30.
  Completed 100 iterations for size 30, cohesion 40.
  Completed 100 iterations for size 30, cohesion 50.

Results successfully written to job80227/comparison_results_linearSwitchFromGroupedProtected_30_c30-40-50.json
  Completed 100 iterations for size 30, cohesion 30.
  Completed 100 iterations for size 30, cohesion 40.
  Completed 100 iterations for size 30, cohesion 50.

Results successfully written to job80227/comparison_results_linearSwitchFromGroupedProtected_30_c30-40-50.json
  Completed 100 iterations for size 30, cohesion 30.
  Completed 100 iterations for size 30, cohesion 40.
  Completed 100 iterations for size 30, cohesion 50.

Results successfully written to job80227/comparison_results_linearSwitchFromGroupedProtected_30_c30-40-50.json
  Completed 100 iterations for size 30, cohesion 30.
  Completed 100 iterations for size 30, cohesion 40.
  Completed 100 iterations for size 30, cohesion 50.

Results successfully written to job80227/comparison_results_linearSwitchFromGroupedProtected_30_c30-40-50.json
  Completed 100 iterations for size 30, cohesion 30.
  Completed 100 iterations for size 30, cohesion 40.
  Completed 100 iterations for size 30, cohesion 50.

Results successfully written to job80227/comparison_results_linearSwitchFromGroupedProtected_30_c30-40-50.json
  Completed 100 iterations for size 30, cohesion 30.
  Completed 100 iterations for size 30, cohesion 40.
  Completed 100 iterations for size 30, cohesion 50.

Results successfully written to job80227/comparison_results_linearSwitchFromGroupedProtected_30_c30-40-50.json
  Completed 100 iterations for size 30, cohesion 30.
  Completed 100 iterations for size 30, cohesion 40.
  Completed 100 iterations for size 30, cohesion 50.

Results successfully written to job80227/comparison_results_linearSwitchFromGroupedProtected_30_c30-40-50.json
  Completed 100 iterations for size 30, cohesion 30.
  Completed 100 iterations for size 30, cohesion 40.
  Completed 100 iterations for size 30, cohesion 50.

Results successfully written to job80227/comparison_results_linearSwitchFromGroupedProtected_30_c30-40-50.json
  Completed 100 iterations for size 30, cohesion 30.
  Completed 100 iterations for size 30, cohesion 40.
  Completed 100 iterations for size 30, cohesion 50.

Results successfully written to job80227/comparison_results_linearSwitchFromGroupedProtected_30_c30-40-50.json
  Completed 100 iterations for size 30, cohesion 30.
  Completed 100 iterations for size 30, cohesion 40.
  Completed 100 iterations for size 30, cohesion 50.

Results successfully written to job80227/comparison_results_linearSwitchFromGroupedProtected_30_c30-40-50.json
  Completed 100 iterations for size 30, cohesion 30.
  Completed 100 iterations for size 30, cohesion 40.
  Completed 100 iterations for size 30, cohesion 50.

Results successfully written to job80227/comparison_results_linearSwitchFromGroupedProtected_30_c30-40-50.json
  Completed 100 iterations for size 30, cohesion 30.
  Completed 100 iterations for size 30, cohesion 40.
  Completed 100 iterations for size 30, cohesion 50.

Results successfully written to job80227/comparison_results_linearSwitchFromGroupedProtected_30_c30-40-50.json
  Completed 100 iterations for size 30, cohesion 30.
  Completed 100 iterations for size 30, cohesion 40.
  Completed 100 iterations for size 30, cohesion 50.

Results successfully written to job80227/comparison_results_linearSwitchFromGroupedProtected_30_c30-40-50.json
  Completed 100 iterations for size 30, cohesion 30.
  Completed 100 iterations for size 30, cohesion 40.
  Completed 100 iterations for size 30, cohesion 50.

Results successfully written to job80227/comparison_results_linearSwitchFromGroupedProtected_30_c30-40-50.json
  Completed 100 iterations for size 30, cohesion 30.
  Completed 100 iterations for size 30, cohesion 40.
  Completed 100 iterations for size 30, cohesion 50.

Results successfully written to job80227/comparison_results_linearSwitchFromGroupedProtected_30_c30-40-50.json
  Completed 100 iterations for size 30, cohesion 30.
  Completed 100 iterations for size 30, cohesion 40.
  Completed 100 iterations for size 30, cohesion 50.

Results successfully written to job80227/comparison_results_linearSwitchFromGroupedProtected_30_c30-40-50.json
  Completed 100 iterations for size 30, cohesion 30.
  Completed 100 iterations for size 30, cohesion 40.
  Completed 100 iterations for size 30, cohesion 50.

Results successfully written to job80227/comparison_results_linearSwitchFromGroupedProtected_30_c30-40-50.json
  Completed 100 iterations for size 30, cohesion 30.
  Completed 100 iterations for size 30, cohesion 40.
  Completed 100 iterations for size 30, cohesion 50.

Results successfully written to job80227/comparison_results_linearSwitchFromGroupedProtected_30_c30-40-50.json
  Completed 100 iterations for size 30, cohesion 30.
  Completed 100 iterations for size 30, cohesion 40.
  Completed 100 iterations for size 30, cohesion 50.

Results successfully written to job80227/comparison_results_linearSwitchFromGroupedProtected_30_c30-40-50.json
  Completed 100 iterations for size 30, cohesion 30.
  Completed 100 iterations for size 30, cohesion 40.
  Completed 100 iterations for size 30, cohesion 50.

Results successfully written to job80227/comparison_results_linearSwitchFromGroupedProtected_30_c30-40-50.json
  Completed 100 iterations for size 30, cohesion 30.
  Completed 100 iterations for size 30, cohesion 40.
  Completed 100 iterations for size 30, cohesion 50.

Results successfully written to job80227/comparison_results_linearSwitchFromGroupedProtected_30_c30-40-50.json
  Completed 100 iterations for size 30, cohesion 30.
  Completed 100 iterations for size 30, cohesion 40.
  Completed 100 iterations for size 30, cohesion 50.

Results successfully written to job80227/comparison_results_linearSwitchFromGroupedProtected_30_c30-40-50.json

================================================================================
Algorithm                   People    Avg Score  Avg Time(s)
--------------------------------------------------------------------------------
linearSwitchFromGroupedProtected       30       1404.7       0.3806
================================================================================

Results successfully written to job80227/comparison_results_linearSwitchFromGroupedProtected_30_c30-40-50.json
