Task 22 running algorithm: linearSwitchFromGroupedProtected, people: 30, cohesions: 60 70 80
cn15.hpc.itu.dk
aubu
/home/aubu/bachelorProject/hpc-jobs
Running iterations for algorithm: linearSwitchFromGroupedProtected
  Completed 100 iterations for size 30, cohesion 60.
  Completed 100 iterations for size 30, cohesion 70.
  Completed 100 iterations for size 30, cohesion 80.

Results successfully written to job80227/comparison_results_linearSwitchFromGroupedProtected_30_c60-70-80.json
  Completed 100 iterations for size 30, cohesion 60.
  Completed 100 iterations for size 30, cohesion 70.
  Completed 100 iterations for size 30, cohesion 80.

Results successfully written to job80227/comparison_results_linearSwitchFromGroupedProtected_30_c60-70-80.json
  Completed 100 iterations for size 30, cohesion 60.
  Completed 100 iterations for size 30, cohesion 70.
  Completed 100 iterations for size 30, cohesion 80.

Results successfully written to job80227/comparison_results_linearSwitchFromGroupedProtected_30_c60-70-80.json
  Completed 100 iterations for size 30, cohesion 60.
  Completed 100 iterations for size 30, cohesion 70.
  Completed 100 iterations for size 30, cohesion 80.

Results successfully written to job80227/comparison_results_linearSwitchFromGroupedProtected_30_c60-70-80.json
  Completed 100 iterations for size 30, cohesion 60.
  Completed 100 iterations for size 30, cohesion 70.
  Completed 100 iterations for size 30, cohesion 80.

Results successfully written to job80227/comparison_results_linearSwitchFromGroupedProtected_30_c60-70-80.json
  Completed 100 iterations for size 30, cohesion 60.
  Completed 100 iterations for size 30, cohesion 70.
  Completed 100 iterations for size 30, cohesion 80.

Results successfully written to job80227/comparison_results_linearSwitchFromGroupedProtected_30_c60-70-80.json
  Completed 100 iterations for size 30, cohesion 60.
  Completed 100 iterations for size 30, cohesion 70.
  Completed 100 iterations for size 30, cohesion 80.

Results successfully written to job80227/comparison_results_linearSwitchFromGroupedProtected_30_c60-70-80.json
  Completed 100 iterations for size 30, cohesion 60.
  Completed 100 iterations for size 30, cohesion 70.
  Completed 100 iterations for size 30, cohesion 80.

Results successfully written to job80227/comparison_results_linearSwitchFromGroupedProtected_30_c60-70-80.json
  Completed 100 iterations for size 30, cohesion 60.
  Completed 100 iterations for size 30, cohesion 70.
  Completed 100 iterations for size 30, cohesion 80.

Results successfully written to job80227/comparison_results_linearSwitchFromGroupedProtected_30_c60-70-80.json
  Completed 100 iterations for size 30, cohesion 60.
  Completed 100 iterations for size 30, cohesion 70.
  Completed 100 iterations for size 30, cohesion 80.

Results successfully written to job80227/comparison_results_linearSwitchFromGroupedProtected_30_c60-70-80.json
  Completed 100 iterations for size 30, cohesion 60.
  Completed 100 iterations for size 30, cohesion 70.
  Completed 100 iterations for size 30, cohesion 80.

Results successfully written to job80227/comparison_results_linearSwitchFromGroupedProtected_30_c60-70-80.json
  Completed 100 iterations for size 30, cohesion 60.
  Completed 100 iterations for size 30, cohesion 70.
  Completed 100 iterations for size 30, cohesion 80.

Results successfully written to job80227/comparison_results_linearSwitchFromGroupedProtected_30_c60-70-80.json
  Completed 100 iterations for size 30, cohesion 60.
  Completed 100 iterations for size 30, cohesion 70.
  Completed 100 iterations for size 30, cohesion 80.

Results successfully written to job80227/comparison_results_linearSwitchFromGroupedProtected_30_c60-70-80.json
  Completed 100 iterations for size 30, cohesion 60.
  Completed 100 iterations for size 30, cohesion 70.
  Completed 100 iterations for size 30, cohesion 80.

Results successfully written to job80227/comparison_results_linearSwitchFromGroupedProtected_30_c60-70-80.json
  Completed 100 iterations for size 30, cohesion 60.
  Completed 100 iterations for size 30, cohesion 70.
  Completed 100 iterations for size 30, cohesion 80.

Results successfully written to job80227/comparison_results_linearSwitchFromGroupedProtected_30_c60-70-80.json
  Completed 100 iterations for size 30, cohesion 60.
  Completed 100 iterations for size 30, cohesion 70.
  Completed 100 iterations for size 30, cohesion 80.

Results successfully written to job80227/comparison_results_linearSwitchFromGroupedProtected_30_c60-70-80.json
  Completed 100 iterations for size 30, cohesion 60.
  Completed 100 iterations for size 30, cohesion 70.
  Completed 100 iterations for size 30, cohesion 80.

Results successfully written to job80227/comparison_results_linearSwitchFromGroupedProtected_30_c60-70-80.json
  Completed 100 iterations for size 30, cohesion 60.
  Completed 100 iterations for size 30, cohesion 70.
  Completed 100 iterations for size 30, cohesion 80.

Results successfully written to job80227/comparison_results_linearSwitchFromGroupedProtected_30_c60-70-80.json
  Completed 100 iterations for size 30, cohesion 60.
  Completed 100 iterations for size 30, cohesion 70.
  Completed 100 iterations for size 30, cohesion 80.

Results successfully written to job80227/comparison_results_linearSwitchFromGroupedProtected_30_c60-70-80.json
  Completed 100 iterations for size 30, cohesion 60.
  Completed 100 iterations for size 30, cohesion 70.
  Completed 100 iterations for size 30, cohesion 80.

Results successfully written to job80227/comparison_results_linearSwitchFromGroupedProtected_30_c60-70-80.json
  Completed 100 iterations for size 30, cohesion 60.
  Completed 100 iterations for size 30, cohesion 70.
  Completed 100 iterations for size 30, cohesion 80.

Results successfully written to job80227/comparison_results_linearSwitchFromGroupedProtected_30_c60-70-80.json
  Completed 100 iterations for size 30, cohesion 60.
  Completed 100 iterations for size 30, cohesion 70.
  Completed 100 iterations for size 30, cohesion 80.

Results successfully written to job80227/comparison_results_linearSwitchFromGroupedProtected_30_c60-70-80.json
  Completed 100 iterations for size 30, cohesion 60.
  Completed 100 iterations for size 30, cohesion 70.
  Completed 100 iterations for size 30, cohesion 80.

Results successfully written to job80227/comparison_results_linearSwitchFromGroupedProtected_30_c60-70-80.json
  Completed 100 iterations for size 30, cohesion 60.
  Completed 100 iterations for size 30, cohesion 70.
  Completed 100 iterations for size 30, cohesion 80.

Results successfully written to job80227/comparison_results_linearSwitchFromGroupedProtected_30_c60-70-80.json
  Completed 100 iterations for size 30, cohesion 60.
  Completed 100 iterations for size 30, cohesion 70.
  Completed 100 iterations for size 30, cohesion 80.

Results successfully written to job80227/comparison_results_linearSwitchFromGroupedProtected_30_c60-70-80.json
  Completed 100 iterations for size 30, cohesion 60.
  Completed 100 iterations for size 30, cohesion 70.
  Completed 100 iterations for size 30, cohesion 80.

Results successfully written to job80227/comparison_results_linearSwitchFromGroupedProtected_30_c60-70-80.json
  Completed 100 iterations for size 30, cohesion 60.
  Completed 100 iterations for size 30, cohesion 70.
  Completed 100 iterations for size 30, cohesion 80.

Results successfully written to job80227/comparison_results_linearSwitchFromGroupedProtected_30_c60-70-80.json
  Completed 100 iterations for size 30, cohesion 60.
  Completed 100 iterations for size 30, cohesion 70.
  Completed 100 iterations for size 30, cohesion 80.

Results successfully written to job80227/comparison_results_linearSwitchFromGroupedProtected_30_c60-70-80.json
  Completed 100 iterations for size 30, cohesion 60.
  Completed 100 iterations for size 30, cohesion 70.
  Completed 100 iterations for size 30, cohesion 80.

Results successfully written to job80227/comparison_results_linearSwitchFromGroupedProtected_30_c60-70-80.json
  Completed 100 iterations for size 30, cohesion 60.
  Completed 100 iterations for size 30, cohesion 70.
  Completed 100 iterations for size 30, cohesion 80.

Results successfully written to job80227/comparison_results_linearSwitchFromGroupedProtected_30_c60-70-80.json
  Completed 100 iterations for size 30, cohesion 60.
  Completed 100 iterations for size 30, cohesion 70.
  Completed 100 iterations for size 30, cohesion 80.

Results successfully written to job80227/comparison_results_linearSwitchFromGroupedProtected_30_c60-70-80.json
  Completed 100 iterations for size 30, cohesion 60.
  Completed 100 iterations for size 30, cohesion 70.
  Completed 100 iterations for size 30, cohesion 80.

Results successfully written to job80227/comparison_results_linearSwitchFromGroupedProtected_30_c60-70-80.json
  Completed 100 iterations for size 30, cohesion 60.
  Completed 100 iterations for size 30, cohesion 70.
  Completed 100 iterations for size 30, cohesion 80.

Results successfully written to job80227/comparison_results_linearSwitchFromGroupedProtected_30_c60-70-80.json
  Completed 100 iterations for size 30, cohesion 60.
  Completed 100 iterations for size 30, cohesion 70.
  Completed 100 iterations for size 30, cohesion 80.

Results successfully written to job80227/comparison_results_linearSwitchFromGroupedProtected_30_c60-70-80.json
  Completed 100 iterations for size 30, cohesion 60.
  Completed 100 iterations for size 30, cohesion 70.
  Completed 100 iterations for size 30, cohesion 80.

Results successfully written to job80227/comparison_results_linearSwitchFromGroupedProtected_30_c60-70-80.json
  Completed 100 iterations for size 30, cohesion 60.
  Completed 100 iterations for size 30, cohesion 70.
  Completed 100 iterations for size 30, cohesion 80.

Results successfully written to job80227/comparison_results_linearSwitchFromGroupedProtected_30_c60-70-80.json
  Completed 100 iterations for size 30, cohesion 60.
  Completed 100 iterations for size 30, cohesion 70.
  Completed 100 iterations for size 30, cohesion 80.

Results successfully written to job80227/comparison_results_linearSwitchFromGroupedProtected_30_c60-70-80.json
  Completed 100 iterations for size 30, cohesion 60.
  Completed 100 iterations for size 30, cohesion 70.
  Completed 100 iterations for size 30, cohesion 80.

Results successfully written to job80227/comparison_results_linearSwitchFromGroupedProtected_30_c60-70-80.json
  Completed 100 iterations for size 30, cohesion 60.
  Completed 100 iterations for size 30, cohesion 70.
  Completed 100 iterations for size 30, cohesion 80.

Results successfully written to job80227/comparison_results_linearSwitchFromGroupedProtected_30_c60-70-80.json
  Completed 100 iterations for size 30, cohesion 60.
  Completed 100 iterations for size 30, cohesion 70.
  Completed 100 iterations for size 30, cohesion 80.

Results successfully written to job80227/comparison_results_linearSwitchFromGroupedProtected_30_c60-70-80.json
  Completed 100 iterations for size 30, cohesion 60.
  Completed 100 iterations for size 30, cohesion 70.
  Completed 100 iterations for size 30, cohesion 80.

Results successfully written to job80227/comparison_results_linearSwitchFromGroupedProtected_30_c60-70-80.json
  Completed 100 iterations for size 30, cohesion 60.
  Completed 100 iterations for size 30, cohesion 70.
  Completed 100 iterations for size 30, cohesion 80.

Results successfully written to job80227/comparison_results_linearSwitchFromGroupedProtected_30_c60-70-80.json
  Completed 100 iterations for size 30, cohesion 60.
  Completed 100 iterations for size 30, cohesion 70.
  Completed 100 iterations for size 30, cohesion 80.

Results successfully written to job80227/comparison_results_linearSwitchFromGroupedProtected_30_c60-70-80.json
  Completed 100 iterations for size 30, cohesion 60.
  Completed 100 iterations for size 30, cohesion 70.
  Completed 100 iterations for size 30, cohesion 80.

Results successfully written to job80227/comparison_results_linearSwitchFromGroupedProtected_30_c60-70-80.json
  Completed 100 iterations for size 30, cohesion 60.
  Completed 100 iterations for size 30, cohesion 70.
  Completed 100 iterations for size 30, cohesion 80.

Results successfully written to job80227/comparison_results_linearSwitchFromGroupedProtected_30_c60-70-80.json
  Completed 100 iterations for size 30, cohesion 60.
  Completed 100 iterations for size 30, cohesion 70.
  Completed 100 iterations for size 30, cohesion 80.

Results successfully written to job80227/comparison_results_linearSwitchFromGroupedProtected_30_c60-70-80.json
  Completed 100 iterations for size 30, cohesion 60.
  Completed 100 iterations for size 30, cohesion 70.
  Completed 100 iterations for size 30, cohesion 80.

Results successfully written to job80227/comparison_results_linearSwitchFromGroupedProtected_30_c60-70-80.json
  Completed 100 iterations for size 30, cohesion 60.
  Completed 100 iterations for size 30, cohesion 70.
  Completed 100 iterations for size 30, cohesion 80.

Results successfully written to job80227/comparison_results_linearSwitchFromGroupedProtected_30_c60-70-80.json
  Completed 100 iterations for size 30, cohesion 60.
  Completed 100 iterations for size 30, cohesion 70.
  Completed 100 iterations for size 30, cohesion 80.

Results successfully written to job80227/comparison_results_linearSwitchFromGroupedProtected_30_c60-70-80.json
  Completed 100 iterations for size 30, cohesion 60.
  Completed 100 iterations for size 30, cohesion 70.
  Completed 100 iterations for size 30, cohesion 80.

Results successfully written to job80227/comparison_results_linearSwitchFromGroupedProtected_30_c60-70-80.json
  Completed 100 iterations for size 30, cohesion 60.
  Completed 100 iterations for size 30, cohesion 70.
  Completed 100 iterations for size 30, cohesion 80.

Results successfully written to job80227/comparison_results_linearSwitchFromGroupedProtected_30_c60-70-80.json
  Completed 100 iterations for size 30, cohesion 60.
  Completed 100 iterations for size 30, cohesion 70.
  Completed 100 iterations for size 30, cohesion 80.

Results successfully written to job80227/comparison_results_linearSwitchFromGroupedProtected_30_c60-70-80.json
  Completed 100 iterations for size 30, cohesion 60.
  Completed 100 iterations for size 30, cohesion 70.
  Completed 100 iterations for size 30, cohesion 80.

Results successfully written to job80227/comparison_results_linearSwitchFromGroupedProtected_30_c60-70-80.json
  Completed 100 iterations for size 30, cohesion 60.
  Completed 100 iterations for size 30, cohesion 70.
  Completed 100 iterations for size 30, cohesion 80.

Results successfully written to job80227/comparison_results_linearSwitchFromGroupedProtected_30_c60-70-80.json
  Completed 100 iterations for size 30, cohesion 60.
  Completed 100 iterations for size 30, cohesion 70.
  Completed 100 iterations for size 30, cohesion 80.

Results successfully written to job80227/comparison_results_linearSwitchFromGroupedProtected_30_c60-70-80.json
  Completed 100 iterations for size 30, cohesion 60.
  Completed 100 iterations for size 30, cohesion 70.
  Completed 100 iterations for size 30, cohesion 80.

Results successfully written to job80227/comparison_results_linearSwitchFromGroupedProtected_30_c60-70-80.json
  Completed 100 iterations for size 30, cohesion 60.
  Completed 100 iterations for size 30, cohesion 70.
  Completed 100 iterations for size 30, cohesion 80.

Results successfully written to job80227/comparison_results_linearSwitchFromGroupedProtected_30_c60-70-80.json
  Completed 100 iterations for size 30, cohesion 60.
  Completed 100 iterations for size 30, cohesion 70.
  Completed 100 iterations for size 30, cohesion 80.

Results successfully written to job80227/comparison_results_linearSwitchFromGroupedProtected_30_c60-70-80.json
  Completed 100 iterations for size 30, cohesion 60.
  Completed 100 iterations for size 30, cohesion 70.
  Completed 100 iterations for size 30, cohesion 80.

Results successfully written to job80227/comparison_results_linearSwitchFromGroupedProtected_30_c60-70-80.json
  Completed 100 iterations for size 30, cohesion 60.
  Completed 100 iterations for size 30, cohesion 70.
  Completed 100 iterations for size 30, cohesion 80.

Results successfully written to job80227/comparison_results_linearSwitchFromGroupedProtected_30_c60-70-80.json
  Completed 100 iterations for size 30, cohesion 60.
  Completed 100 iterations for size 30, cohesion 70.
  Completed 100 iterations for size 30, cohesion 80.

Results successfully written to job80227/comparison_results_linearSwitchFromGroupedProtected_30_c60-70-80.json
  Completed 100 iterations for size 30, cohesion 60.
  Completed 100 iterations for size 30, cohesion 70.
  Completed 100 iterations for size 30, cohesion 80.

Results successfully written to job80227/comparison_results_linearSwitchFromGroupedProtected_30_c60-70-80.json
  Completed 100 iterations for size 30, cohesion 60.
  Completed 100 iterations for size 30, cohesion 70.
  Completed 100 iterations for size 30, cohesion 80.

Results successfully written to job80227/comparison_results_linearSwitchFromGroupedProtected_30_c60-70-80.json
  Completed 100 iterations for size 30, cohesion 60.
  Completed 100 iterations for size 30, cohesion 70.
  Completed 100 iterations for size 30, cohesion 80.

Results successfully written to job80227/comparison_results_linearSwitchFromGroupedProtected_30_c60-70-80.json
  Completed 100 iterations for size 30, cohesion 60.
  Completed 100 iterations for size 30, cohesion 70.
  Completed 100 iterations for size 30, cohesion 80.

Results successfully written to job80227/comparison_results_linearSwitchFromGroupedProtected_30_c60-70-80.json
  Completed 100 iterations for size 30, cohesion 60.
  Completed 100 iterations for size 30, cohesion 70.
  Completed 100 iterations for size 30, cohesion 80.

Results successfully written to job80227/comparison_results_linearSwitchFromGroupedProtected_30_c60-70-80.json
  Completed 100 iterations for size 30, cohesion 60.
  Completed 100 iterations for size 30, cohesion 70.
  Completed 100 iterations for size 30, cohesion 80.

Results successfully written to job80227/comparison_results_linearSwitchFromGroupedProtected_30_c60-70-80.json
  Completed 100 iterations for size 30, cohesion 60.
  Completed 100 iterations for size 30, cohesion 70.
  Completed 100 iterations for size 30, cohesion 80.

Results successfully written to job80227/comparison_results_linearSwitchFromGroupedProtected_30_c60-70-80.json
  Completed 100 iterations for size 30, cohesion 60.
  Completed 100 iterations for size 30, cohesion 70.
  Completed 100 iterations for size 30, cohesion 80.

Results successfully written to job80227/comparison_results_linearSwitchFromGroupedProtected_30_c60-70-80.json
  Completed 100 iterations for size 30, cohesion 60.
  Completed 100 iterations for size 30, cohesion 70.
  Completed 100 iterations for size 30, cohesion 80.

Results successfully written to job80227/comparison_results_linearSwitchFromGroupedProtected_30_c60-70-80.json
  Completed 100 iterations for size 30, cohesion 60.
  Completed 100 iterations for size 30, cohesion 70.
  Completed 100 iterations for size 30, cohesion 80.

Results successfully written to job80227/comparison_results_linearSwitchFromGroupedProtected_30_c60-70-80.json
  Completed 100 iterations for size 30, cohesion 60.
  Completed 100 iterations for size 30, cohesion 70.
  Completed 100 iterations for size 30, cohesion 80.

Results successfully written to job80227/comparison_results_linearSwitchFromGroupedProtected_30_c60-70-80.json
  Completed 100 iterations for size 30, cohesion 60.
  Completed 100 iterations for size 30, cohesion 70.
  Completed 100 iterations for size 30, cohesion 80.

Results successfully written to job80227/comparison_results_linearSwitchFromGroupedProtected_30_c60-70-80.json
  Completed 100 iterations for size 30, cohesion 60.
  Completed 100 iterations for size 30, cohesion 70.
  Completed 100 iterations for size 30, cohesion 80.

Results successfully written to job80227/comparison_results_linearSwitchFromGroupedProtected_30_c60-70-80.json
  Completed 100 iterations for size 30, cohesion 60.
  Completed 100 iterations for size 30, cohesion 70.
  Completed 100 iterations for size 30, cohesion 80.

Results successfully written to job80227/comparison_results_linearSwitchFromGroupedProtected_30_c60-70-80.json
  Completed 100 iterations for size 30, cohesion 60.
  Completed 100 iterations for size 30, cohesion 70.
  Completed 100 iterations for size 30, cohesion 80.

Results successfully written to job80227/comparison_results_linearSwitchFromGroupedProtected_30_c60-70-80.json
  Completed 100 iterations for size 30, cohesion 60.
  Completed 100 iterations for size 30, cohesion 70.
  Completed 100 iterations for size 30, cohesion 80.

Results successfully written to job80227/comparison_results_linearSwitchFromGroupedProtected_30_c60-70-80.json
  Completed 100 iterations for size 30, cohesion 60.
  Completed 100 iterations for size 30, cohesion 70.
  Completed 100 iterations for size 30, cohesion 80.

Results successfully written to job80227/comparison_results_linearSwitchFromGroupedProtected_30_c60-70-80.json
  Completed 100 iterations for size 30, cohesion 60.
  Completed 100 iterations for size 30, cohesion 70.
  Completed 100 iterations for size 30, cohesion 80.

Results successfully written to job80227/comparison_results_linearSwitchFromGroupedProtected_30_c60-70-80.json
  Completed 100 iterations for size 30, cohesion 60.
  Completed 100 iterations for size 30, cohesion 70.
  Completed 100 iterations for size 30, cohesion 80.

Results successfully written to job80227/comparison_results_linearSwitchFromGroupedProtected_30_c60-70-80.json
  Completed 100 iterations for size 30, cohesion 60.
  Completed 100 iterations for size 30, cohesion 70.
  Completed 100 iterations for size 30, cohesion 80.

Results successfully written to job80227/comparison_results_linearSwitchFromGroupedProtected_30_c60-70-80.json
  Completed 100 iterations for size 30, cohesion 60.
  Completed 100 iterations for size 30, cohesion 70.
  Completed 100 iterations for size 30, cohesion 80.

Results successfully written to job80227/comparison_results_linearSwitchFromGroupedProtected_30_c60-70-80.json
  Completed 100 iterations for size 30, cohesion 60.
  Completed 100 iterations for size 30, cohesion 70.
  Completed 100 iterations for size 30, cohesion 80.

Results successfully written to job80227/comparison_results_linearSwitchFromGroupedProtected_30_c60-70-80.json
  Completed 100 iterations for size 30, cohesion 60.
  Completed 100 iterations for size 30, cohesion 70.
  Completed 100 iterations for size 30, cohesion 80.

Results successfully written to job80227/comparison_results_linearSwitchFromGroupedProtected_30_c60-70-80.json
  Completed 100 iterations for size 30, cohesion 60.
  Completed 100 iterations for size 30, cohesion 70.
  Completed 100 iterations for size 30, cohesion 80.

Results successfully written to job80227/comparison_results_linearSwitchFromGroupedProtected_30_c60-70-80.json
  Completed 100 iterations for size 30, cohesion 60.
  Completed 100 iterations for size 30, cohesion 70.
  Completed 100 iterations for size 30, cohesion 80.

Results successfully written to job80227/comparison_results_linearSwitchFromGroupedProtected_30_c60-70-80.json
  Completed 100 iterations for size 30, cohesion 60.
  Completed 100 iterations for size 30, cohesion 70.
  Completed 100 iterations for size 30, cohesion 80.

Results successfully written to job80227/comparison_results_linearSwitchFromGroupedProtected_30_c60-70-80.json
  Completed 100 iterations for size 30, cohesion 60.
  Completed 100 iterations for size 30, cohesion 70.
  Completed 100 iterations for size 30, cohesion 80.

Results successfully written to job80227/comparison_results_linearSwitchFromGroupedProtected_30_c60-70-80.json
  Completed 100 iterations for size 30, cohesion 60.
  Completed 100 iterations for size 30, cohesion 70.
  Completed 100 iterations for size 30, cohesion 80.

Results successfully written to job80227/comparison_results_linearSwitchFromGroupedProtected_30_c60-70-80.json
  Completed 100 iterations for size 30, cohesion 60.
  Completed 100 iterations for size 30, cohesion 70.
  Completed 100 iterations for size 30, cohesion 80.

Results successfully written to job80227/comparison_results_linearSwitchFromGroupedProtected_30_c60-70-80.json
  Completed 100 iterations for size 30, cohesion 60.
  Completed 100 iterations for size 30, cohesion 70.
  Completed 100 iterations for size 30, cohesion 80.

Results successfully written to job80227/comparison_results_linearSwitchFromGroupedProtected_30_c60-70-80.json
  Completed 100 iterations for size 30, cohesion 60.
  Completed 100 iterations for size 30, cohesion 70.
  Completed 100 iterations for size 30, cohesion 80.

Results successfully written to job80227/comparison_results_linearSwitchFromGroupedProtected_30_c60-70-80.json
  Completed 100 iterations for size 30, cohesion 60.
  Completed 100 iterations for size 30, cohesion 70.
  Completed 100 iterations for size 30, cohesion 80.

Results successfully written to job80227/comparison_results_linearSwitchFromGroupedProtected_30_c60-70-80.json
  Completed 100 iterations for size 30, cohesion 60.
  Completed 100 iterations for size 30, cohesion 70.
  Completed 100 iterations for size 30, cohesion 80.

Results successfully written to job80227/comparison_results_linearSwitchFromGroupedProtected_30_c60-70-80.json
  Completed 100 iterations for size 30, cohesion 60.
  Completed 100 iterations for size 30, cohesion 70.
  Completed 100 iterations for size 30, cohesion 80.

Results successfully written to job80227/comparison_results_linearSwitchFromGroupedProtected_30_c60-70-80.json
  Completed 100 iterations for size 30, cohesion 60.
  Completed 100 iterations for size 30, cohesion 70.
  Completed 100 iterations for size 30, cohesion 80.

Results successfully written to job80227/comparison_results_linearSwitchFromGroupedProtected_30_c60-70-80.json
  Completed 100 iterations for size 30, cohesion 60.
  Completed 100 iterations for size 30, cohesion 70.
  Completed 100 iterations for size 30, cohesion 80.

Results successfully written to job80227/comparison_results_linearSwitchFromGroupedProtected_30_c60-70-80.json
  Completed 100 iterations for size 30, cohesion 60.
  Completed 100 iterations for size 30, cohesion 70.
  Completed 100 iterations for size 30, cohesion 80.

Results successfully written to job80227/comparison_results_linearSwitchFromGroupedProtected_30_c60-70-80.json
  Completed 100 iterations for size 30, cohesion 60.
  Completed 100 iterations for size 30, cohesion 70.
  Completed 100 iterations for size 30, cohesion 80.

Results successfully written to job80227/comparison_results_linearSwitchFromGroupedProtected_30_c60-70-80.json
  Completed 100 iterations for size 30, cohesion 60.
  Completed 100 iterations for size 30, cohesion 70.
  Completed 100 iterations for size 30, cohesion 80.

Results successfully written to job80227/comparison_results_linearSwitchFromGroupedProtected_30_c60-70-80.json

================================================================================
Algorithm                   People    Avg Score  Avg Time(s)
--------------------------------------------------------------------------------
linearSwitchFromGroupedProtected       30       1496.7       0.3537
================================================================================

Results successfully written to job80227/comparison_results_linearSwitchFromGroupedProtected_30_c60-70-80.json
