Task 23 running algorithm: linearSwitchFromGroupedProtected, people: 30, cohesions: 90 100
desktop2.hpc.itu.dk
aubu
/home/aubu/bachelorProject/hpc-jobs
Running iterations for algorithm: linearSwitchFromGroupedProtected
  Completed 100 iterations for size 30, cohesion 90.
  Completed 100 iterations for size 30, cohesion 100.

Results successfully written to job80227/comparison_results_linearSwitchFromGroupedProtected_30_c90-100.json
  Completed 100 iterations for size 30, cohesion 90.
  Completed 100 iterations for size 30, cohesion 100.

Results successfully written to job80227/comparison_results_linearSwitchFromGroupedProtected_30_c90-100.json
  Completed 100 iterations for size 30, cohesion 90.
  Completed 100 iterations for size 30, cohesion 100.

Results successfully written to job80227/comparison_results_linearSwitchFromGroupedProtected_30_c90-100.json
  Completed 100 iterations for size 30, cohesion 90.
  Completed 100 iterations for size 30, cohesion 100.

Results successfully written to job80227/comparison_results_linearSwitchFromGroupedProtected_30_c90-100.json
  Completed 100 iterations for size 30, cohesion 90.
  Completed 100 iterations for size 30, cohesion 100.

Results successfully written to job80227/comparison_results_linearSwitchFromGroupedProtected_30_c90-100.json
  Completed 100 iterations for size 30, cohesion 90.
  Completed 100 iterations for size 30, cohesion 100.

Results successfully written to job80227/comparison_results_linearSwitchFromGroupedProtected_30_c90-100.json
  Completed 100 iterations for size 30, cohesion 90.
  Completed 100 iterations for size 30, cohesion 100.

Results successfully written to job80227/comparison_results_linearSwitchFromGroupedProtected_30_c90-100.json
  Completed 100 iterations for size 30, cohesion 90.
  Completed 100 iterations for size 30, cohesion 100.

Results successfully written to job80227/comparison_results_linearSwitchFromGroupedProtected_30_c90-100.json
  Completed 100 iterations for size 30, cohesion 90.
  Completed 100 iterations for size 30, cohesion 100.

Results successfully written to job80227/comparison_results_linearSwitchFromGroupedProtected_30_c90-100.json
  Completed 100 iterations for size 30, cohesion 90.
  Completed 100 iterations for size 30, cohesion 100.

Results successfully written to job80227/comparison_results_linearSwitchFromGroupedProtected_30_c90-100.json
  Completed 100 iterations for size 30, cohesion 90.
  Completed 100 iterations for size 30, cohesion 100.

Results successfully written to job80227/comparison_results_linearSwitchFromGroupedProtected_30_c90-100.json
  Completed 100 iterations for size 30, cohesion 90.
  Completed 100 iterations for size 30, cohesion 100.

Results successfully written to job80227/comparison_results_linearSwitchFromGroupedProtected_30_c90-100.json
  Completed 100 iterations for size 30, cohesion 90.
  Completed 100 iterations for size 30, cohesion 100.

Results successfully written to job80227/comparison_results_linearSwitchFromGroupedProtected_30_c90-100.json
  Completed 100 iterations for size 30, cohesion 90.
  Completed 100 iterations for size 30, cohesion 100.

Results successfully written to job80227/comparison_results_linearSwitchFromGroupedProtected_30_c90-100.json
  Completed 100 iterations for size 30, cohesion 90.
  Completed 100 iterations for size 30, cohesion 100.

Results successfully written to job80227/comparison_results_linearSwitchFromGroupedProtected_30_c90-100.json
  Completed 100 iterations for size 30, cohesion 90.
  Completed 100 iterations for size 30, cohesion 100.

Results successfully written to job80227/comparison_results_linearSwitchFromGroupedProtected_30_c90-100.json
  Completed 100 iterations for size 30, cohesion 90.
  Completed 100 iterations for size 30, cohesion 100.

Results successfully written to job80227/comparison_results_linearSwitchFromGroupedProtected_30_c90-100.json
  Completed 100 iterations for size 30, cohesion 90.
  Completed 100 iterations for size 30, cohesion 100.

Results successfully written to job80227/comparison_results_linearSwitchFromGroupedProtected_30_c90-100.json
  Completed 100 iterations for size 30, cohesion 90.
  Completed 100 iterations for size 30, cohesion 100.

Results successfully written to job80227/comparison_results_linearSwitchFromGroupedProtected_30_c90-100.json
  Completed 100 iterations for size 30, cohesion 90.
  Completed 100 iterations for size 30, cohesion 100.

Results successfully written to job80227/comparison_results_linearSwitchFromGroupedProtected_30_c90-100.json
  Completed 100 iterations for size 30, cohesion 90.
  Completed 100 iterations for size 30, cohesion 100.

Results successfully written to job80227/comparison_results_linearSwitchFromGroupedProtected_30_c90-100.json
  Completed 100 iterations for size 30, cohesion 90.
  Completed 100 iterations for size 30, cohesion 100.

Results successfully written to job80227/comparison_results_linearSwitchFromGroupedProtected_30_c90-100.json
  Completed 100 iterations for size 30, cohesion 90.
  Completed 100 iterations for size 30, cohesion 100.

Results successfully written to job80227/comparison_results_linearSwitchFromGroupedProtected_30_c90-100.json
  Completed 100 iterations for size 30, cohesion 90.
  Completed 100 iterations for size 30, cohesion 100.

Results successfully written to job80227/comparison_results_linearSwitchFromGroupedProtected_30_c90-100.json
  Completed 100 iterations for size 30, cohesion 90.
  Completed 100 iterations for size 30, cohesion 100.

Results successfully written to job80227/comparison_results_linearSwitchFromGroupedProtected_30_c90-100.json
  Completed 100 iterations for size 30, cohesion 90.
  Completed 100 iterations for size 30, cohesion 100.

Results successfully written to job80227/comparison_results_linearSwitchFromGroupedProtected_30_c90-100.json
  Completed 100 iterations for size 30, cohesion 90.
  Completed 100 iterations for size 30, cohesion 100.

Results successfully written to job80227/comparison_results_linearSwitchFromGroupedProtected_30_c90-100.json
  Completed 100 iterations for size 30, cohesion 90.
  Completed 100 iterations for size 30, cohesion 100.

Results successfully written to job80227/comparison_results_linearSwitchFromGroupedProtected_30_c90-100.json
  Completed 100 iterations for size 30, cohesion 90.
  Completed 100 iterations for size 30, cohesion 100.

Results successfully written to job80227/comparison_results_linearSwitchFromGroupedProtected_30_c90-100.json
  Completed 100 iterations for size 30, cohesion 90.
  Completed 100 iterations for size 30, cohesion 100.

Results successfully written to job80227/comparison_results_linearSwitchFromGroupedProtected_30_c90-100.json
  Completed 100 iterations for size 30, cohesion 90.
  Completed 100 iterations for size 30, cohesion 100.

Results successfully written to job80227/comparison_results_linearSwitchFromGroupedProtected_30_c90-100.json
  Completed 100 iterations for size 30, cohesion 90.
  Completed 100 iterations for size 30, cohesion 100.

Results successfully written to job80227/comparison_results_linearSwitchFromGroupedProtected_30_c90-100.json
  Completed 100 iterations for size 30, cohesion 90.
  Completed 100 iterations for size 30, cohesion 100.

Results successfully written to job80227/comparison_results_linearSwitchFromGroupedProtected_30_c90-100.json
  Completed 100 iterations for size 30, cohesion 90.
  Completed 100 iterations for size 30, cohesion 100.

Results successfully written to job80227/comparison_results_linearSwitchFromGroupedProtected_30_c90-100.json
  Completed 100 iterations for size 30, cohesion 90.
  Completed 100 iterations for size 30, cohesion 100.

Results successfully written to job80227/comparison_results_linearSwitchFromGroupedProtected_30_c90-100.json
  Completed 100 iterations for size 30, cohesion 90.
  Completed 100 iterations for size 30, cohesion 100.

Results successfully written to job80227/comparison_results_linearSwitchFromGroupedProtected_30_c90-100.json
  Completed 100 iterations for size 30, cohesion 90.
  Completed 100 iterations for size 30, cohesion 100.

Results successfully written to job80227/comparison_results_linearSwitchFromGroupedProtected_30_c90-100.json
  Completed 100 iterations for size 30, cohesion 90.
  Completed 100 iterations for size 30, cohesion 100.

Results successfully written to job80227/comparison_results_linearSwitchFromGroupedProtected_30_c90-100.json
  Completed 100 iterations for size 30, cohesion 90.
  Completed 100 iterations for size 30, cohesion 100.

Results successfully written to job80227/comparison_results_linearSwitchFromGroupedProtected_30_c90-100.json
  Completed 100 iterations for size 30, cohesion 90.
  Completed 100 iterations for size 30, cohesion 100.

Results successfully written to job80227/comparison_results_linearSwitchFromGroupedProtected_30_c90-100.json
  Completed 100 iterations for size 30, cohesion 90.
  Completed 100 iterations for size 30, cohesion 100.

Results successfully written to job80227/comparison_results_linearSwitchFromGroupedProtected_30_c90-100.json
  Completed 100 iterations for size 30, cohesion 90.
  Completed 100 iterations for size 30, cohesion 100.

Results successfully written to job80227/comparison_results_linearSwitchFromGroupedProtected_30_c90-100.json
  Completed 100 iterations for size 30, cohesion 90.
  Completed 100 iterations for size 30, cohesion 100.

Results successfully written to job80227/comparison_results_linearSwitchFromGroupedProtected_30_c90-100.json
  Completed 100 iterations for size 30, cohesion 90.
  Completed 100 iterations for size 30, cohesion 100.

Results successfully written to job80227/comparison_results_linearSwitchFromGroupedProtected_30_c90-100.json
  Completed 100 iterations for size 30, cohesion 90.
  Completed 100 iterations for size 30, cohesion 100.

Results successfully written to job80227/comparison_results_linearSwitchFromGroupedProtected_30_c90-100.json
  Completed 100 iterations for size 30, cohesion 90.
  Completed 100 iterations for size 30, cohesion 100.

Results successfully written to job80227/comparison_results_linearSwitchFromGroupedProtected_30_c90-100.json
  Completed 100 iterations for size 30, cohesion 90.
  Completed 100 iterations for size 30, cohesion 100.

Results successfully written to job80227/comparison_results_linearSwitchFromGroupedProtected_30_c90-100.json
  Completed 100 iterations for size 30, cohesion 90.
  Completed 100 iterations for size 30, cohesion 100.

Results successfully written to job80227/comparison_results_linearSwitchFromGroupedProtected_30_c90-100.json
  Completed 100 iterations for size 30, cohesion 90.
  Completed 100 iterations for size 30, cohesion 100.

Results successfully written to job80227/comparison_results_linearSwitchFromGroupedProtected_30_c90-100.json
  Completed 100 iterations for size 30, cohesion 90.
  Completed 100 iterations for size 30, cohesion 100.

Results successfully written to job80227/comparison_results_linearSwitchFromGroupedProtected_30_c90-100.json
  Completed 100 iterations for size 30, cohesion 90.
  Completed 100 iterations for size 30, cohesion 100.

Results successfully written to job80227/comparison_results_linearSwitchFromGroupedProtected_30_c90-100.json
  Completed 100 iterations for size 30, cohesion 90.
  Completed 100 iterations for size 30, cohesion 100.

Results successfully written to job80227/comparison_results_linearSwitchFromGroupedProtected_30_c90-100.json
  Completed 100 iterations for size 30, cohesion 90.
  Completed 100 iterations for size 30, cohesion 100.

Results successfully written to job80227/comparison_results_linearSwitchFromGroupedProtected_30_c90-100.json
  Completed 100 iterations for size 30, cohesion 90.
  Completed 100 iterations for size 30, cohesion 100.

Results successfully written to job80227/comparison_results_linearSwitchFromGroupedProtected_30_c90-100.json
  Completed 100 iterations for size 30, cohesion 90.
  Completed 100 iterations for size 30, cohesion 100.

Results successfully written to job80227/comparison_results_linearSwitchFromGroupedProtected_30_c90-100.json
  Completed 100 iterations for size 30, cohesion 90.
  Completed 100 iterations for size 30, cohesion 100.

Results successfully written to job80227/comparison_results_linearSwitchFromGroupedProtected_30_c90-100.json
  Completed 100 iterations for size 30, cohesion 90.
  Completed 100 iterations for size 30, cohesion 100.

Results successfully written to job80227/comparison_results_linearSwitchFromGroupedProtected_30_c90-100.json
  Completed 100 iterations for size 30, cohesion 90.
  Completed 100 iterations for size 30, cohesion 100.

Results successfully written to job80227/comparison_results_linearSwitchFromGroupedProtected_30_c90-100.json
  Completed 100 iterations for size 30, cohesion 90.
  Completed 100 iterations for size 30, cohesion 100.

Results successfully written to job80227/comparison_results_linearSwitchFromGroupedProtected_30_c90-100.json
  Completed 100 iterations for size 30, cohesion 90.
  Completed 100 iterations for size 30, cohesion 100.

Results successfully written to job80227/comparison_results_linearSwitchFromGroupedProtected_30_c90-100.json
  Completed 100 iterations for size 30, cohesion 90.
  Completed 100 iterations for size 30, cohesion 100.

Results successfully written to job80227/comparison_results_linearSwitchFromGroupedProtected_30_c90-100.json
  Completed 100 iterations for size 30, cohesion 90.
  Completed 100 iterations for size 30, cohesion 100.

Results successfully written to job80227/comparison_results_linearSwitchFromGroupedProtected_30_c90-100.json
  Completed 100 iterations for size 30, cohesion 90.
  Completed 100 iterations for size 30, cohesion 100.

Results successfully written to job80227/comparison_results_linearSwitchFromGroupedProtected_30_c90-100.json
  Completed 100 iterations for size 30, cohesion 90.
  Completed 100 iterations for size 30, cohesion 100.

Results successfully written to job80227/comparison_results_linearSwitchFromGroupedProtected_30_c90-100.json
  Completed 100 iterations for size 30, cohesion 90.
  Completed 100 iterations for size 30, cohesion 100.

Results successfully written to job80227/comparison_results_linearSwitchFromGroupedProtected_30_c90-100.json
  Completed 100 iterations for size 30, cohesion 90.
  Completed 100 iterations for size 30, cohesion 100.

Results successfully written to job80227/comparison_results_linearSwitchFromGroupedProtected_30_c90-100.json
  Completed 100 iterations for size 30, cohesion 90.
  Completed 100 iterations for size 30, cohesion 100.

Results successfully written to job80227/comparison_results_linearSwitchFromGroupedProtected_30_c90-100.json
  Completed 100 iterations for size 30, cohesion 90.
  Completed 100 iterations for size 30, cohesion 100.

Results successfully written to job80227/comparison_results_linearSwitchFromGroupedProtected_30_c90-100.json
  Completed 100 iterations for size 30, cohesion 90.
  Completed 100 iterations for size 30, cohesion 100.

Results successfully written to job80227/comparison_results_linearSwitchFromGroupedProtected_30_c90-100.json
  Completed 100 iterations for size 30, cohesion 90.
  Completed 100 iterations for size 30, cohesion 100.

Results successfully written to job80227/comparison_results_linearSwitchFromGroupedProtected_30_c90-100.json
  Completed 100 iterations for size 30, cohesion 90.
  Completed 100 iterations for size 30, cohesion 100.

Results successfully written to job80227/comparison_results_linearSwitchFromGroupedProtected_30_c90-100.json
  Completed 100 iterations for size 30, cohesion 90.
  Completed 100 iterations for size 30, cohesion 100.

Results successfully written to job80227/comparison_results_linearSwitchFromGroupedProtected_30_c90-100.json
  Completed 100 iterations for size 30, cohesion 90.
  Completed 100 iterations for size 30, cohesion 100.

Results successfully written to job80227/comparison_results_linearSwitchFromGroupedProtected_30_c90-100.json
  Completed 100 iterations for size 30, cohesion 90.
  Completed 100 iterations for size 30, cohesion 100.

Results successfully written to job80227/comparison_results_linearSwitchFromGroupedProtected_30_c90-100.json
  Completed 100 iterations for size 30, cohesion 90.
  Completed 100 iterations for size 30, cohesion 100.

Results successfully written to job80227/comparison_results_linearSwitchFromGroupedProtected_30_c90-100.json
  Completed 100 iterations for size 30, cohesion 90.
  Completed 100 iterations for size 30, cohesion 100.

Results successfully written to job80227/comparison_results_linearSwitchFromGroupedProtected_30_c90-100.json
  Completed 100 iterations for size 30, cohesion 90.
  Completed 100 iterations for size 30, cohesion 100.

Results successfully written to job80227/comparison_results_linearSwitchFromGroupedProtected_30_c90-100.json
  Completed 100 iterations for size 30, cohesion 90.
  Completed 100 iterations for size 30, cohesion 100.

Results successfully written to job80227/comparison_results_linearSwitchFromGroupedProtected_30_c90-100.json
  Completed 100 iterations for size 30, cohesion 90.
  Completed 100 iterations for size 30, cohesion 100.

Results successfully written to job80227/comparison_results_linearSwitchFromGroupedProtected_30_c90-100.json
  Completed 100 iterations for size 30, cohesion 90.
  Completed 100 iterations for size 30, cohesion 100.

Results successfully written to job80227/comparison_results_linearSwitchFromGroupedProtected_30_c90-100.json
  Completed 100 iterations for size 30, cohesion 90.
  Completed 100 iterations for size 30, cohesion 100.

Results successfully written to job80227/comparison_results_linearSwitchFromGroupedProtected_30_c90-100.json
  Completed 100 iterations for size 30, cohesion 90.
  Completed 100 iterations for size 30, cohesion 100.

Results successfully written to job80227/comparison_results_linearSwitchFromGroupedProtected_30_c90-100.json
  Completed 100 iterations for size 30, cohesion 90.
  Completed 100 iterations for size 30, cohesion 100.

Results successfully written to job80227/comparison_results_linearSwitchFromGroupedProtected_30_c90-100.json
  Completed 100 iterations for size 30, cohesion 90.
  Completed 100 iterations for size 30, cohesion 100.

Results successfully written to job80227/comparison_results_linearSwitchFromGroupedProtected_30_c90-100.json
  Completed 100 iterations for size 30, cohesion 90.
  Completed 100 iterations for size 30, cohesion 100.

Results successfully written to job80227/comparison_results_linearSwitchFromGroupedProtected_30_c90-100.json
  Completed 100 iterations for size 30, cohesion 90.
  Completed 100 iterations for size 30, cohesion 100.

Results successfully written to job80227/comparison_results_linearSwitchFromGroupedProtected_30_c90-100.json
  Completed 100 iterations for size 30, cohesion 90.
  Completed 100 iterations for size 30, cohesion 100.

Results successfully written to job80227/comparison_results_linearSwitchFromGroupedProtected_30_c90-100.json
  Completed 100 iterations for size 30, cohesion 90.
  Completed 100 iterations for size 30, cohesion 100.

Results successfully written to job80227/comparison_results_linearSwitchFromGroupedProtected_30_c90-100.json
  Completed 100 iterations for size 30, cohesion 90.
  Completed 100 iterations for size 30, cohesion 100.

Results successfully written to job80227/comparison_results_linearSwitchFromGroupedProtected_30_c90-100.json
  Completed 100 iterations for size 30, cohesion 90.
  Completed 100 iterations for size 30, cohesion 100.

Results successfully written to job80227/comparison_results_linearSwitchFromGroupedProtected_30_c90-100.json
  Completed 100 iterations for size 30, cohesion 90.
  Completed 100 iterations for size 30, cohesion 100.

Results successfully written to job80227/comparison_results_linearSwitchFromGroupedProtected_30_c90-100.json
  Completed 100 iterations for size 30, cohesion 90.
  Completed 100 iterations for size 30, cohesion 100.

Results successfully written to job80227/comparison_results_linearSwitchFromGroupedProtected_30_c90-100.json
  Completed 100 iterations for size 30, cohesion 90.
  Completed 100 iterations for size 30, cohesion 100.

Results successfully written to job80227/comparison_results_linearSwitchFromGroupedProtected_30_c90-100.json
  Completed 100 iterations for size 30, cohesion 90.
  Completed 100 iterations for size 30, cohesion 100.

Results successfully written to job80227/comparison_results_linearSwitchFromGroupedProtected_30_c90-100.json
  Completed 100 iterations for size 30, cohesion 90.
  Completed 100 iterations for size 30, cohesion 100.

Results successfully written to job80227/comparison_results_linearSwitchFromGroupedProtected_30_c90-100.json
  Completed 100 iterations for size 30, cohesion 90.
  Completed 100 iterations for size 30, cohesion 100.

Results successfully written to job80227/comparison_results_linearSwitchFromGroupedProtected_30_c90-100.json
  Completed 100 iterations for size 30, cohesion 90.
  Completed 100 iterations for size 30, cohesion 100.

Results successfully written to job80227/comparison_results_linearSwitchFromGroupedProtected_30_c90-100.json
  Completed 100 iterations for size 30, cohesion 90.
  Completed 100 iterations for size 30, cohesion 100.

Results successfully written to job80227/comparison_results_linearSwitchFromGroupedProtected_30_c90-100.json
  Completed 100 iterations for size 30, cohesion 90.
  Completed 100 iterations for size 30, cohesion 100.

Results successfully written to job80227/comparison_results_linearSwitchFromGroupedProtected_30_c90-100.json
  Completed 100 iterations for size 30, cohesion 90.
  Completed 100 iterations for size 30, cohesion 100.

Results successfully written to job80227/comparison_results_linearSwitchFromGroupedProtected_30_c90-100.json

================================================================================
Algorithm                   People    Avg Score  Avg Time(s)
--------------------------------------------------------------------------------
linearSwitchFromGroupedProtected       30       1512.6       0.3387
================================================================================

Results successfully written to job80227/comparison_results_linearSwitchFromGroupedProtected_30_c90-100.json
