Task 26 running algorithm: linearSwitchFromGroupedProtected, people: 100, cohesions: 60 70 80
desktop3.hpc.itu.dk
aubu
/home/aubu/bachelorProject/hpc-jobs
Running iterations for algorithm: linearSwitchFromGroupedProtected
  Completed 100 iterations for size 100, cohesion 60.
  Completed 100 iterations for size 100, cohesion 70.
  Completed 100 iterations for size 100, cohesion 80.

Results successfully written to job80227/comparison_results_linearSwitchFromGroupedProtected_100_c60-70-80.json
  Completed 100 iterations for size 100, cohesion 60.
  Completed 100 iterations for size 100, cohesion 70.
  Completed 100 iterations for size 100, cohesion 80.

Results successfully written to job80227/comparison_results_linearSwitchFromGroupedProtected_100_c60-70-80.json
  Completed 100 iterations for size 100, cohesion 60.
  Completed 100 iterations for size 100, cohesion 70.
  Completed 100 iterations for size 100, cohesion 80.

Results successfully written to job80227/comparison_results_linearSwitchFromGroupedProtected_100_c60-70-80.json
  Completed 100 iterations for size 100, cohesion 60.
  Completed 100 iterations for size 100, cohesion 70.
  Completed 100 iterations for size 100, cohesion 80.

Results successfully written to job80227/comparison_results_linearSwitchFromGroupedProtected_100_c60-70-80.json
  Completed 100 iterations for size 100, cohesion 60.
  Completed 100 iterations for size 100, cohesion 70.
  Completed 100 iterations for size 100, cohesion 80.

Results successfully written to job80227/comparison_results_linearSwitchFromGroupedProtected_100_c60-70-80.json
  Completed 100 iterations for size 100, cohesion 60.
  Completed 100 iterations for size 100, cohesion 70.
  Completed 100 iterations for size 100, cohesion 80.

Results successfully written to job80227/comparison_results_linearSwitchFromGroupedProtected_100_c60-70-80.json
  Completed 100 iterations for size 100, cohesion 60.
  Completed 100 iterations for size 100, cohesion 70.
  Completed 100 iterations for size 100, cohesion 80.

Results successfully written to job80227/comparison_results_linearSwitchFromGroupedProtected_100_c60-70-80.json
  Completed 100 iterations for size 100, cohesion 60.
  Completed 100 iterations for size 100, cohesion 70.
  Completed 100 iterations for size 100, cohesion 80.

Results successfully written to job80227/comparison_results_linearSwitchFromGroupedProtected_100_c60-70-80.json
  Completed 100 iterations for size 100, cohesion 60.
  Completed 100 iterations for size 100, cohesion 70.
  Completed 100 iterations for size 100, cohesion 80.

Results successfully written to job80227/comparison_results_linearSwitchFromGroupedProtected_100_c60-70-80.json
  Completed 100 iterations for size 100, cohesion 60.
  Completed 100 iterations for size 100, cohesion 70.
  Completed 100 iterations for size 100, cohesion 80.

Results successfully written to job80227/comparison_results_linearSwitchFromGroupedProtected_100_c60-70-80.json
  Completed 100 iterations for size 100, cohesion 60.
  Completed 100 iterations for size 100, cohesion 70.
  Completed 100 iterations for size 100, cohesion 80.

Results successfully written to job80227/comparison_results_linearSwitchFromGroupedProtected_100_c60-70-80.json
  Completed 100 iterations for size 100, cohesion 60.
  Completed 100 iterations for size 100, cohesion 70.
  Completed 100 iterations for size 100, cohesion 80.

Results successfully written to job80227/comparison_results_linearSwitchFromGroupedProtected_100_c60-70-80.json
  Completed 100 iterations for size 100, cohesion 60.
  Completed 100 iterations for size 100, cohesion 70.
  Completed 100 iterations for size 100, cohesion 80.

Results successfully written to job80227/comparison_results_linearSwitchFromGroupedProtected_100_c60-70-80.json
  Completed 100 iterations for size 100, cohesion 60.
  Completed 100 iterations for size 100, cohesion 70.
  Completed 100 iterations for size 100, cohesion 80.

Results successfully written to job80227/comparison_results_linearSwitchFromGroupedProtected_100_c60-70-80.json
  Completed 100 iterations for size 100, cohesion 60.
  Completed 100 iterations for size 100, cohesion 70.
  Completed 100 iterations for size 100, cohesion 80.

Results successfully written to job80227/comparison_results_linearSwitchFromGroupedProtected_100_c60-70-80.json
  Completed 100 iterations for size 100, cohesion 60.
  Completed 100 iterations for size 100, cohesion 70.
  Completed 100 iterations for size 100, cohesion 80.

Results successfully written to job80227/comparison_results_linearSwitchFromGroupedProtected_100_c60-70-80.json
  Completed 100 iterations for size 100, cohesion 60.
  Completed 100 iterations for size 100, cohesion 70.
  Completed 100 iterations for size 100, cohesion 80.

Results successfully written to job80227/comparison_results_linearSwitchFromGroupedProtected_100_c60-70-80.json
  Completed 100 iterations for size 100, cohesion 60.
  Completed 100 iterations for size 100, cohesion 70.
  Completed 100 iterations for size 100, cohesion 80.

Results successfully written to job80227/comparison_results_linearSwitchFromGroupedProtected_100_c60-70-80.json
  Completed 100 iterations for size 100, cohesion 60.
  Completed 100 iterations for size 100, cohesion 70.
  Completed 100 iterations for size 100, cohesion 80.

Results successfully written to job80227/comparison_results_linearSwitchFromGroupedProtected_100_c60-70-80.json
  Completed 100 iterations for size 100, cohesion 60.
  Completed 100 iterations for size 100, cohesion 70.
  Completed 100 iterations for size 100, cohesion 80.

Results successfully written to job80227/comparison_results_linearSwitchFromGroupedProtected_100_c60-70-80.json
  Completed 100 iterations for size 100, cohesion 60.
  Completed 100 iterations for size 100, cohesion 70.
  Completed 100 iterations for size 100, cohesion 80.

Results successfully written to job80227/comparison_results_linearSwitchFromGroupedProtected_100_c60-70-80.json
  Completed 100 iterations for size 100, cohesion 60.
  Completed 100 iterations for size 100, cohesion 70.
  Completed 100 iterations for size 100, cohesion 80.

Results successfully written to job80227/comparison_results_linearSwitchFromGroupedProtected_100_c60-70-80.json
  Completed 100 iterations for size 100, cohesion 60.
  Completed 100 iterations for size 100, cohesion 70.
  Completed 100 iterations for size 100, cohesion 80.

Results successfully written to job80227/comparison_results_linearSwitchFromGroupedProtected_100_c60-70-80.json
  Completed 100 iterations for size 100, cohesion 60.
  Completed 100 iterations for size 100, cohesion 70.
  Completed 100 iterations for size 100, cohesion 80.

Results successfully written to job80227/comparison_results_linearSwitchFromGroupedProtected_100_c60-70-80.json
  Completed 100 iterations for size 100, cohesion 60.
  Completed 100 iterations for size 100, cohesion 70.
  Completed 100 iterations for size 100, cohesion 80.

Results successfully written to job80227/comparison_results_linearSwitchFromGroupedProtected_100_c60-70-80.json
  Completed 100 iterations for size 100, cohesion 60.
  Completed 100 iterations for size 100, cohesion 70.
  Completed 100 iterations for size 100, cohesion 80.

Results successfully written to job80227/comparison_results_linearSwitchFromGroupedProtected_100_c60-70-80.json
  Completed 100 iterations for size 100, cohesion 60.
  Completed 100 iterations for size 100, cohesion 70.
  Completed 100 iterations for size 100, cohesion 80.

Results successfully written to job80227/comparison_results_linearSwitchFromGroupedProtected_100_c60-70-80.json
  Completed 100 iterations for size 100, cohesion 60.
  Completed 100 iterations for size 100, cohesion 70.
  Completed 100 iterations for size 100, cohesion 80.

Results successfully written to job80227/comparison_results_linearSwitchFromGroupedProtected_100_c60-70-80.json
  Completed 100 iterations for size 100, cohesion 60.
  Completed 100 iterations for size 100, cohesion 70.
  Completed 100 iterations for size 100, cohesion 80.

Results successfully written to job80227/comparison_results_linearSwitchFromGroupedProtected_100_c60-70-80.json
  Completed 100 iterations for size 100, cohesion 60.
  Completed 100 iterations for size 100, cohesion 70.
  Completed 100 iterations for size 100, cohesion 80.

Results successfully written to job80227/comparison_results_linearSwitchFromGroupedProtected_100_c60-70-80.json
  Completed 100 iterations for size 100, cohesion 60.
  Completed 100 iterations for size 100, cohesion 70.
  Completed 100 iterations for size 100, cohesion 80.

Results successfully written to job80227/comparison_results_linearSwitchFromGroupedProtected_100_c60-70-80.json
  Completed 100 iterations for size 100, cohesion 60.
  Completed 100 iterations for size 100, cohesion 70.
  Completed 100 iterations for size 100, cohesion 80.

Results successfully written to job80227/comparison_results_linearSwitchFromGroupedProtected_100_c60-70-80.json
  Completed 100 iterations for size 100, cohesion 60.
  Completed 100 iterations for size 100, cohesion 70.
  Completed 100 iterations for size 100, cohesion 80.

Results successfully written to job80227/comparison_results_linearSwitchFromGroupedProtected_100_c60-70-80.json
  Completed 100 iterations for size 100, cohesion 60.
  Completed 100 iterations for size 100, cohesion 70.
  Completed 100 iterations for size 100, cohesion 80.

Results successfully written to job80227/comparison_results_linearSwitchFromGroupedProtected_100_c60-70-80.json
  Completed 100 iterations for size 100, cohesion 60.
  Completed 100 iterations for size 100, cohesion 70.
  Completed 100 iterations for size 100, cohesion 80.

Results successfully written to job80227/comparison_results_linearSwitchFromGroupedProtected_100_c60-70-80.json
  Completed 100 iterations for size 100, cohesion 60.
  Completed 100 iterations for size 100, cohesion 70.
  Completed 100 iterations for size 100, cohesion 80.

Results successfully written to job80227/comparison_results_linearSwitchFromGroupedProtected_100_c60-70-80.json
  Completed 100 iterations for size 100, cohesion 60.
  Completed 100 iterations for size 100, cohesion 70.
  Completed 100 iterations for size 100, cohesion 80.

Results successfully written to job80227/comparison_results_linearSwitchFromGroupedProtected_100_c60-70-80.json
  Completed 100 iterations for size 100, cohesion 60.
  Completed 100 iterations for size 100, cohesion 70.
  Completed 100 iterations for size 100, cohesion 80.

Results successfully written to job80227/comparison_results_linearSwitchFromGroupedProtected_100_c60-70-80.json
  Completed 100 iterations for size 100, cohesion 60.
  Completed 100 iterations for size 100, cohesion 70.
  Completed 100 iterations for size 100, cohesion 80.

Results successfully written to job80227/comparison_results_linearSwitchFromGroupedProtected_100_c60-70-80.json
  Completed 100 iterations for size 100, cohesion 60.
  Completed 100 iterations for size 100, cohesion 70.
  Completed 100 iterations for size 100, cohesion 80.

Results successfully written to job80227/comparison_results_linearSwitchFromGroupedProtected_100_c60-70-80.json
  Completed 100 iterations for size 100, cohesion 60.
  Completed 100 iterations for size 100, cohesion 70.
  Completed 100 iterations for size 100, cohesion 80.

Results successfully written to job80227/comparison_results_linearSwitchFromGroupedProtected_100_c60-70-80.json
  Completed 100 iterations for size 100, cohesion 60.
  Completed 100 iterations for size 100, cohesion 70.
  Completed 100 iterations for size 100, cohesion 80.

Results successfully written to job80227/comparison_results_linearSwitchFromGroupedProtected_100_c60-70-80.json
  Completed 100 iterations for size 100, cohesion 60.
  Completed 100 iterations for size 100, cohesion 70.
  Completed 100 iterations for size 100, cohesion 80.

Results successfully written to job80227/comparison_results_linearSwitchFromGroupedProtected_100_c60-70-80.json
  Completed 100 iterations for size 100, cohesion 60.
  Completed 100 iterations for size 100, cohesion 70.
  Completed 100 iterations for size 100, cohesion 80.

Results successfully written to job80227/comparison_results_linearSwitchFromGroupedProtected_100_c60-70-80.json
  Completed 100 iterations for size 100, cohesion 60.
  Completed 100 iterations for size 100, cohesion 70.
  Completed 100 iterations for size 100, cohesion 80.

Results successfully written to job80227/comparison_results_linearSwitchFromGroupedProtected_100_c60-70-80.json
  Completed 100 iterations for size 100, cohesion 60.
  Completed 100 iterations for size 100, cohesion 70.
  Completed 100 iterations for size 100, cohesion 80.

Results successfully written to job80227/comparison_results_linearSwitchFromGroupedProtected_100_c60-70-80.json
  Completed 100 iterations for size 100, cohesion 60.
  Completed 100 iterations for size 100, cohesion 70.
  Completed 100 iterations for size 100, cohesion 80.

Results successfully written to job80227/comparison_results_linearSwitchFromGroupedProtected_100_c60-70-80.json
  Completed 100 iterations for size 100, cohesion 60.
  Completed 100 iterations for size 100, cohesion 70.
  Completed 100 iterations for size 100, cohesion 80.

Results successfully written to job80227/comparison_results_linearSwitchFromGroupedProtected_100_c60-70-80.json
  Completed 100 iterations for size 100, cohesion 60.
  Completed 100 iterations for size 100, cohesion 70.
  Completed 100 iterations for size 100, cohesion 80.

Results successfully written to job80227/comparison_results_linearSwitchFromGroupedProtected_100_c60-70-80.json
  Completed 100 iterations for size 100, cohesion 60.
  Completed 100 iterations for size 100, cohesion 70.
  Completed 100 iterations for size 100, cohesion 80.

Results successfully written to job80227/comparison_results_linearSwitchFromGroupedProtected_100_c60-70-80.json
  Completed 100 iterations for size 100, cohesion 60.
  Completed 100 iterations for size 100, cohesion 70.
  Completed 100 iterations for size 100, cohesion 80.

Results successfully written to job80227/comparison_results_linearSwitchFromGroupedProtected_100_c60-70-80.json
  Completed 100 iterations for size 100, cohesion 60.
  Completed 100 iterations for size 100, cohesion 70.
  Completed 100 iterations for size 100, cohesion 80.

Results successfully written to job80227/comparison_results_linearSwitchFromGroupedProtected_100_c60-70-80.json
  Completed 100 iterations for size 100, cohesion 60.
  Completed 100 iterations for size 100, cohesion 70.
  Completed 100 iterations for size 100, cohesion 80.

Results successfully written to job80227/comparison_results_linearSwitchFromGroupedProtected_100_c60-70-80.json
  Completed 100 iterations for size 100, cohesion 60.
  Completed 100 iterations for size 100, cohesion 70.
  Completed 100 iterations for size 100, cohesion 80.

Results successfully written to job80227/comparison_results_linearSwitchFromGroupedProtected_100_c60-70-80.json
  Completed 100 iterations for size 100, cohesion 60.
  Completed 100 iterations for size 100, cohesion 70.
  Completed 100 iterations for size 100, cohesion 80.

Results successfully written to job80227/comparison_results_linearSwitchFromGroupedProtected_100_c60-70-80.json
  Completed 100 iterations for size 100, cohesion 60.
  Completed 100 iterations for size 100, cohesion 70.
  Completed 100 iterations for size 100, cohesion 80.

Results successfully written to job80227/comparison_results_linearSwitchFromGroupedProtected_100_c60-70-80.json
  Completed 100 iterations for size 100, cohesion 60.
  Completed 100 iterations for size 100, cohesion 70.
  Completed 100 iterations for size 100, cohesion 80.

Results successfully written to job80227/comparison_results_linearSwitchFromGroupedProtected_100_c60-70-80.json
  Completed 100 iterations for size 100, cohesion 60.
  Completed 100 iterations for size 100, cohesion 70.
  Completed 100 iterations for size 100, cohesion 80.

Results successfully written to job80227/comparison_results_linearSwitchFromGroupedProtected_100_c60-70-80.json
  Completed 100 iterations for size 100, cohesion 60.
  Completed 100 iterations for size 100, cohesion 70.
  Completed 100 iterations for size 100, cohesion 80.

Results successfully written to job80227/comparison_results_linearSwitchFromGroupedProtected_100_c60-70-80.json
  Completed 100 iterations for size 100, cohesion 60.
  Completed 100 iterations for size 100, cohesion 70.
  Completed 100 iterations for size 100, cohesion 80.

Results successfully written to job80227/comparison_results_linearSwitchFromGroupedProtected_100_c60-70-80.json
  Completed 100 iterations for size 100, cohesion 60.
  Completed 100 iterations for size 100, cohesion 70.
  Completed 100 iterations for size 100, cohesion 80.

Results successfully written to job80227/comparison_results_linearSwitchFromGroupedProtected_100_c60-70-80.json
  Completed 100 iterations for size 100, cohesion 60.
  Completed 100 iterations for size 100, cohesion 70.
  Completed 100 iterations for size 100, cohesion 80.

Results successfully written to job80227/comparison_results_linearSwitchFromGroupedProtected_100_c60-70-80.json
  Completed 100 iterations for size 100, cohesion 60.
  Completed 100 iterations for size 100, cohesion 70.
  Completed 100 iterations for size 100, cohesion 80.

Results successfully written to job80227/comparison_results_linearSwitchFromGroupedProtected_100_c60-70-80.json
  Completed 100 iterations for size 100, cohesion 60.
  Completed 100 iterations for size 100, cohesion 70.
  Completed 100 iterations for size 100, cohesion 80.

Results successfully written to job80227/comparison_results_linearSwitchFromGroupedProtected_100_c60-70-80.json
  Completed 100 iterations for size 100, cohesion 60.
  Completed 100 iterations for size 100, cohesion 70.
  Completed 100 iterations for size 100, cohesion 80.

Results successfully written to job80227/comparison_results_linearSwitchFromGroupedProtected_100_c60-70-80.json
  Completed 100 iterations for size 100, cohesion 60.
  Completed 100 iterations for size 100, cohesion 70.
  Completed 100 iterations for size 100, cohesion 80.

Results successfully written to job80227/comparison_results_linearSwitchFromGroupedProtected_100_c60-70-80.json
  Completed 100 iterations for size 100, cohesion 60.
  Completed 100 iterations for size 100, cohesion 70.
  Completed 100 iterations for size 100, cohesion 80.

Results successfully written to job80227/comparison_results_linearSwitchFromGroupedProtected_100_c60-70-80.json
  Completed 100 iterations for size 100, cohesion 60.
  Completed 100 iterations for size 100, cohesion 70.
  Completed 100 iterations for size 100, cohesion 80.

Results successfully written to job80227/comparison_results_linearSwitchFromGroupedProtected_100_c60-70-80.json
  Completed 100 iterations for size 100, cohesion 60.
  Completed 100 iterations for size 100, cohesion 70.
  Completed 100 iterations for size 100, cohesion 80.

Results successfully written to job80227/comparison_results_linearSwitchFromGroupedProtected_100_c60-70-80.json
  Completed 100 iterations for size 100, cohesion 60.
  Completed 100 iterations for size 100, cohesion 70.
  Completed 100 iterations for size 100, cohesion 80.

Results successfully written to job80227/comparison_results_linearSwitchFromGroupedProtected_100_c60-70-80.json
  Completed 100 iterations for size 100, cohesion 60.
  Completed 100 iterations for size 100, cohesion 70.
  Completed 100 iterations for size 100, cohesion 80.

Results successfully written to job80227/comparison_results_linearSwitchFromGroupedProtected_100_c60-70-80.json
  Completed 100 iterations for size 100, cohesion 60.
  Completed 100 iterations for size 100, cohesion 70.
  Completed 100 iterations for size 100, cohesion 80.

Results successfully written to job80227/comparison_results_linearSwitchFromGroupedProtected_100_c60-70-80.json
  Completed 100 iterations for size 100, cohesion 60.
  Completed 100 iterations for size 100, cohesion 70.
  Completed 100 iterations for size 100, cohesion 80.

Results successfully written to job80227/comparison_results_linearSwitchFromGroupedProtected_100_c60-70-80.json
  Completed 100 iterations for size 100, cohesion 60.
  Completed 100 iterations for size 100, cohesion 70.
  Completed 100 iterations for size 100, cohesion 80.

Results successfully written to job80227/comparison_results_linearSwitchFromGroupedProtected_100_c60-70-80.json
  Completed 100 iterations for size 100, cohesion 60.
  Completed 100 iterations for size 100, cohesion 70.
  Completed 100 iterations for size 100, cohesion 80.

Results successfully written to job80227/comparison_results_linearSwitchFromGroupedProtected_100_c60-70-80.json
  Completed 100 iterations for size 100, cohesion 60.
  Completed 100 iterations for size 100, cohesion 70.
  Completed 100 iterations for size 100, cohesion 80.

Results successfully written to job80227/comparison_results_linearSwitchFromGroupedProtected_100_c60-70-80.json
  Completed 100 iterations for size 100, cohesion 60.
  Completed 100 iterations for size 100, cohesion 70.
  Completed 100 iterations for size 100, cohesion 80.

Results successfully written to job80227/comparison_results_linearSwitchFromGroupedProtected_100_c60-70-80.json
  Completed 100 iterations for size 100, cohesion 60.
  Completed 100 iterations for size 100, cohesion 70.
  Completed 100 iterations for size 100, cohesion 80.

Results successfully written to job80227/comparison_results_linearSwitchFromGroupedProtected_100_c60-70-80.json
  Completed 100 iterations for size 100, cohesion 60.
  Completed 100 iterations for size 100, cohesion 70.
  Completed 100 iterations for size 100, cohesion 80.

Results successfully written to job80227/comparison_results_linearSwitchFromGroupedProtected_100_c60-70-80.json
  Completed 100 iterations for size 100, cohesion 60.
  Completed 100 iterations for size 100, cohesion 70.
  Completed 100 iterations for size 100, cohesion 80.

Results successfully written to job80227/comparison_results_linearSwitchFromGroupedProtected_100_c60-70-80.json
  Completed 100 iterations for size 100, cohesion 60.
  Completed 100 iterations for size 100, cohesion 70.
  Completed 100 iterations for size 100, cohesion 80.

Results successfully written to job80227/comparison_results_linearSwitchFromGroupedProtected_100_c60-70-80.json
  Completed 100 iterations for size 100, cohesion 60.
  Completed 100 iterations for size 100, cohesion 70.
  Completed 100 iterations for size 100, cohesion 80.

Results successfully written to job80227/comparison_results_linearSwitchFromGroupedProtected_100_c60-70-80.json
  Completed 100 iterations for size 100, cohesion 60.
  Completed 100 iterations for size 100, cohesion 70.
  Completed 100 iterations for size 100, cohesion 80.

Results successfully written to job80227/comparison_results_linearSwitchFromGroupedProtected_100_c60-70-80.json
  Completed 100 iterations for size 100, cohesion 60.
  Completed 100 iterations for size 100, cohesion 70.
  Completed 100 iterations for size 100, cohesion 80.

Results successfully written to job80227/comparison_results_linearSwitchFromGroupedProtected_100_c60-70-80.json
  Completed 100 iterations for size 100, cohesion 60.
  Completed 100 iterations for size 100, cohesion 70.
  Completed 100 iterations for size 100, cohesion 80.

Results successfully written to job80227/comparison_results_linearSwitchFromGroupedProtected_100_c60-70-80.json
  Completed 100 iterations for size 100, cohesion 60.
  Completed 100 iterations for size 100, cohesion 70.
  Completed 100 iterations for size 100, cohesion 80.

Results successfully written to job80227/comparison_results_linearSwitchFromGroupedProtected_100_c60-70-80.json
  Completed 100 iterations for size 100, cohesion 60.
  Completed 100 iterations for size 100, cohesion 70.
  Completed 100 iterations for size 100, cohesion 80.

Results successfully written to job80227/comparison_results_linearSwitchFromGroupedProtected_100_c60-70-80.json
  Completed 100 iterations for size 100, cohesion 60.
  Completed 100 iterations for size 100, cohesion 70.
  Completed 100 iterations for size 100, cohesion 80.

Results successfully written to job80227/comparison_results_linearSwitchFromGroupedProtected_100_c60-70-80.json
  Completed 100 iterations for size 100, cohesion 60.
  Completed 100 iterations for size 100, cohesion 70.
  Completed 100 iterations for size 100, cohesion 80.

Results successfully written to job80227/comparison_results_linearSwitchFromGroupedProtected_100_c60-70-80.json
  Completed 100 iterations for size 100, cohesion 60.
  Completed 100 iterations for size 100, cohesion 70.
  Completed 100 iterations for size 100, cohesion 80.

Results successfully written to job80227/comparison_results_linearSwitchFromGroupedProtected_100_c60-70-80.json
  Completed 100 iterations for size 100, cohesion 60.
  Completed 100 iterations for size 100, cohesion 70.
  Completed 100 iterations for size 100, cohesion 80.

Results successfully written to job80227/comparison_results_linearSwitchFromGroupedProtected_100_c60-70-80.json
  Completed 100 iterations for size 100, cohesion 60.
  Completed 100 iterations for size 100, cohesion 70.
  Completed 100 iterations for size 100, cohesion 80.

Results successfully written to job80227/comparison_results_linearSwitchFromGroupedProtected_100_c60-70-80.json
  Completed 100 iterations for size 100, cohesion 60.
  Completed 100 iterations for size 100, cohesion 70.
  Completed 100 iterations for size 100, cohesion 80.

Results successfully written to job80227/comparison_results_linearSwitchFromGroupedProtected_100_c60-70-80.json
  Completed 100 iterations for size 100, cohesion 60.
  Completed 100 iterations for size 100, cohesion 70.
  Completed 100 iterations for size 100, cohesion 80.

Results successfully written to job80227/comparison_results_linearSwitchFromGroupedProtected_100_c60-70-80.json
  Completed 100 iterations for size 100, cohesion 60.
  Completed 100 iterations for size 100, cohesion 70.
  Completed 100 iterations for size 100, cohesion 80.

Results successfully written to job80227/comparison_results_linearSwitchFromGroupedProtected_100_c60-70-80.json
  Completed 100 iterations for size 100, cohesion 60.
  Completed 100 iterations for size 100, cohesion 70.
  Completed 100 iterations for size 100, cohesion 80.

Results successfully written to job80227/comparison_results_linearSwitchFromGroupedProtected_100_c60-70-80.json
  Completed 100 iterations for size 100, cohesion 60.
  Completed 100 iterations for size 100, cohesion 70.
  Completed 100 iterations for size 100, cohesion 80.

Results successfully written to job80227/comparison_results_linearSwitchFromGroupedProtected_100_c60-70-80.json
  Completed 100 iterations for size 100, cohesion 60.
  Completed 100 iterations for size 100, cohesion 70.
  Completed 100 iterations for size 100, cohesion 80.

Results successfully written to job80227/comparison_results_linearSwitchFromGroupedProtected_100_c60-70-80.json
  Completed 100 iterations for size 100, cohesion 60.
  Completed 100 iterations for size 100, cohesion 70.
  Completed 100 iterations for size 100, cohesion 80.

Results successfully written to job80227/comparison_results_linearSwitchFromGroupedProtected_100_c60-70-80.json
  Completed 100 iterations for size 100, cohesion 60.
  Completed 100 iterations for size 100, cohesion 70.
  Completed 100 iterations for size 100, cohesion 80.

Results successfully written to job80227/comparison_results_linearSwitchFromGroupedProtected_100_c60-70-80.json

================================================================================
Algorithm                   People    Avg Score  Avg Time(s)
--------------------------------------------------------------------------------
linearSwitchFromGroupedProtected      100       5007.3       2.1648
================================================================================

Results successfully written to job80227/comparison_results_linearSwitchFromGroupedProtected_100_c60-70-80.json
