Task 27 running algorithm: linearSwitchFromGroupedProtected, people: 100, cohesions: 90 100
desktop4.hpc.itu.dk
aubu
/home/aubu/bachelorProject/hpc-jobs
Running iterations for algorithm: linearSwitchFromGroupedProtected
  Completed 100 iterations for size 100, cohesion 90.
  Completed 100 iterations for size 100, cohesion 100.

Results successfully written to job80227/comparison_results_linearSwitchFromGroupedProtected_100_c90-100.json
  Completed 100 iterations for size 100, cohesion 90.
  Completed 100 iterations for size 100, cohesion 100.

Results successfully written to job80227/comparison_results_linearSwitchFromGroupedProtected_100_c90-100.json
  Completed 100 iterations for size 100, cohesion 90.
  Completed 100 iterations for size 100, cohesion 100.

Results successfully written to job80227/comparison_results_linearSwitchFromGroupedProtected_100_c90-100.json
  Completed 100 iterations for size 100, cohesion 90.
  Completed 100 iterations for size 100, cohesion 100.

Results successfully written to job80227/comparison_results_linearSwitchFromGroupedProtected_100_c90-100.json
  Completed 100 iterations for size 100, cohesion 90.
  Completed 100 iterations for size 100, cohesion 100.

Results successfully written to job80227/comparison_results_linearSwitchFromGroupedProtected_100_c90-100.json
  Completed 100 iterations for size 100, cohesion 90.
  Completed 100 iterations for size 100, cohesion 100.

Results successfully written to job80227/comparison_results_linearSwitchFromGroupedProtected_100_c90-100.json
  Completed 100 iterations for size 100, cohesion 90.
  Completed 100 iterations for size 100, cohesion 100.

Results successfully written to job80227/comparison_results_linearSwitchFromGroupedProtected_100_c90-100.json
  Completed 100 iterations for size 100, cohesion 90.
  Completed 100 iterations for size 100, cohesion 100.

Results successfully written to job80227/comparison_results_linearSwitchFromGroupedProtected_100_c90-100.json
  Completed 100 iterations for size 100, cohesion 90.
  Completed 100 iterations for size 100, cohesion 100.

Results successfully written to job80227/comparison_results_linearSwitchFromGroupedProtected_100_c90-100.json
  Completed 100 iterations for size 100, cohesion 90.
  Completed 100 iterations for size 100, cohesion 100.

Results successfully written to job80227/comparison_results_linearSwitchFromGroupedProtected_100_c90-100.json
  Completed 100 iterations for size 100, cohesion 90.
  Completed 100 iterations for size 100, cohesion 100.

Results successfully written to job80227/comparison_results_linearSwitchFromGroupedProtected_100_c90-100.json
  Completed 100 iterations for size 100, cohesion 90.
  Completed 100 iterations for size 100, cohesion 100.

Results successfully written to job80227/comparison_results_linearSwitchFromGroupedProtected_100_c90-100.json
  Completed 100 iterations for size 100, cohesion 90.
  Completed 100 iterations for size 100, cohesion 100.

Results successfully written to job80227/comparison_results_linearSwitchFromGroupedProtected_100_c90-100.json
  Completed 100 iterations for size 100, cohesion 90.
  Completed 100 iterations for size 100, cohesion 100.

Results successfully written to job80227/comparison_results_linearSwitchFromGroupedProtected_100_c90-100.json
  Completed 100 iterations for size 100, cohesion 90.
  Completed 100 iterations for size 100, cohesion 100.

Results successfully written to job80227/comparison_results_linearSwitchFromGroupedProtected_100_c90-100.json
  Completed 100 iterations for size 100, cohesion 90.
  Completed 100 iterations for size 100, cohesion 100.

Results successfully written to job80227/comparison_results_linearSwitchFromGroupedProtected_100_c90-100.json
  Completed 100 iterations for size 100, cohesion 90.
  Completed 100 iterations for size 100, cohesion 100.

Results successfully written to job80227/comparison_results_linearSwitchFromGroupedProtected_100_c90-100.json
  Completed 100 iterations for size 100, cohesion 90.
  Completed 100 iterations for size 100, cohesion 100.

Results successfully written to job80227/comparison_results_linearSwitchFromGroupedProtected_100_c90-100.json
  Completed 100 iterations for size 100, cohesion 90.
  Completed 100 iterations for size 100, cohesion 100.

Results successfully written to job80227/comparison_results_linearSwitchFromGroupedProtected_100_c90-100.json
  Completed 100 iterations for size 100, cohesion 90.
  Completed 100 iterations for size 100, cohesion 100.

Results successfully written to job80227/comparison_results_linearSwitchFromGroupedProtected_100_c90-100.json
  Completed 100 iterations for size 100, cohesion 90.
  Completed 100 iterations for size 100, cohesion 100.

Results successfully written to job80227/comparison_results_linearSwitchFromGroupedProtected_100_c90-100.json
  Completed 100 iterations for size 100, cohesion 90.
  Completed 100 iterations for size 100, cohesion 100.

Results successfully written to job80227/comparison_results_linearSwitchFromGroupedProtected_100_c90-100.json
  Completed 100 iterations for size 100, cohesion 90.
  Completed 100 iterations for size 100, cohesion 100.

Results successfully written to job80227/comparison_results_linearSwitchFromGroupedProtected_100_c90-100.json
  Completed 100 iterations for size 100, cohesion 90.
  Completed 100 iterations for size 100, cohesion 100.

Results successfully written to job80227/comparison_results_linearSwitchFromGroupedProtected_100_c90-100.json
  Completed 100 iterations for size 100, cohesion 90.
  Completed 100 iterations for size 100, cohesion 100.

Results successfully written to job80227/comparison_results_linearSwitchFromGroupedProtected_100_c90-100.json
  Completed 100 iterations for size 100, cohesion 90.
  Completed 100 iterations for size 100, cohesion 100.

Results successfully written to job80227/comparison_results_linearSwitchFromGroupedProtected_100_c90-100.json
  Completed 100 iterations for size 100, cohesion 90.
  Completed 100 iterations for size 100, cohesion 100.

Results successfully written to job80227/comparison_results_linearSwitchFromGroupedProtected_100_c90-100.json
  Completed 100 iterations for size 100, cohesion 90.
  Completed 100 iterations for size 100, cohesion 100.

Results successfully written to job80227/comparison_results_linearSwitchFromGroupedProtected_100_c90-100.json
  Completed 100 iterations for size 100, cohesion 90.
  Completed 100 iterations for size 100, cohesion 100.

Results successfully written to job80227/comparison_results_linearSwitchFromGroupedProtected_100_c90-100.json
  Completed 100 iterations for size 100, cohesion 90.
  Completed 100 iterations for size 100, cohesion 100.

Results successfully written to job80227/comparison_results_linearSwitchFromGroupedProtected_100_c90-100.json
  Completed 100 iterations for size 100, cohesion 90.
  Completed 100 iterations for size 100, cohesion 100.

Results successfully written to job80227/comparison_results_linearSwitchFromGroupedProtected_100_c90-100.json
  Completed 100 iterations for size 100, cohesion 90.
  Completed 100 iterations for size 100, cohesion 100.

Results successfully written to job80227/comparison_results_linearSwitchFromGroupedProtected_100_c90-100.json
  Completed 100 iterations for size 100, cohesion 90.
  Completed 100 iterations for size 100, cohesion 100.

Results successfully written to job80227/comparison_results_linearSwitchFromGroupedProtected_100_c90-100.json
  Completed 100 iterations for size 100, cohesion 90.
  Completed 100 iterations for size 100, cohesion 100.

Results successfully written to job80227/comparison_results_linearSwitchFromGroupedProtected_100_c90-100.json
  Completed 100 iterations for size 100, cohesion 90.
  Completed 100 iterations for size 100, cohesion 100.

Results successfully written to job80227/comparison_results_linearSwitchFromGroupedProtected_100_c90-100.json
  Completed 100 iterations for size 100, cohesion 90.
  Completed 100 iterations for size 100, cohesion 100.

Results successfully written to job80227/comparison_results_linearSwitchFromGroupedProtected_100_c90-100.json
  Completed 100 iterations for size 100, cohesion 90.
  Completed 100 iterations for size 100, cohesion 100.

Results successfully written to job80227/comparison_results_linearSwitchFromGroupedProtected_100_c90-100.json
  Completed 100 iterations for size 100, cohesion 90.
  Completed 100 iterations for size 100, cohesion 100.

Results successfully written to job80227/comparison_results_linearSwitchFromGroupedProtected_100_c90-100.json
  Completed 100 iterations for size 100, cohesion 90.
  Completed 100 iterations for size 100, cohesion 100.

Results successfully written to job80227/comparison_results_linearSwitchFromGroupedProtected_100_c90-100.json
  Completed 100 iterations for size 100, cohesion 90.
  Completed 100 iterations for size 100, cohesion 100.

Results successfully written to job80227/comparison_results_linearSwitchFromGroupedProtected_100_c90-100.json
  Completed 100 iterations for size 100, cohesion 90.
  Completed 100 iterations for size 100, cohesion 100.

Results successfully written to job80227/comparison_results_linearSwitchFromGroupedProtected_100_c90-100.json
  Completed 100 iterations for size 100, cohesion 90.
  Completed 100 iterations for size 100, cohesion 100.

Results successfully written to job80227/comparison_results_linearSwitchFromGroupedProtected_100_c90-100.json
  Completed 100 iterations for size 100, cohesion 90.
  Completed 100 iterations for size 100, cohesion 100.

Results successfully written to job80227/comparison_results_linearSwitchFromGroupedProtected_100_c90-100.json
  Completed 100 iterations for size 100, cohesion 90.
  Completed 100 iterations for size 100, cohesion 100.

Results successfully written to job80227/comparison_results_linearSwitchFromGroupedProtected_100_c90-100.json
  Completed 100 iterations for size 100, cohesion 90.
  Completed 100 iterations for size 100, cohesion 100.

Results successfully written to job80227/comparison_results_linearSwitchFromGroupedProtected_100_c90-100.json
  Completed 100 iterations for size 100, cohesion 90.
  Completed 100 iterations for size 100, cohesion 100.

Results successfully written to job80227/comparison_results_linearSwitchFromGroupedProtected_100_c90-100.json
  Completed 100 iterations for size 100, cohesion 90.
  Completed 100 iterations for size 100, cohesion 100.

Results successfully written to job80227/comparison_results_linearSwitchFromGroupedProtected_100_c90-100.json
  Completed 100 iterations for size 100, cohesion 90.
  Completed 100 iterations for size 100, cohesion 100.

Results successfully written to job80227/comparison_results_linearSwitchFromGroupedProtected_100_c90-100.json
  Completed 100 iterations for size 100, cohesion 90.
  Completed 100 iterations for size 100, cohesion 100.

Results successfully written to job80227/comparison_results_linearSwitchFromGroupedProtected_100_c90-100.json
  Completed 100 iterations for size 100, cohesion 90.
  Completed 100 iterations for size 100, cohesion 100.

Results successfully written to job80227/comparison_results_linearSwitchFromGroupedProtected_100_c90-100.json
  Completed 100 iterations for size 100, cohesion 90.
  Completed 100 iterations for size 100, cohesion 100.

Results successfully written to job80227/comparison_results_linearSwitchFromGroupedProtected_100_c90-100.json
  Completed 100 iterations for size 100, cohesion 90.
  Completed 100 iterations for size 100, cohesion 100.

Results successfully written to job80227/comparison_results_linearSwitchFromGroupedProtected_100_c90-100.json
  Completed 100 iterations for size 100, cohesion 90.
  Completed 100 iterations for size 100, cohesion 100.

Results successfully written to job80227/comparison_results_linearSwitchFromGroupedProtected_100_c90-100.json
  Completed 100 iterations for size 100, cohesion 90.
  Completed 100 iterations for size 100, cohesion 100.

Results successfully written to job80227/comparison_results_linearSwitchFromGroupedProtected_100_c90-100.json
  Completed 100 iterations for size 100, cohesion 90.
  Completed 100 iterations for size 100, cohesion 100.

Results successfully written to job80227/comparison_results_linearSwitchFromGroupedProtected_100_c90-100.json
  Completed 100 iterations for size 100, cohesion 90.
  Completed 100 iterations for size 100, cohesion 100.

Results successfully written to job80227/comparison_results_linearSwitchFromGroupedProtected_100_c90-100.json
  Completed 100 iterations for size 100, cohesion 90.
  Completed 100 iterations for size 100, cohesion 100.

Results successfully written to job80227/comparison_results_linearSwitchFromGroupedProtected_100_c90-100.json
  Completed 100 iterations for size 100, cohesion 90.
  Completed 100 iterations for size 100, cohesion 100.

Results successfully written to job80227/comparison_results_linearSwitchFromGroupedProtected_100_c90-100.json
  Completed 100 iterations for size 100, cohesion 90.
  Completed 100 iterations for size 100, cohesion 100.

Results successfully written to job80227/comparison_results_linearSwitchFromGroupedProtected_100_c90-100.json
  Completed 100 iterations for size 100, cohesion 90.
  Completed 100 iterations for size 100, cohesion 100.

Results successfully written to job80227/comparison_results_linearSwitchFromGroupedProtected_100_c90-100.json
  Completed 100 iterations for size 100, cohesion 90.
  Completed 100 iterations for size 100, cohesion 100.

Results successfully written to job80227/comparison_results_linearSwitchFromGroupedProtected_100_c90-100.json
  Completed 100 iterations for size 100, cohesion 90.
  Completed 100 iterations for size 100, cohesion 100.

Results successfully written to job80227/comparison_results_linearSwitchFromGroupedProtected_100_c90-100.json
  Completed 100 iterations for size 100, cohesion 90.
  Completed 100 iterations for size 100, cohesion 100.

Results successfully written to job80227/comparison_results_linearSwitchFromGroupedProtected_100_c90-100.json
  Completed 100 iterations for size 100, cohesion 90.
  Completed 100 iterations for size 100, cohesion 100.

Results successfully written to job80227/comparison_results_linearSwitchFromGroupedProtected_100_c90-100.json
  Completed 100 iterations for size 100, cohesion 90.
  Completed 100 iterations for size 100, cohesion 100.

Results successfully written to job80227/comparison_results_linearSwitchFromGroupedProtected_100_c90-100.json
  Completed 100 iterations for size 100, cohesion 90.
  Completed 100 iterations for size 100, cohesion 100.

Results successfully written to job80227/comparison_results_linearSwitchFromGroupedProtected_100_c90-100.json
  Completed 100 iterations for size 100, cohesion 90.
  Completed 100 iterations for size 100, cohesion 100.

Results successfully written to job80227/comparison_results_linearSwitchFromGroupedProtected_100_c90-100.json
  Completed 100 iterations for size 100, cohesion 90.
  Completed 100 iterations for size 100, cohesion 100.

Results successfully written to job80227/comparison_results_linearSwitchFromGroupedProtected_100_c90-100.json
  Completed 100 iterations for size 100, cohesion 90.
  Completed 100 iterations for size 100, cohesion 100.

Results successfully written to job80227/comparison_results_linearSwitchFromGroupedProtected_100_c90-100.json
  Completed 100 iterations for size 100, cohesion 90.
  Completed 100 iterations for size 100, cohesion 100.

Results successfully written to job80227/comparison_results_linearSwitchFromGroupedProtected_100_c90-100.json
  Completed 100 iterations for size 100, cohesion 90.
  Completed 100 iterations for size 100, cohesion 100.

Results successfully written to job80227/comparison_results_linearSwitchFromGroupedProtected_100_c90-100.json
  Completed 100 iterations for size 100, cohesion 90.
  Completed 100 iterations for size 100, cohesion 100.

Results successfully written to job80227/comparison_results_linearSwitchFromGroupedProtected_100_c90-100.json
  Completed 100 iterations for size 100, cohesion 90.
  Completed 100 iterations for size 100, cohesion 100.

Results successfully written to job80227/comparison_results_linearSwitchFromGroupedProtected_100_c90-100.json
  Completed 100 iterations for size 100, cohesion 90.
  Completed 100 iterations for size 100, cohesion 100.

Results successfully written to job80227/comparison_results_linearSwitchFromGroupedProtected_100_c90-100.json
  Completed 100 iterations for size 100, cohesion 90.
  Completed 100 iterations for size 100, cohesion 100.

Results successfully written to job80227/comparison_results_linearSwitchFromGroupedProtected_100_c90-100.json
  Completed 100 iterations for size 100, cohesion 90.
  Completed 100 iterations for size 100, cohesion 100.

Results successfully written to job80227/comparison_results_linearSwitchFromGroupedProtected_100_c90-100.json
  Completed 100 iterations for size 100, cohesion 90.
  Completed 100 iterations for size 100, cohesion 100.

Results successfully written to job80227/comparison_results_linearSwitchFromGroupedProtected_100_c90-100.json
  Completed 100 iterations for size 100, cohesion 90.
  Completed 100 iterations for size 100, cohesion 100.

Results successfully written to job80227/comparison_results_linearSwitchFromGroupedProtected_100_c90-100.json
  Completed 100 iterations for size 100, cohesion 90.
  Completed 100 iterations for size 100, cohesion 100.

Results successfully written to job80227/comparison_results_linearSwitchFromGroupedProtected_100_c90-100.json
  Completed 100 iterations for size 100, cohesion 90.
  Completed 100 iterations for size 100, cohesion 100.

Results successfully written to job80227/comparison_results_linearSwitchFromGroupedProtected_100_c90-100.json
  Completed 100 iterations for size 100, cohesion 90.
  Completed 100 iterations for size 100, cohesion 100.

Results successfully written to job80227/comparison_results_linearSwitchFromGroupedProtected_100_c90-100.json
  Completed 100 iterations for size 100, cohesion 90.
  Completed 100 iterations for size 100, cohesion 100.

Results successfully written to job80227/comparison_results_linearSwitchFromGroupedProtected_100_c90-100.json
  Completed 100 iterations for size 100, cohesion 90.
  Completed 100 iterations for size 100, cohesion 100.

Results successfully written to job80227/comparison_results_linearSwitchFromGroupedProtected_100_c90-100.json
  Completed 100 iterations for size 100, cohesion 90.
  Completed 100 iterations for size 100, cohesion 100.

Results successfully written to job80227/comparison_results_linearSwitchFromGroupedProtected_100_c90-100.json
  Completed 100 iterations for size 100, cohesion 90.
  Completed 100 iterations for size 100, cohesion 100.

Results successfully written to job80227/comparison_results_linearSwitchFromGroupedProtected_100_c90-100.json
  Completed 100 iterations for size 100, cohesion 90.
  Completed 100 iterations for size 100, cohesion 100.

Results successfully written to job80227/comparison_results_linearSwitchFromGroupedProtected_100_c90-100.json
  Completed 100 iterations for size 100, cohesion 90.
  Completed 100 iterations for size 100, cohesion 100.

Results successfully written to job80227/comparison_results_linearSwitchFromGroupedProtected_100_c90-100.json
  Completed 100 iterations for size 100, cohesion 90.
  Completed 100 iterations for size 100, cohesion 100.

Results successfully written to job80227/comparison_results_linearSwitchFromGroupedProtected_100_c90-100.json
  Completed 100 iterations for size 100, cohesion 90.
  Completed 100 iterations for size 100, cohesion 100.

Results successfully written to job80227/comparison_results_linearSwitchFromGroupedProtected_100_c90-100.json
  Completed 100 iterations for size 100, cohesion 90.
  Completed 100 iterations for size 100, cohesion 100.

Results successfully written to job80227/comparison_results_linearSwitchFromGroupedProtected_100_c90-100.json
  Completed 100 iterations for size 100, cohesion 90.
  Completed 100 iterations for size 100, cohesion 100.

Results successfully written to job80227/comparison_results_linearSwitchFromGroupedProtected_100_c90-100.json
  Completed 100 iterations for size 100, cohesion 90.
  Completed 100 iterations for size 100, cohesion 100.

Results successfully written to job80227/comparison_results_linearSwitchFromGroupedProtected_100_c90-100.json
  Completed 100 iterations for size 100, cohesion 90.
  Completed 100 iterations for size 100, cohesion 100.

Results successfully written to job80227/comparison_results_linearSwitchFromGroupedProtected_100_c90-100.json
  Completed 100 iterations for size 100, cohesion 90.
  Completed 100 iterations for size 100, cohesion 100.

Results successfully written to job80227/comparison_results_linearSwitchFromGroupedProtected_100_c90-100.json
  Completed 100 iterations for size 100, cohesion 90.
  Completed 100 iterations for size 100, cohesion 100.

Results successfully written to job80227/comparison_results_linearSwitchFromGroupedProtected_100_c90-100.json
  Completed 100 iterations for size 100, cohesion 90.
  Completed 100 iterations for size 100, cohesion 100.

Results successfully written to job80227/comparison_results_linearSwitchFromGroupedProtected_100_c90-100.json
  Completed 100 iterations for size 100, cohesion 90.
  Completed 100 iterations for size 100, cohesion 100.

Results successfully written to job80227/comparison_results_linearSwitchFromGroupedProtected_100_c90-100.json
  Completed 100 iterations for size 100, cohesion 90.
  Completed 100 iterations for size 100, cohesion 100.

Results successfully written to job80227/comparison_results_linearSwitchFromGroupedProtected_100_c90-100.json
  Completed 100 iterations for size 100, cohesion 90.
  Completed 100 iterations for size 100, cohesion 100.

Results successfully written to job80227/comparison_results_linearSwitchFromGroupedProtected_100_c90-100.json
  Completed 100 iterations for size 100, cohesion 90.
  Completed 100 iterations for size 100, cohesion 100.

Results successfully written to job80227/comparison_results_linearSwitchFromGroupedProtected_100_c90-100.json

================================================================================
Algorithm                   People    Avg Score  Avg Time(s)
--------------------------------------------------------------------------------
linearSwitchFromGroupedProtected      100       5045.6       1.9804
================================================================================

Results successfully written to job80227/comparison_results_linearSwitchFromGroupedProtected_100_c90-100.json
