Task 28 running algorithm: linearSwitchFromGroupedProtected, people: 300, cohesions: 0 10 20
desktop4.hpc.itu.dk
aubu
/home/aubu/bachelorProject/hpc-jobs
Running iterations for algorithm: linearSwitchFromGroupedProtected
  Completed 100 iterations for size 300, cohesion 0.
  Completed 100 iterations for size 300, cohesion 10.
  Completed 100 iterations for size 300, cohesion 20.

Results successfully written to job80227/comparison_results_linearSwitchFromGroupedProtected_300_c0-10-20.json
  Completed 100 iterations for size 300, cohesion 0.
  Completed 100 iterations for size 300, cohesion 10.
  Completed 100 iterations for size 300, cohesion 20.

Results successfully written to job80227/comparison_results_linearSwitchFromGroupedProtected_300_c0-10-20.json
  Completed 100 iterations for size 300, cohesion 0.
  Completed 100 iterations for size 300, cohesion 10.
  Completed 100 iterations for size 300, cohesion 20.

Results successfully written to job80227/comparison_results_linearSwitchFromGroupedProtected_300_c0-10-20.json
  Completed 100 iterations for size 300, cohesion 0.
  Completed 100 iterations for size 300, cohesion 10.
  Completed 100 iterations for size 300, cohesion 20.

Results successfully written to job80227/comparison_results_linearSwitchFromGroupedProtected_300_c0-10-20.json
  Completed 100 iterations for size 300, cohesion 0.
  Completed 100 iterations for size 300, cohesion 10.
  Completed 100 iterations for size 300, cohesion 20.

Results successfully written to job80227/comparison_results_linearSwitchFromGroupedProtected_300_c0-10-20.json
  Completed 100 iterations for size 300, cohesion 0.
  Completed 100 iterations for size 300, cohesion 10.
  Completed 100 iterations for size 300, cohesion 20.

Results successfully written to job80227/comparison_results_linearSwitchFromGroupedProtected_300_c0-10-20.json
  Completed 100 iterations for size 300, cohesion 0.
  Completed 100 iterations for size 300, cohesion 10.
  Completed 100 iterations for size 300, cohesion 20.

Results successfully written to job80227/comparison_results_linearSwitchFromGroupedProtected_300_c0-10-20.json
  Completed 100 iterations for size 300, cohesion 0.
  Completed 100 iterations for size 300, cohesion 10.
  Completed 100 iterations for size 300, cohesion 20.

Results successfully written to job80227/comparison_results_linearSwitchFromGroupedProtected_300_c0-10-20.json
  Completed 100 iterations for size 300, cohesion 0.
  Completed 100 iterations for size 300, cohesion 10.
  Completed 100 iterations for size 300, cohesion 20.

Results successfully written to job80227/comparison_results_linearSwitchFromGroupedProtected_300_c0-10-20.json
  Completed 100 iterations for size 300, cohesion 0.
  Completed 100 iterations for size 300, cohesion 10.
  Completed 100 iterations for size 300, cohesion 20.

Results successfully written to job80227/comparison_results_linearSwitchFromGroupedProtected_300_c0-10-20.json
  Completed 100 iterations for size 300, cohesion 0.
  Completed 100 iterations for size 300, cohesion 10.
  Completed 100 iterations for size 300, cohesion 20.

Results successfully written to job80227/comparison_results_linearSwitchFromGroupedProtected_300_c0-10-20.json
  Completed 100 iterations for size 300, cohesion 0.
  Completed 100 iterations for size 300, cohesion 10.
  Completed 100 iterations for size 300, cohesion 20.

Results successfully written to job80227/comparison_results_linearSwitchFromGroupedProtected_300_c0-10-20.json
  Completed 100 iterations for size 300, cohesion 0.
  Completed 100 iterations for size 300, cohesion 10.
  Completed 100 iterations for size 300, cohesion 20.

Results successfully written to job80227/comparison_results_linearSwitchFromGroupedProtected_300_c0-10-20.json
  Completed 100 iterations for size 300, cohesion 0.
  Completed 100 iterations for size 300, cohesion 10.
  Completed 100 iterations for size 300, cohesion 20.

Results successfully written to job80227/comparison_results_linearSwitchFromGroupedProtected_300_c0-10-20.json
  Completed 100 iterations for size 300, cohesion 0.
  Completed 100 iterations for size 300, cohesion 10.
  Completed 100 iterations for size 300, cohesion 20.

Results successfully written to job80227/comparison_results_linearSwitchFromGroupedProtected_300_c0-10-20.json
  Completed 100 iterations for size 300, cohesion 0.
  Completed 100 iterations for size 300, cohesion 10.
  Completed 100 iterations for size 300, cohesion 20.

Results successfully written to job80227/comparison_results_linearSwitchFromGroupedProtected_300_c0-10-20.json
  Completed 100 iterations for size 300, cohesion 0.
  Completed 100 iterations for size 300, cohesion 10.
  Completed 100 iterations for size 300, cohesion 20.

Results successfully written to job80227/comparison_results_linearSwitchFromGroupedProtected_300_c0-10-20.json
  Completed 100 iterations for size 300, cohesion 0.
  Completed 100 iterations for size 300, cohesion 10.
  Completed 100 iterations for size 300, cohesion 20.

Results successfully written to job80227/comparison_results_linearSwitchFromGroupedProtected_300_c0-10-20.json
  Completed 100 iterations for size 300, cohesion 0.
  Completed 100 iterations for size 300, cohesion 10.
  Completed 100 iterations for size 300, cohesion 20.

Results successfully written to job80227/comparison_results_linearSwitchFromGroupedProtected_300_c0-10-20.json
  Completed 100 iterations for size 300, cohesion 0.
  Completed 100 iterations for size 300, cohesion 10.
  Completed 100 iterations for size 300, cohesion 20.

Results successfully written to job80227/comparison_results_linearSwitchFromGroupedProtected_300_c0-10-20.json
  Completed 100 iterations for size 300, cohesion 0.
  Completed 100 iterations for size 300, cohesion 10.
  Completed 100 iterations for size 300, cohesion 20.

Results successfully written to job80227/comparison_results_linearSwitchFromGroupedProtected_300_c0-10-20.json
  Completed 100 iterations for size 300, cohesion 0.
  Completed 100 iterations for size 300, cohesion 10.
  Completed 100 iterations for size 300, cohesion 20.

Results successfully written to job80227/comparison_results_linearSwitchFromGroupedProtected_300_c0-10-20.json
  Completed 100 iterations for size 300, cohesion 0.
  Completed 100 iterations for size 300, cohesion 10.
  Completed 100 iterations for size 300, cohesion 20.

Results successfully written to job80227/comparison_results_linearSwitchFromGroupedProtected_300_c0-10-20.json
  Completed 100 iterations for size 300, cohesion 0.
  Completed 100 iterations for size 300, cohesion 10.
  Completed 100 iterations for size 300, cohesion 20.

Results successfully written to job80227/comparison_results_linearSwitchFromGroupedProtected_300_c0-10-20.json
  Completed 100 iterations for size 300, cohesion 0.
  Completed 100 iterations for size 300, cohesion 10.
  Completed 100 iterations for size 300, cohesion 20.

Results successfully written to job80227/comparison_results_linearSwitchFromGroupedProtected_300_c0-10-20.json
  Completed 100 iterations for size 300, cohesion 0.
  Completed 100 iterations for size 300, cohesion 10.
  Completed 100 iterations for size 300, cohesion 20.

Results successfully written to job80227/comparison_results_linearSwitchFromGroupedProtected_300_c0-10-20.json
  Completed 100 iterations for size 300, cohesion 0.
  Completed 100 iterations for size 300, cohesion 10.
  Completed 100 iterations for size 300, cohesion 20.

Results successfully written to job80227/comparison_results_linearSwitchFromGroupedProtected_300_c0-10-20.json
  Completed 100 iterations for size 300, cohesion 0.
  Completed 100 iterations for size 300, cohesion 10.
  Completed 100 iterations for size 300, cohesion 20.

Results successfully written to job80227/comparison_results_linearSwitchFromGroupedProtected_300_c0-10-20.json
  Completed 100 iterations for size 300, cohesion 0.
  Completed 100 iterations for size 300, cohesion 10.
  Completed 100 iterations for size 300, cohesion 20.

Results successfully written to job80227/comparison_results_linearSwitchFromGroupedProtected_300_c0-10-20.json
  Completed 100 iterations for size 300, cohesion 0.
  Completed 100 iterations for size 300, cohesion 10.
  Completed 100 iterations for size 300, cohesion 20.

Results successfully written to job80227/comparison_results_linearSwitchFromGroupedProtected_300_c0-10-20.json
  Completed 100 iterations for size 300, cohesion 0.
  Completed 100 iterations for size 300, cohesion 10.
  Completed 100 iterations for size 300, cohesion 20.

Results successfully written to job80227/comparison_results_linearSwitchFromGroupedProtected_300_c0-10-20.json
  Completed 100 iterations for size 300, cohesion 0.
  Completed 100 iterations for size 300, cohesion 10.
  Completed 100 iterations for size 300, cohesion 20.

Results successfully written to job80227/comparison_results_linearSwitchFromGroupedProtected_300_c0-10-20.json
  Completed 100 iterations for size 300, cohesion 0.
  Completed 100 iterations for size 300, cohesion 10.
  Completed 100 iterations for size 300, cohesion 20.

Results successfully written to job80227/comparison_results_linearSwitchFromGroupedProtected_300_c0-10-20.json
  Completed 100 iterations for size 300, cohesion 0.
  Completed 100 iterations for size 300, cohesion 10.
  Completed 100 iterations for size 300, cohesion 20.

Results successfully written to job80227/comparison_results_linearSwitchFromGroupedProtected_300_c0-10-20.json
  Completed 100 iterations for size 300, cohesion 0.
  Completed 100 iterations for size 300, cohesion 10.
  Completed 100 iterations for size 300, cohesion 20.

Results successfully written to job80227/comparison_results_linearSwitchFromGroupedProtected_300_c0-10-20.json
  Completed 100 iterations for size 300, cohesion 0.
  Completed 100 iterations for size 300, cohesion 10.
  Completed 100 iterations for size 300, cohesion 20.

Results successfully written to job80227/comparison_results_linearSwitchFromGroupedProtected_300_c0-10-20.json
  Completed 100 iterations for size 300, cohesion 0.
  Completed 100 iterations for size 300, cohesion 10.
  Completed 100 iterations for size 300, cohesion 20.

Results successfully written to job80227/comparison_results_linearSwitchFromGroupedProtected_300_c0-10-20.json
  Completed 100 iterations for size 300, cohesion 0.
  Completed 100 iterations for size 300, cohesion 10.
  Completed 100 iterations for size 300, cohesion 20.

Results successfully written to job80227/comparison_results_linearSwitchFromGroupedProtected_300_c0-10-20.json
  Completed 100 iterations for size 300, cohesion 0.
  Completed 100 iterations for size 300, cohesion 10.
  Completed 100 iterations for size 300, cohesion 20.

Results successfully written to job80227/comparison_results_linearSwitchFromGroupedProtected_300_c0-10-20.json
  Completed 100 iterations for size 300, cohesion 0.
  Completed 100 iterations for size 300, cohesion 10.
  Completed 100 iterations for size 300, cohesion 20.

Results successfully written to job80227/comparison_results_linearSwitchFromGroupedProtected_300_c0-10-20.json
  Completed 100 iterations for size 300, cohesion 0.
  Completed 100 iterations for size 300, cohesion 10.
  Completed 100 iterations for size 300, cohesion 20.

Results successfully written to job80227/comparison_results_linearSwitchFromGroupedProtected_300_c0-10-20.json
  Completed 100 iterations for size 300, cohesion 0.
  Completed 100 iterations for size 300, cohesion 10.
  Completed 100 iterations for size 300, cohesion 20.

Results successfully written to job80227/comparison_results_linearSwitchFromGroupedProtected_300_c0-10-20.json
  Completed 100 iterations for size 300, cohesion 0.
  Completed 100 iterations for size 300, cohesion 10.
  Completed 100 iterations for size 300, cohesion 20.

Results successfully written to job80227/comparison_results_linearSwitchFromGroupedProtected_300_c0-10-20.json
  Completed 100 iterations for size 300, cohesion 0.
  Completed 100 iterations for size 300, cohesion 10.
  Completed 100 iterations for size 300, cohesion 20.

Results successfully written to job80227/comparison_results_linearSwitchFromGroupedProtected_300_c0-10-20.json
  Completed 100 iterations for size 300, cohesion 0.
  Completed 100 iterations for size 300, cohesion 10.
  Completed 100 iterations for size 300, cohesion 20.

Results successfully written to job80227/comparison_results_linearSwitchFromGroupedProtected_300_c0-10-20.json
  Completed 100 iterations for size 300, cohesion 0.
  Completed 100 iterations for size 300, cohesion 10.
  Completed 100 iterations for size 300, cohesion 20.

Results successfully written to job80227/comparison_results_linearSwitchFromGroupedProtected_300_c0-10-20.json
  Completed 100 iterations for size 300, cohesion 0.
  Completed 100 iterations for size 300, cohesion 10.
  Completed 100 iterations for size 300, cohesion 20.

Results successfully written to job80227/comparison_results_linearSwitchFromGroupedProtected_300_c0-10-20.json
  Completed 100 iterations for size 300, cohesion 0.
  Completed 100 iterations for size 300, cohesion 10.
  Completed 100 iterations for size 300, cohesion 20.

Results successfully written to job80227/comparison_results_linearSwitchFromGroupedProtected_300_c0-10-20.json
  Completed 100 iterations for size 300, cohesion 0.
  Completed 100 iterations for size 300, cohesion 10.
  Completed 100 iterations for size 300, cohesion 20.

Results successfully written to job80227/comparison_results_linearSwitchFromGroupedProtected_300_c0-10-20.json
  Completed 100 iterations for size 300, cohesion 0.
  Completed 100 iterations for size 300, cohesion 10.
  Completed 100 iterations for size 300, cohesion 20.

Results successfully written to job80227/comparison_results_linearSwitchFromGroupedProtected_300_c0-10-20.json
  Completed 100 iterations for size 300, cohesion 0.
  Completed 100 iterations for size 300, cohesion 10.
  Completed 100 iterations for size 300, cohesion 20.

Results successfully written to job80227/comparison_results_linearSwitchFromGroupedProtected_300_c0-10-20.json
  Completed 100 iterations for size 300, cohesion 0.
  Completed 100 iterations for size 300, cohesion 10.
  Completed 100 iterations for size 300, cohesion 20.

Results successfully written to job80227/comparison_results_linearSwitchFromGroupedProtected_300_c0-10-20.json
  Completed 100 iterations for size 300, cohesion 0.
  Completed 100 iterations for size 300, cohesion 10.
  Completed 100 iterations for size 300, cohesion 20.

Results successfully written to job80227/comparison_results_linearSwitchFromGroupedProtected_300_c0-10-20.json
  Completed 100 iterations for size 300, cohesion 0.
  Completed 100 iterations for size 300, cohesion 10.
  Completed 100 iterations for size 300, cohesion 20.

Results successfully written to job80227/comparison_results_linearSwitchFromGroupedProtected_300_c0-10-20.json
  Completed 100 iterations for size 300, cohesion 0.
  Completed 100 iterations for size 300, cohesion 10.
  Completed 100 iterations for size 300, cohesion 20.

Results successfully written to job80227/comparison_results_linearSwitchFromGroupedProtected_300_c0-10-20.json
  Completed 100 iterations for size 300, cohesion 0.
  Completed 100 iterations for size 300, cohesion 10.
  Completed 100 iterations for size 300, cohesion 20.

Results successfully written to job80227/comparison_results_linearSwitchFromGroupedProtected_300_c0-10-20.json
  Completed 100 iterations for size 300, cohesion 0.
  Completed 100 iterations for size 300, cohesion 10.
  Completed 100 iterations for size 300, cohesion 20.

Results successfully written to job80227/comparison_results_linearSwitchFromGroupedProtected_300_c0-10-20.json
  Completed 100 iterations for size 300, cohesion 0.
  Completed 100 iterations for size 300, cohesion 10.
  Completed 100 iterations for size 300, cohesion 20.

Results successfully written to job80227/comparison_results_linearSwitchFromGroupedProtected_300_c0-10-20.json
  Completed 100 iterations for size 300, cohesion 0.
  Completed 100 iterations for size 300, cohesion 10.
  Completed 100 iterations for size 300, cohesion 20.

Results successfully written to job80227/comparison_results_linearSwitchFromGroupedProtected_300_c0-10-20.json
  Completed 100 iterations for size 300, cohesion 0.
  Completed 100 iterations for size 300, cohesion 10.
  Completed 100 iterations for size 300, cohesion 20.

Results successfully written to job80227/comparison_results_linearSwitchFromGroupedProtected_300_c0-10-20.json
  Completed 100 iterations for size 300, cohesion 0.
  Completed 100 iterations for size 300, cohesion 10.
  Completed 100 iterations for size 300, cohesion 20.

Results successfully written to job80227/comparison_results_linearSwitchFromGroupedProtected_300_c0-10-20.json
  Completed 100 iterations for size 300, cohesion 0.
  Completed 100 iterations for size 300, cohesion 10.
  Completed 100 iterations for size 300, cohesion 20.

Results successfully written to job80227/comparison_results_linearSwitchFromGroupedProtected_300_c0-10-20.json
  Completed 100 iterations for size 300, cohesion 0.
  Completed 100 iterations for size 300, cohesion 10.
  Completed 100 iterations for size 300, cohesion 20.

Results successfully written to job80227/comparison_results_linearSwitchFromGroupedProtected_300_c0-10-20.json
  Completed 100 iterations for size 300, cohesion 0.
  Completed 100 iterations for size 300, cohesion 10.
  Completed 100 iterations for size 300, cohesion 20.

Results successfully written to job80227/comparison_results_linearSwitchFromGroupedProtected_300_c0-10-20.json
  Completed 100 iterations for size 300, cohesion 0.
  Completed 100 iterations for size 300, cohesion 10.
  Completed 100 iterations for size 300, cohesion 20.

Results successfully written to job80227/comparison_results_linearSwitchFromGroupedProtected_300_c0-10-20.json
  Completed 100 iterations for size 300, cohesion 0.
  Completed 100 iterations for size 300, cohesion 10.
  Completed 100 iterations for size 300, cohesion 20.

Results successfully written to job80227/comparison_results_linearSwitchFromGroupedProtected_300_c0-10-20.json
  Completed 100 iterations for size 300, cohesion 0.
  Completed 100 iterations for size 300, cohesion 10.
  Completed 100 iterations for size 300, cohesion 20.

Results successfully written to job80227/comparison_results_linearSwitchFromGroupedProtected_300_c0-10-20.json
  Completed 100 iterations for size 300, cohesion 0.
  Completed 100 iterations for size 300, cohesion 10.
  Completed 100 iterations for size 300, cohesion 20.

Results successfully written to job80227/comparison_results_linearSwitchFromGroupedProtected_300_c0-10-20.json
  Completed 100 iterations for size 300, cohesion 0.
  Completed 100 iterations for size 300, cohesion 10.
  Completed 100 iterations for size 300, cohesion 20.

Results successfully written to job80227/comparison_results_linearSwitchFromGroupedProtected_300_c0-10-20.json
  Completed 100 iterations for size 300, cohesion 0.
  Completed 100 iterations for size 300, cohesion 10.
  Completed 100 iterations for size 300, cohesion 20.

Results successfully written to job80227/comparison_results_linearSwitchFromGroupedProtected_300_c0-10-20.json
  Completed 100 iterations for size 300, cohesion 0.
  Completed 100 iterations for size 300, cohesion 10.
  Completed 100 iterations for size 300, cohesion 20.

Results successfully written to job80227/comparison_results_linearSwitchFromGroupedProtected_300_c0-10-20.json
  Completed 100 iterations for size 300, cohesion 0.
  Completed 100 iterations for size 300, cohesion 10.
  Completed 100 iterations for size 300, cohesion 20.

Results successfully written to job80227/comparison_results_linearSwitchFromGroupedProtected_300_c0-10-20.json
  Completed 100 iterations for size 300, cohesion 0.
  Completed 100 iterations for size 300, cohesion 10.
  Completed 100 iterations for size 300, cohesion 20.

Results successfully written to job80227/comparison_results_linearSwitchFromGroupedProtected_300_c0-10-20.json
  Completed 100 iterations for size 300, cohesion 0.
  Completed 100 iterations for size 300, cohesion 10.
  Completed 100 iterations for size 300, cohesion 20.

Results successfully written to job80227/comparison_results_linearSwitchFromGroupedProtected_300_c0-10-20.json
  Completed 100 iterations for size 300, cohesion 0.
  Completed 100 iterations for size 300, cohesion 10.
  Completed 100 iterations for size 300, cohesion 20.

Results successfully written to job80227/comparison_results_linearSwitchFromGroupedProtected_300_c0-10-20.json
  Completed 100 iterations for size 300, cohesion 0.
  Completed 100 iterations for size 300, cohesion 10.
  Completed 100 iterations for size 300, cohesion 20.

Results successfully written to job80227/comparison_results_linearSwitchFromGroupedProtected_300_c0-10-20.json
  Completed 100 iterations for size 300, cohesion 0.
  Completed 100 iterations for size 300, cohesion 10.
  Completed 100 iterations for size 300, cohesion 20.

Results successfully written to job80227/comparison_results_linearSwitchFromGroupedProtected_300_c0-10-20.json
  Completed 100 iterations for size 300, cohesion 0.
  Completed 100 iterations for size 300, cohesion 10.
  Completed 100 iterations for size 300, cohesion 20.

Results successfully written to job80227/comparison_results_linearSwitchFromGroupedProtected_300_c0-10-20.json
  Completed 100 iterations for size 300, cohesion 0.
  Completed 100 iterations for size 300, cohesion 10.
  Completed 100 iterations for size 300, cohesion 20.

Results successfully written to job80227/comparison_results_linearSwitchFromGroupedProtected_300_c0-10-20.json
  Completed 100 iterations for size 300, cohesion 0.
  Completed 100 iterations for size 300, cohesion 10.
  Completed 100 iterations for size 300, cohesion 20.

Results successfully written to job80227/comparison_results_linearSwitchFromGroupedProtected_300_c0-10-20.json
  Completed 100 iterations for size 300, cohesion 0.
  Completed 100 iterations for size 300, cohesion 10.
  Completed 100 iterations for size 300, cohesion 20.

Results successfully written to job80227/comparison_results_linearSwitchFromGroupedProtected_300_c0-10-20.json
  Completed 100 iterations for size 300, cohesion 0.
  Completed 100 iterations for size 300, cohesion 10.
  Completed 100 iterations for size 300, cohesion 20.

Results successfully written to job80227/comparison_results_linearSwitchFromGroupedProtected_300_c0-10-20.json
  Completed 100 iterations for size 300, cohesion 0.
  Completed 100 iterations for size 300, cohesion 10.
  Completed 100 iterations for size 300, cohesion 20.

Results successfully written to job80227/comparison_results_linearSwitchFromGroupedProtected_300_c0-10-20.json
  Completed 100 iterations for size 300, cohesion 0.
  Completed 100 iterations for size 300, cohesion 10.
  Completed 100 iterations for size 300, cohesion 20.

Results successfully written to job80227/comparison_results_linearSwitchFromGroupedProtected_300_c0-10-20.json
  Completed 100 iterations for size 300, cohesion 0.
  Completed 100 iterations for size 300, cohesion 10.
  Completed 100 iterations for size 300, cohesion 20.

Results successfully written to job80227/comparison_results_linearSwitchFromGroupedProtected_300_c0-10-20.json
  Completed 100 iterations for size 300, cohesion 0.
  Completed 100 iterations for size 300, cohesion 10.
  Completed 100 iterations for size 300, cohesion 20.

Results successfully written to job80227/comparison_results_linearSwitchFromGroupedProtected_300_c0-10-20.json
  Completed 100 iterations for size 300, cohesion 0.
  Completed 100 iterations for size 300, cohesion 10.
  Completed 100 iterations for size 300, cohesion 20.

Results successfully written to job80227/comparison_results_linearSwitchFromGroupedProtected_300_c0-10-20.json
  Completed 100 iterations for size 300, cohesion 0.
  Completed 100 iterations for size 300, cohesion 10.
  Completed 100 iterations for size 300, cohesion 20.

Results successfully written to job80227/comparison_results_linearSwitchFromGroupedProtected_300_c0-10-20.json
  Completed 100 iterations for size 300, cohesion 0.
  Completed 100 iterations for size 300, cohesion 10.
  Completed 100 iterations for size 300, cohesion 20.

Results successfully written to job80227/comparison_results_linearSwitchFromGroupedProtected_300_c0-10-20.json
  Completed 100 iterations for size 300, cohesion 0.
  Completed 100 iterations for size 300, cohesion 10.
  Completed 100 iterations for size 300, cohesion 20.

Results successfully written to job80227/comparison_results_linearSwitchFromGroupedProtected_300_c0-10-20.json
  Completed 100 iterations for size 300, cohesion 0.
  Completed 100 iterations for size 300, cohesion 10.
  Completed 100 iterations for size 300, cohesion 20.

Results successfully written to job80227/comparison_results_linearSwitchFromGroupedProtected_300_c0-10-20.json
  Completed 100 iterations for size 300, cohesion 0.
  Completed 100 iterations for size 300, cohesion 10.
  Completed 100 iterations for size 300, cohesion 20.

Results successfully written to job80227/comparison_results_linearSwitchFromGroupedProtected_300_c0-10-20.json
  Completed 100 iterations for size 300, cohesion 0.
  Completed 100 iterations for size 300, cohesion 10.
  Completed 100 iterations for size 300, cohesion 20.

Results successfully written to job80227/comparison_results_linearSwitchFromGroupedProtected_300_c0-10-20.json
  Completed 100 iterations for size 300, cohesion 0.
  Completed 100 iterations for size 300, cohesion 10.
  Completed 100 iterations for size 300, cohesion 20.

Results successfully written to job80227/comparison_results_linearSwitchFromGroupedProtected_300_c0-10-20.json
  Completed 100 iterations for size 300, cohesion 0.
  Completed 100 iterations for size 300, cohesion 10.
  Completed 100 iterations for size 300, cohesion 20.

Results successfully written to job80227/comparison_results_linearSwitchFromGroupedProtected_300_c0-10-20.json
  Completed 100 iterations for size 300, cohesion 0.
  Completed 100 iterations for size 300, cohesion 10.
  Completed 100 iterations for size 300, cohesion 20.

Results successfully written to job80227/comparison_results_linearSwitchFromGroupedProtected_300_c0-10-20.json
  Completed 100 iterations for size 300, cohesion 0.
  Completed 100 iterations for size 300, cohesion 10.
  Completed 100 iterations for size 300, cohesion 20.

Results successfully written to job80227/comparison_results_linearSwitchFromGroupedProtected_300_c0-10-20.json
  Completed 100 iterations for size 300, cohesion 0.
  Completed 100 iterations for size 300, cohesion 10.
  Completed 100 iterations for size 300, cohesion 20.

Results successfully written to job80227/comparison_results_linearSwitchFromGroupedProtected_300_c0-10-20.json
  Completed 100 iterations for size 300, cohesion 0.
  Completed 100 iterations for size 300, cohesion 10.
  Completed 100 iterations for size 300, cohesion 20.

Results successfully written to job80227/comparison_results_linearSwitchFromGroupedProtected_300_c0-10-20.json
  Completed 100 iterations for size 300, cohesion 0.
  Completed 100 iterations for size 300, cohesion 10.
  Completed 100 iterations for size 300, cohesion 20.

Results successfully written to job80227/comparison_results_linearSwitchFromGroupedProtected_300_c0-10-20.json

================================================================================
Algorithm                   People    Avg Score  Avg Time(s)
--------------------------------------------------------------------------------
linearSwitchFromGroupedProtected      300      12485.9      33.4103
================================================================================

Results successfully written to job80227/comparison_results_linearSwitchFromGroupedProtected_300_c0-10-20.json
