Task 29 running algorithm: linearSwitchFromGroupedProtected, people: 300, cohesions: 30 40 50
desktop5.hpc.itu.dk
aubu
/home/aubu/bachelorProject/hpc-jobs
Running iterations for algorithm: linearSwitchFromGroupedProtected
  Completed 100 iterations for size 300, cohesion 30.
  Completed 100 iterations for size 300, cohesion 40.
  Completed 100 iterations for size 300, cohesion 50.

Results successfully written to job80227/comparison_results_linearSwitchFromGroupedProtected_300_c30-40-50.json
  Completed 100 iterations for size 300, cohesion 30.
  Completed 100 iterations for size 300, cohesion 40.
  Completed 100 iterations for size 300, cohesion 50.

Results successfully written to job80227/comparison_results_linearSwitchFromGroupedProtected_300_c30-40-50.json
  Completed 100 iterations for size 300, cohesion 30.
  Completed 100 iterations for size 300, cohesion 40.
  Completed 100 iterations for size 300, cohesion 50.

Results successfully written to job80227/comparison_results_linearSwitchFromGroupedProtected_300_c30-40-50.json
  Completed 100 iterations for size 300, cohesion 30.
  Completed 100 iterations for size 300, cohesion 40.
  Completed 100 iterations for size 300, cohesion 50.

Results successfully written to job80227/comparison_results_linearSwitchFromGroupedProtected_300_c30-40-50.json
  Completed 100 iterations for size 300, cohesion 30.
  Completed 100 iterations for size 300, cohesion 40.
  Completed 100 iterations for size 300, cohesion 50.

Results successfully written to job80227/comparison_results_linearSwitchFromGroupedProtected_300_c30-40-50.json
  Completed 100 iterations for size 300, cohesion 30.
  Completed 100 iterations for size 300, cohesion 40.
  Completed 100 iterations for size 300, cohesion 50.

Results successfully written to job80227/comparison_results_linearSwitchFromGroupedProtected_300_c30-40-50.json
  Completed 100 iterations for size 300, cohesion 30.
  Completed 100 iterations for size 300, cohesion 40.
  Completed 100 iterations for size 300, cohesion 50.

Results successfully written to job80227/comparison_results_linearSwitchFromGroupedProtected_300_c30-40-50.json
  Completed 100 iterations for size 300, cohesion 30.
  Completed 100 iterations for size 300, cohesion 40.
  Completed 100 iterations for size 300, cohesion 50.

Results successfully written to job80227/comparison_results_linearSwitchFromGroupedProtected_300_c30-40-50.json
  Completed 100 iterations for size 300, cohesion 30.
  Completed 100 iterations for size 300, cohesion 40.
  Completed 100 iterations for size 300, cohesion 50.

Results successfully written to job80227/comparison_results_linearSwitchFromGroupedProtected_300_c30-40-50.json
  Completed 100 iterations for size 300, cohesion 30.
  Completed 100 iterations for size 300, cohesion 40.
  Completed 100 iterations for size 300, cohesion 50.

Results successfully written to job80227/comparison_results_linearSwitchFromGroupedProtected_300_c30-40-50.json
  Completed 100 iterations for size 300, cohesion 30.
  Completed 100 iterations for size 300, cohesion 40.
  Completed 100 iterations for size 300, cohesion 50.

Results successfully written to job80227/comparison_results_linearSwitchFromGroupedProtected_300_c30-40-50.json
  Completed 100 iterations for size 300, cohesion 30.
  Completed 100 iterations for size 300, cohesion 40.
  Completed 100 iterations for size 300, cohesion 50.

Results successfully written to job80227/comparison_results_linearSwitchFromGroupedProtected_300_c30-40-50.json
  Completed 100 iterations for size 300, cohesion 30.
  Completed 100 iterations for size 300, cohesion 40.
  Completed 100 iterations for size 300, cohesion 50.

Results successfully written to job80227/comparison_results_linearSwitchFromGroupedProtected_300_c30-40-50.json
  Completed 100 iterations for size 300, cohesion 30.
  Completed 100 iterations for size 300, cohesion 40.
  Completed 100 iterations for size 300, cohesion 50.

Results successfully written to job80227/comparison_results_linearSwitchFromGroupedProtected_300_c30-40-50.json
  Completed 100 iterations for size 300, cohesion 30.
  Completed 100 iterations for size 300, cohesion 40.
  Completed 100 iterations for size 300, cohesion 50.

Results successfully written to job80227/comparison_results_linearSwitchFromGroupedProtected_300_c30-40-50.json
  Completed 100 iterations for size 300, cohesion 30.
  Completed 100 iterations for size 300, cohesion 40.
  Completed 100 iterations for size 300, cohesion 50.

Results successfully written to job80227/comparison_results_linearSwitchFromGroupedProtected_300_c30-40-50.json
  Completed 100 iterations for size 300, cohesion 30.
  Completed 100 iterations for size 300, cohesion 40.
  Completed 100 iterations for size 300, cohesion 50.

Results successfully written to job80227/comparison_results_linearSwitchFromGroupedProtected_300_c30-40-50.json
  Completed 100 iterations for size 300, cohesion 30.
  Completed 100 iterations for size 300, cohesion 40.
  Completed 100 iterations for size 300, cohesion 50.

Results successfully written to job80227/comparison_results_linearSwitchFromGroupedProtected_300_c30-40-50.json
  Completed 100 iterations for size 300, cohesion 30.
  Completed 100 iterations for size 300, cohesion 40.
  Completed 100 iterations for size 300, cohesion 50.

Results successfully written to job80227/comparison_results_linearSwitchFromGroupedProtected_300_c30-40-50.json
  Completed 100 iterations for size 300, cohesion 30.
  Completed 100 iterations for size 300, cohesion 40.
  Completed 100 iterations for size 300, cohesion 50.

Results successfully written to job80227/comparison_results_linearSwitchFromGroupedProtected_300_c30-40-50.json
  Completed 100 iterations for size 300, cohesion 30.
  Completed 100 iterations for size 300, cohesion 40.
  Completed 100 iterations for size 300, cohesion 50.

Results successfully written to job80227/comparison_results_linearSwitchFromGroupedProtected_300_c30-40-50.json
  Completed 100 iterations for size 300, cohesion 30.
  Completed 100 iterations for size 300, cohesion 40.
  Completed 100 iterations for size 300, cohesion 50.

Results successfully written to job80227/comparison_results_linearSwitchFromGroupedProtected_300_c30-40-50.json
  Completed 100 iterations for size 300, cohesion 30.
  Completed 100 iterations for size 300, cohesion 40.
  Completed 100 iterations for size 300, cohesion 50.

Results successfully written to job80227/comparison_results_linearSwitchFromGroupedProtected_300_c30-40-50.json
  Completed 100 iterations for size 300, cohesion 30.
  Completed 100 iterations for size 300, cohesion 40.
  Completed 100 iterations for size 300, cohesion 50.

Results successfully written to job80227/comparison_results_linearSwitchFromGroupedProtected_300_c30-40-50.json
  Completed 100 iterations for size 300, cohesion 30.
  Completed 100 iterations for size 300, cohesion 40.
  Completed 100 iterations for size 300, cohesion 50.

Results successfully written to job80227/comparison_results_linearSwitchFromGroupedProtected_300_c30-40-50.json
  Completed 100 iterations for size 300, cohesion 30.
  Completed 100 iterations for size 300, cohesion 40.
  Completed 100 iterations for size 300, cohesion 50.

Results successfully written to job80227/comparison_results_linearSwitchFromGroupedProtected_300_c30-40-50.json
  Completed 100 iterations for size 300, cohesion 30.
  Completed 100 iterations for size 300, cohesion 40.
  Completed 100 iterations for size 300, cohesion 50.

Results successfully written to job80227/comparison_results_linearSwitchFromGroupedProtected_300_c30-40-50.json
  Completed 100 iterations for size 300, cohesion 30.
  Completed 100 iterations for size 300, cohesion 40.
  Completed 100 iterations for size 300, cohesion 50.

Results successfully written to job80227/comparison_results_linearSwitchFromGroupedProtected_300_c30-40-50.json
  Completed 100 iterations for size 300, cohesion 30.
  Completed 100 iterations for size 300, cohesion 40.
  Completed 100 iterations for size 300, cohesion 50.

Results successfully written to job80227/comparison_results_linearSwitchFromGroupedProtected_300_c30-40-50.json
  Completed 100 iterations for size 300, cohesion 30.
  Completed 100 iterations for size 300, cohesion 40.
  Completed 100 iterations for size 300, cohesion 50.

Results successfully written to job80227/comparison_results_linearSwitchFromGroupedProtected_300_c30-40-50.json
  Completed 100 iterations for size 300, cohesion 30.
  Completed 100 iterations for size 300, cohesion 40.
  Completed 100 iterations for size 300, cohesion 50.

Results successfully written to job80227/comparison_results_linearSwitchFromGroupedProtected_300_c30-40-50.json
  Completed 100 iterations for size 300, cohesion 30.
  Completed 100 iterations for size 300, cohesion 40.
  Completed 100 iterations for size 300, cohesion 50.

Results successfully written to job80227/comparison_results_linearSwitchFromGroupedProtected_300_c30-40-50.json
  Completed 100 iterations for size 300, cohesion 30.
  Completed 100 iterations for size 300, cohesion 40.
  Completed 100 iterations for size 300, cohesion 50.

Results successfully written to job80227/comparison_results_linearSwitchFromGroupedProtected_300_c30-40-50.json
  Completed 100 iterations for size 300, cohesion 30.
  Completed 100 iterations for size 300, cohesion 40.
  Completed 100 iterations for size 300, cohesion 50.

Results successfully written to job80227/comparison_results_linearSwitchFromGroupedProtected_300_c30-40-50.json
  Completed 100 iterations for size 300, cohesion 30.
  Completed 100 iterations for size 300, cohesion 40.
  Completed 100 iterations for size 300, cohesion 50.

Results successfully written to job80227/comparison_results_linearSwitchFromGroupedProtected_300_c30-40-50.json
  Completed 100 iterations for size 300, cohesion 30.
  Completed 100 iterations for size 300, cohesion 40.
  Completed 100 iterations for size 300, cohesion 50.

Results successfully written to job80227/comparison_results_linearSwitchFromGroupedProtected_300_c30-40-50.json
  Completed 100 iterations for size 300, cohesion 30.
  Completed 100 iterations for size 300, cohesion 40.
  Completed 100 iterations for size 300, cohesion 50.

Results successfully written to job80227/comparison_results_linearSwitchFromGroupedProtected_300_c30-40-50.json
  Completed 100 iterations for size 300, cohesion 30.
  Completed 100 iterations for size 300, cohesion 40.
  Completed 100 iterations for size 300, cohesion 50.

Results successfully written to job80227/comparison_results_linearSwitchFromGroupedProtected_300_c30-40-50.json
  Completed 100 iterations for size 300, cohesion 30.
  Completed 100 iterations for size 300, cohesion 40.
  Completed 100 iterations for size 300, cohesion 50.

Results successfully written to job80227/comparison_results_linearSwitchFromGroupedProtected_300_c30-40-50.json
  Completed 100 iterations for size 300, cohesion 30.
  Completed 100 iterations for size 300, cohesion 40.
  Completed 100 iterations for size 300, cohesion 50.

Results successfully written to job80227/comparison_results_linearSwitchFromGroupedProtected_300_c30-40-50.json
  Completed 100 iterations for size 300, cohesion 30.
  Completed 100 iterations for size 300, cohesion 40.
  Completed 100 iterations for size 300, cohesion 50.

Results successfully written to job80227/comparison_results_linearSwitchFromGroupedProtected_300_c30-40-50.json
  Completed 100 iterations for size 300, cohesion 30.
  Completed 100 iterations for size 300, cohesion 40.
  Completed 100 iterations for size 300, cohesion 50.

Results successfully written to job80227/comparison_results_linearSwitchFromGroupedProtected_300_c30-40-50.json
  Completed 100 iterations for size 300, cohesion 30.
  Completed 100 iterations for size 300, cohesion 40.
  Completed 100 iterations for size 300, cohesion 50.

Results successfully written to job80227/comparison_results_linearSwitchFromGroupedProtected_300_c30-40-50.json
  Completed 100 iterations for size 300, cohesion 30.
  Completed 100 iterations for size 300, cohesion 40.
  Completed 100 iterations for size 300, cohesion 50.

Results successfully written to job80227/comparison_results_linearSwitchFromGroupedProtected_300_c30-40-50.json
  Completed 100 iterations for size 300, cohesion 30.
  Completed 100 iterations for size 300, cohesion 40.
  Completed 100 iterations for size 300, cohesion 50.

Results successfully written to job80227/comparison_results_linearSwitchFromGroupedProtected_300_c30-40-50.json
  Completed 100 iterations for size 300, cohesion 30.
  Completed 100 iterations for size 300, cohesion 40.
  Completed 100 iterations for size 300, cohesion 50.

Results successfully written to job80227/comparison_results_linearSwitchFromGroupedProtected_300_c30-40-50.json
  Completed 100 iterations for size 300, cohesion 30.
  Completed 100 iterations for size 300, cohesion 40.
  Completed 100 iterations for size 300, cohesion 50.

Results successfully written to job80227/comparison_results_linearSwitchFromGroupedProtected_300_c30-40-50.json
  Completed 100 iterations for size 300, cohesion 30.
  Completed 100 iterations for size 300, cohesion 40.
  Completed 100 iterations for size 300, cohesion 50.

Results successfully written to job80227/comparison_results_linearSwitchFromGroupedProtected_300_c30-40-50.json
  Completed 100 iterations for size 300, cohesion 30.
  Completed 100 iterations for size 300, cohesion 40.
  Completed 100 iterations for size 300, cohesion 50.

Results successfully written to job80227/comparison_results_linearSwitchFromGroupedProtected_300_c30-40-50.json
  Completed 100 iterations for size 300, cohesion 30.
  Completed 100 iterations for size 300, cohesion 40.
  Completed 100 iterations for size 300, cohesion 50.

Results successfully written to job80227/comparison_results_linearSwitchFromGroupedProtected_300_c30-40-50.json
  Completed 100 iterations for size 300, cohesion 30.
  Completed 100 iterations for size 300, cohesion 40.
  Completed 100 iterations for size 300, cohesion 50.

Results successfully written to job80227/comparison_results_linearSwitchFromGroupedProtected_300_c30-40-50.json
  Completed 100 iterations for size 300, cohesion 30.
  Completed 100 iterations for size 300, cohesion 40.
  Completed 100 iterations for size 300, cohesion 50.

Results successfully written to job80227/comparison_results_linearSwitchFromGroupedProtected_300_c30-40-50.json
  Completed 100 iterations for size 300, cohesion 30.
  Completed 100 iterations for size 300, cohesion 40.
  Completed 100 iterations for size 300, cohesion 50.

Results successfully written to job80227/comparison_results_linearSwitchFromGroupedProtected_300_c30-40-50.json
  Completed 100 iterations for size 300, cohesion 30.
  Completed 100 iterations for size 300, cohesion 40.
  Completed 100 iterations for size 300, cohesion 50.

Results successfully written to job80227/comparison_results_linearSwitchFromGroupedProtected_300_c30-40-50.json
  Completed 100 iterations for size 300, cohesion 30.
  Completed 100 iterations for size 300, cohesion 40.
  Completed 100 iterations for size 300, cohesion 50.

Results successfully written to job80227/comparison_results_linearSwitchFromGroupedProtected_300_c30-40-50.json
  Completed 100 iterations for size 300, cohesion 30.
  Completed 100 iterations for size 300, cohesion 40.
  Completed 100 iterations for size 300, cohesion 50.

Results successfully written to job80227/comparison_results_linearSwitchFromGroupedProtected_300_c30-40-50.json
  Completed 100 iterations for size 300, cohesion 30.
  Completed 100 iterations for size 300, cohesion 40.
  Completed 100 iterations for size 300, cohesion 50.

Results successfully written to job80227/comparison_results_linearSwitchFromGroupedProtected_300_c30-40-50.json
  Completed 100 iterations for size 300, cohesion 30.
  Completed 100 iterations for size 300, cohesion 40.
  Completed 100 iterations for size 300, cohesion 50.

Results successfully written to job80227/comparison_results_linearSwitchFromGroupedProtected_300_c30-40-50.json
  Completed 100 iterations for size 300, cohesion 30.
  Completed 100 iterations for size 300, cohesion 40.
  Completed 100 iterations for size 300, cohesion 50.

Results successfully written to job80227/comparison_results_linearSwitchFromGroupedProtected_300_c30-40-50.json
  Completed 100 iterations for size 300, cohesion 30.
  Completed 100 iterations for size 300, cohesion 40.
  Completed 100 iterations for size 300, cohesion 50.

Results successfully written to job80227/comparison_results_linearSwitchFromGroupedProtected_300_c30-40-50.json
  Completed 100 iterations for size 300, cohesion 30.
  Completed 100 iterations for size 300, cohesion 40.
  Completed 100 iterations for size 300, cohesion 50.

Results successfully written to job80227/comparison_results_linearSwitchFromGroupedProtected_300_c30-40-50.json
  Completed 100 iterations for size 300, cohesion 30.
  Completed 100 iterations for size 300, cohesion 40.
  Completed 100 iterations for size 300, cohesion 50.

Results successfully written to job80227/comparison_results_linearSwitchFromGroupedProtected_300_c30-40-50.json
  Completed 100 iterations for size 300, cohesion 30.
  Completed 100 iterations for size 300, cohesion 40.
  Completed 100 iterations for size 300, cohesion 50.

Results successfully written to job80227/comparison_results_linearSwitchFromGroupedProtected_300_c30-40-50.json
  Completed 100 iterations for size 300, cohesion 30.
  Completed 100 iterations for size 300, cohesion 40.
  Completed 100 iterations for size 300, cohesion 50.

Results successfully written to job80227/comparison_results_linearSwitchFromGroupedProtected_300_c30-40-50.json
  Completed 100 iterations for size 300, cohesion 30.
  Completed 100 iterations for size 300, cohesion 40.
  Completed 100 iterations for size 300, cohesion 50.

Results successfully written to job80227/comparison_results_linearSwitchFromGroupedProtected_300_c30-40-50.json
  Completed 100 iterations for size 300, cohesion 30.
  Completed 100 iterations for size 300, cohesion 40.
  Completed 100 iterations for size 300, cohesion 50.

Results successfully written to job80227/comparison_results_linearSwitchFromGroupedProtected_300_c30-40-50.json
  Completed 100 iterations for size 300, cohesion 30.
  Completed 100 iterations for size 300, cohesion 40.
  Completed 100 iterations for size 300, cohesion 50.

Results successfully written to job80227/comparison_results_linearSwitchFromGroupedProtected_300_c30-40-50.json
  Completed 100 iterations for size 300, cohesion 30.
  Completed 100 iterations for size 300, cohesion 40.
  Completed 100 iterations for size 300, cohesion 50.

Results successfully written to job80227/comparison_results_linearSwitchFromGroupedProtected_300_c30-40-50.json
  Completed 100 iterations for size 300, cohesion 30.
  Completed 100 iterations for size 300, cohesion 40.
  Completed 100 iterations for size 300, cohesion 50.

Results successfully written to job80227/comparison_results_linearSwitchFromGroupedProtected_300_c30-40-50.json
  Completed 100 iterations for size 300, cohesion 30.
  Completed 100 iterations for size 300, cohesion 40.
  Completed 100 iterations for size 300, cohesion 50.

Results successfully written to job80227/comparison_results_linearSwitchFromGroupedProtected_300_c30-40-50.json
  Completed 100 iterations for size 300, cohesion 30.
  Completed 100 iterations for size 300, cohesion 40.
  Completed 100 iterations for size 300, cohesion 50.

Results successfully written to job80227/comparison_results_linearSwitchFromGroupedProtected_300_c30-40-50.json
  Completed 100 iterations for size 300, cohesion 30.
  Completed 100 iterations for size 300, cohesion 40.
  Completed 100 iterations for size 300, cohesion 50.

Results successfully written to job80227/comparison_results_linearSwitchFromGroupedProtected_300_c30-40-50.json
  Completed 100 iterations for size 300, cohesion 30.
  Completed 100 iterations for size 300, cohesion 40.
  Completed 100 iterations for size 300, cohesion 50.

Results successfully written to job80227/comparison_results_linearSwitchFromGroupedProtected_300_c30-40-50.json
  Completed 100 iterations for size 300, cohesion 30.
  Completed 100 iterations for size 300, cohesion 40.
  Completed 100 iterations for size 300, cohesion 50.

Results successfully written to job80227/comparison_results_linearSwitchFromGroupedProtected_300_c30-40-50.json
  Completed 100 iterations for size 300, cohesion 30.
  Completed 100 iterations for size 300, cohesion 40.
  Completed 100 iterations for size 300, cohesion 50.

Results successfully written to job80227/comparison_results_linearSwitchFromGroupedProtected_300_c30-40-50.json
  Completed 100 iterations for size 300, cohesion 30.
  Completed 100 iterations for size 300, cohesion 40.
  Completed 100 iterations for size 300, cohesion 50.

Results successfully written to job80227/comparison_results_linearSwitchFromGroupedProtected_300_c30-40-50.json
  Completed 100 iterations for size 300, cohesion 30.
  Completed 100 iterations for size 300, cohesion 40.
  Completed 100 iterations for size 300, cohesion 50.

Results successfully written to job80227/comparison_results_linearSwitchFromGroupedProtected_300_c30-40-50.json
  Completed 100 iterations for size 300, cohesion 30.
  Completed 100 iterations for size 300, cohesion 40.
  Completed 100 iterations for size 300, cohesion 50.

Results successfully written to job80227/comparison_results_linearSwitchFromGroupedProtected_300_c30-40-50.json
  Completed 100 iterations for size 300, cohesion 30.
  Completed 100 iterations for size 300, cohesion 40.
  Completed 100 iterations for size 300, cohesion 50.

Results successfully written to job80227/comparison_results_linearSwitchFromGroupedProtected_300_c30-40-50.json
  Completed 100 iterations for size 300, cohesion 30.
  Completed 100 iterations for size 300, cohesion 40.
  Completed 100 iterations for size 300, cohesion 50.

Results successfully written to job80227/comparison_results_linearSwitchFromGroupedProtected_300_c30-40-50.json
  Completed 100 iterations for size 300, cohesion 30.
  Completed 100 iterations for size 300, cohesion 40.
  Completed 100 iterations for size 300, cohesion 50.

Results successfully written to job80227/comparison_results_linearSwitchFromGroupedProtected_300_c30-40-50.json
  Completed 100 iterations for size 300, cohesion 30.
  Completed 100 iterations for size 300, cohesion 40.
  Completed 100 iterations for size 300, cohesion 50.

Results successfully written to job80227/comparison_results_linearSwitchFromGroupedProtected_300_c30-40-50.json
  Completed 100 iterations for size 300, cohesion 30.
  Completed 100 iterations for size 300, cohesion 40.
  Completed 100 iterations for size 300, cohesion 50.

Results successfully written to job80227/comparison_results_linearSwitchFromGroupedProtected_300_c30-40-50.json
  Completed 100 iterations for size 300, cohesion 30.
  Completed 100 iterations for size 300, cohesion 40.
  Completed 100 iterations for size 300, cohesion 50.

Results successfully written to job80227/comparison_results_linearSwitchFromGroupedProtected_300_c30-40-50.json
  Completed 100 iterations for size 300, cohesion 30.
  Completed 100 iterations for size 300, cohesion 40.
  Completed 100 iterations for size 300, cohesion 50.

Results successfully written to job80227/comparison_results_linearSwitchFromGroupedProtected_300_c30-40-50.json
  Completed 100 iterations for size 300, cohesion 30.
  Completed 100 iterations for size 300, cohesion 40.
  Completed 100 iterations for size 300, cohesion 50.

Results successfully written to job80227/comparison_results_linearSwitchFromGroupedProtected_300_c30-40-50.json
  Completed 100 iterations for size 300, cohesion 30.
  Completed 100 iterations for size 300, cohesion 40.
  Completed 100 iterations for size 300, cohesion 50.

Results successfully written to job80227/comparison_results_linearSwitchFromGroupedProtected_300_c30-40-50.json
  Completed 100 iterations for size 300, cohesion 30.
  Completed 100 iterations for size 300, cohesion 40.
  Completed 100 iterations for size 300, cohesion 50.

Results successfully written to job80227/comparison_results_linearSwitchFromGroupedProtected_300_c30-40-50.json
  Completed 100 iterations for size 300, cohesion 30.
  Completed 100 iterations for size 300, cohesion 40.
  Completed 100 iterations for size 300, cohesion 50.

Results successfully written to job80227/comparison_results_linearSwitchFromGroupedProtected_300_c30-40-50.json
  Completed 100 iterations for size 300, cohesion 30.
  Completed 100 iterations for size 300, cohesion 40.
  Completed 100 iterations for size 300, cohesion 50.

Results successfully written to job80227/comparison_results_linearSwitchFromGroupedProtected_300_c30-40-50.json
  Completed 100 iterations for size 300, cohesion 30.
  Completed 100 iterations for size 300, cohesion 40.
  Completed 100 iterations for size 300, cohesion 50.

Results successfully written to job80227/comparison_results_linearSwitchFromGroupedProtected_300_c30-40-50.json
  Completed 100 iterations for size 300, cohesion 30.
  Completed 100 iterations for size 300, cohesion 40.
  Completed 100 iterations for size 300, cohesion 50.

Results successfully written to job80227/comparison_results_linearSwitchFromGroupedProtected_300_c30-40-50.json
  Completed 100 iterations for size 300, cohesion 30.
  Completed 100 iterations for size 300, cohesion 40.
  Completed 100 iterations for size 300, cohesion 50.

Results successfully written to job80227/comparison_results_linearSwitchFromGroupedProtected_300_c30-40-50.json
  Completed 100 iterations for size 300, cohesion 30.
  Completed 100 iterations for size 300, cohesion 40.
  Completed 100 iterations for size 300, cohesion 50.

Results successfully written to job80227/comparison_results_linearSwitchFromGroupedProtected_300_c30-40-50.json
  Completed 100 iterations for size 300, cohesion 30.
  Completed 100 iterations for size 300, cohesion 40.
  Completed 100 iterations for size 300, cohesion 50.

Results successfully written to job80227/comparison_results_linearSwitchFromGroupedProtected_300_c30-40-50.json
  Completed 100 iterations for size 300, cohesion 30.
  Completed 100 iterations for size 300, cohesion 40.
  Completed 100 iterations for size 300, cohesion 50.

Results successfully written to job80227/comparison_results_linearSwitchFromGroupedProtected_300_c30-40-50.json
  Completed 100 iterations for size 300, cohesion 30.
  Completed 100 iterations for size 300, cohesion 40.
  Completed 100 iterations for size 300, cohesion 50.

Results successfully written to job80227/comparison_results_linearSwitchFromGroupedProtected_300_c30-40-50.json
  Completed 100 iterations for size 300, cohesion 30.
  Completed 100 iterations for size 300, cohesion 40.
  Completed 100 iterations for size 300, cohesion 50.

Results successfully written to job80227/comparison_results_linearSwitchFromGroupedProtected_300_c30-40-50.json
  Completed 100 iterations for size 300, cohesion 30.
  Completed 100 iterations for size 300, cohesion 40.
  Completed 100 iterations for size 300, cohesion 50.

Results successfully written to job80227/comparison_results_linearSwitchFromGroupedProtected_300_c30-40-50.json
  Completed 100 iterations for size 300, cohesion 30.
  Completed 100 iterations for size 300, cohesion 40.
  Completed 100 iterations for size 300, cohesion 50.

Results successfully written to job80227/comparison_results_linearSwitchFromGroupedProtected_300_c30-40-50.json

================================================================================
Algorithm                   People    Avg Score  Avg Time(s)
--------------------------------------------------------------------------------
linearSwitchFromGroupedProtected      300      14184.5      32.0468
================================================================================

Results successfully written to job80227/comparison_results_linearSwitchFromGroupedProtected_300_c30-40-50.json
