Task 31 running algorithm: linearSwitchFromGroupedProtected, people: 300, cohesions: 90 100
desktop6.hpc.itu.dk
aubu
/home/aubu/bachelorProject/hpc-jobs
Running iterations for algorithm: linearSwitchFromGroupedProtected
  Completed 100 iterations for size 300, cohesion 90.
  Completed 100 iterations for size 300, cohesion 100.

Results successfully written to job80227/comparison_results_linearSwitchFromGroupedProtected_300_c90-100.json
  Completed 100 iterations for size 300, cohesion 90.
  Completed 100 iterations for size 300, cohesion 100.

Results successfully written to job80227/comparison_results_linearSwitchFromGroupedProtected_300_c90-100.json
  Completed 100 iterations for size 300, cohesion 90.
  Completed 100 iterations for size 300, cohesion 100.

Results successfully written to job80227/comparison_results_linearSwitchFromGroupedProtected_300_c90-100.json
  Completed 100 iterations for size 300, cohesion 90.
  Completed 100 iterations for size 300, cohesion 100.

Results successfully written to job80227/comparison_results_linearSwitchFromGroupedProtected_300_c90-100.json
  Completed 100 iterations for size 300, cohesion 90.
  Completed 100 iterations for size 300, cohesion 100.

Results successfully written to job80227/comparison_results_linearSwitchFromGroupedProtected_300_c90-100.json
  Completed 100 iterations for size 300, cohesion 90.
  Completed 100 iterations for size 300, cohesion 100.

Results successfully written to job80227/comparison_results_linearSwitchFromGroupedProtected_300_c90-100.json
  Completed 100 iterations for size 300, cohesion 90.
  Completed 100 iterations for size 300, cohesion 100.

Results successfully written to job80227/comparison_results_linearSwitchFromGroupedProtected_300_c90-100.json
  Completed 100 iterations for size 300, cohesion 90.
  Completed 100 iterations for size 300, cohesion 100.

Results successfully written to job80227/comparison_results_linearSwitchFromGroupedProtected_300_c90-100.json
  Completed 100 iterations for size 300, cohesion 90.
  Completed 100 iterations for size 300, cohesion 100.

Results successfully written to job80227/comparison_results_linearSwitchFromGroupedProtected_300_c90-100.json
  Completed 100 iterations for size 300, cohesion 90.
  Completed 100 iterations for size 300, cohesion 100.

Results successfully written to job80227/comparison_results_linearSwitchFromGroupedProtected_300_c90-100.json
  Completed 100 iterations for size 300, cohesion 90.
  Completed 100 iterations for size 300, cohesion 100.

Results successfully written to job80227/comparison_results_linearSwitchFromGroupedProtected_300_c90-100.json
  Completed 100 iterations for size 300, cohesion 90.
  Completed 100 iterations for size 300, cohesion 100.

Results successfully written to job80227/comparison_results_linearSwitchFromGroupedProtected_300_c90-100.json
  Completed 100 iterations for size 300, cohesion 90.
  Completed 100 iterations for size 300, cohesion 100.

Results successfully written to job80227/comparison_results_linearSwitchFromGroupedProtected_300_c90-100.json
  Completed 100 iterations for size 300, cohesion 90.
  Completed 100 iterations for size 300, cohesion 100.

Results successfully written to job80227/comparison_results_linearSwitchFromGroupedProtected_300_c90-100.json
  Completed 100 iterations for size 300, cohesion 90.
  Completed 100 iterations for size 300, cohesion 100.

Results successfully written to job80227/comparison_results_linearSwitchFromGroupedProtected_300_c90-100.json
  Completed 100 iterations for size 300, cohesion 90.
  Completed 100 iterations for size 300, cohesion 100.

Results successfully written to job80227/comparison_results_linearSwitchFromGroupedProtected_300_c90-100.json
  Completed 100 iterations for size 300, cohesion 90.
  Completed 100 iterations for size 300, cohesion 100.

Results successfully written to job80227/comparison_results_linearSwitchFromGroupedProtected_300_c90-100.json
  Completed 100 iterations for size 300, cohesion 90.
  Completed 100 iterations for size 300, cohesion 100.

Results successfully written to job80227/comparison_results_linearSwitchFromGroupedProtected_300_c90-100.json
  Completed 100 iterations for size 300, cohesion 90.
  Completed 100 iterations for size 300, cohesion 100.

Results successfully written to job80227/comparison_results_linearSwitchFromGroupedProtected_300_c90-100.json
  Completed 100 iterations for size 300, cohesion 90.
  Completed 100 iterations for size 300, cohesion 100.

Results successfully written to job80227/comparison_results_linearSwitchFromGroupedProtected_300_c90-100.json
  Completed 100 iterations for size 300, cohesion 90.
  Completed 100 iterations for size 300, cohesion 100.

Results successfully written to job80227/comparison_results_linearSwitchFromGroupedProtected_300_c90-100.json
  Completed 100 iterations for size 300, cohesion 90.
  Completed 100 iterations for size 300, cohesion 100.

Results successfully written to job80227/comparison_results_linearSwitchFromGroupedProtected_300_c90-100.json
  Completed 100 iterations for size 300, cohesion 90.
  Completed 100 iterations for size 300, cohesion 100.

Results successfully written to job80227/comparison_results_linearSwitchFromGroupedProtected_300_c90-100.json
  Completed 100 iterations for size 300, cohesion 90.
  Completed 100 iterations for size 300, cohesion 100.

Results successfully written to job80227/comparison_results_linearSwitchFromGroupedProtected_300_c90-100.json
  Completed 100 iterations for size 300, cohesion 90.
  Completed 100 iterations for size 300, cohesion 100.

Results successfully written to job80227/comparison_results_linearSwitchFromGroupedProtected_300_c90-100.json
  Completed 100 iterations for size 300, cohesion 90.
  Completed 100 iterations for size 300, cohesion 100.

Results successfully written to job80227/comparison_results_linearSwitchFromGroupedProtected_300_c90-100.json
  Completed 100 iterations for size 300, cohesion 90.
  Completed 100 iterations for size 300, cohesion 100.

Results successfully written to job80227/comparison_results_linearSwitchFromGroupedProtected_300_c90-100.json
  Completed 100 iterations for size 300, cohesion 90.
  Completed 100 iterations for size 300, cohesion 100.

Results successfully written to job80227/comparison_results_linearSwitchFromGroupedProtected_300_c90-100.json
  Completed 100 iterations for size 300, cohesion 90.
  Completed 100 iterations for size 300, cohesion 100.

Results successfully written to job80227/comparison_results_linearSwitchFromGroupedProtected_300_c90-100.json
  Completed 100 iterations for size 300, cohesion 90.
  Completed 100 iterations for size 300, cohesion 100.

Results successfully written to job80227/comparison_results_linearSwitchFromGroupedProtected_300_c90-100.json
  Completed 100 iterations for size 300, cohesion 90.
  Completed 100 iterations for size 300, cohesion 100.

Results successfully written to job80227/comparison_results_linearSwitchFromGroupedProtected_300_c90-100.json
  Completed 100 iterations for size 300, cohesion 90.
  Completed 100 iterations for size 300, cohesion 100.

Results successfully written to job80227/comparison_results_linearSwitchFromGroupedProtected_300_c90-100.json
  Completed 100 iterations for size 300, cohesion 90.
  Completed 100 iterations for size 300, cohesion 100.

Results successfully written to job80227/comparison_results_linearSwitchFromGroupedProtected_300_c90-100.json
  Completed 100 iterations for size 300, cohesion 90.
  Completed 100 iterations for size 300, cohesion 100.

Results successfully written to job80227/comparison_results_linearSwitchFromGroupedProtected_300_c90-100.json
  Completed 100 iterations for size 300, cohesion 90.
  Completed 100 iterations for size 300, cohesion 100.

Results successfully written to job80227/comparison_results_linearSwitchFromGroupedProtected_300_c90-100.json
  Completed 100 iterations for size 300, cohesion 90.
  Completed 100 iterations for size 300, cohesion 100.

Results successfully written to job80227/comparison_results_linearSwitchFromGroupedProtected_300_c90-100.json
  Completed 100 iterations for size 300, cohesion 90.
  Completed 100 iterations for size 300, cohesion 100.

Results successfully written to job80227/comparison_results_linearSwitchFromGroupedProtected_300_c90-100.json
  Completed 100 iterations for size 300, cohesion 90.
  Completed 100 iterations for size 300, cohesion 100.

Results successfully written to job80227/comparison_results_linearSwitchFromGroupedProtected_300_c90-100.json
  Completed 100 iterations for size 300, cohesion 90.
  Completed 100 iterations for size 300, cohesion 100.

Results successfully written to job80227/comparison_results_linearSwitchFromGroupedProtected_300_c90-100.json
  Completed 100 iterations for size 300, cohesion 90.
  Completed 100 iterations for size 300, cohesion 100.

Results successfully written to job80227/comparison_results_linearSwitchFromGroupedProtected_300_c90-100.json
  Completed 100 iterations for size 300, cohesion 90.
  Completed 100 iterations for size 300, cohesion 100.

Results successfully written to job80227/comparison_results_linearSwitchFromGroupedProtected_300_c90-100.json
  Completed 100 iterations for size 300, cohesion 90.
  Completed 100 iterations for size 300, cohesion 100.

Results successfully written to job80227/comparison_results_linearSwitchFromGroupedProtected_300_c90-100.json
  Completed 100 iterations for size 300, cohesion 90.
  Completed 100 iterations for size 300, cohesion 100.

Results successfully written to job80227/comparison_results_linearSwitchFromGroupedProtected_300_c90-100.json
  Completed 100 iterations for size 300, cohesion 90.
  Completed 100 iterations for size 300, cohesion 100.

Results successfully written to job80227/comparison_results_linearSwitchFromGroupedProtected_300_c90-100.json
  Completed 100 iterations for size 300, cohesion 90.
  Completed 100 iterations for size 300, cohesion 100.

Results successfully written to job80227/comparison_results_linearSwitchFromGroupedProtected_300_c90-100.json
  Completed 100 iterations for size 300, cohesion 90.
  Completed 100 iterations for size 300, cohesion 100.

Results successfully written to job80227/comparison_results_linearSwitchFromGroupedProtected_300_c90-100.json
  Completed 100 iterations for size 300, cohesion 90.
  Completed 100 iterations for size 300, cohesion 100.

Results successfully written to job80227/comparison_results_linearSwitchFromGroupedProtected_300_c90-100.json
  Completed 100 iterations for size 300, cohesion 90.
  Completed 100 iterations for size 300, cohesion 100.

Results successfully written to job80227/comparison_results_linearSwitchFromGroupedProtected_300_c90-100.json
  Completed 100 iterations for size 300, cohesion 90.
  Completed 100 iterations for size 300, cohesion 100.

Results successfully written to job80227/comparison_results_linearSwitchFromGroupedProtected_300_c90-100.json
  Completed 100 iterations for size 300, cohesion 90.
  Completed 100 iterations for size 300, cohesion 100.

Results successfully written to job80227/comparison_results_linearSwitchFromGroupedProtected_300_c90-100.json
  Completed 100 iterations for size 300, cohesion 90.
  Completed 100 iterations for size 300, cohesion 100.

Results successfully written to job80227/comparison_results_linearSwitchFromGroupedProtected_300_c90-100.json
  Completed 100 iterations for size 300, cohesion 90.
  Completed 100 iterations for size 300, cohesion 100.

Results successfully written to job80227/comparison_results_linearSwitchFromGroupedProtected_300_c90-100.json
  Completed 100 iterations for size 300, cohesion 90.
  Completed 100 iterations for size 300, cohesion 100.

Results successfully written to job80227/comparison_results_linearSwitchFromGroupedProtected_300_c90-100.json
  Completed 100 iterations for size 300, cohesion 90.
  Completed 100 iterations for size 300, cohesion 100.

Results successfully written to job80227/comparison_results_linearSwitchFromGroupedProtected_300_c90-100.json
  Completed 100 iterations for size 300, cohesion 90.
  Completed 100 iterations for size 300, cohesion 100.

Results successfully written to job80227/comparison_results_linearSwitchFromGroupedProtected_300_c90-100.json
  Completed 100 iterations for size 300, cohesion 90.
  Completed 100 iterations for size 300, cohesion 100.

Results successfully written to job80227/comparison_results_linearSwitchFromGroupedProtected_300_c90-100.json
  Completed 100 iterations for size 300, cohesion 90.
  Completed 100 iterations for size 300, cohesion 100.

Results successfully written to job80227/comparison_results_linearSwitchFromGroupedProtected_300_c90-100.json
  Completed 100 iterations for size 300, cohesion 90.
  Completed 100 iterations for size 300, cohesion 100.

Results successfully written to job80227/comparison_results_linearSwitchFromGroupedProtected_300_c90-100.json
  Completed 100 iterations for size 300, cohesion 90.
  Completed 100 iterations for size 300, cohesion 100.

Results successfully written to job80227/comparison_results_linearSwitchFromGroupedProtected_300_c90-100.json
  Completed 100 iterations for size 300, cohesion 90.
  Completed 100 iterations for size 300, cohesion 100.

Results successfully written to job80227/comparison_results_linearSwitchFromGroupedProtected_300_c90-100.json
  Completed 100 iterations for size 300, cohesion 90.
  Completed 100 iterations for size 300, cohesion 100.

Results successfully written to job80227/comparison_results_linearSwitchFromGroupedProtected_300_c90-100.json
  Completed 100 iterations for size 300, cohesion 90.
  Completed 100 iterations for size 300, cohesion 100.

Results successfully written to job80227/comparison_results_linearSwitchFromGroupedProtected_300_c90-100.json
  Completed 100 iterations for size 300, cohesion 90.
  Completed 100 iterations for size 300, cohesion 100.

Results successfully written to job80227/comparison_results_linearSwitchFromGroupedProtected_300_c90-100.json
  Completed 100 iterations for size 300, cohesion 90.
  Completed 100 iterations for size 300, cohesion 100.

Results successfully written to job80227/comparison_results_linearSwitchFromGroupedProtected_300_c90-100.json
  Completed 100 iterations for size 300, cohesion 90.
  Completed 100 iterations for size 300, cohesion 100.

Results successfully written to job80227/comparison_results_linearSwitchFromGroupedProtected_300_c90-100.json
  Completed 100 iterations for size 300, cohesion 90.
  Completed 100 iterations for size 300, cohesion 100.

Results successfully written to job80227/comparison_results_linearSwitchFromGroupedProtected_300_c90-100.json
  Completed 100 iterations for size 300, cohesion 90.
  Completed 100 iterations for size 300, cohesion 100.

Results successfully written to job80227/comparison_results_linearSwitchFromGroupedProtected_300_c90-100.json
  Completed 100 iterations for size 300, cohesion 90.
  Completed 100 iterations for size 300, cohesion 100.

Results successfully written to job80227/comparison_results_linearSwitchFromGroupedProtected_300_c90-100.json
  Completed 100 iterations for size 300, cohesion 90.
  Completed 100 iterations for size 300, cohesion 100.

Results successfully written to job80227/comparison_results_linearSwitchFromGroupedProtected_300_c90-100.json
  Completed 100 iterations for size 300, cohesion 90.
  Completed 100 iterations for size 300, cohesion 100.

Results successfully written to job80227/comparison_results_linearSwitchFromGroupedProtected_300_c90-100.json
  Completed 100 iterations for size 300, cohesion 90.
  Completed 100 iterations for size 300, cohesion 100.

Results successfully written to job80227/comparison_results_linearSwitchFromGroupedProtected_300_c90-100.json
  Completed 100 iterations for size 300, cohesion 90.
  Completed 100 iterations for size 300, cohesion 100.

Results successfully written to job80227/comparison_results_linearSwitchFromGroupedProtected_300_c90-100.json
  Completed 100 iterations for size 300, cohesion 90.
  Completed 100 iterations for size 300, cohesion 100.

Results successfully written to job80227/comparison_results_linearSwitchFromGroupedProtected_300_c90-100.json
  Completed 100 iterations for size 300, cohesion 90.
  Completed 100 iterations for size 300, cohesion 100.

Results successfully written to job80227/comparison_results_linearSwitchFromGroupedProtected_300_c90-100.json
  Completed 100 iterations for size 300, cohesion 90.
  Completed 100 iterations for size 300, cohesion 100.

Results successfully written to job80227/comparison_results_linearSwitchFromGroupedProtected_300_c90-100.json
  Completed 100 iterations for size 300, cohesion 90.
  Completed 100 iterations for size 300, cohesion 100.

Results successfully written to job80227/comparison_results_linearSwitchFromGroupedProtected_300_c90-100.json
  Completed 100 iterations for size 300, cohesion 90.
  Completed 100 iterations for size 300, cohesion 100.

Results successfully written to job80227/comparison_results_linearSwitchFromGroupedProtected_300_c90-100.json
  Completed 100 iterations for size 300, cohesion 90.
  Completed 100 iterations for size 300, cohesion 100.

Results successfully written to job80227/comparison_results_linearSwitchFromGroupedProtected_300_c90-100.json
  Completed 100 iterations for size 300, cohesion 90.
  Completed 100 iterations for size 300, cohesion 100.

Results successfully written to job80227/comparison_results_linearSwitchFromGroupedProtected_300_c90-100.json
  Completed 100 iterations for size 300, cohesion 90.
  Completed 100 iterations for size 300, cohesion 100.

Results successfully written to job80227/comparison_results_linearSwitchFromGroupedProtected_300_c90-100.json
  Completed 100 iterations for size 300, cohesion 90.
  Completed 100 iterations for size 300, cohesion 100.

Results successfully written to job80227/comparison_results_linearSwitchFromGroupedProtected_300_c90-100.json
  Completed 100 iterations for size 300, cohesion 90.
  Completed 100 iterations for size 300, cohesion 100.

Results successfully written to job80227/comparison_results_linearSwitchFromGroupedProtected_300_c90-100.json
  Completed 100 iterations for size 300, cohesion 90.
  Completed 100 iterations for size 300, cohesion 100.

Results successfully written to job80227/comparison_results_linearSwitchFromGroupedProtected_300_c90-100.json
  Completed 100 iterations for size 300, cohesion 90.
  Completed 100 iterations for size 300, cohesion 100.

Results successfully written to job80227/comparison_results_linearSwitchFromGroupedProtected_300_c90-100.json
  Completed 100 iterations for size 300, cohesion 90.
  Completed 100 iterations for size 300, cohesion 100.

Results successfully written to job80227/comparison_results_linearSwitchFromGroupedProtected_300_c90-100.json
  Completed 100 iterations for size 300, cohesion 90.
  Completed 100 iterations for size 300, cohesion 100.

Results successfully written to job80227/comparison_results_linearSwitchFromGroupedProtected_300_c90-100.json
  Completed 100 iterations for size 300, cohesion 90.
  Completed 100 iterations for size 300, cohesion 100.

Results successfully written to job80227/comparison_results_linearSwitchFromGroupedProtected_300_c90-100.json
  Completed 100 iterations for size 300, cohesion 90.
  Completed 100 iterations for size 300, cohesion 100.

Results successfully written to job80227/comparison_results_linearSwitchFromGroupedProtected_300_c90-100.json
  Completed 100 iterations for size 300, cohesion 90.
  Completed 100 iterations for size 300, cohesion 100.

Results successfully written to job80227/comparison_results_linearSwitchFromGroupedProtected_300_c90-100.json
  Completed 100 iterations for size 300, cohesion 90.
  Completed 100 iterations for size 300, cohesion 100.

Results successfully written to job80227/comparison_results_linearSwitchFromGroupedProtected_300_c90-100.json
  Completed 100 iterations for size 300, cohesion 90.
  Completed 100 iterations for size 300, cohesion 100.

Results successfully written to job80227/comparison_results_linearSwitchFromGroupedProtected_300_c90-100.json
  Completed 100 iterations for size 300, cohesion 90.
  Completed 100 iterations for size 300, cohesion 100.

Results successfully written to job80227/comparison_results_linearSwitchFromGroupedProtected_300_c90-100.json
  Completed 100 iterations for size 300, cohesion 90.
  Completed 100 iterations for size 300, cohesion 100.

Results successfully written to job80227/comparison_results_linearSwitchFromGroupedProtected_300_c90-100.json
  Completed 100 iterations for size 300, cohesion 90.
  Completed 100 iterations for size 300, cohesion 100.

Results successfully written to job80227/comparison_results_linearSwitchFromGroupedProtected_300_c90-100.json
  Completed 100 iterations for size 300, cohesion 90.
  Completed 100 iterations for size 300, cohesion 100.

Results successfully written to job80227/comparison_results_linearSwitchFromGroupedProtected_300_c90-100.json
  Completed 100 iterations for size 300, cohesion 90.
  Completed 100 iterations for size 300, cohesion 100.

Results successfully written to job80227/comparison_results_linearSwitchFromGroupedProtected_300_c90-100.json
  Completed 100 iterations for size 300, cohesion 90.
  Completed 100 iterations for size 300, cohesion 100.

Results successfully written to job80227/comparison_results_linearSwitchFromGroupedProtected_300_c90-100.json
  Completed 100 iterations for size 300, cohesion 90.
  Completed 100 iterations for size 300, cohesion 100.

Results successfully written to job80227/comparison_results_linearSwitchFromGroupedProtected_300_c90-100.json
  Completed 100 iterations for size 300, cohesion 90.
  Completed 100 iterations for size 300, cohesion 100.

Results successfully written to job80227/comparison_results_linearSwitchFromGroupedProtected_300_c90-100.json
  Completed 100 iterations for size 300, cohesion 90.
  Completed 100 iterations for size 300, cohesion 100.

Results successfully written to job80227/comparison_results_linearSwitchFromGroupedProtected_300_c90-100.json

================================================================================
Algorithm                   People    Avg Score  Avg Time(s)
--------------------------------------------------------------------------------
linearSwitchFromGroupedProtected      300      15248.6      20.1349
================================================================================

Results successfully written to job80227/comparison_results_linearSwitchFromGroupedProtected_300_c90-100.json
