Task 32 running algorithm: linearSwitchFromRandom, people: 8, cohesions: 0 10 20
desktop6.hpc.itu.dk
aubu
/home/aubu/bachelorProject/hpc-jobs
Running iterations for algorithm: linearSwitchFromRandom
  Completed 100 iterations for size 8, cohesion 0.
  Completed 100 iterations for size 8, cohesion 10.
  Completed 100 iterations for size 8, cohesion 20.

Results successfully written to job80227/comparison_results_linearSwitchFromRandom_8_c0-10-20.json
  Completed 100 iterations for size 8, cohesion 0.
  Completed 100 iterations for size 8, cohesion 10.
  Completed 100 iterations for size 8, cohesion 20.

Results successfully written to job80227/comparison_results_linearSwitchFromRandom_8_c0-10-20.json
  Completed 100 iterations for size 8, cohesion 0.
  Completed 100 iterations for size 8, cohesion 10.
  Completed 100 iterations for size 8, cohesion 20.

Results successfully written to job80227/comparison_results_linearSwitchFromRandom_8_c0-10-20.json
  Completed 100 iterations for size 8, cohesion 0.
  Completed 100 iterations for size 8, cohesion 10.
  Completed 100 iterations for size 8, cohesion 20.

Results successfully written to job80227/comparison_results_linearSwitchFromRandom_8_c0-10-20.json
  Completed 100 iterations for size 8, cohesion 0.
  Completed 100 iterations for size 8, cohesion 10.
  Completed 100 iterations for size 8, cohesion 20.

Results successfully written to job80227/comparison_results_linearSwitchFromRandom_8_c0-10-20.json
  Completed 100 iterations for size 8, cohesion 0.
  Completed 100 iterations for size 8, cohesion 10.
  Completed 100 iterations for size 8, cohesion 20.

Results successfully written to job80227/comparison_results_linearSwitchFromRandom_8_c0-10-20.json
  Completed 100 iterations for size 8, cohesion 0.
  Completed 100 iterations for size 8, cohesion 10.
  Completed 100 iterations for size 8, cohesion 20.

Results successfully written to job80227/comparison_results_linearSwitchFromRandom_8_c0-10-20.json
  Completed 100 iterations for size 8, cohesion 0.
  Completed 100 iterations for size 8, cohesion 10.
  Completed 100 iterations for size 8, cohesion 20.

Results successfully written to job80227/comparison_results_linearSwitchFromRandom_8_c0-10-20.json
  Completed 100 iterations for size 8, cohesion 0.
  Completed 100 iterations for size 8, cohesion 10.
  Completed 100 iterations for size 8, cohesion 20.

Results successfully written to job80227/comparison_results_linearSwitchFromRandom_8_c0-10-20.json
  Completed 100 iterations for size 8, cohesion 0.
  Completed 100 iterations for size 8, cohesion 10.
  Completed 100 iterations for size 8, cohesion 20.

Results successfully written to job80227/comparison_results_linearSwitchFromRandom_8_c0-10-20.json
  Completed 100 iterations for size 8, cohesion 0.
  Completed 100 iterations for size 8, cohesion 10.
  Completed 100 iterations for size 8, cohesion 20.

Results successfully written to job80227/comparison_results_linearSwitchFromRandom_8_c0-10-20.json
  Completed 100 iterations for size 8, cohesion 0.
  Completed 100 iterations for size 8, cohesion 10.
  Completed 100 iterations for size 8, cohesion 20.

Results successfully written to job80227/comparison_results_linearSwitchFromRandom_8_c0-10-20.json
  Completed 100 iterations for size 8, cohesion 0.
  Completed 100 iterations for size 8, cohesion 10.
  Completed 100 iterations for size 8, cohesion 20.

Results successfully written to job80227/comparison_results_linearSwitchFromRandom_8_c0-10-20.json
  Completed 100 iterations for size 8, cohesion 0.
  Completed 100 iterations for size 8, cohesion 10.
  Completed 100 iterations for size 8, cohesion 20.

Results successfully written to job80227/comparison_results_linearSwitchFromRandom_8_c0-10-20.json
  Completed 100 iterations for size 8, cohesion 0.
  Completed 100 iterations for size 8, cohesion 10.
  Completed 100 iterations for size 8, cohesion 20.

Results successfully written to job80227/comparison_results_linearSwitchFromRandom_8_c0-10-20.json
  Completed 100 iterations for size 8, cohesion 0.
  Completed 100 iterations for size 8, cohesion 10.
  Completed 100 iterations for size 8, cohesion 20.

Results successfully written to job80227/comparison_results_linearSwitchFromRandom_8_c0-10-20.json
  Completed 100 iterations for size 8, cohesion 0.
  Completed 100 iterations for size 8, cohesion 10.
  Completed 100 iterations for size 8, cohesion 20.

Results successfully written to job80227/comparison_results_linearSwitchFromRandom_8_c0-10-20.json
  Completed 100 iterations for size 8, cohesion 0.
  Completed 100 iterations for size 8, cohesion 10.
  Completed 100 iterations for size 8, cohesion 20.

Results successfully written to job80227/comparison_results_linearSwitchFromRandom_8_c0-10-20.json
  Completed 100 iterations for size 8, cohesion 0.
  Completed 100 iterations for size 8, cohesion 10.
  Completed 100 iterations for size 8, cohesion 20.

Results successfully written to job80227/comparison_results_linearSwitchFromRandom_8_c0-10-20.json
  Completed 100 iterations for size 8, cohesion 0.
  Completed 100 iterations for size 8, cohesion 10.
  Completed 100 iterations for size 8, cohesion 20.

Results successfully written to job80227/comparison_results_linearSwitchFromRandom_8_c0-10-20.json
  Completed 100 iterations for size 8, cohesion 0.
  Completed 100 iterations for size 8, cohesion 10.
  Completed 100 iterations for size 8, cohesion 20.

Results successfully written to job80227/comparison_results_linearSwitchFromRandom_8_c0-10-20.json
  Completed 100 iterations for size 8, cohesion 0.
  Completed 100 iterations for size 8, cohesion 10.
  Completed 100 iterations for size 8, cohesion 20.

Results successfully written to job80227/comparison_results_linearSwitchFromRandom_8_c0-10-20.json
  Completed 100 iterations for size 8, cohesion 0.
  Completed 100 iterations for size 8, cohesion 10.
  Completed 100 iterations for size 8, cohesion 20.

Results successfully written to job80227/comparison_results_linearSwitchFromRandom_8_c0-10-20.json
  Completed 100 iterations for size 8, cohesion 0.
  Completed 100 iterations for size 8, cohesion 10.
  Completed 100 iterations for size 8, cohesion 20.

Results successfully written to job80227/comparison_results_linearSwitchFromRandom_8_c0-10-20.json
  Completed 100 iterations for size 8, cohesion 0.
  Completed 100 iterations for size 8, cohesion 10.
  Completed 100 iterations for size 8, cohesion 20.

Results successfully written to job80227/comparison_results_linearSwitchFromRandom_8_c0-10-20.json
  Completed 100 iterations for size 8, cohesion 0.
  Completed 100 iterations for size 8, cohesion 10.
  Completed 100 iterations for size 8, cohesion 20.

Results successfully written to job80227/comparison_results_linearSwitchFromRandom_8_c0-10-20.json
  Completed 100 iterations for size 8, cohesion 0.
  Completed 100 iterations for size 8, cohesion 10.
  Completed 100 iterations for size 8, cohesion 20.

Results successfully written to job80227/comparison_results_linearSwitchFromRandom_8_c0-10-20.json
  Completed 100 iterations for size 8, cohesion 0.
  Completed 100 iterations for size 8, cohesion 10.
  Completed 100 iterations for size 8, cohesion 20.

Results successfully written to job80227/comparison_results_linearSwitchFromRandom_8_c0-10-20.json
  Completed 100 iterations for size 8, cohesion 0.
  Completed 100 iterations for size 8, cohesion 10.
  Completed 100 iterations for size 8, cohesion 20.

Results successfully written to job80227/comparison_results_linearSwitchFromRandom_8_c0-10-20.json
  Completed 100 iterations for size 8, cohesion 0.
  Completed 100 iterations for size 8, cohesion 10.
  Completed 100 iterations for size 8, cohesion 20.

Results successfully written to job80227/comparison_results_linearSwitchFromRandom_8_c0-10-20.json
  Completed 100 iterations for size 8, cohesion 0.
  Completed 100 iterations for size 8, cohesion 10.
  Completed 100 iterations for size 8, cohesion 20.

Results successfully written to job80227/comparison_results_linearSwitchFromRandom_8_c0-10-20.json
  Completed 100 iterations for size 8, cohesion 0.
  Completed 100 iterations for size 8, cohesion 10.
  Completed 100 iterations for size 8, cohesion 20.

Results successfully written to job80227/comparison_results_linearSwitchFromRandom_8_c0-10-20.json
  Completed 100 iterations for size 8, cohesion 0.
  Completed 100 iterations for size 8, cohesion 10.
  Completed 100 iterations for size 8, cohesion 20.

Results successfully written to job80227/comparison_results_linearSwitchFromRandom_8_c0-10-20.json
  Completed 100 iterations for size 8, cohesion 0.
  Completed 100 iterations for size 8, cohesion 10.
  Completed 100 iterations for size 8, cohesion 20.

Results successfully written to job80227/comparison_results_linearSwitchFromRandom_8_c0-10-20.json
  Completed 100 iterations for size 8, cohesion 0.
  Completed 100 iterations for size 8, cohesion 10.
  Completed 100 iterations for size 8, cohesion 20.

Results successfully written to job80227/comparison_results_linearSwitchFromRandom_8_c0-10-20.json
  Completed 100 iterations for size 8, cohesion 0.
  Completed 100 iterations for size 8, cohesion 10.
  Completed 100 iterations for size 8, cohesion 20.

Results successfully written to job80227/comparison_results_linearSwitchFromRandom_8_c0-10-20.json
  Completed 100 iterations for size 8, cohesion 0.
  Completed 100 iterations for size 8, cohesion 10.
  Completed 100 iterations for size 8, cohesion 20.

Results successfully written to job80227/comparison_results_linearSwitchFromRandom_8_c0-10-20.json
  Completed 100 iterations for size 8, cohesion 0.
  Completed 100 iterations for size 8, cohesion 10.
  Completed 100 iterations for size 8, cohesion 20.

Results successfully written to job80227/comparison_results_linearSwitchFromRandom_8_c0-10-20.json
  Completed 100 iterations for size 8, cohesion 0.
  Completed 100 iterations for size 8, cohesion 10.
  Completed 100 iterations for size 8, cohesion 20.

Results successfully written to job80227/comparison_results_linearSwitchFromRandom_8_c0-10-20.json
  Completed 100 iterations for size 8, cohesion 0.
  Completed 100 iterations for size 8, cohesion 10.
  Completed 100 iterations for size 8, cohesion 20.

Results successfully written to job80227/comparison_results_linearSwitchFromRandom_8_c0-10-20.json
  Completed 100 iterations for size 8, cohesion 0.
  Completed 100 iterations for size 8, cohesion 10.
  Completed 100 iterations for size 8, cohesion 20.

Results successfully written to job80227/comparison_results_linearSwitchFromRandom_8_c0-10-20.json
  Completed 100 iterations for size 8, cohesion 0.
  Completed 100 iterations for size 8, cohesion 10.
  Completed 100 iterations for size 8, cohesion 20.

Results successfully written to job80227/comparison_results_linearSwitchFromRandom_8_c0-10-20.json
  Completed 100 iterations for size 8, cohesion 0.
  Completed 100 iterations for size 8, cohesion 10.
  Completed 100 iterations for size 8, cohesion 20.

Results successfully written to job80227/comparison_results_linearSwitchFromRandom_8_c0-10-20.json
  Completed 100 iterations for size 8, cohesion 0.
  Completed 100 iterations for size 8, cohesion 10.
  Completed 100 iterations for size 8, cohesion 20.

Results successfully written to job80227/comparison_results_linearSwitchFromRandom_8_c0-10-20.json
  Completed 100 iterations for size 8, cohesion 0.
  Completed 100 iterations for size 8, cohesion 10.
  Completed 100 iterations for size 8, cohesion 20.

Results successfully written to job80227/comparison_results_linearSwitchFromRandom_8_c0-10-20.json
  Completed 100 iterations for size 8, cohesion 0.
  Completed 100 iterations for size 8, cohesion 10.
  Completed 100 iterations for size 8, cohesion 20.

Results successfully written to job80227/comparison_results_linearSwitchFromRandom_8_c0-10-20.json
  Completed 100 iterations for size 8, cohesion 0.
  Completed 100 iterations for size 8, cohesion 10.
  Completed 100 iterations for size 8, cohesion 20.

Results successfully written to job80227/comparison_results_linearSwitchFromRandom_8_c0-10-20.json
  Completed 100 iterations for size 8, cohesion 0.
  Completed 100 iterations for size 8, cohesion 10.
  Completed 100 iterations for size 8, cohesion 20.

Results successfully written to job80227/comparison_results_linearSwitchFromRandom_8_c0-10-20.json
  Completed 100 iterations for size 8, cohesion 0.
  Completed 100 iterations for size 8, cohesion 10.
  Completed 100 iterations for size 8, cohesion 20.

Results successfully written to job80227/comparison_results_linearSwitchFromRandom_8_c0-10-20.json
  Completed 100 iterations for size 8, cohesion 0.
  Completed 100 iterations for size 8, cohesion 10.
  Completed 100 iterations for size 8, cohesion 20.

Results successfully written to job80227/comparison_results_linearSwitchFromRandom_8_c0-10-20.json
  Completed 100 iterations for size 8, cohesion 0.
  Completed 100 iterations for size 8, cohesion 10.
  Completed 100 iterations for size 8, cohesion 20.

Results successfully written to job80227/comparison_results_linearSwitchFromRandom_8_c0-10-20.json
  Completed 100 iterations for size 8, cohesion 0.
  Completed 100 iterations for size 8, cohesion 10.
  Completed 100 iterations for size 8, cohesion 20.

Results successfully written to job80227/comparison_results_linearSwitchFromRandom_8_c0-10-20.json
  Completed 100 iterations for size 8, cohesion 0.
  Completed 100 iterations for size 8, cohesion 10.
  Completed 100 iterations for size 8, cohesion 20.

Results successfully written to job80227/comparison_results_linearSwitchFromRandom_8_c0-10-20.json
  Completed 100 iterations for size 8, cohesion 0.
  Completed 100 iterations for size 8, cohesion 10.
  Completed 100 iterations for size 8, cohesion 20.

Results successfully written to job80227/comparison_results_linearSwitchFromRandom_8_c0-10-20.json
  Completed 100 iterations for size 8, cohesion 0.
  Completed 100 iterations for size 8, cohesion 10.
  Completed 100 iterations for size 8, cohesion 20.

Results successfully written to job80227/comparison_results_linearSwitchFromRandom_8_c0-10-20.json
  Completed 100 iterations for size 8, cohesion 0.
  Completed 100 iterations for size 8, cohesion 10.
  Completed 100 iterations for size 8, cohesion 20.

Results successfully written to job80227/comparison_results_linearSwitchFromRandom_8_c0-10-20.json
  Completed 100 iterations for size 8, cohesion 0.
  Completed 100 iterations for size 8, cohesion 10.
  Completed 100 iterations for size 8, cohesion 20.

Results successfully written to job80227/comparison_results_linearSwitchFromRandom_8_c0-10-20.json
  Completed 100 iterations for size 8, cohesion 0.
  Completed 100 iterations for size 8, cohesion 10.
  Completed 100 iterations for size 8, cohesion 20.

Results successfully written to job80227/comparison_results_linearSwitchFromRandom_8_c0-10-20.json
  Completed 100 iterations for size 8, cohesion 0.
  Completed 100 iterations for size 8, cohesion 10.
  Completed 100 iterations for size 8, cohesion 20.

Results successfully written to job80227/comparison_results_linearSwitchFromRandom_8_c0-10-20.json
  Completed 100 iterations for size 8, cohesion 0.
  Completed 100 iterations for size 8, cohesion 10.
  Completed 100 iterations for size 8, cohesion 20.

Results successfully written to job80227/comparison_results_linearSwitchFromRandom_8_c0-10-20.json
  Completed 100 iterations for size 8, cohesion 0.
  Completed 100 iterations for size 8, cohesion 10.
  Completed 100 iterations for size 8, cohesion 20.

Results successfully written to job80227/comparison_results_linearSwitchFromRandom_8_c0-10-20.json
  Completed 100 iterations for size 8, cohesion 0.
  Completed 100 iterations for size 8, cohesion 10.
  Completed 100 iterations for size 8, cohesion 20.

Results successfully written to job80227/comparison_results_linearSwitchFromRandom_8_c0-10-20.json
  Completed 100 iterations for size 8, cohesion 0.
  Completed 100 iterations for size 8, cohesion 10.
  Completed 100 iterations for size 8, cohesion 20.

Results successfully written to job80227/comparison_results_linearSwitchFromRandom_8_c0-10-20.json
  Completed 100 iterations for size 8, cohesion 0.
  Completed 100 iterations for size 8, cohesion 10.
  Completed 100 iterations for size 8, cohesion 20.

Results successfully written to job80227/comparison_results_linearSwitchFromRandom_8_c0-10-20.json
  Completed 100 iterations for size 8, cohesion 0.
  Completed 100 iterations for size 8, cohesion 10.
  Completed 100 iterations for size 8, cohesion 20.

Results successfully written to job80227/comparison_results_linearSwitchFromRandom_8_c0-10-20.json
  Completed 100 iterations for size 8, cohesion 0.
  Completed 100 iterations for size 8, cohesion 10.
  Completed 100 iterations for size 8, cohesion 20.

Results successfully written to job80227/comparison_results_linearSwitchFromRandom_8_c0-10-20.json
  Completed 100 iterations for size 8, cohesion 0.
  Completed 100 iterations for size 8, cohesion 10.
  Completed 100 iterations for size 8, cohesion 20.

Results successfully written to job80227/comparison_results_linearSwitchFromRandom_8_c0-10-20.json
  Completed 100 iterations for size 8, cohesion 0.
  Completed 100 iterations for size 8, cohesion 10.
  Completed 100 iterations for size 8, cohesion 20.

Results successfully written to job80227/comparison_results_linearSwitchFromRandom_8_c0-10-20.json
  Completed 100 iterations for size 8, cohesion 0.
  Completed 100 iterations for size 8, cohesion 10.
  Completed 100 iterations for size 8, cohesion 20.

Results successfully written to job80227/comparison_results_linearSwitchFromRandom_8_c0-10-20.json
  Completed 100 iterations for size 8, cohesion 0.
  Completed 100 iterations for size 8, cohesion 10.
  Completed 100 iterations for size 8, cohesion 20.

Results successfully written to job80227/comparison_results_linearSwitchFromRandom_8_c0-10-20.json
  Completed 100 iterations for size 8, cohesion 0.
  Completed 100 iterations for size 8, cohesion 10.
  Completed 100 iterations for size 8, cohesion 20.

Results successfully written to job80227/comparison_results_linearSwitchFromRandom_8_c0-10-20.json
  Completed 100 iterations for size 8, cohesion 0.
  Completed 100 iterations for size 8, cohesion 10.
  Completed 100 iterations for size 8, cohesion 20.

Results successfully written to job80227/comparison_results_linearSwitchFromRandom_8_c0-10-20.json
  Completed 100 iterations for size 8, cohesion 0.
  Completed 100 iterations for size 8, cohesion 10.
  Completed 100 iterations for size 8, cohesion 20.

Results successfully written to job80227/comparison_results_linearSwitchFromRandom_8_c0-10-20.json
  Completed 100 iterations for size 8, cohesion 0.
  Completed 100 iterations for size 8, cohesion 10.
  Completed 100 iterations for size 8, cohesion 20.

Results successfully written to job80227/comparison_results_linearSwitchFromRandom_8_c0-10-20.json
  Completed 100 iterations for size 8, cohesion 0.
  Completed 100 iterations for size 8, cohesion 10.
  Completed 100 iterations for size 8, cohesion 20.

Results successfully written to job80227/comparison_results_linearSwitchFromRandom_8_c0-10-20.json
  Completed 100 iterations for size 8, cohesion 0.
  Completed 100 iterations for size 8, cohesion 10.
  Completed 100 iterations for size 8, cohesion 20.

Results successfully written to job80227/comparison_results_linearSwitchFromRandom_8_c0-10-20.json
  Completed 100 iterations for size 8, cohesion 0.
  Completed 100 iterations for size 8, cohesion 10.
  Completed 100 iterations for size 8, cohesion 20.

Results successfully written to job80227/comparison_results_linearSwitchFromRandom_8_c0-10-20.json
  Completed 100 iterations for size 8, cohesion 0.
  Completed 100 iterations for size 8, cohesion 10.
  Completed 100 iterations for size 8, cohesion 20.

Results successfully written to job80227/comparison_results_linearSwitchFromRandom_8_c0-10-20.json
  Completed 100 iterations for size 8, cohesion 0.
  Completed 100 iterations for size 8, cohesion 10.
  Completed 100 iterations for size 8, cohesion 20.

Results successfully written to job80227/comparison_results_linearSwitchFromRandom_8_c0-10-20.json
  Completed 100 iterations for size 8, cohesion 0.
  Completed 100 iterations for size 8, cohesion 10.
  Completed 100 iterations for size 8, cohesion 20.

Results successfully written to job80227/comparison_results_linearSwitchFromRandom_8_c0-10-20.json
  Completed 100 iterations for size 8, cohesion 0.
  Completed 100 iterations for size 8, cohesion 10.
  Completed 100 iterations for size 8, cohesion 20.

Results successfully written to job80227/comparison_results_linearSwitchFromRandom_8_c0-10-20.json
  Completed 100 iterations for size 8, cohesion 0.
  Completed 100 iterations for size 8, cohesion 10.
  Completed 100 iterations for size 8, cohesion 20.

Results successfully written to job80227/comparison_results_linearSwitchFromRandom_8_c0-10-20.json
  Completed 100 iterations for size 8, cohesion 0.
  Completed 100 iterations for size 8, cohesion 10.
  Completed 100 iterations for size 8, cohesion 20.

Results successfully written to job80227/comparison_results_linearSwitchFromRandom_8_c0-10-20.json
  Completed 100 iterations for size 8, cohesion 0.
  Completed 100 iterations for size 8, cohesion 10.
  Completed 100 iterations for size 8, cohesion 20.

Results successfully written to job80227/comparison_results_linearSwitchFromRandom_8_c0-10-20.json
  Completed 100 iterations for size 8, cohesion 0.
  Completed 100 iterations for size 8, cohesion 10.
  Completed 100 iterations for size 8, cohesion 20.

Results successfully written to job80227/comparison_results_linearSwitchFromRandom_8_c0-10-20.json
  Completed 100 iterations for size 8, cohesion 0.
  Completed 100 iterations for size 8, cohesion 10.
  Completed 100 iterations for size 8, cohesion 20.

Results successfully written to job80227/comparison_results_linearSwitchFromRandom_8_c0-10-20.json
  Completed 100 iterations for size 8, cohesion 0.
  Completed 100 iterations for size 8, cohesion 10.
  Completed 100 iterations for size 8, cohesion 20.

Results successfully written to job80227/comparison_results_linearSwitchFromRandom_8_c0-10-20.json
  Completed 100 iterations for size 8, cohesion 0.
  Completed 100 iterations for size 8, cohesion 10.
  Completed 100 iterations for size 8, cohesion 20.

Results successfully written to job80227/comparison_results_linearSwitchFromRandom_8_c0-10-20.json
  Completed 100 iterations for size 8, cohesion 0.
  Completed 100 iterations for size 8, cohesion 10.
  Completed 100 iterations for size 8, cohesion 20.

Results successfully written to job80227/comparison_results_linearSwitchFromRandom_8_c0-10-20.json
  Completed 100 iterations for size 8, cohesion 0.
  Completed 100 iterations for size 8, cohesion 10.
  Completed 100 iterations for size 8, cohesion 20.

Results successfully written to job80227/comparison_results_linearSwitchFromRandom_8_c0-10-20.json
  Completed 100 iterations for size 8, cohesion 0.
  Completed 100 iterations for size 8, cohesion 10.
  Completed 100 iterations for size 8, cohesion 20.

Results successfully written to job80227/comparison_results_linearSwitchFromRandom_8_c0-10-20.json
  Completed 100 iterations for size 8, cohesion 0.
  Completed 100 iterations for size 8, cohesion 10.
  Completed 100 iterations for size 8, cohesion 20.

Results successfully written to job80227/comparison_results_linearSwitchFromRandom_8_c0-10-20.json
  Completed 100 iterations for size 8, cohesion 0.
  Completed 100 iterations for size 8, cohesion 10.
  Completed 100 iterations for size 8, cohesion 20.

Results successfully written to job80227/comparison_results_linearSwitchFromRandom_8_c0-10-20.json
  Completed 100 iterations for size 8, cohesion 0.
  Completed 100 iterations for size 8, cohesion 10.
  Completed 100 iterations for size 8, cohesion 20.

Results successfully written to job80227/comparison_results_linearSwitchFromRandom_8_c0-10-20.json
  Completed 100 iterations for size 8, cohesion 0.
  Completed 100 iterations for size 8, cohesion 10.
  Completed 100 iterations for size 8, cohesion 20.

Results successfully written to job80227/comparison_results_linearSwitchFromRandom_8_c0-10-20.json
  Completed 100 iterations for size 8, cohesion 0.
  Completed 100 iterations for size 8, cohesion 10.
  Completed 100 iterations for size 8, cohesion 20.

Results successfully written to job80227/comparison_results_linearSwitchFromRandom_8_c0-10-20.json
  Completed 100 iterations for size 8, cohesion 0.
  Completed 100 iterations for size 8, cohesion 10.
  Completed 100 iterations for size 8, cohesion 20.

Results successfully written to job80227/comparison_results_linearSwitchFromRandom_8_c0-10-20.json
  Completed 100 iterations for size 8, cohesion 0.
  Completed 100 iterations for size 8, cohesion 10.
  Completed 100 iterations for size 8, cohesion 20.

Results successfully written to job80227/comparison_results_linearSwitchFromRandom_8_c0-10-20.json
  Completed 100 iterations for size 8, cohesion 0.
  Completed 100 iterations for size 8, cohesion 10.
  Completed 100 iterations for size 8, cohesion 20.

Results successfully written to job80227/comparison_results_linearSwitchFromRandom_8_c0-10-20.json
  Completed 100 iterations for size 8, cohesion 0.
  Completed 100 iterations for size 8, cohesion 10.
  Completed 100 iterations for size 8, cohesion 20.

Results successfully written to job80227/comparison_results_linearSwitchFromRandom_8_c0-10-20.json

================================================================================
Algorithm                   People    Avg Score  Avg Time(s)
--------------------------------------------------------------------------------
linearSwitchFromRandom           8        437.8       0.0819
================================================================================

Results successfully written to job80227/comparison_results_linearSwitchFromRandom_8_c0-10-20.json
