Task 33 running algorithm: linearSwitchFromRandom, people: 8, cohesions: 30 40 50
desktop7.hpc.itu.dk
aubu
/home/aubu/bachelorProject/hpc-jobs
Running iterations for algorithm: linearSwitchFromRandom
  Completed 100 iterations for size 8, cohesion 30.
  Completed 100 iterations for size 8, cohesion 40.
  Completed 100 iterations for size 8, cohesion 50.

Results successfully written to job80227/comparison_results_linearSwitchFromRandom_8_c30-40-50.json
  Completed 100 iterations for size 8, cohesion 30.
  Completed 100 iterations for size 8, cohesion 40.
  Completed 100 iterations for size 8, cohesion 50.

Results successfully written to job80227/comparison_results_linearSwitchFromRandom_8_c30-40-50.json
  Completed 100 iterations for size 8, cohesion 30.
  Completed 100 iterations for size 8, cohesion 40.
  Completed 100 iterations for size 8, cohesion 50.

Results successfully written to job80227/comparison_results_linearSwitchFromRandom_8_c30-40-50.json
  Completed 100 iterations for size 8, cohesion 30.
  Completed 100 iterations for size 8, cohesion 40.
  Completed 100 iterations for size 8, cohesion 50.

Results successfully written to job80227/comparison_results_linearSwitchFromRandom_8_c30-40-50.json
  Completed 100 iterations for size 8, cohesion 30.
  Completed 100 iterations for size 8, cohesion 40.
  Completed 100 iterations for size 8, cohesion 50.

Results successfully written to job80227/comparison_results_linearSwitchFromRandom_8_c30-40-50.json
  Completed 100 iterations for size 8, cohesion 30.
  Completed 100 iterations for size 8, cohesion 40.
  Completed 100 iterations for size 8, cohesion 50.

Results successfully written to job80227/comparison_results_linearSwitchFromRandom_8_c30-40-50.json
  Completed 100 iterations for size 8, cohesion 30.
  Completed 100 iterations for size 8, cohesion 40.
  Completed 100 iterations for size 8, cohesion 50.

Results successfully written to job80227/comparison_results_linearSwitchFromRandom_8_c30-40-50.json
  Completed 100 iterations for size 8, cohesion 30.
  Completed 100 iterations for size 8, cohesion 40.
  Completed 100 iterations for size 8, cohesion 50.

Results successfully written to job80227/comparison_results_linearSwitchFromRandom_8_c30-40-50.json
  Completed 100 iterations for size 8, cohesion 30.
  Completed 100 iterations for size 8, cohesion 40.
  Completed 100 iterations for size 8, cohesion 50.

Results successfully written to job80227/comparison_results_linearSwitchFromRandom_8_c30-40-50.json
  Completed 100 iterations for size 8, cohesion 30.
  Completed 100 iterations for size 8, cohesion 40.
  Completed 100 iterations for size 8, cohesion 50.

Results successfully written to job80227/comparison_results_linearSwitchFromRandom_8_c30-40-50.json
  Completed 100 iterations for size 8, cohesion 30.
  Completed 100 iterations for size 8, cohesion 40.
  Completed 100 iterations for size 8, cohesion 50.

Results successfully written to job80227/comparison_results_linearSwitchFromRandom_8_c30-40-50.json
  Completed 100 iterations for size 8, cohesion 30.
  Completed 100 iterations for size 8, cohesion 40.
  Completed 100 iterations for size 8, cohesion 50.

Results successfully written to job80227/comparison_results_linearSwitchFromRandom_8_c30-40-50.json
  Completed 100 iterations for size 8, cohesion 30.
  Completed 100 iterations for size 8, cohesion 40.
  Completed 100 iterations for size 8, cohesion 50.

Results successfully written to job80227/comparison_results_linearSwitchFromRandom_8_c30-40-50.json
  Completed 100 iterations for size 8, cohesion 30.
  Completed 100 iterations for size 8, cohesion 40.
  Completed 100 iterations for size 8, cohesion 50.

Results successfully written to job80227/comparison_results_linearSwitchFromRandom_8_c30-40-50.json
  Completed 100 iterations for size 8, cohesion 30.
  Completed 100 iterations for size 8, cohesion 40.
  Completed 100 iterations for size 8, cohesion 50.

Results successfully written to job80227/comparison_results_linearSwitchFromRandom_8_c30-40-50.json
  Completed 100 iterations for size 8, cohesion 30.
  Completed 100 iterations for size 8, cohesion 40.
  Completed 100 iterations for size 8, cohesion 50.

Results successfully written to job80227/comparison_results_linearSwitchFromRandom_8_c30-40-50.json
  Completed 100 iterations for size 8, cohesion 30.
  Completed 100 iterations for size 8, cohesion 40.
  Completed 100 iterations for size 8, cohesion 50.

Results successfully written to job80227/comparison_results_linearSwitchFromRandom_8_c30-40-50.json
  Completed 100 iterations for size 8, cohesion 30.
  Completed 100 iterations for size 8, cohesion 40.
  Completed 100 iterations for size 8, cohesion 50.

Results successfully written to job80227/comparison_results_linearSwitchFromRandom_8_c30-40-50.json
  Completed 100 iterations for size 8, cohesion 30.
  Completed 100 iterations for size 8, cohesion 40.
  Completed 100 iterations for size 8, cohesion 50.

Results successfully written to job80227/comparison_results_linearSwitchFromRandom_8_c30-40-50.json
  Completed 100 iterations for size 8, cohesion 30.
  Completed 100 iterations for size 8, cohesion 40.
  Completed 100 iterations for size 8, cohesion 50.

Results successfully written to job80227/comparison_results_linearSwitchFromRandom_8_c30-40-50.json
  Completed 100 iterations for size 8, cohesion 30.
  Completed 100 iterations for size 8, cohesion 40.
  Completed 100 iterations for size 8, cohesion 50.

Results successfully written to job80227/comparison_results_linearSwitchFromRandom_8_c30-40-50.json
  Completed 100 iterations for size 8, cohesion 30.
  Completed 100 iterations for size 8, cohesion 40.
  Completed 100 iterations for size 8, cohesion 50.

Results successfully written to job80227/comparison_results_linearSwitchFromRandom_8_c30-40-50.json
  Completed 100 iterations for size 8, cohesion 30.
  Completed 100 iterations for size 8, cohesion 40.
  Completed 100 iterations for size 8, cohesion 50.

Results successfully written to job80227/comparison_results_linearSwitchFromRandom_8_c30-40-50.json
  Completed 100 iterations for size 8, cohesion 30.
  Completed 100 iterations for size 8, cohesion 40.
  Completed 100 iterations for size 8, cohesion 50.

Results successfully written to job80227/comparison_results_linearSwitchFromRandom_8_c30-40-50.json
  Completed 100 iterations for size 8, cohesion 30.
  Completed 100 iterations for size 8, cohesion 40.
  Completed 100 iterations for size 8, cohesion 50.

Results successfully written to job80227/comparison_results_linearSwitchFromRandom_8_c30-40-50.json
  Completed 100 iterations for size 8, cohesion 30.
  Completed 100 iterations for size 8, cohesion 40.
  Completed 100 iterations for size 8, cohesion 50.

Results successfully written to job80227/comparison_results_linearSwitchFromRandom_8_c30-40-50.json
  Completed 100 iterations for size 8, cohesion 30.
  Completed 100 iterations for size 8, cohesion 40.
  Completed 100 iterations for size 8, cohesion 50.

Results successfully written to job80227/comparison_results_linearSwitchFromRandom_8_c30-40-50.json
  Completed 100 iterations for size 8, cohesion 30.
  Completed 100 iterations for size 8, cohesion 40.
  Completed 100 iterations for size 8, cohesion 50.

Results successfully written to job80227/comparison_results_linearSwitchFromRandom_8_c30-40-50.json
  Completed 100 iterations for size 8, cohesion 30.
  Completed 100 iterations for size 8, cohesion 40.
  Completed 100 iterations for size 8, cohesion 50.

Results successfully written to job80227/comparison_results_linearSwitchFromRandom_8_c30-40-50.json
  Completed 100 iterations for size 8, cohesion 30.
  Completed 100 iterations for size 8, cohesion 40.
  Completed 100 iterations for size 8, cohesion 50.

Results successfully written to job80227/comparison_results_linearSwitchFromRandom_8_c30-40-50.json
  Completed 100 iterations for size 8, cohesion 30.
  Completed 100 iterations for size 8, cohesion 40.
  Completed 100 iterations for size 8, cohesion 50.

Results successfully written to job80227/comparison_results_linearSwitchFromRandom_8_c30-40-50.json
  Completed 100 iterations for size 8, cohesion 30.
  Completed 100 iterations for size 8, cohesion 40.
  Completed 100 iterations for size 8, cohesion 50.

Results successfully written to job80227/comparison_results_linearSwitchFromRandom_8_c30-40-50.json
  Completed 100 iterations for size 8, cohesion 30.
  Completed 100 iterations for size 8, cohesion 40.
  Completed 100 iterations for size 8, cohesion 50.

Results successfully written to job80227/comparison_results_linearSwitchFromRandom_8_c30-40-50.json
  Completed 100 iterations for size 8, cohesion 30.
  Completed 100 iterations for size 8, cohesion 40.
  Completed 100 iterations for size 8, cohesion 50.

Results successfully written to job80227/comparison_results_linearSwitchFromRandom_8_c30-40-50.json
  Completed 100 iterations for size 8, cohesion 30.
  Completed 100 iterations for size 8, cohesion 40.
  Completed 100 iterations for size 8, cohesion 50.

Results successfully written to job80227/comparison_results_linearSwitchFromRandom_8_c30-40-50.json
  Completed 100 iterations for size 8, cohesion 30.
  Completed 100 iterations for size 8, cohesion 40.
  Completed 100 iterations for size 8, cohesion 50.

Results successfully written to job80227/comparison_results_linearSwitchFromRandom_8_c30-40-50.json
  Completed 100 iterations for size 8, cohesion 30.
  Completed 100 iterations for size 8, cohesion 40.
  Completed 100 iterations for size 8, cohesion 50.

Results successfully written to job80227/comparison_results_linearSwitchFromRandom_8_c30-40-50.json
  Completed 100 iterations for size 8, cohesion 30.
  Completed 100 iterations for size 8, cohesion 40.
  Completed 100 iterations for size 8, cohesion 50.

Results successfully written to job80227/comparison_results_linearSwitchFromRandom_8_c30-40-50.json
  Completed 100 iterations for size 8, cohesion 30.
  Completed 100 iterations for size 8, cohesion 40.
  Completed 100 iterations for size 8, cohesion 50.

Results successfully written to job80227/comparison_results_linearSwitchFromRandom_8_c30-40-50.json
  Completed 100 iterations for size 8, cohesion 30.
  Completed 100 iterations for size 8, cohesion 40.
  Completed 100 iterations for size 8, cohesion 50.

Results successfully written to job80227/comparison_results_linearSwitchFromRandom_8_c30-40-50.json
  Completed 100 iterations for size 8, cohesion 30.
  Completed 100 iterations for size 8, cohesion 40.
  Completed 100 iterations for size 8, cohesion 50.

Results successfully written to job80227/comparison_results_linearSwitchFromRandom_8_c30-40-50.json
  Completed 100 iterations for size 8, cohesion 30.
  Completed 100 iterations for size 8, cohesion 40.
  Completed 100 iterations for size 8, cohesion 50.

Results successfully written to job80227/comparison_results_linearSwitchFromRandom_8_c30-40-50.json
  Completed 100 iterations for size 8, cohesion 30.
  Completed 100 iterations for size 8, cohesion 40.
  Completed 100 iterations for size 8, cohesion 50.

Results successfully written to job80227/comparison_results_linearSwitchFromRandom_8_c30-40-50.json
  Completed 100 iterations for size 8, cohesion 30.
  Completed 100 iterations for size 8, cohesion 40.
  Completed 100 iterations for size 8, cohesion 50.

Results successfully written to job80227/comparison_results_linearSwitchFromRandom_8_c30-40-50.json
  Completed 100 iterations for size 8, cohesion 30.
  Completed 100 iterations for size 8, cohesion 40.
  Completed 100 iterations for size 8, cohesion 50.

Results successfully written to job80227/comparison_results_linearSwitchFromRandom_8_c30-40-50.json
  Completed 100 iterations for size 8, cohesion 30.
  Completed 100 iterations for size 8, cohesion 40.
  Completed 100 iterations for size 8, cohesion 50.

Results successfully written to job80227/comparison_results_linearSwitchFromRandom_8_c30-40-50.json
  Completed 100 iterations for size 8, cohesion 30.
  Completed 100 iterations for size 8, cohesion 40.
  Completed 100 iterations for size 8, cohesion 50.

Results successfully written to job80227/comparison_results_linearSwitchFromRandom_8_c30-40-50.json
  Completed 100 iterations for size 8, cohesion 30.
  Completed 100 iterations for size 8, cohesion 40.
  Completed 100 iterations for size 8, cohesion 50.

Results successfully written to job80227/comparison_results_linearSwitchFromRandom_8_c30-40-50.json
  Completed 100 iterations for size 8, cohesion 30.
  Completed 100 iterations for size 8, cohesion 40.
  Completed 100 iterations for size 8, cohesion 50.

Results successfully written to job80227/comparison_results_linearSwitchFromRandom_8_c30-40-50.json
  Completed 100 iterations for size 8, cohesion 30.
  Completed 100 iterations for size 8, cohesion 40.
  Completed 100 iterations for size 8, cohesion 50.

Results successfully written to job80227/comparison_results_linearSwitchFromRandom_8_c30-40-50.json
  Completed 100 iterations for size 8, cohesion 30.
  Completed 100 iterations for size 8, cohesion 40.
  Completed 100 iterations for size 8, cohesion 50.

Results successfully written to job80227/comparison_results_linearSwitchFromRandom_8_c30-40-50.json
  Completed 100 iterations for size 8, cohesion 30.
  Completed 100 iterations for size 8, cohesion 40.
  Completed 100 iterations for size 8, cohesion 50.

Results successfully written to job80227/comparison_results_linearSwitchFromRandom_8_c30-40-50.json
  Completed 100 iterations for size 8, cohesion 30.
  Completed 100 iterations for size 8, cohesion 40.
  Completed 100 iterations for size 8, cohesion 50.

Results successfully written to job80227/comparison_results_linearSwitchFromRandom_8_c30-40-50.json
  Completed 100 iterations for size 8, cohesion 30.
  Completed 100 iterations for size 8, cohesion 40.
  Completed 100 iterations for size 8, cohesion 50.

Results successfully written to job80227/comparison_results_linearSwitchFromRandom_8_c30-40-50.json
  Completed 100 iterations for size 8, cohesion 30.
  Completed 100 iterations for size 8, cohesion 40.
  Completed 100 iterations for size 8, cohesion 50.

Results successfully written to job80227/comparison_results_linearSwitchFromRandom_8_c30-40-50.json
  Completed 100 iterations for size 8, cohesion 30.
  Completed 100 iterations for size 8, cohesion 40.
  Completed 100 iterations for size 8, cohesion 50.

Results successfully written to job80227/comparison_results_linearSwitchFromRandom_8_c30-40-50.json
  Completed 100 iterations for size 8, cohesion 30.
  Completed 100 iterations for size 8, cohesion 40.
  Completed 100 iterations for size 8, cohesion 50.

Results successfully written to job80227/comparison_results_linearSwitchFromRandom_8_c30-40-50.json
  Completed 100 iterations for size 8, cohesion 30.
  Completed 100 iterations for size 8, cohesion 40.
  Completed 100 iterations for size 8, cohesion 50.

Results successfully written to job80227/comparison_results_linearSwitchFromRandom_8_c30-40-50.json
  Completed 100 iterations for size 8, cohesion 30.
  Completed 100 iterations for size 8, cohesion 40.
  Completed 100 iterations for size 8, cohesion 50.

Results successfully written to job80227/comparison_results_linearSwitchFromRandom_8_c30-40-50.json
  Completed 100 iterations for size 8, cohesion 30.
  Completed 100 iterations for size 8, cohesion 40.
  Completed 100 iterations for size 8, cohesion 50.

Results successfully written to job80227/comparison_results_linearSwitchFromRandom_8_c30-40-50.json
  Completed 100 iterations for size 8, cohesion 30.
  Completed 100 iterations for size 8, cohesion 40.
  Completed 100 iterations for size 8, cohesion 50.

Results successfully written to job80227/comparison_results_linearSwitchFromRandom_8_c30-40-50.json
  Completed 100 iterations for size 8, cohesion 30.
  Completed 100 iterations for size 8, cohesion 40.
  Completed 100 iterations for size 8, cohesion 50.

Results successfully written to job80227/comparison_results_linearSwitchFromRandom_8_c30-40-50.json
  Completed 100 iterations for size 8, cohesion 30.
  Completed 100 iterations for size 8, cohesion 40.
  Completed 100 iterations for size 8, cohesion 50.

Results successfully written to job80227/comparison_results_linearSwitchFromRandom_8_c30-40-50.json
  Completed 100 iterations for size 8, cohesion 30.
  Completed 100 iterations for size 8, cohesion 40.
  Completed 100 iterations for size 8, cohesion 50.

Results successfully written to job80227/comparison_results_linearSwitchFromRandom_8_c30-40-50.json
  Completed 100 iterations for size 8, cohesion 30.
  Completed 100 iterations for size 8, cohesion 40.
  Completed 100 iterations for size 8, cohesion 50.

Results successfully written to job80227/comparison_results_linearSwitchFromRandom_8_c30-40-50.json
  Completed 100 iterations for size 8, cohesion 30.
  Completed 100 iterations for size 8, cohesion 40.
  Completed 100 iterations for size 8, cohesion 50.

Results successfully written to job80227/comparison_results_linearSwitchFromRandom_8_c30-40-50.json
  Completed 100 iterations for size 8, cohesion 30.
  Completed 100 iterations for size 8, cohesion 40.
  Completed 100 iterations for size 8, cohesion 50.

Results successfully written to job80227/comparison_results_linearSwitchFromRandom_8_c30-40-50.json
  Completed 100 iterations for size 8, cohesion 30.
  Completed 100 iterations for size 8, cohesion 40.
  Completed 100 iterations for size 8, cohesion 50.

Results successfully written to job80227/comparison_results_linearSwitchFromRandom_8_c30-40-50.json
  Completed 100 iterations for size 8, cohesion 30.
  Completed 100 iterations for size 8, cohesion 40.
  Completed 100 iterations for size 8, cohesion 50.

Results successfully written to job80227/comparison_results_linearSwitchFromRandom_8_c30-40-50.json
  Completed 100 iterations for size 8, cohesion 30.
  Completed 100 iterations for size 8, cohesion 40.
  Completed 100 iterations for size 8, cohesion 50.

Results successfully written to job80227/comparison_results_linearSwitchFromRandom_8_c30-40-50.json
  Completed 100 iterations for size 8, cohesion 30.
  Completed 100 iterations for size 8, cohesion 40.
  Completed 100 iterations for size 8, cohesion 50.

Results successfully written to job80227/comparison_results_linearSwitchFromRandom_8_c30-40-50.json
  Completed 100 iterations for size 8, cohesion 30.
  Completed 100 iterations for size 8, cohesion 40.
  Completed 100 iterations for size 8, cohesion 50.

Results successfully written to job80227/comparison_results_linearSwitchFromRandom_8_c30-40-50.json
  Completed 100 iterations for size 8, cohesion 30.
  Completed 100 iterations for size 8, cohesion 40.
  Completed 100 iterations for size 8, cohesion 50.

Results successfully written to job80227/comparison_results_linearSwitchFromRandom_8_c30-40-50.json
  Completed 100 iterations for size 8, cohesion 30.
  Completed 100 iterations for size 8, cohesion 40.
  Completed 100 iterations for size 8, cohesion 50.

Results successfully written to job80227/comparison_results_linearSwitchFromRandom_8_c30-40-50.json
  Completed 100 iterations for size 8, cohesion 30.
  Completed 100 iterations for size 8, cohesion 40.
  Completed 100 iterations for size 8, cohesion 50.

Results successfully written to job80227/comparison_results_linearSwitchFromRandom_8_c30-40-50.json
  Completed 100 iterations for size 8, cohesion 30.
  Completed 100 iterations for size 8, cohesion 40.
  Completed 100 iterations for size 8, cohesion 50.

Results successfully written to job80227/comparison_results_linearSwitchFromRandom_8_c30-40-50.json
  Completed 100 iterations for size 8, cohesion 30.
  Completed 100 iterations for size 8, cohesion 40.
  Completed 100 iterations for size 8, cohesion 50.

Results successfully written to job80227/comparison_results_linearSwitchFromRandom_8_c30-40-50.json
  Completed 100 iterations for size 8, cohesion 30.
  Completed 100 iterations for size 8, cohesion 40.
  Completed 100 iterations for size 8, cohesion 50.

Results successfully written to job80227/comparison_results_linearSwitchFromRandom_8_c30-40-50.json
  Completed 100 iterations for size 8, cohesion 30.
  Completed 100 iterations for size 8, cohesion 40.
  Completed 100 iterations for size 8, cohesion 50.

Results successfully written to job80227/comparison_results_linearSwitchFromRandom_8_c30-40-50.json
  Completed 100 iterations for size 8, cohesion 30.
  Completed 100 iterations for size 8, cohesion 40.
  Completed 100 iterations for size 8, cohesion 50.

Results successfully written to job80227/comparison_results_linearSwitchFromRandom_8_c30-40-50.json
  Completed 100 iterations for size 8, cohesion 30.
  Completed 100 iterations for size 8, cohesion 40.
  Completed 100 iterations for size 8, cohesion 50.

Results successfully written to job80227/comparison_results_linearSwitchFromRandom_8_c30-40-50.json
  Completed 100 iterations for size 8, cohesion 30.
  Completed 100 iterations for size 8, cohesion 40.
  Completed 100 iterations for size 8, cohesion 50.

Results successfully written to job80227/comparison_results_linearSwitchFromRandom_8_c30-40-50.json
  Completed 100 iterations for size 8, cohesion 30.
  Completed 100 iterations for size 8, cohesion 40.
  Completed 100 iterations for size 8, cohesion 50.

Results successfully written to job80227/comparison_results_linearSwitchFromRandom_8_c30-40-50.json
  Completed 100 iterations for size 8, cohesion 30.
  Completed 100 iterations for size 8, cohesion 40.
  Completed 100 iterations for size 8, cohesion 50.

Results successfully written to job80227/comparison_results_linearSwitchFromRandom_8_c30-40-50.json
  Completed 100 iterations for size 8, cohesion 30.
  Completed 100 iterations for size 8, cohesion 40.
  Completed 100 iterations for size 8, cohesion 50.

Results successfully written to job80227/comparison_results_linearSwitchFromRandom_8_c30-40-50.json
  Completed 100 iterations for size 8, cohesion 30.
  Completed 100 iterations for size 8, cohesion 40.
  Completed 100 iterations for size 8, cohesion 50.

Results successfully written to job80227/comparison_results_linearSwitchFromRandom_8_c30-40-50.json
  Completed 100 iterations for size 8, cohesion 30.
  Completed 100 iterations for size 8, cohesion 40.
  Completed 100 iterations for size 8, cohesion 50.

Results successfully written to job80227/comparison_results_linearSwitchFromRandom_8_c30-40-50.json
  Completed 100 iterations for size 8, cohesion 30.
  Completed 100 iterations for size 8, cohesion 40.
  Completed 100 iterations for size 8, cohesion 50.

Results successfully written to job80227/comparison_results_linearSwitchFromRandom_8_c30-40-50.json
  Completed 100 iterations for size 8, cohesion 30.
  Completed 100 iterations for size 8, cohesion 40.
  Completed 100 iterations for size 8, cohesion 50.

Results successfully written to job80227/comparison_results_linearSwitchFromRandom_8_c30-40-50.json
  Completed 100 iterations for size 8, cohesion 30.
  Completed 100 iterations for size 8, cohesion 40.
  Completed 100 iterations for size 8, cohesion 50.

Results successfully written to job80227/comparison_results_linearSwitchFromRandom_8_c30-40-50.json
  Completed 100 iterations for size 8, cohesion 30.
  Completed 100 iterations for size 8, cohesion 40.
  Completed 100 iterations for size 8, cohesion 50.

Results successfully written to job80227/comparison_results_linearSwitchFromRandom_8_c30-40-50.json
  Completed 100 iterations for size 8, cohesion 30.
  Completed 100 iterations for size 8, cohesion 40.
  Completed 100 iterations for size 8, cohesion 50.

Results successfully written to job80227/comparison_results_linearSwitchFromRandom_8_c30-40-50.json
  Completed 100 iterations for size 8, cohesion 30.
  Completed 100 iterations for size 8, cohesion 40.
  Completed 100 iterations for size 8, cohesion 50.

Results successfully written to job80227/comparison_results_linearSwitchFromRandom_8_c30-40-50.json
  Completed 100 iterations for size 8, cohesion 30.
  Completed 100 iterations for size 8, cohesion 40.
  Completed 100 iterations for size 8, cohesion 50.

Results successfully written to job80227/comparison_results_linearSwitchFromRandom_8_c30-40-50.json
  Completed 100 iterations for size 8, cohesion 30.
  Completed 100 iterations for size 8, cohesion 40.
  Completed 100 iterations for size 8, cohesion 50.

Results successfully written to job80227/comparison_results_linearSwitchFromRandom_8_c30-40-50.json
  Completed 100 iterations for size 8, cohesion 30.
  Completed 100 iterations for size 8, cohesion 40.
  Completed 100 iterations for size 8, cohesion 50.

Results successfully written to job80227/comparison_results_linearSwitchFromRandom_8_c30-40-50.json
  Completed 100 iterations for size 8, cohesion 30.
  Completed 100 iterations for size 8, cohesion 40.
  Completed 100 iterations for size 8, cohesion 50.

Results successfully written to job80227/comparison_results_linearSwitchFromRandom_8_c30-40-50.json
  Completed 100 iterations for size 8, cohesion 30.
  Completed 100 iterations for size 8, cohesion 40.
  Completed 100 iterations for size 8, cohesion 50.

Results successfully written to job80227/comparison_results_linearSwitchFromRandom_8_c30-40-50.json
  Completed 100 iterations for size 8, cohesion 30.
  Completed 100 iterations for size 8, cohesion 40.
  Completed 100 iterations for size 8, cohesion 50.

Results successfully written to job80227/comparison_results_linearSwitchFromRandom_8_c30-40-50.json
  Completed 100 iterations for size 8, cohesion 30.
  Completed 100 iterations for size 8, cohesion 40.
  Completed 100 iterations for size 8, cohesion 50.

Results successfully written to job80227/comparison_results_linearSwitchFromRandom_8_c30-40-50.json

================================================================================
Algorithm                   People    Avg Score  Avg Time(s)
--------------------------------------------------------------------------------
linearSwitchFromRandom           8        437.9       0.0799
================================================================================

Results successfully written to job80227/comparison_results_linearSwitchFromRandom_8_c30-40-50.json
