Task 34 running algorithm: linearSwitchFromRandom, people: 8, cohesions: 60 70 80
desktop7.hpc.itu.dk
aubu
/home/aubu/bachelorProject/hpc-jobs
Running iterations for algorithm: linearSwitchFromRandom
  Completed 100 iterations for size 8, cohesion 60.
  Completed 100 iterations for size 8, cohesion 70.
  Completed 100 iterations for size 8, cohesion 80.

Results successfully written to job80227/comparison_results_linearSwitchFromRandom_8_c60-70-80.json
  Completed 100 iterations for size 8, cohesion 60.
  Completed 100 iterations for size 8, cohesion 70.
  Completed 100 iterations for size 8, cohesion 80.

Results successfully written to job80227/comparison_results_linearSwitchFromRandom_8_c60-70-80.json
  Completed 100 iterations for size 8, cohesion 60.
  Completed 100 iterations for size 8, cohesion 70.
  Completed 100 iterations for size 8, cohesion 80.

Results successfully written to job80227/comparison_results_linearSwitchFromRandom_8_c60-70-80.json
  Completed 100 iterations for size 8, cohesion 60.
  Completed 100 iterations for size 8, cohesion 70.
  Completed 100 iterations for size 8, cohesion 80.

Results successfully written to job80227/comparison_results_linearSwitchFromRandom_8_c60-70-80.json
  Completed 100 iterations for size 8, cohesion 60.
  Completed 100 iterations for size 8, cohesion 70.
  Completed 100 iterations for size 8, cohesion 80.

Results successfully written to job80227/comparison_results_linearSwitchFromRandom_8_c60-70-80.json
  Completed 100 iterations for size 8, cohesion 60.
  Completed 100 iterations for size 8, cohesion 70.
  Completed 100 iterations for size 8, cohesion 80.

Results successfully written to job80227/comparison_results_linearSwitchFromRandom_8_c60-70-80.json
  Completed 100 iterations for size 8, cohesion 60.
  Completed 100 iterations for size 8, cohesion 70.
  Completed 100 iterations for size 8, cohesion 80.

Results successfully written to job80227/comparison_results_linearSwitchFromRandom_8_c60-70-80.json
  Completed 100 iterations for size 8, cohesion 60.
  Completed 100 iterations for size 8, cohesion 70.
  Completed 100 iterations for size 8, cohesion 80.

Results successfully written to job80227/comparison_results_linearSwitchFromRandom_8_c60-70-80.json
  Completed 100 iterations for size 8, cohesion 60.
  Completed 100 iterations for size 8, cohesion 70.
  Completed 100 iterations for size 8, cohesion 80.

Results successfully written to job80227/comparison_results_linearSwitchFromRandom_8_c60-70-80.json
  Completed 100 iterations for size 8, cohesion 60.
  Completed 100 iterations for size 8, cohesion 70.
  Completed 100 iterations for size 8, cohesion 80.

Results successfully written to job80227/comparison_results_linearSwitchFromRandom_8_c60-70-80.json
  Completed 100 iterations for size 8, cohesion 60.
  Completed 100 iterations for size 8, cohesion 70.
  Completed 100 iterations for size 8, cohesion 80.

Results successfully written to job80227/comparison_results_linearSwitchFromRandom_8_c60-70-80.json
  Completed 100 iterations for size 8, cohesion 60.
  Completed 100 iterations for size 8, cohesion 70.
  Completed 100 iterations for size 8, cohesion 80.

Results successfully written to job80227/comparison_results_linearSwitchFromRandom_8_c60-70-80.json
  Completed 100 iterations for size 8, cohesion 60.
  Completed 100 iterations for size 8, cohesion 70.
  Completed 100 iterations for size 8, cohesion 80.

Results successfully written to job80227/comparison_results_linearSwitchFromRandom_8_c60-70-80.json
  Completed 100 iterations for size 8, cohesion 60.
  Completed 100 iterations for size 8, cohesion 70.
  Completed 100 iterations for size 8, cohesion 80.

Results successfully written to job80227/comparison_results_linearSwitchFromRandom_8_c60-70-80.json
  Completed 100 iterations for size 8, cohesion 60.
  Completed 100 iterations for size 8, cohesion 70.
  Completed 100 iterations for size 8, cohesion 80.

Results successfully written to job80227/comparison_results_linearSwitchFromRandom_8_c60-70-80.json
  Completed 100 iterations for size 8, cohesion 60.
  Completed 100 iterations for size 8, cohesion 70.
  Completed 100 iterations for size 8, cohesion 80.

Results successfully written to job80227/comparison_results_linearSwitchFromRandom_8_c60-70-80.json
  Completed 100 iterations for size 8, cohesion 60.
  Completed 100 iterations for size 8, cohesion 70.
  Completed 100 iterations for size 8, cohesion 80.

Results successfully written to job80227/comparison_results_linearSwitchFromRandom_8_c60-70-80.json
  Completed 100 iterations for size 8, cohesion 60.
  Completed 100 iterations for size 8, cohesion 70.
  Completed 100 iterations for size 8, cohesion 80.

Results successfully written to job80227/comparison_results_linearSwitchFromRandom_8_c60-70-80.json
  Completed 100 iterations for size 8, cohesion 60.
  Completed 100 iterations for size 8, cohesion 70.
  Completed 100 iterations for size 8, cohesion 80.

Results successfully written to job80227/comparison_results_linearSwitchFromRandom_8_c60-70-80.json
  Completed 100 iterations for size 8, cohesion 60.
  Completed 100 iterations for size 8, cohesion 70.
  Completed 100 iterations for size 8, cohesion 80.

Results successfully written to job80227/comparison_results_linearSwitchFromRandom_8_c60-70-80.json
  Completed 100 iterations for size 8, cohesion 60.
  Completed 100 iterations for size 8, cohesion 70.
  Completed 100 iterations for size 8, cohesion 80.

Results successfully written to job80227/comparison_results_linearSwitchFromRandom_8_c60-70-80.json
  Completed 100 iterations for size 8, cohesion 60.
  Completed 100 iterations for size 8, cohesion 70.
  Completed 100 iterations for size 8, cohesion 80.

Results successfully written to job80227/comparison_results_linearSwitchFromRandom_8_c60-70-80.json
  Completed 100 iterations for size 8, cohesion 60.
  Completed 100 iterations for size 8, cohesion 70.
  Completed 100 iterations for size 8, cohesion 80.

Results successfully written to job80227/comparison_results_linearSwitchFromRandom_8_c60-70-80.json
  Completed 100 iterations for size 8, cohesion 60.
  Completed 100 iterations for size 8, cohesion 70.
  Completed 100 iterations for size 8, cohesion 80.

Results successfully written to job80227/comparison_results_linearSwitchFromRandom_8_c60-70-80.json
  Completed 100 iterations for size 8, cohesion 60.
  Completed 100 iterations for size 8, cohesion 70.
  Completed 100 iterations for size 8, cohesion 80.

Results successfully written to job80227/comparison_results_linearSwitchFromRandom_8_c60-70-80.json
  Completed 100 iterations for size 8, cohesion 60.
  Completed 100 iterations for size 8, cohesion 70.
  Completed 100 iterations for size 8, cohesion 80.

Results successfully written to job80227/comparison_results_linearSwitchFromRandom_8_c60-70-80.json
  Completed 100 iterations for size 8, cohesion 60.
  Completed 100 iterations for size 8, cohesion 70.
  Completed 100 iterations for size 8, cohesion 80.

Results successfully written to job80227/comparison_results_linearSwitchFromRandom_8_c60-70-80.json
  Completed 100 iterations for size 8, cohesion 60.
  Completed 100 iterations for size 8, cohesion 70.
  Completed 100 iterations for size 8, cohesion 80.

Results successfully written to job80227/comparison_results_linearSwitchFromRandom_8_c60-70-80.json
  Completed 100 iterations for size 8, cohesion 60.
  Completed 100 iterations for size 8, cohesion 70.
  Completed 100 iterations for size 8, cohesion 80.

Results successfully written to job80227/comparison_results_linearSwitchFromRandom_8_c60-70-80.json
  Completed 100 iterations for size 8, cohesion 60.
  Completed 100 iterations for size 8, cohesion 70.
  Completed 100 iterations for size 8, cohesion 80.

Results successfully written to job80227/comparison_results_linearSwitchFromRandom_8_c60-70-80.json
  Completed 100 iterations for size 8, cohesion 60.
  Completed 100 iterations for size 8, cohesion 70.
  Completed 100 iterations for size 8, cohesion 80.

Results successfully written to job80227/comparison_results_linearSwitchFromRandom_8_c60-70-80.json
  Completed 100 iterations for size 8, cohesion 60.
  Completed 100 iterations for size 8, cohesion 70.
  Completed 100 iterations for size 8, cohesion 80.

Results successfully written to job80227/comparison_results_linearSwitchFromRandom_8_c60-70-80.json
  Completed 100 iterations for size 8, cohesion 60.
  Completed 100 iterations for size 8, cohesion 70.
  Completed 100 iterations for size 8, cohesion 80.

Results successfully written to job80227/comparison_results_linearSwitchFromRandom_8_c60-70-80.json
  Completed 100 iterations for size 8, cohesion 60.
  Completed 100 iterations for size 8, cohesion 70.
  Completed 100 iterations for size 8, cohesion 80.

Results successfully written to job80227/comparison_results_linearSwitchFromRandom_8_c60-70-80.json
  Completed 100 iterations for size 8, cohesion 60.
  Completed 100 iterations for size 8, cohesion 70.
  Completed 100 iterations for size 8, cohesion 80.

Results successfully written to job80227/comparison_results_linearSwitchFromRandom_8_c60-70-80.json
  Completed 100 iterations for size 8, cohesion 60.
  Completed 100 iterations for size 8, cohesion 70.
  Completed 100 iterations for size 8, cohesion 80.

Results successfully written to job80227/comparison_results_linearSwitchFromRandom_8_c60-70-80.json
  Completed 100 iterations for size 8, cohesion 60.
  Completed 100 iterations for size 8, cohesion 70.
  Completed 100 iterations for size 8, cohesion 80.

Results successfully written to job80227/comparison_results_linearSwitchFromRandom_8_c60-70-80.json
  Completed 100 iterations for size 8, cohesion 60.
  Completed 100 iterations for size 8, cohesion 70.
  Completed 100 iterations for size 8, cohesion 80.

Results successfully written to job80227/comparison_results_linearSwitchFromRandom_8_c60-70-80.json
  Completed 100 iterations for size 8, cohesion 60.
  Completed 100 iterations for size 8, cohesion 70.
  Completed 100 iterations for size 8, cohesion 80.

Results successfully written to job80227/comparison_results_linearSwitchFromRandom_8_c60-70-80.json
  Completed 100 iterations for size 8, cohesion 60.
  Completed 100 iterations for size 8, cohesion 70.
  Completed 100 iterations for size 8, cohesion 80.

Results successfully written to job80227/comparison_results_linearSwitchFromRandom_8_c60-70-80.json
  Completed 100 iterations for size 8, cohesion 60.
  Completed 100 iterations for size 8, cohesion 70.
  Completed 100 iterations for size 8, cohesion 80.

Results successfully written to job80227/comparison_results_linearSwitchFromRandom_8_c60-70-80.json
  Completed 100 iterations for size 8, cohesion 60.
  Completed 100 iterations for size 8, cohesion 70.
  Completed 100 iterations for size 8, cohesion 80.

Results successfully written to job80227/comparison_results_linearSwitchFromRandom_8_c60-70-80.json
  Completed 100 iterations for size 8, cohesion 60.
  Completed 100 iterations for size 8, cohesion 70.
  Completed 100 iterations for size 8, cohesion 80.

Results successfully written to job80227/comparison_results_linearSwitchFromRandom_8_c60-70-80.json
  Completed 100 iterations for size 8, cohesion 60.
  Completed 100 iterations for size 8, cohesion 70.
  Completed 100 iterations for size 8, cohesion 80.

Results successfully written to job80227/comparison_results_linearSwitchFromRandom_8_c60-70-80.json
  Completed 100 iterations for size 8, cohesion 60.
  Completed 100 iterations for size 8, cohesion 70.
  Completed 100 iterations for size 8, cohesion 80.

Results successfully written to job80227/comparison_results_linearSwitchFromRandom_8_c60-70-80.json
  Completed 100 iterations for size 8, cohesion 60.
  Completed 100 iterations for size 8, cohesion 70.
  Completed 100 iterations for size 8, cohesion 80.

Results successfully written to job80227/comparison_results_linearSwitchFromRandom_8_c60-70-80.json
  Completed 100 iterations for size 8, cohesion 60.
  Completed 100 iterations for size 8, cohesion 70.
  Completed 100 iterations for size 8, cohesion 80.

Results successfully written to job80227/comparison_results_linearSwitchFromRandom_8_c60-70-80.json
  Completed 100 iterations for size 8, cohesion 60.
  Completed 100 iterations for size 8, cohesion 70.
  Completed 100 iterations for size 8, cohesion 80.

Results successfully written to job80227/comparison_results_linearSwitchFromRandom_8_c60-70-80.json
  Completed 100 iterations for size 8, cohesion 60.
  Completed 100 iterations for size 8, cohesion 70.
  Completed 100 iterations for size 8, cohesion 80.

Results successfully written to job80227/comparison_results_linearSwitchFromRandom_8_c60-70-80.json
  Completed 100 iterations for size 8, cohesion 60.
  Completed 100 iterations for size 8, cohesion 70.
  Completed 100 iterations for size 8, cohesion 80.

Results successfully written to job80227/comparison_results_linearSwitchFromRandom_8_c60-70-80.json
  Completed 100 iterations for size 8, cohesion 60.
  Completed 100 iterations for size 8, cohesion 70.
  Completed 100 iterations for size 8, cohesion 80.

Results successfully written to job80227/comparison_results_linearSwitchFromRandom_8_c60-70-80.json
  Completed 100 iterations for size 8, cohesion 60.
  Completed 100 iterations for size 8, cohesion 70.
  Completed 100 iterations for size 8, cohesion 80.

Results successfully written to job80227/comparison_results_linearSwitchFromRandom_8_c60-70-80.json
  Completed 100 iterations for size 8, cohesion 60.
  Completed 100 iterations for size 8, cohesion 70.
  Completed 100 iterations for size 8, cohesion 80.

Results successfully written to job80227/comparison_results_linearSwitchFromRandom_8_c60-70-80.json
  Completed 100 iterations for size 8, cohesion 60.
  Completed 100 iterations for size 8, cohesion 70.
  Completed 100 iterations for size 8, cohesion 80.

Results successfully written to job80227/comparison_results_linearSwitchFromRandom_8_c60-70-80.json
  Completed 100 iterations for size 8, cohesion 60.
  Completed 100 iterations for size 8, cohesion 70.
  Completed 100 iterations for size 8, cohesion 80.

Results successfully written to job80227/comparison_results_linearSwitchFromRandom_8_c60-70-80.json
  Completed 100 iterations for size 8, cohesion 60.
  Completed 100 iterations for size 8, cohesion 70.
  Completed 100 iterations for size 8, cohesion 80.

Results successfully written to job80227/comparison_results_linearSwitchFromRandom_8_c60-70-80.json
  Completed 100 iterations for size 8, cohesion 60.
  Completed 100 iterations for size 8, cohesion 70.
  Completed 100 iterations for size 8, cohesion 80.

Results successfully written to job80227/comparison_results_linearSwitchFromRandom_8_c60-70-80.json
  Completed 100 iterations for size 8, cohesion 60.
  Completed 100 iterations for size 8, cohesion 70.
  Completed 100 iterations for size 8, cohesion 80.

Results successfully written to job80227/comparison_results_linearSwitchFromRandom_8_c60-70-80.json
  Completed 100 iterations for size 8, cohesion 60.
  Completed 100 iterations for size 8, cohesion 70.
  Completed 100 iterations for size 8, cohesion 80.

Results successfully written to job80227/comparison_results_linearSwitchFromRandom_8_c60-70-80.json
  Completed 100 iterations for size 8, cohesion 60.
  Completed 100 iterations for size 8, cohesion 70.
  Completed 100 iterations for size 8, cohesion 80.

Results successfully written to job80227/comparison_results_linearSwitchFromRandom_8_c60-70-80.json
  Completed 100 iterations for size 8, cohesion 60.
  Completed 100 iterations for size 8, cohesion 70.
  Completed 100 iterations for size 8, cohesion 80.

Results successfully written to job80227/comparison_results_linearSwitchFromRandom_8_c60-70-80.json
  Completed 100 iterations for size 8, cohesion 60.
  Completed 100 iterations for size 8, cohesion 70.
  Completed 100 iterations for size 8, cohesion 80.

Results successfully written to job80227/comparison_results_linearSwitchFromRandom_8_c60-70-80.json
  Completed 100 iterations for size 8, cohesion 60.
  Completed 100 iterations for size 8, cohesion 70.
  Completed 100 iterations for size 8, cohesion 80.

Results successfully written to job80227/comparison_results_linearSwitchFromRandom_8_c60-70-80.json
  Completed 100 iterations for size 8, cohesion 60.
  Completed 100 iterations for size 8, cohesion 70.
  Completed 100 iterations for size 8, cohesion 80.

Results successfully written to job80227/comparison_results_linearSwitchFromRandom_8_c60-70-80.json
  Completed 100 iterations for size 8, cohesion 60.
  Completed 100 iterations for size 8, cohesion 70.
  Completed 100 iterations for size 8, cohesion 80.

Results successfully written to job80227/comparison_results_linearSwitchFromRandom_8_c60-70-80.json
  Completed 100 iterations for size 8, cohesion 60.
  Completed 100 iterations for size 8, cohesion 70.
  Completed 100 iterations for size 8, cohesion 80.

Results successfully written to job80227/comparison_results_linearSwitchFromRandom_8_c60-70-80.json
  Completed 100 iterations for size 8, cohesion 60.
  Completed 100 iterations for size 8, cohesion 70.
  Completed 100 iterations for size 8, cohesion 80.

Results successfully written to job80227/comparison_results_linearSwitchFromRandom_8_c60-70-80.json
  Completed 100 iterations for size 8, cohesion 60.
  Completed 100 iterations for size 8, cohesion 70.
  Completed 100 iterations for size 8, cohesion 80.

Results successfully written to job80227/comparison_results_linearSwitchFromRandom_8_c60-70-80.json
  Completed 100 iterations for size 8, cohesion 60.
  Completed 100 iterations for size 8, cohesion 70.
  Completed 100 iterations for size 8, cohesion 80.

Results successfully written to job80227/comparison_results_linearSwitchFromRandom_8_c60-70-80.json
  Completed 100 iterations for size 8, cohesion 60.
  Completed 100 iterations for size 8, cohesion 70.
  Completed 100 iterations for size 8, cohesion 80.

Results successfully written to job80227/comparison_results_linearSwitchFromRandom_8_c60-70-80.json
  Completed 100 iterations for size 8, cohesion 60.
  Completed 100 iterations for size 8, cohesion 70.
  Completed 100 iterations for size 8, cohesion 80.

Results successfully written to job80227/comparison_results_linearSwitchFromRandom_8_c60-70-80.json
  Completed 100 iterations for size 8, cohesion 60.
  Completed 100 iterations for size 8, cohesion 70.
  Completed 100 iterations for size 8, cohesion 80.

Results successfully written to job80227/comparison_results_linearSwitchFromRandom_8_c60-70-80.json
  Completed 100 iterations for size 8, cohesion 60.
  Completed 100 iterations for size 8, cohesion 70.
  Completed 100 iterations for size 8, cohesion 80.

Results successfully written to job80227/comparison_results_linearSwitchFromRandom_8_c60-70-80.json
  Completed 100 iterations for size 8, cohesion 60.
  Completed 100 iterations for size 8, cohesion 70.
  Completed 100 iterations for size 8, cohesion 80.

Results successfully written to job80227/comparison_results_linearSwitchFromRandom_8_c60-70-80.json
  Completed 100 iterations for size 8, cohesion 60.
  Completed 100 iterations for size 8, cohesion 70.
  Completed 100 iterations for size 8, cohesion 80.

Results successfully written to job80227/comparison_results_linearSwitchFromRandom_8_c60-70-80.json
  Completed 100 iterations for size 8, cohesion 60.
  Completed 100 iterations for size 8, cohesion 70.
  Completed 100 iterations for size 8, cohesion 80.

Results successfully written to job80227/comparison_results_linearSwitchFromRandom_8_c60-70-80.json
  Completed 100 iterations for size 8, cohesion 60.
  Completed 100 iterations for size 8, cohesion 70.
  Completed 100 iterations for size 8, cohesion 80.

Results successfully written to job80227/comparison_results_linearSwitchFromRandom_8_c60-70-80.json
  Completed 100 iterations for size 8, cohesion 60.
  Completed 100 iterations for size 8, cohesion 70.
  Completed 100 iterations for size 8, cohesion 80.

Results successfully written to job80227/comparison_results_linearSwitchFromRandom_8_c60-70-80.json
  Completed 100 iterations for size 8, cohesion 60.
  Completed 100 iterations for size 8, cohesion 70.
  Completed 100 iterations for size 8, cohesion 80.

Results successfully written to job80227/comparison_results_linearSwitchFromRandom_8_c60-70-80.json
  Completed 100 iterations for size 8, cohesion 60.
  Completed 100 iterations for size 8, cohesion 70.
  Completed 100 iterations for size 8, cohesion 80.

Results successfully written to job80227/comparison_results_linearSwitchFromRandom_8_c60-70-80.json
  Completed 100 iterations for size 8, cohesion 60.
  Completed 100 iterations for size 8, cohesion 70.
  Completed 100 iterations for size 8, cohesion 80.

Results successfully written to job80227/comparison_results_linearSwitchFromRandom_8_c60-70-80.json
  Completed 100 iterations for size 8, cohesion 60.
  Completed 100 iterations for size 8, cohesion 70.
  Completed 100 iterations for size 8, cohesion 80.

Results successfully written to job80227/comparison_results_linearSwitchFromRandom_8_c60-70-80.json
  Completed 100 iterations for size 8, cohesion 60.
  Completed 100 iterations for size 8, cohesion 70.
  Completed 100 iterations for size 8, cohesion 80.

Results successfully written to job80227/comparison_results_linearSwitchFromRandom_8_c60-70-80.json
  Completed 100 iterations for size 8, cohesion 60.
  Completed 100 iterations for size 8, cohesion 70.
  Completed 100 iterations for size 8, cohesion 80.

Results successfully written to job80227/comparison_results_linearSwitchFromRandom_8_c60-70-80.json
  Completed 100 iterations for size 8, cohesion 60.
  Completed 100 iterations for size 8, cohesion 70.
  Completed 100 iterations for size 8, cohesion 80.

Results successfully written to job80227/comparison_results_linearSwitchFromRandom_8_c60-70-80.json
  Completed 100 iterations for size 8, cohesion 60.
  Completed 100 iterations for size 8, cohesion 70.
  Completed 100 iterations for size 8, cohesion 80.

Results successfully written to job80227/comparison_results_linearSwitchFromRandom_8_c60-70-80.json
  Completed 100 iterations for size 8, cohesion 60.
  Completed 100 iterations for size 8, cohesion 70.
  Completed 100 iterations for size 8, cohesion 80.

Results successfully written to job80227/comparison_results_linearSwitchFromRandom_8_c60-70-80.json
  Completed 100 iterations for size 8, cohesion 60.
  Completed 100 iterations for size 8, cohesion 70.
  Completed 100 iterations for size 8, cohesion 80.

Results successfully written to job80227/comparison_results_linearSwitchFromRandom_8_c60-70-80.json
  Completed 100 iterations for size 8, cohesion 60.
  Completed 100 iterations for size 8, cohesion 70.
  Completed 100 iterations for size 8, cohesion 80.

Results successfully written to job80227/comparison_results_linearSwitchFromRandom_8_c60-70-80.json
  Completed 100 iterations for size 8, cohesion 60.
  Completed 100 iterations for size 8, cohesion 70.
  Completed 100 iterations for size 8, cohesion 80.

Results successfully written to job80227/comparison_results_linearSwitchFromRandom_8_c60-70-80.json
  Completed 100 iterations for size 8, cohesion 60.
  Completed 100 iterations for size 8, cohesion 70.
  Completed 100 iterations for size 8, cohesion 80.

Results successfully written to job80227/comparison_results_linearSwitchFromRandom_8_c60-70-80.json
  Completed 100 iterations for size 8, cohesion 60.
  Completed 100 iterations for size 8, cohesion 70.
  Completed 100 iterations for size 8, cohesion 80.

Results successfully written to job80227/comparison_results_linearSwitchFromRandom_8_c60-70-80.json
  Completed 100 iterations for size 8, cohesion 60.
  Completed 100 iterations for size 8, cohesion 70.
  Completed 100 iterations for size 8, cohesion 80.

Results successfully written to job80227/comparison_results_linearSwitchFromRandom_8_c60-70-80.json
  Completed 100 iterations for size 8, cohesion 60.
  Completed 100 iterations for size 8, cohesion 70.
  Completed 100 iterations for size 8, cohesion 80.

Results successfully written to job80227/comparison_results_linearSwitchFromRandom_8_c60-70-80.json
  Completed 100 iterations for size 8, cohesion 60.
  Completed 100 iterations for size 8, cohesion 70.
  Completed 100 iterations for size 8, cohesion 80.

Results successfully written to job80227/comparison_results_linearSwitchFromRandom_8_c60-70-80.json
  Completed 100 iterations for size 8, cohesion 60.
  Completed 100 iterations for size 8, cohesion 70.
  Completed 100 iterations for size 8, cohesion 80.

Results successfully written to job80227/comparison_results_linearSwitchFromRandom_8_c60-70-80.json
  Completed 100 iterations for size 8, cohesion 60.
  Completed 100 iterations for size 8, cohesion 70.
  Completed 100 iterations for size 8, cohesion 80.

Results successfully written to job80227/comparison_results_linearSwitchFromRandom_8_c60-70-80.json
  Completed 100 iterations for size 8, cohesion 60.
  Completed 100 iterations for size 8, cohesion 70.
  Completed 100 iterations for size 8, cohesion 80.

Results successfully written to job80227/comparison_results_linearSwitchFromRandom_8_c60-70-80.json
  Completed 100 iterations for size 8, cohesion 60.
  Completed 100 iterations for size 8, cohesion 70.
  Completed 100 iterations for size 8, cohesion 80.

Results successfully written to job80227/comparison_results_linearSwitchFromRandom_8_c60-70-80.json
  Completed 100 iterations for size 8, cohesion 60.
  Completed 100 iterations for size 8, cohesion 70.
  Completed 100 iterations for size 8, cohesion 80.

Results successfully written to job80227/comparison_results_linearSwitchFromRandom_8_c60-70-80.json

================================================================================
Algorithm                   People    Avg Score  Avg Time(s)
--------------------------------------------------------------------------------
linearSwitchFromRandom           8        437.8       0.0798
================================================================================

Results successfully written to job80227/comparison_results_linearSwitchFromRandom_8_c60-70-80.json
