Task 35 running algorithm: linearSwitchFromRandom, people: 8, cohesions: 90 100
desktop8.hpc.itu.dk
aubu
/home/aubu/bachelorProject/hpc-jobs
Running iterations for algorithm: linearSwitchFromRandom
  Completed 100 iterations for size 8, cohesion 90.
  Completed 100 iterations for size 8, cohesion 100.

Results successfully written to job80227/comparison_results_linearSwitchFromRandom_8_c90-100.json
  Completed 100 iterations for size 8, cohesion 90.
  Completed 100 iterations for size 8, cohesion 100.

Results successfully written to job80227/comparison_results_linearSwitchFromRandom_8_c90-100.json
  Completed 100 iterations for size 8, cohesion 90.
  Completed 100 iterations for size 8, cohesion 100.

Results successfully written to job80227/comparison_results_linearSwitchFromRandom_8_c90-100.json
  Completed 100 iterations for size 8, cohesion 90.
  Completed 100 iterations for size 8, cohesion 100.

Results successfully written to job80227/comparison_results_linearSwitchFromRandom_8_c90-100.json
  Completed 100 iterations for size 8, cohesion 90.
  Completed 100 iterations for size 8, cohesion 100.

Results successfully written to job80227/comparison_results_linearSwitchFromRandom_8_c90-100.json
  Completed 100 iterations for size 8, cohesion 90.
  Completed 100 iterations for size 8, cohesion 100.

Results successfully written to job80227/comparison_results_linearSwitchFromRandom_8_c90-100.json
  Completed 100 iterations for size 8, cohesion 90.
  Completed 100 iterations for size 8, cohesion 100.

Results successfully written to job80227/comparison_results_linearSwitchFromRandom_8_c90-100.json
  Completed 100 iterations for size 8, cohesion 90.
  Completed 100 iterations for size 8, cohesion 100.

Results successfully written to job80227/comparison_results_linearSwitchFromRandom_8_c90-100.json
  Completed 100 iterations for size 8, cohesion 90.
  Completed 100 iterations for size 8, cohesion 100.

Results successfully written to job80227/comparison_results_linearSwitchFromRandom_8_c90-100.json
  Completed 100 iterations for size 8, cohesion 90.
  Completed 100 iterations for size 8, cohesion 100.

Results successfully written to job80227/comparison_results_linearSwitchFromRandom_8_c90-100.json
  Completed 100 iterations for size 8, cohesion 90.
  Completed 100 iterations for size 8, cohesion 100.

Results successfully written to job80227/comparison_results_linearSwitchFromRandom_8_c90-100.json
  Completed 100 iterations for size 8, cohesion 90.
  Completed 100 iterations for size 8, cohesion 100.

Results successfully written to job80227/comparison_results_linearSwitchFromRandom_8_c90-100.json
  Completed 100 iterations for size 8, cohesion 90.
  Completed 100 iterations for size 8, cohesion 100.

Results successfully written to job80227/comparison_results_linearSwitchFromRandom_8_c90-100.json
  Completed 100 iterations for size 8, cohesion 90.
  Completed 100 iterations for size 8, cohesion 100.

Results successfully written to job80227/comparison_results_linearSwitchFromRandom_8_c90-100.json
  Completed 100 iterations for size 8, cohesion 90.
  Completed 100 iterations for size 8, cohesion 100.

Results successfully written to job80227/comparison_results_linearSwitchFromRandom_8_c90-100.json
  Completed 100 iterations for size 8, cohesion 90.
  Completed 100 iterations for size 8, cohesion 100.

Results successfully written to job80227/comparison_results_linearSwitchFromRandom_8_c90-100.json
  Completed 100 iterations for size 8, cohesion 90.
  Completed 100 iterations for size 8, cohesion 100.

Results successfully written to job80227/comparison_results_linearSwitchFromRandom_8_c90-100.json
  Completed 100 iterations for size 8, cohesion 90.
  Completed 100 iterations for size 8, cohesion 100.

Results successfully written to job80227/comparison_results_linearSwitchFromRandom_8_c90-100.json
  Completed 100 iterations for size 8, cohesion 90.
  Completed 100 iterations for size 8, cohesion 100.

Results successfully written to job80227/comparison_results_linearSwitchFromRandom_8_c90-100.json
  Completed 100 iterations for size 8, cohesion 90.
  Completed 100 iterations for size 8, cohesion 100.

Results successfully written to job80227/comparison_results_linearSwitchFromRandom_8_c90-100.json
  Completed 100 iterations for size 8, cohesion 90.
  Completed 100 iterations for size 8, cohesion 100.

Results successfully written to job80227/comparison_results_linearSwitchFromRandom_8_c90-100.json
  Completed 100 iterations for size 8, cohesion 90.
  Completed 100 iterations for size 8, cohesion 100.

Results successfully written to job80227/comparison_results_linearSwitchFromRandom_8_c90-100.json
  Completed 100 iterations for size 8, cohesion 90.
  Completed 100 iterations for size 8, cohesion 100.

Results successfully written to job80227/comparison_results_linearSwitchFromRandom_8_c90-100.json
  Completed 100 iterations for size 8, cohesion 90.
  Completed 100 iterations for size 8, cohesion 100.

Results successfully written to job80227/comparison_results_linearSwitchFromRandom_8_c90-100.json
  Completed 100 iterations for size 8, cohesion 90.
  Completed 100 iterations for size 8, cohesion 100.

Results successfully written to job80227/comparison_results_linearSwitchFromRandom_8_c90-100.json
  Completed 100 iterations for size 8, cohesion 90.
  Completed 100 iterations for size 8, cohesion 100.

Results successfully written to job80227/comparison_results_linearSwitchFromRandom_8_c90-100.json
  Completed 100 iterations for size 8, cohesion 90.
  Completed 100 iterations for size 8, cohesion 100.

Results successfully written to job80227/comparison_results_linearSwitchFromRandom_8_c90-100.json
  Completed 100 iterations for size 8, cohesion 90.
  Completed 100 iterations for size 8, cohesion 100.

Results successfully written to job80227/comparison_results_linearSwitchFromRandom_8_c90-100.json
  Completed 100 iterations for size 8, cohesion 90.
  Completed 100 iterations for size 8, cohesion 100.

Results successfully written to job80227/comparison_results_linearSwitchFromRandom_8_c90-100.json
  Completed 100 iterations for size 8, cohesion 90.
  Completed 100 iterations for size 8, cohesion 100.

Results successfully written to job80227/comparison_results_linearSwitchFromRandom_8_c90-100.json
  Completed 100 iterations for size 8, cohesion 90.
  Completed 100 iterations for size 8, cohesion 100.

Results successfully written to job80227/comparison_results_linearSwitchFromRandom_8_c90-100.json
  Completed 100 iterations for size 8, cohesion 90.
  Completed 100 iterations for size 8, cohesion 100.

Results successfully written to job80227/comparison_results_linearSwitchFromRandom_8_c90-100.json
  Completed 100 iterations for size 8, cohesion 90.
  Completed 100 iterations for size 8, cohesion 100.

Results successfully written to job80227/comparison_results_linearSwitchFromRandom_8_c90-100.json
  Completed 100 iterations for size 8, cohesion 90.
  Completed 100 iterations for size 8, cohesion 100.

Results successfully written to job80227/comparison_results_linearSwitchFromRandom_8_c90-100.json
  Completed 100 iterations for size 8, cohesion 90.
  Completed 100 iterations for size 8, cohesion 100.

Results successfully written to job80227/comparison_results_linearSwitchFromRandom_8_c90-100.json
  Completed 100 iterations for size 8, cohesion 90.
  Completed 100 iterations for size 8, cohesion 100.

Results successfully written to job80227/comparison_results_linearSwitchFromRandom_8_c90-100.json
  Completed 100 iterations for size 8, cohesion 90.
  Completed 100 iterations for size 8, cohesion 100.

Results successfully written to job80227/comparison_results_linearSwitchFromRandom_8_c90-100.json
  Completed 100 iterations for size 8, cohesion 90.
  Completed 100 iterations for size 8, cohesion 100.

Results successfully written to job80227/comparison_results_linearSwitchFromRandom_8_c90-100.json
  Completed 100 iterations for size 8, cohesion 90.
  Completed 100 iterations for size 8, cohesion 100.

Results successfully written to job80227/comparison_results_linearSwitchFromRandom_8_c90-100.json
  Completed 100 iterations for size 8, cohesion 90.
  Completed 100 iterations for size 8, cohesion 100.

Results successfully written to job80227/comparison_results_linearSwitchFromRandom_8_c90-100.json
  Completed 100 iterations for size 8, cohesion 90.
  Completed 100 iterations for size 8, cohesion 100.

Results successfully written to job80227/comparison_results_linearSwitchFromRandom_8_c90-100.json
  Completed 100 iterations for size 8, cohesion 90.
  Completed 100 iterations for size 8, cohesion 100.

Results successfully written to job80227/comparison_results_linearSwitchFromRandom_8_c90-100.json
  Completed 100 iterations for size 8, cohesion 90.
  Completed 100 iterations for size 8, cohesion 100.

Results successfully written to job80227/comparison_results_linearSwitchFromRandom_8_c90-100.json
  Completed 100 iterations for size 8, cohesion 90.
  Completed 100 iterations for size 8, cohesion 100.

Results successfully written to job80227/comparison_results_linearSwitchFromRandom_8_c90-100.json
  Completed 100 iterations for size 8, cohesion 90.
  Completed 100 iterations for size 8, cohesion 100.

Results successfully written to job80227/comparison_results_linearSwitchFromRandom_8_c90-100.json
  Completed 100 iterations for size 8, cohesion 90.
  Completed 100 iterations for size 8, cohesion 100.

Results successfully written to job80227/comparison_results_linearSwitchFromRandom_8_c90-100.json
  Completed 100 iterations for size 8, cohesion 90.
  Completed 100 iterations for size 8, cohesion 100.

Results successfully written to job80227/comparison_results_linearSwitchFromRandom_8_c90-100.json
  Completed 100 iterations for size 8, cohesion 90.
  Completed 100 iterations for size 8, cohesion 100.

Results successfully written to job80227/comparison_results_linearSwitchFromRandom_8_c90-100.json
  Completed 100 iterations for size 8, cohesion 90.
  Completed 100 iterations for size 8, cohesion 100.

Results successfully written to job80227/comparison_results_linearSwitchFromRandom_8_c90-100.json
  Completed 100 iterations for size 8, cohesion 90.
  Completed 100 iterations for size 8, cohesion 100.

Results successfully written to job80227/comparison_results_linearSwitchFromRandom_8_c90-100.json
  Completed 100 iterations for size 8, cohesion 90.
  Completed 100 iterations for size 8, cohesion 100.

Results successfully written to job80227/comparison_results_linearSwitchFromRandom_8_c90-100.json
  Completed 100 iterations for size 8, cohesion 90.
  Completed 100 iterations for size 8, cohesion 100.

Results successfully written to job80227/comparison_results_linearSwitchFromRandom_8_c90-100.json
  Completed 100 iterations for size 8, cohesion 90.
  Completed 100 iterations for size 8, cohesion 100.

Results successfully written to job80227/comparison_results_linearSwitchFromRandom_8_c90-100.json
  Completed 100 iterations for size 8, cohesion 90.
  Completed 100 iterations for size 8, cohesion 100.

Results successfully written to job80227/comparison_results_linearSwitchFromRandom_8_c90-100.json
  Completed 100 iterations for size 8, cohesion 90.
  Completed 100 iterations for size 8, cohesion 100.

Results successfully written to job80227/comparison_results_linearSwitchFromRandom_8_c90-100.json
  Completed 100 iterations for size 8, cohesion 90.
  Completed 100 iterations for size 8, cohesion 100.

Results successfully written to job80227/comparison_results_linearSwitchFromRandom_8_c90-100.json
  Completed 100 iterations for size 8, cohesion 90.
  Completed 100 iterations for size 8, cohesion 100.

Results successfully written to job80227/comparison_results_linearSwitchFromRandom_8_c90-100.json
  Completed 100 iterations for size 8, cohesion 90.
  Completed 100 iterations for size 8, cohesion 100.

Results successfully written to job80227/comparison_results_linearSwitchFromRandom_8_c90-100.json
  Completed 100 iterations for size 8, cohesion 90.
  Completed 100 iterations for size 8, cohesion 100.

Results successfully written to job80227/comparison_results_linearSwitchFromRandom_8_c90-100.json
  Completed 100 iterations for size 8, cohesion 90.
  Completed 100 iterations for size 8, cohesion 100.

Results successfully written to job80227/comparison_results_linearSwitchFromRandom_8_c90-100.json
  Completed 100 iterations for size 8, cohesion 90.
  Completed 100 iterations for size 8, cohesion 100.

Results successfully written to job80227/comparison_results_linearSwitchFromRandom_8_c90-100.json
  Completed 100 iterations for size 8, cohesion 90.
  Completed 100 iterations for size 8, cohesion 100.

Results successfully written to job80227/comparison_results_linearSwitchFromRandom_8_c90-100.json
  Completed 100 iterations for size 8, cohesion 90.
  Completed 100 iterations for size 8, cohesion 100.

Results successfully written to job80227/comparison_results_linearSwitchFromRandom_8_c90-100.json
  Completed 100 iterations for size 8, cohesion 90.
  Completed 100 iterations for size 8, cohesion 100.

Results successfully written to job80227/comparison_results_linearSwitchFromRandom_8_c90-100.json
  Completed 100 iterations for size 8, cohesion 90.
  Completed 100 iterations for size 8, cohesion 100.

Results successfully written to job80227/comparison_results_linearSwitchFromRandom_8_c90-100.json
  Completed 100 iterations for size 8, cohesion 90.
  Completed 100 iterations for size 8, cohesion 100.

Results successfully written to job80227/comparison_results_linearSwitchFromRandom_8_c90-100.json
  Completed 100 iterations for size 8, cohesion 90.
  Completed 100 iterations for size 8, cohesion 100.

Results successfully written to job80227/comparison_results_linearSwitchFromRandom_8_c90-100.json
  Completed 100 iterations for size 8, cohesion 90.
  Completed 100 iterations for size 8, cohesion 100.

Results successfully written to job80227/comparison_results_linearSwitchFromRandom_8_c90-100.json
  Completed 100 iterations for size 8, cohesion 90.
  Completed 100 iterations for size 8, cohesion 100.

Results successfully written to job80227/comparison_results_linearSwitchFromRandom_8_c90-100.json
  Completed 100 iterations for size 8, cohesion 90.
  Completed 100 iterations for size 8, cohesion 100.

Results successfully written to job80227/comparison_results_linearSwitchFromRandom_8_c90-100.json
  Completed 100 iterations for size 8, cohesion 90.
  Completed 100 iterations for size 8, cohesion 100.

Results successfully written to job80227/comparison_results_linearSwitchFromRandom_8_c90-100.json
  Completed 100 iterations for size 8, cohesion 90.
  Completed 100 iterations for size 8, cohesion 100.

Results successfully written to job80227/comparison_results_linearSwitchFromRandom_8_c90-100.json
  Completed 100 iterations for size 8, cohesion 90.
  Completed 100 iterations for size 8, cohesion 100.

Results successfully written to job80227/comparison_results_linearSwitchFromRandom_8_c90-100.json
  Completed 100 iterations for size 8, cohesion 90.
  Completed 100 iterations for size 8, cohesion 100.

Results successfully written to job80227/comparison_results_linearSwitchFromRandom_8_c90-100.json
  Completed 100 iterations for size 8, cohesion 90.
  Completed 100 iterations for size 8, cohesion 100.

Results successfully written to job80227/comparison_results_linearSwitchFromRandom_8_c90-100.json
  Completed 100 iterations for size 8, cohesion 90.
  Completed 100 iterations for size 8, cohesion 100.

Results successfully written to job80227/comparison_results_linearSwitchFromRandom_8_c90-100.json
  Completed 100 iterations for size 8, cohesion 90.
  Completed 100 iterations for size 8, cohesion 100.

Results successfully written to job80227/comparison_results_linearSwitchFromRandom_8_c90-100.json
  Completed 100 iterations for size 8, cohesion 90.
  Completed 100 iterations for size 8, cohesion 100.

Results successfully written to job80227/comparison_results_linearSwitchFromRandom_8_c90-100.json
  Completed 100 iterations for size 8, cohesion 90.
  Completed 100 iterations for size 8, cohesion 100.

Results successfully written to job80227/comparison_results_linearSwitchFromRandom_8_c90-100.json
  Completed 100 iterations for size 8, cohesion 90.
  Completed 100 iterations for size 8, cohesion 100.

Results successfully written to job80227/comparison_results_linearSwitchFromRandom_8_c90-100.json
  Completed 100 iterations for size 8, cohesion 90.
  Completed 100 iterations for size 8, cohesion 100.

Results successfully written to job80227/comparison_results_linearSwitchFromRandom_8_c90-100.json
  Completed 100 iterations for size 8, cohesion 90.
  Completed 100 iterations for size 8, cohesion 100.

Results successfully written to job80227/comparison_results_linearSwitchFromRandom_8_c90-100.json
  Completed 100 iterations for size 8, cohesion 90.
  Completed 100 iterations for size 8, cohesion 100.

Results successfully written to job80227/comparison_results_linearSwitchFromRandom_8_c90-100.json
  Completed 100 iterations for size 8, cohesion 90.
  Completed 100 iterations for size 8, cohesion 100.

Results successfully written to job80227/comparison_results_linearSwitchFromRandom_8_c90-100.json
  Completed 100 iterations for size 8, cohesion 90.
  Completed 100 iterations for size 8, cohesion 100.

Results successfully written to job80227/comparison_results_linearSwitchFromRandom_8_c90-100.json
  Completed 100 iterations for size 8, cohesion 90.
  Completed 100 iterations for size 8, cohesion 100.

Results successfully written to job80227/comparison_results_linearSwitchFromRandom_8_c90-100.json
  Completed 100 iterations for size 8, cohesion 90.
  Completed 100 iterations for size 8, cohesion 100.

Results successfully written to job80227/comparison_results_linearSwitchFromRandom_8_c90-100.json
  Completed 100 iterations for size 8, cohesion 90.
  Completed 100 iterations for size 8, cohesion 100.

Results successfully written to job80227/comparison_results_linearSwitchFromRandom_8_c90-100.json
  Completed 100 iterations for size 8, cohesion 90.
  Completed 100 iterations for size 8, cohesion 100.

Results successfully written to job80227/comparison_results_linearSwitchFromRandom_8_c90-100.json
  Completed 100 iterations for size 8, cohesion 90.
  Completed 100 iterations for size 8, cohesion 100.

Results successfully written to job80227/comparison_results_linearSwitchFromRandom_8_c90-100.json
  Completed 100 iterations for size 8, cohesion 90.
  Completed 100 iterations for size 8, cohesion 100.

Results successfully written to job80227/comparison_results_linearSwitchFromRandom_8_c90-100.json
  Completed 100 iterations for size 8, cohesion 90.
  Completed 100 iterations for size 8, cohesion 100.

Results successfully written to job80227/comparison_results_linearSwitchFromRandom_8_c90-100.json
  Completed 100 iterations for size 8, cohesion 90.
  Completed 100 iterations for size 8, cohesion 100.

Results successfully written to job80227/comparison_results_linearSwitchFromRandom_8_c90-100.json
  Completed 100 iterations for size 8, cohesion 90.
  Completed 100 iterations for size 8, cohesion 100.

Results successfully written to job80227/comparison_results_linearSwitchFromRandom_8_c90-100.json
  Completed 100 iterations for size 8, cohesion 90.
  Completed 100 iterations for size 8, cohesion 100.

Results successfully written to job80227/comparison_results_linearSwitchFromRandom_8_c90-100.json
  Completed 100 iterations for size 8, cohesion 90.
  Completed 100 iterations for size 8, cohesion 100.

Results successfully written to job80227/comparison_results_linearSwitchFromRandom_8_c90-100.json
  Completed 100 iterations for size 8, cohesion 90.
  Completed 100 iterations for size 8, cohesion 100.

Results successfully written to job80227/comparison_results_linearSwitchFromRandom_8_c90-100.json
  Completed 100 iterations for size 8, cohesion 90.
  Completed 100 iterations for size 8, cohesion 100.

Results successfully written to job80227/comparison_results_linearSwitchFromRandom_8_c90-100.json
  Completed 100 iterations for size 8, cohesion 90.
  Completed 100 iterations for size 8, cohesion 100.

Results successfully written to job80227/comparison_results_linearSwitchFromRandom_8_c90-100.json
  Completed 100 iterations for size 8, cohesion 90.
  Completed 100 iterations for size 8, cohesion 100.

Results successfully written to job80227/comparison_results_linearSwitchFromRandom_8_c90-100.json

================================================================================
Algorithm                   People    Avg Score  Avg Time(s)
--------------------------------------------------------------------------------
linearSwitchFromRandom           8        437.9       0.0845
================================================================================

Results successfully written to job80227/comparison_results_linearSwitchFromRandom_8_c90-100.json
