Task 36 running algorithm: linearSwitchFromRandom, people: 30, cohesions: 0 10 20
desktop8.hpc.itu.dk
aubu
/home/aubu/bachelorProject/hpc-jobs
Running iterations for algorithm: linearSwitchFromRandom
  Completed 100 iterations for size 30, cohesion 0.
  Completed 100 iterations for size 30, cohesion 10.
  Completed 100 iterations for size 30, cohesion 20.

Results successfully written to job80227/comparison_results_linearSwitchFromRandom_30_c0-10-20.json
  Completed 100 iterations for size 30, cohesion 0.
  Completed 100 iterations for size 30, cohesion 10.
  Completed 100 iterations for size 30, cohesion 20.

Results successfully written to job80227/comparison_results_linearSwitchFromRandom_30_c0-10-20.json
  Completed 100 iterations for size 30, cohesion 0.
  Completed 100 iterations for size 30, cohesion 10.
  Completed 100 iterations for size 30, cohesion 20.

Results successfully written to job80227/comparison_results_linearSwitchFromRandom_30_c0-10-20.json
  Completed 100 iterations for size 30, cohesion 0.
  Completed 100 iterations for size 30, cohesion 10.
  Completed 100 iterations for size 30, cohesion 20.

Results successfully written to job80227/comparison_results_linearSwitchFromRandom_30_c0-10-20.json
  Completed 100 iterations for size 30, cohesion 0.
  Completed 100 iterations for size 30, cohesion 10.
  Completed 100 iterations for size 30, cohesion 20.

Results successfully written to job80227/comparison_results_linearSwitchFromRandom_30_c0-10-20.json
  Completed 100 iterations for size 30, cohesion 0.
  Completed 100 iterations for size 30, cohesion 10.
  Completed 100 iterations for size 30, cohesion 20.

Results successfully written to job80227/comparison_results_linearSwitchFromRandom_30_c0-10-20.json
  Completed 100 iterations for size 30, cohesion 0.
  Completed 100 iterations for size 30, cohesion 10.
  Completed 100 iterations for size 30, cohesion 20.

Results successfully written to job80227/comparison_results_linearSwitchFromRandom_30_c0-10-20.json
  Completed 100 iterations for size 30, cohesion 0.
  Completed 100 iterations for size 30, cohesion 10.
  Completed 100 iterations for size 30, cohesion 20.

Results successfully written to job80227/comparison_results_linearSwitchFromRandom_30_c0-10-20.json
  Completed 100 iterations for size 30, cohesion 0.
  Completed 100 iterations for size 30, cohesion 10.
  Completed 100 iterations for size 30, cohesion 20.

Results successfully written to job80227/comparison_results_linearSwitchFromRandom_30_c0-10-20.json
  Completed 100 iterations for size 30, cohesion 0.
  Completed 100 iterations for size 30, cohesion 10.
  Completed 100 iterations for size 30, cohesion 20.

Results successfully written to job80227/comparison_results_linearSwitchFromRandom_30_c0-10-20.json
  Completed 100 iterations for size 30, cohesion 0.
  Completed 100 iterations for size 30, cohesion 10.
  Completed 100 iterations for size 30, cohesion 20.

Results successfully written to job80227/comparison_results_linearSwitchFromRandom_30_c0-10-20.json
  Completed 100 iterations for size 30, cohesion 0.
  Completed 100 iterations for size 30, cohesion 10.
  Completed 100 iterations for size 30, cohesion 20.

Results successfully written to job80227/comparison_results_linearSwitchFromRandom_30_c0-10-20.json
  Completed 100 iterations for size 30, cohesion 0.
  Completed 100 iterations for size 30, cohesion 10.
  Completed 100 iterations for size 30, cohesion 20.

Results successfully written to job80227/comparison_results_linearSwitchFromRandom_30_c0-10-20.json
  Completed 100 iterations for size 30, cohesion 0.
  Completed 100 iterations for size 30, cohesion 10.
  Completed 100 iterations for size 30, cohesion 20.

Results successfully written to job80227/comparison_results_linearSwitchFromRandom_30_c0-10-20.json
  Completed 100 iterations for size 30, cohesion 0.
  Completed 100 iterations for size 30, cohesion 10.
  Completed 100 iterations for size 30, cohesion 20.

Results successfully written to job80227/comparison_results_linearSwitchFromRandom_30_c0-10-20.json
  Completed 100 iterations for size 30, cohesion 0.
  Completed 100 iterations for size 30, cohesion 10.
  Completed 100 iterations for size 30, cohesion 20.

Results successfully written to job80227/comparison_results_linearSwitchFromRandom_30_c0-10-20.json
  Completed 100 iterations for size 30, cohesion 0.
  Completed 100 iterations for size 30, cohesion 10.
  Completed 100 iterations for size 30, cohesion 20.

Results successfully written to job80227/comparison_results_linearSwitchFromRandom_30_c0-10-20.json
  Completed 100 iterations for size 30, cohesion 0.
  Completed 100 iterations for size 30, cohesion 10.
  Completed 100 iterations for size 30, cohesion 20.

Results successfully written to job80227/comparison_results_linearSwitchFromRandom_30_c0-10-20.json
  Completed 100 iterations for size 30, cohesion 0.
  Completed 100 iterations for size 30, cohesion 10.
  Completed 100 iterations for size 30, cohesion 20.

Results successfully written to job80227/comparison_results_linearSwitchFromRandom_30_c0-10-20.json
  Completed 100 iterations for size 30, cohesion 0.
  Completed 100 iterations for size 30, cohesion 10.
  Completed 100 iterations for size 30, cohesion 20.

Results successfully written to job80227/comparison_results_linearSwitchFromRandom_30_c0-10-20.json
  Completed 100 iterations for size 30, cohesion 0.
  Completed 100 iterations for size 30, cohesion 10.
  Completed 100 iterations for size 30, cohesion 20.

Results successfully written to job80227/comparison_results_linearSwitchFromRandom_30_c0-10-20.json
  Completed 100 iterations for size 30, cohesion 0.
  Completed 100 iterations for size 30, cohesion 10.
  Completed 100 iterations for size 30, cohesion 20.

Results successfully written to job80227/comparison_results_linearSwitchFromRandom_30_c0-10-20.json
  Completed 100 iterations for size 30, cohesion 0.
  Completed 100 iterations for size 30, cohesion 10.
  Completed 100 iterations for size 30, cohesion 20.

Results successfully written to job80227/comparison_results_linearSwitchFromRandom_30_c0-10-20.json
  Completed 100 iterations for size 30, cohesion 0.
  Completed 100 iterations for size 30, cohesion 10.
  Completed 100 iterations for size 30, cohesion 20.

Results successfully written to job80227/comparison_results_linearSwitchFromRandom_30_c0-10-20.json
  Completed 100 iterations for size 30, cohesion 0.
  Completed 100 iterations for size 30, cohesion 10.
  Completed 100 iterations for size 30, cohesion 20.

Results successfully written to job80227/comparison_results_linearSwitchFromRandom_30_c0-10-20.json
  Completed 100 iterations for size 30, cohesion 0.
  Completed 100 iterations for size 30, cohesion 10.
  Completed 100 iterations for size 30, cohesion 20.

Results successfully written to job80227/comparison_results_linearSwitchFromRandom_30_c0-10-20.json
  Completed 100 iterations for size 30, cohesion 0.
  Completed 100 iterations for size 30, cohesion 10.
  Completed 100 iterations for size 30, cohesion 20.

Results successfully written to job80227/comparison_results_linearSwitchFromRandom_30_c0-10-20.json
  Completed 100 iterations for size 30, cohesion 0.
  Completed 100 iterations for size 30, cohesion 10.
  Completed 100 iterations for size 30, cohesion 20.

Results successfully written to job80227/comparison_results_linearSwitchFromRandom_30_c0-10-20.json
  Completed 100 iterations for size 30, cohesion 0.
  Completed 100 iterations for size 30, cohesion 10.
  Completed 100 iterations for size 30, cohesion 20.

Results successfully written to job80227/comparison_results_linearSwitchFromRandom_30_c0-10-20.json
  Completed 100 iterations for size 30, cohesion 0.
  Completed 100 iterations for size 30, cohesion 10.
  Completed 100 iterations for size 30, cohesion 20.

Results successfully written to job80227/comparison_results_linearSwitchFromRandom_30_c0-10-20.json
  Completed 100 iterations for size 30, cohesion 0.
  Completed 100 iterations for size 30, cohesion 10.
  Completed 100 iterations for size 30, cohesion 20.

Results successfully written to job80227/comparison_results_linearSwitchFromRandom_30_c0-10-20.json
  Completed 100 iterations for size 30, cohesion 0.
  Completed 100 iterations for size 30, cohesion 10.
  Completed 100 iterations for size 30, cohesion 20.

Results successfully written to job80227/comparison_results_linearSwitchFromRandom_30_c0-10-20.json
  Completed 100 iterations for size 30, cohesion 0.
  Completed 100 iterations for size 30, cohesion 10.
  Completed 100 iterations for size 30, cohesion 20.

Results successfully written to job80227/comparison_results_linearSwitchFromRandom_30_c0-10-20.json
  Completed 100 iterations for size 30, cohesion 0.
  Completed 100 iterations for size 30, cohesion 10.
  Completed 100 iterations for size 30, cohesion 20.

Results successfully written to job80227/comparison_results_linearSwitchFromRandom_30_c0-10-20.json
  Completed 100 iterations for size 30, cohesion 0.
  Completed 100 iterations for size 30, cohesion 10.
  Completed 100 iterations for size 30, cohesion 20.

Results successfully written to job80227/comparison_results_linearSwitchFromRandom_30_c0-10-20.json
  Completed 100 iterations for size 30, cohesion 0.
  Completed 100 iterations for size 30, cohesion 10.
  Completed 100 iterations for size 30, cohesion 20.

Results successfully written to job80227/comparison_results_linearSwitchFromRandom_30_c0-10-20.json
  Completed 100 iterations for size 30, cohesion 0.
  Completed 100 iterations for size 30, cohesion 10.
  Completed 100 iterations for size 30, cohesion 20.

Results successfully written to job80227/comparison_results_linearSwitchFromRandom_30_c0-10-20.json
  Completed 100 iterations for size 30, cohesion 0.
  Completed 100 iterations for size 30, cohesion 10.
  Completed 100 iterations for size 30, cohesion 20.

Results successfully written to job80227/comparison_results_linearSwitchFromRandom_30_c0-10-20.json
  Completed 100 iterations for size 30, cohesion 0.
  Completed 100 iterations for size 30, cohesion 10.
  Completed 100 iterations for size 30, cohesion 20.

Results successfully written to job80227/comparison_results_linearSwitchFromRandom_30_c0-10-20.json
  Completed 100 iterations for size 30, cohesion 0.
  Completed 100 iterations for size 30, cohesion 10.
  Completed 100 iterations for size 30, cohesion 20.

Results successfully written to job80227/comparison_results_linearSwitchFromRandom_30_c0-10-20.json
  Completed 100 iterations for size 30, cohesion 0.
  Completed 100 iterations for size 30, cohesion 10.
  Completed 100 iterations for size 30, cohesion 20.

Results successfully written to job80227/comparison_results_linearSwitchFromRandom_30_c0-10-20.json
  Completed 100 iterations for size 30, cohesion 0.
  Completed 100 iterations for size 30, cohesion 10.
  Completed 100 iterations for size 30, cohesion 20.

Results successfully written to job80227/comparison_results_linearSwitchFromRandom_30_c0-10-20.json
  Completed 100 iterations for size 30, cohesion 0.
  Completed 100 iterations for size 30, cohesion 10.
  Completed 100 iterations for size 30, cohesion 20.

Results successfully written to job80227/comparison_results_linearSwitchFromRandom_30_c0-10-20.json
  Completed 100 iterations for size 30, cohesion 0.
  Completed 100 iterations for size 30, cohesion 10.
  Completed 100 iterations for size 30, cohesion 20.

Results successfully written to job80227/comparison_results_linearSwitchFromRandom_30_c0-10-20.json
  Completed 100 iterations for size 30, cohesion 0.
  Completed 100 iterations for size 30, cohesion 10.
  Completed 100 iterations for size 30, cohesion 20.

Results successfully written to job80227/comparison_results_linearSwitchFromRandom_30_c0-10-20.json
  Completed 100 iterations for size 30, cohesion 0.
  Completed 100 iterations for size 30, cohesion 10.
  Completed 100 iterations for size 30, cohesion 20.

Results successfully written to job80227/comparison_results_linearSwitchFromRandom_30_c0-10-20.json
  Completed 100 iterations for size 30, cohesion 0.
  Completed 100 iterations for size 30, cohesion 10.
  Completed 100 iterations for size 30, cohesion 20.

Results successfully written to job80227/comparison_results_linearSwitchFromRandom_30_c0-10-20.json
  Completed 100 iterations for size 30, cohesion 0.
  Completed 100 iterations for size 30, cohesion 10.
  Completed 100 iterations for size 30, cohesion 20.

Results successfully written to job80227/comparison_results_linearSwitchFromRandom_30_c0-10-20.json
  Completed 100 iterations for size 30, cohesion 0.
  Completed 100 iterations for size 30, cohesion 10.
  Completed 100 iterations for size 30, cohesion 20.

Results successfully written to job80227/comparison_results_linearSwitchFromRandom_30_c0-10-20.json
  Completed 100 iterations for size 30, cohesion 0.
  Completed 100 iterations for size 30, cohesion 10.
  Completed 100 iterations for size 30, cohesion 20.

Results successfully written to job80227/comparison_results_linearSwitchFromRandom_30_c0-10-20.json
  Completed 100 iterations for size 30, cohesion 0.
  Completed 100 iterations for size 30, cohesion 10.
  Completed 100 iterations for size 30, cohesion 20.

Results successfully written to job80227/comparison_results_linearSwitchFromRandom_30_c0-10-20.json
  Completed 100 iterations for size 30, cohesion 0.
  Completed 100 iterations for size 30, cohesion 10.
  Completed 100 iterations for size 30, cohesion 20.

Results successfully written to job80227/comparison_results_linearSwitchFromRandom_30_c0-10-20.json
  Completed 100 iterations for size 30, cohesion 0.
  Completed 100 iterations for size 30, cohesion 10.
  Completed 100 iterations for size 30, cohesion 20.

Results successfully written to job80227/comparison_results_linearSwitchFromRandom_30_c0-10-20.json
  Completed 100 iterations for size 30, cohesion 0.
  Completed 100 iterations for size 30, cohesion 10.
  Completed 100 iterations for size 30, cohesion 20.

Results successfully written to job80227/comparison_results_linearSwitchFromRandom_30_c0-10-20.json
  Completed 100 iterations for size 30, cohesion 0.
  Completed 100 iterations for size 30, cohesion 10.
  Completed 100 iterations for size 30, cohesion 20.

Results successfully written to job80227/comparison_results_linearSwitchFromRandom_30_c0-10-20.json
  Completed 100 iterations for size 30, cohesion 0.
  Completed 100 iterations for size 30, cohesion 10.
  Completed 100 iterations for size 30, cohesion 20.

Results successfully written to job80227/comparison_results_linearSwitchFromRandom_30_c0-10-20.json
  Completed 100 iterations for size 30, cohesion 0.
  Completed 100 iterations for size 30, cohesion 10.
  Completed 100 iterations for size 30, cohesion 20.

Results successfully written to job80227/comparison_results_linearSwitchFromRandom_30_c0-10-20.json
  Completed 100 iterations for size 30, cohesion 0.
  Completed 100 iterations for size 30, cohesion 10.
  Completed 100 iterations for size 30, cohesion 20.

Results successfully written to job80227/comparison_results_linearSwitchFromRandom_30_c0-10-20.json
  Completed 100 iterations for size 30, cohesion 0.
  Completed 100 iterations for size 30, cohesion 10.
  Completed 100 iterations for size 30, cohesion 20.

Results successfully written to job80227/comparison_results_linearSwitchFromRandom_30_c0-10-20.json
  Completed 100 iterations for size 30, cohesion 0.
  Completed 100 iterations for size 30, cohesion 10.
  Completed 100 iterations for size 30, cohesion 20.

Results successfully written to job80227/comparison_results_linearSwitchFromRandom_30_c0-10-20.json
  Completed 100 iterations for size 30, cohesion 0.
  Completed 100 iterations for size 30, cohesion 10.
  Completed 100 iterations for size 30, cohesion 20.

Results successfully written to job80227/comparison_results_linearSwitchFromRandom_30_c0-10-20.json
  Completed 100 iterations for size 30, cohesion 0.
  Completed 100 iterations for size 30, cohesion 10.
  Completed 100 iterations for size 30, cohesion 20.

Results successfully written to job80227/comparison_results_linearSwitchFromRandom_30_c0-10-20.json
  Completed 100 iterations for size 30, cohesion 0.
  Completed 100 iterations for size 30, cohesion 10.
  Completed 100 iterations for size 30, cohesion 20.

Results successfully written to job80227/comparison_results_linearSwitchFromRandom_30_c0-10-20.json
  Completed 100 iterations for size 30, cohesion 0.
  Completed 100 iterations for size 30, cohesion 10.
  Completed 100 iterations for size 30, cohesion 20.

Results successfully written to job80227/comparison_results_linearSwitchFromRandom_30_c0-10-20.json
  Completed 100 iterations for size 30, cohesion 0.
  Completed 100 iterations for size 30, cohesion 10.
  Completed 100 iterations for size 30, cohesion 20.

Results successfully written to job80227/comparison_results_linearSwitchFromRandom_30_c0-10-20.json
  Completed 100 iterations for size 30, cohesion 0.
  Completed 100 iterations for size 30, cohesion 10.
  Completed 100 iterations for size 30, cohesion 20.

Results successfully written to job80227/comparison_results_linearSwitchFromRandom_30_c0-10-20.json
  Completed 100 iterations for size 30, cohesion 0.
  Completed 100 iterations for size 30, cohesion 10.
  Completed 100 iterations for size 30, cohesion 20.

Results successfully written to job80227/comparison_results_linearSwitchFromRandom_30_c0-10-20.json
  Completed 100 iterations for size 30, cohesion 0.
  Completed 100 iterations for size 30, cohesion 10.
  Completed 100 iterations for size 30, cohesion 20.

Results successfully written to job80227/comparison_results_linearSwitchFromRandom_30_c0-10-20.json
  Completed 100 iterations for size 30, cohesion 0.
  Completed 100 iterations for size 30, cohesion 10.
  Completed 100 iterations for size 30, cohesion 20.

Results successfully written to job80227/comparison_results_linearSwitchFromRandom_30_c0-10-20.json
  Completed 100 iterations for size 30, cohesion 0.
  Completed 100 iterations for size 30, cohesion 10.
  Completed 100 iterations for size 30, cohesion 20.

Results successfully written to job80227/comparison_results_linearSwitchFromRandom_30_c0-10-20.json
  Completed 100 iterations for size 30, cohesion 0.
  Completed 100 iterations for size 30, cohesion 10.
  Completed 100 iterations for size 30, cohesion 20.

Results successfully written to job80227/comparison_results_linearSwitchFromRandom_30_c0-10-20.json
  Completed 100 iterations for size 30, cohesion 0.
  Completed 100 iterations for size 30, cohesion 10.
  Completed 100 iterations for size 30, cohesion 20.

Results successfully written to job80227/comparison_results_linearSwitchFromRandom_30_c0-10-20.json
  Completed 100 iterations for size 30, cohesion 0.
  Completed 100 iterations for size 30, cohesion 10.
  Completed 100 iterations for size 30, cohesion 20.

Results successfully written to job80227/comparison_results_linearSwitchFromRandom_30_c0-10-20.json
  Completed 100 iterations for size 30, cohesion 0.
  Completed 100 iterations for size 30, cohesion 10.
  Completed 100 iterations for size 30, cohesion 20.

Results successfully written to job80227/comparison_results_linearSwitchFromRandom_30_c0-10-20.json
  Completed 100 iterations for size 30, cohesion 0.
  Completed 100 iterations for size 30, cohesion 10.
  Completed 100 iterations for size 30, cohesion 20.

Results successfully written to job80227/comparison_results_linearSwitchFromRandom_30_c0-10-20.json
  Completed 100 iterations for size 30, cohesion 0.
  Completed 100 iterations for size 30, cohesion 10.
  Completed 100 iterations for size 30, cohesion 20.

Results successfully written to job80227/comparison_results_linearSwitchFromRandom_30_c0-10-20.json
  Completed 100 iterations for size 30, cohesion 0.
  Completed 100 iterations for size 30, cohesion 10.
  Completed 100 iterations for size 30, cohesion 20.

Results successfully written to job80227/comparison_results_linearSwitchFromRandom_30_c0-10-20.json
  Completed 100 iterations for size 30, cohesion 0.
  Completed 100 iterations for size 30, cohesion 10.
  Completed 100 iterations for size 30, cohesion 20.

Results successfully written to job80227/comparison_results_linearSwitchFromRandom_30_c0-10-20.json
  Completed 100 iterations for size 30, cohesion 0.
  Completed 100 iterations for size 30, cohesion 10.
  Completed 100 iterations for size 30, cohesion 20.

Results successfully written to job80227/comparison_results_linearSwitchFromRandom_30_c0-10-20.json
  Completed 100 iterations for size 30, cohesion 0.
  Completed 100 iterations for size 30, cohesion 10.
  Completed 100 iterations for size 30, cohesion 20.

Results successfully written to job80227/comparison_results_linearSwitchFromRandom_30_c0-10-20.json
  Completed 100 iterations for size 30, cohesion 0.
  Completed 100 iterations for size 30, cohesion 10.
  Completed 100 iterations for size 30, cohesion 20.

Results successfully written to job80227/comparison_results_linearSwitchFromRandom_30_c0-10-20.json
  Completed 100 iterations for size 30, cohesion 0.
  Completed 100 iterations for size 30, cohesion 10.
  Completed 100 iterations for size 30, cohesion 20.

Results successfully written to job80227/comparison_results_linearSwitchFromRandom_30_c0-10-20.json
  Completed 100 iterations for size 30, cohesion 0.
  Completed 100 iterations for size 30, cohesion 10.
  Completed 100 iterations for size 30, cohesion 20.

Results successfully written to job80227/comparison_results_linearSwitchFromRandom_30_c0-10-20.json
  Completed 100 iterations for size 30, cohesion 0.
  Completed 100 iterations for size 30, cohesion 10.
  Completed 100 iterations for size 30, cohesion 20.

Results successfully written to job80227/comparison_results_linearSwitchFromRandom_30_c0-10-20.json
  Completed 100 iterations for size 30, cohesion 0.
  Completed 100 iterations for size 30, cohesion 10.
  Completed 100 iterations for size 30, cohesion 20.

Results successfully written to job80227/comparison_results_linearSwitchFromRandom_30_c0-10-20.json
  Completed 100 iterations for size 30, cohesion 0.
  Completed 100 iterations for size 30, cohesion 10.
  Completed 100 iterations for size 30, cohesion 20.

Results successfully written to job80227/comparison_results_linearSwitchFromRandom_30_c0-10-20.json
  Completed 100 iterations for size 30, cohesion 0.
  Completed 100 iterations for size 30, cohesion 10.
  Completed 100 iterations for size 30, cohesion 20.

Results successfully written to job80227/comparison_results_linearSwitchFromRandom_30_c0-10-20.json
  Completed 100 iterations for size 30, cohesion 0.
  Completed 100 iterations for size 30, cohesion 10.
  Completed 100 iterations for size 30, cohesion 20.

Results successfully written to job80227/comparison_results_linearSwitchFromRandom_30_c0-10-20.json
  Completed 100 iterations for size 30, cohesion 0.
  Completed 100 iterations for size 30, cohesion 10.
  Completed 100 iterations for size 30, cohesion 20.

Results successfully written to job80227/comparison_results_linearSwitchFromRandom_30_c0-10-20.json
  Completed 100 iterations for size 30, cohesion 0.
  Completed 100 iterations for size 30, cohesion 10.
  Completed 100 iterations for size 30, cohesion 20.

Results successfully written to job80227/comparison_results_linearSwitchFromRandom_30_c0-10-20.json
  Completed 100 iterations for size 30, cohesion 0.
  Completed 100 iterations for size 30, cohesion 10.
  Completed 100 iterations for size 30, cohesion 20.

Results successfully written to job80227/comparison_results_linearSwitchFromRandom_30_c0-10-20.json
  Completed 100 iterations for size 30, cohesion 0.
  Completed 100 iterations for size 30, cohesion 10.
  Completed 100 iterations for size 30, cohesion 20.

Results successfully written to job80227/comparison_results_linearSwitchFromRandom_30_c0-10-20.json
  Completed 100 iterations for size 30, cohesion 0.
  Completed 100 iterations for size 30, cohesion 10.
  Completed 100 iterations for size 30, cohesion 20.

Results successfully written to job80227/comparison_results_linearSwitchFromRandom_30_c0-10-20.json
  Completed 100 iterations for size 30, cohesion 0.
  Completed 100 iterations for size 30, cohesion 10.
  Completed 100 iterations for size 30, cohesion 20.

Results successfully written to job80227/comparison_results_linearSwitchFromRandom_30_c0-10-20.json
  Completed 100 iterations for size 30, cohesion 0.
  Completed 100 iterations for size 30, cohesion 10.
  Completed 100 iterations for size 30, cohesion 20.

Results successfully written to job80227/comparison_results_linearSwitchFromRandom_30_c0-10-20.json
  Completed 100 iterations for size 30, cohesion 0.
  Completed 100 iterations for size 30, cohesion 10.
  Completed 100 iterations for size 30, cohesion 20.

Results successfully written to job80227/comparison_results_linearSwitchFromRandom_30_c0-10-20.json
  Completed 100 iterations for size 30, cohesion 0.
  Completed 100 iterations for size 30, cohesion 10.
  Completed 100 iterations for size 30, cohesion 20.

Results successfully written to job80227/comparison_results_linearSwitchFromRandom_30_c0-10-20.json
  Completed 100 iterations for size 30, cohesion 0.
  Completed 100 iterations for size 30, cohesion 10.
  Completed 100 iterations for size 30, cohesion 20.

Results successfully written to job80227/comparison_results_linearSwitchFromRandom_30_c0-10-20.json
  Completed 100 iterations for size 30, cohesion 0.
  Completed 100 iterations for size 30, cohesion 10.
  Completed 100 iterations for size 30, cohesion 20.

Results successfully written to job80227/comparison_results_linearSwitchFromRandom_30_c0-10-20.json
  Completed 100 iterations for size 30, cohesion 0.
  Completed 100 iterations for size 30, cohesion 10.
  Completed 100 iterations for size 30, cohesion 20.

Results successfully written to job80227/comparison_results_linearSwitchFromRandom_30_c0-10-20.json

================================================================================
Algorithm                   People    Avg Score  Avg Time(s)
--------------------------------------------------------------------------------
linearSwitchFromRandom          30       1344.5       1.5045
================================================================================

Results successfully written to job80227/comparison_results_linearSwitchFromRandom_30_c0-10-20.json
