Task 37 running algorithm: linearSwitchFromRandom, people: 30, cohesions: 30 40 50
desktop9.hpc.itu.dk
aubu
/home/aubu/bachelorProject/hpc-jobs
Running iterations for algorithm: linearSwitchFromRandom
  Completed 100 iterations for size 30, cohesion 30.
  Completed 100 iterations for size 30, cohesion 40.
  Completed 100 iterations for size 30, cohesion 50.

Results successfully written to job80227/comparison_results_linearSwitchFromRandom_30_c30-40-50.json
  Completed 100 iterations for size 30, cohesion 30.
  Completed 100 iterations for size 30, cohesion 40.
  Completed 100 iterations for size 30, cohesion 50.

Results successfully written to job80227/comparison_results_linearSwitchFromRandom_30_c30-40-50.json
  Completed 100 iterations for size 30, cohesion 30.
  Completed 100 iterations for size 30, cohesion 40.
  Completed 100 iterations for size 30, cohesion 50.

Results successfully written to job80227/comparison_results_linearSwitchFromRandom_30_c30-40-50.json
  Completed 100 iterations for size 30, cohesion 30.
  Completed 100 iterations for size 30, cohesion 40.
  Completed 100 iterations for size 30, cohesion 50.

Results successfully written to job80227/comparison_results_linearSwitchFromRandom_30_c30-40-50.json
  Completed 100 iterations for size 30, cohesion 30.
  Completed 100 iterations for size 30, cohesion 40.
  Completed 100 iterations for size 30, cohesion 50.

Results successfully written to job80227/comparison_results_linearSwitchFromRandom_30_c30-40-50.json
  Completed 100 iterations for size 30, cohesion 30.
  Completed 100 iterations for size 30, cohesion 40.
  Completed 100 iterations for size 30, cohesion 50.

Results successfully written to job80227/comparison_results_linearSwitchFromRandom_30_c30-40-50.json
  Completed 100 iterations for size 30, cohesion 30.
  Completed 100 iterations for size 30, cohesion 40.
  Completed 100 iterations for size 30, cohesion 50.

Results successfully written to job80227/comparison_results_linearSwitchFromRandom_30_c30-40-50.json
  Completed 100 iterations for size 30, cohesion 30.
  Completed 100 iterations for size 30, cohesion 40.
  Completed 100 iterations for size 30, cohesion 50.

Results successfully written to job80227/comparison_results_linearSwitchFromRandom_30_c30-40-50.json
  Completed 100 iterations for size 30, cohesion 30.
  Completed 100 iterations for size 30, cohesion 40.
  Completed 100 iterations for size 30, cohesion 50.

Results successfully written to job80227/comparison_results_linearSwitchFromRandom_30_c30-40-50.json
  Completed 100 iterations for size 30, cohesion 30.
  Completed 100 iterations for size 30, cohesion 40.
  Completed 100 iterations for size 30, cohesion 50.

Results successfully written to job80227/comparison_results_linearSwitchFromRandom_30_c30-40-50.json
  Completed 100 iterations for size 30, cohesion 30.
  Completed 100 iterations for size 30, cohesion 40.
  Completed 100 iterations for size 30, cohesion 50.

Results successfully written to job80227/comparison_results_linearSwitchFromRandom_30_c30-40-50.json
  Completed 100 iterations for size 30, cohesion 30.
  Completed 100 iterations for size 30, cohesion 40.
  Completed 100 iterations for size 30, cohesion 50.

Results successfully written to job80227/comparison_results_linearSwitchFromRandom_30_c30-40-50.json
  Completed 100 iterations for size 30, cohesion 30.
  Completed 100 iterations for size 30, cohesion 40.
  Completed 100 iterations for size 30, cohesion 50.

Results successfully written to job80227/comparison_results_linearSwitchFromRandom_30_c30-40-50.json
  Completed 100 iterations for size 30, cohesion 30.
  Completed 100 iterations for size 30, cohesion 40.
  Completed 100 iterations for size 30, cohesion 50.

Results successfully written to job80227/comparison_results_linearSwitchFromRandom_30_c30-40-50.json
  Completed 100 iterations for size 30, cohesion 30.
  Completed 100 iterations for size 30, cohesion 40.
  Completed 100 iterations for size 30, cohesion 50.

Results successfully written to job80227/comparison_results_linearSwitchFromRandom_30_c30-40-50.json
  Completed 100 iterations for size 30, cohesion 30.
  Completed 100 iterations for size 30, cohesion 40.
  Completed 100 iterations for size 30, cohesion 50.

Results successfully written to job80227/comparison_results_linearSwitchFromRandom_30_c30-40-50.json
  Completed 100 iterations for size 30, cohesion 30.
  Completed 100 iterations for size 30, cohesion 40.
  Completed 100 iterations for size 30, cohesion 50.

Results successfully written to job80227/comparison_results_linearSwitchFromRandom_30_c30-40-50.json
  Completed 100 iterations for size 30, cohesion 30.
  Completed 100 iterations for size 30, cohesion 40.
  Completed 100 iterations for size 30, cohesion 50.

Results successfully written to job80227/comparison_results_linearSwitchFromRandom_30_c30-40-50.json
  Completed 100 iterations for size 30, cohesion 30.
  Completed 100 iterations for size 30, cohesion 40.
  Completed 100 iterations for size 30, cohesion 50.

Results successfully written to job80227/comparison_results_linearSwitchFromRandom_30_c30-40-50.json
  Completed 100 iterations for size 30, cohesion 30.
  Completed 100 iterations for size 30, cohesion 40.
  Completed 100 iterations for size 30, cohesion 50.

Results successfully written to job80227/comparison_results_linearSwitchFromRandom_30_c30-40-50.json
  Completed 100 iterations for size 30, cohesion 30.
  Completed 100 iterations for size 30, cohesion 40.
  Completed 100 iterations for size 30, cohesion 50.

Results successfully written to job80227/comparison_results_linearSwitchFromRandom_30_c30-40-50.json
  Completed 100 iterations for size 30, cohesion 30.
  Completed 100 iterations for size 30, cohesion 40.
  Completed 100 iterations for size 30, cohesion 50.

Results successfully written to job80227/comparison_results_linearSwitchFromRandom_30_c30-40-50.json
  Completed 100 iterations for size 30, cohesion 30.
  Completed 100 iterations for size 30, cohesion 40.
  Completed 100 iterations for size 30, cohesion 50.

Results successfully written to job80227/comparison_results_linearSwitchFromRandom_30_c30-40-50.json
  Completed 100 iterations for size 30, cohesion 30.
  Completed 100 iterations for size 30, cohesion 40.
  Completed 100 iterations for size 30, cohesion 50.

Results successfully written to job80227/comparison_results_linearSwitchFromRandom_30_c30-40-50.json
  Completed 100 iterations for size 30, cohesion 30.
  Completed 100 iterations for size 30, cohesion 40.
  Completed 100 iterations for size 30, cohesion 50.

Results successfully written to job80227/comparison_results_linearSwitchFromRandom_30_c30-40-50.json
  Completed 100 iterations for size 30, cohesion 30.
  Completed 100 iterations for size 30, cohesion 40.
  Completed 100 iterations for size 30, cohesion 50.

Results successfully written to job80227/comparison_results_linearSwitchFromRandom_30_c30-40-50.json
  Completed 100 iterations for size 30, cohesion 30.
  Completed 100 iterations for size 30, cohesion 40.
  Completed 100 iterations for size 30, cohesion 50.

Results successfully written to job80227/comparison_results_linearSwitchFromRandom_30_c30-40-50.json
  Completed 100 iterations for size 30, cohesion 30.
  Completed 100 iterations for size 30, cohesion 40.
  Completed 100 iterations for size 30, cohesion 50.

Results successfully written to job80227/comparison_results_linearSwitchFromRandom_30_c30-40-50.json
  Completed 100 iterations for size 30, cohesion 30.
  Completed 100 iterations for size 30, cohesion 40.
  Completed 100 iterations for size 30, cohesion 50.

Results successfully written to job80227/comparison_results_linearSwitchFromRandom_30_c30-40-50.json
  Completed 100 iterations for size 30, cohesion 30.
  Completed 100 iterations for size 30, cohesion 40.
  Completed 100 iterations for size 30, cohesion 50.

Results successfully written to job80227/comparison_results_linearSwitchFromRandom_30_c30-40-50.json
  Completed 100 iterations for size 30, cohesion 30.
  Completed 100 iterations for size 30, cohesion 40.
  Completed 100 iterations for size 30, cohesion 50.

Results successfully written to job80227/comparison_results_linearSwitchFromRandom_30_c30-40-50.json
  Completed 100 iterations for size 30, cohesion 30.
  Completed 100 iterations for size 30, cohesion 40.
  Completed 100 iterations for size 30, cohesion 50.

Results successfully written to job80227/comparison_results_linearSwitchFromRandom_30_c30-40-50.json
  Completed 100 iterations for size 30, cohesion 30.
  Completed 100 iterations for size 30, cohesion 40.
  Completed 100 iterations for size 30, cohesion 50.

Results successfully written to job80227/comparison_results_linearSwitchFromRandom_30_c30-40-50.json
  Completed 100 iterations for size 30, cohesion 30.
  Completed 100 iterations for size 30, cohesion 40.
  Completed 100 iterations for size 30, cohesion 50.

Results successfully written to job80227/comparison_results_linearSwitchFromRandom_30_c30-40-50.json
  Completed 100 iterations for size 30, cohesion 30.
  Completed 100 iterations for size 30, cohesion 40.
  Completed 100 iterations for size 30, cohesion 50.

Results successfully written to job80227/comparison_results_linearSwitchFromRandom_30_c30-40-50.json
  Completed 100 iterations for size 30, cohesion 30.
  Completed 100 iterations for size 30, cohesion 40.
  Completed 100 iterations for size 30, cohesion 50.

Results successfully written to job80227/comparison_results_linearSwitchFromRandom_30_c30-40-50.json
  Completed 100 iterations for size 30, cohesion 30.
  Completed 100 iterations for size 30, cohesion 40.
  Completed 100 iterations for size 30, cohesion 50.

Results successfully written to job80227/comparison_results_linearSwitchFromRandom_30_c30-40-50.json
  Completed 100 iterations for size 30, cohesion 30.
  Completed 100 iterations for size 30, cohesion 40.
  Completed 100 iterations for size 30, cohesion 50.

Results successfully written to job80227/comparison_results_linearSwitchFromRandom_30_c30-40-50.json
  Completed 100 iterations for size 30, cohesion 30.
  Completed 100 iterations for size 30, cohesion 40.
  Completed 100 iterations for size 30, cohesion 50.

Results successfully written to job80227/comparison_results_linearSwitchFromRandom_30_c30-40-50.json
  Completed 100 iterations for size 30, cohesion 30.
  Completed 100 iterations for size 30, cohesion 40.
  Completed 100 iterations for size 30, cohesion 50.

Results successfully written to job80227/comparison_results_linearSwitchFromRandom_30_c30-40-50.json
  Completed 100 iterations for size 30, cohesion 30.
  Completed 100 iterations for size 30, cohesion 40.
  Completed 100 iterations for size 30, cohesion 50.

Results successfully written to job80227/comparison_results_linearSwitchFromRandom_30_c30-40-50.json
  Completed 100 iterations for size 30, cohesion 30.
  Completed 100 iterations for size 30, cohesion 40.
  Completed 100 iterations for size 30, cohesion 50.

Results successfully written to job80227/comparison_results_linearSwitchFromRandom_30_c30-40-50.json
  Completed 100 iterations for size 30, cohesion 30.
  Completed 100 iterations for size 30, cohesion 40.
  Completed 100 iterations for size 30, cohesion 50.

Results successfully written to job80227/comparison_results_linearSwitchFromRandom_30_c30-40-50.json
  Completed 100 iterations for size 30, cohesion 30.
  Completed 100 iterations for size 30, cohesion 40.
  Completed 100 iterations for size 30, cohesion 50.

Results successfully written to job80227/comparison_results_linearSwitchFromRandom_30_c30-40-50.json
  Completed 100 iterations for size 30, cohesion 30.
  Completed 100 iterations for size 30, cohesion 40.
  Completed 100 iterations for size 30, cohesion 50.

Results successfully written to job80227/comparison_results_linearSwitchFromRandom_30_c30-40-50.json
  Completed 100 iterations for size 30, cohesion 30.
  Completed 100 iterations for size 30, cohesion 40.
  Completed 100 iterations for size 30, cohesion 50.

Results successfully written to job80227/comparison_results_linearSwitchFromRandom_30_c30-40-50.json
  Completed 100 iterations for size 30, cohesion 30.
  Completed 100 iterations for size 30, cohesion 40.
  Completed 100 iterations for size 30, cohesion 50.

Results successfully written to job80227/comparison_results_linearSwitchFromRandom_30_c30-40-50.json
  Completed 100 iterations for size 30, cohesion 30.
  Completed 100 iterations for size 30, cohesion 40.
  Completed 100 iterations for size 30, cohesion 50.

Results successfully written to job80227/comparison_results_linearSwitchFromRandom_30_c30-40-50.json
  Completed 100 iterations for size 30, cohesion 30.
  Completed 100 iterations for size 30, cohesion 40.
  Completed 100 iterations for size 30, cohesion 50.

Results successfully written to job80227/comparison_results_linearSwitchFromRandom_30_c30-40-50.json
  Completed 100 iterations for size 30, cohesion 30.
  Completed 100 iterations for size 30, cohesion 40.
  Completed 100 iterations for size 30, cohesion 50.

Results successfully written to job80227/comparison_results_linearSwitchFromRandom_30_c30-40-50.json
  Completed 100 iterations for size 30, cohesion 30.
  Completed 100 iterations for size 30, cohesion 40.
  Completed 100 iterations for size 30, cohesion 50.

Results successfully written to job80227/comparison_results_linearSwitchFromRandom_30_c30-40-50.json
  Completed 100 iterations for size 30, cohesion 30.
  Completed 100 iterations for size 30, cohesion 40.
  Completed 100 iterations for size 30, cohesion 50.

Results successfully written to job80227/comparison_results_linearSwitchFromRandom_30_c30-40-50.json
  Completed 100 iterations for size 30, cohesion 30.
  Completed 100 iterations for size 30, cohesion 40.
  Completed 100 iterations for size 30, cohesion 50.

Results successfully written to job80227/comparison_results_linearSwitchFromRandom_30_c30-40-50.json
  Completed 100 iterations for size 30, cohesion 30.
  Completed 100 iterations for size 30, cohesion 40.
  Completed 100 iterations for size 30, cohesion 50.

Results successfully written to job80227/comparison_results_linearSwitchFromRandom_30_c30-40-50.json
  Completed 100 iterations for size 30, cohesion 30.
  Completed 100 iterations for size 30, cohesion 40.
  Completed 100 iterations for size 30, cohesion 50.

Results successfully written to job80227/comparison_results_linearSwitchFromRandom_30_c30-40-50.json
  Completed 100 iterations for size 30, cohesion 30.
  Completed 100 iterations for size 30, cohesion 40.
  Completed 100 iterations for size 30, cohesion 50.

Results successfully written to job80227/comparison_results_linearSwitchFromRandom_30_c30-40-50.json
  Completed 100 iterations for size 30, cohesion 30.
  Completed 100 iterations for size 30, cohesion 40.
  Completed 100 iterations for size 30, cohesion 50.

Results successfully written to job80227/comparison_results_linearSwitchFromRandom_30_c30-40-50.json
  Completed 100 iterations for size 30, cohesion 30.
  Completed 100 iterations for size 30, cohesion 40.
  Completed 100 iterations for size 30, cohesion 50.

Results successfully written to job80227/comparison_results_linearSwitchFromRandom_30_c30-40-50.json
  Completed 100 iterations for size 30, cohesion 30.
  Completed 100 iterations for size 30, cohesion 40.
  Completed 100 iterations for size 30, cohesion 50.

Results successfully written to job80227/comparison_results_linearSwitchFromRandom_30_c30-40-50.json
  Completed 100 iterations for size 30, cohesion 30.
  Completed 100 iterations for size 30, cohesion 40.
  Completed 100 iterations for size 30, cohesion 50.

Results successfully written to job80227/comparison_results_linearSwitchFromRandom_30_c30-40-50.json
  Completed 100 iterations for size 30, cohesion 30.
  Completed 100 iterations for size 30, cohesion 40.
  Completed 100 iterations for size 30, cohesion 50.

Results successfully written to job80227/comparison_results_linearSwitchFromRandom_30_c30-40-50.json
  Completed 100 iterations for size 30, cohesion 30.
  Completed 100 iterations for size 30, cohesion 40.
  Completed 100 iterations for size 30, cohesion 50.

Results successfully written to job80227/comparison_results_linearSwitchFromRandom_30_c30-40-50.json
  Completed 100 iterations for size 30, cohesion 30.
  Completed 100 iterations for size 30, cohesion 40.
  Completed 100 iterations for size 30, cohesion 50.

Results successfully written to job80227/comparison_results_linearSwitchFromRandom_30_c30-40-50.json
  Completed 100 iterations for size 30, cohesion 30.
  Completed 100 iterations for size 30, cohesion 40.
  Completed 100 iterations for size 30, cohesion 50.

Results successfully written to job80227/comparison_results_linearSwitchFromRandom_30_c30-40-50.json
  Completed 100 iterations for size 30, cohesion 30.
  Completed 100 iterations for size 30, cohesion 40.
  Completed 100 iterations for size 30, cohesion 50.

Results successfully written to job80227/comparison_results_linearSwitchFromRandom_30_c30-40-50.json
  Completed 100 iterations for size 30, cohesion 30.
  Completed 100 iterations for size 30, cohesion 40.
  Completed 100 iterations for size 30, cohesion 50.

Results successfully written to job80227/comparison_results_linearSwitchFromRandom_30_c30-40-50.json
  Completed 100 iterations for size 30, cohesion 30.
  Completed 100 iterations for size 30, cohesion 40.
  Completed 100 iterations for size 30, cohesion 50.

Results successfully written to job80227/comparison_results_linearSwitchFromRandom_30_c30-40-50.json
  Completed 100 iterations for size 30, cohesion 30.
  Completed 100 iterations for size 30, cohesion 40.
  Completed 100 iterations for size 30, cohesion 50.

Results successfully written to job80227/comparison_results_linearSwitchFromRandom_30_c30-40-50.json
  Completed 100 iterations for size 30, cohesion 30.
  Completed 100 iterations for size 30, cohesion 40.
  Completed 100 iterations for size 30, cohesion 50.

Results successfully written to job80227/comparison_results_linearSwitchFromRandom_30_c30-40-50.json
  Completed 100 iterations for size 30, cohesion 30.
  Completed 100 iterations for size 30, cohesion 40.
  Completed 100 iterations for size 30, cohesion 50.

Results successfully written to job80227/comparison_results_linearSwitchFromRandom_30_c30-40-50.json
  Completed 100 iterations for size 30, cohesion 30.
  Completed 100 iterations for size 30, cohesion 40.
  Completed 100 iterations for size 30, cohesion 50.

Results successfully written to job80227/comparison_results_linearSwitchFromRandom_30_c30-40-50.json
  Completed 100 iterations for size 30, cohesion 30.
  Completed 100 iterations for size 30, cohesion 40.
  Completed 100 iterations for size 30, cohesion 50.

Results successfully written to job80227/comparison_results_linearSwitchFromRandom_30_c30-40-50.json
  Completed 100 iterations for size 30, cohesion 30.
  Completed 100 iterations for size 30, cohesion 40.
  Completed 100 iterations for size 30, cohesion 50.

Results successfully written to job80227/comparison_results_linearSwitchFromRandom_30_c30-40-50.json
  Completed 100 iterations for size 30, cohesion 30.
  Completed 100 iterations for size 30, cohesion 40.
  Completed 100 iterations for size 30, cohesion 50.

Results successfully written to job80227/comparison_results_linearSwitchFromRandom_30_c30-40-50.json
  Completed 100 iterations for size 30, cohesion 30.
  Completed 100 iterations for size 30, cohesion 40.
  Completed 100 iterations for size 30, cohesion 50.

Results successfully written to job80227/comparison_results_linearSwitchFromRandom_30_c30-40-50.json
  Completed 100 iterations for size 30, cohesion 30.
  Completed 100 iterations for size 30, cohesion 40.
  Completed 100 iterations for size 30, cohesion 50.

Results successfully written to job80227/comparison_results_linearSwitchFromRandom_30_c30-40-50.json
  Completed 100 iterations for size 30, cohesion 30.
  Completed 100 iterations for size 30, cohesion 40.
  Completed 100 iterations for size 30, cohesion 50.

Results successfully written to job80227/comparison_results_linearSwitchFromRandom_30_c30-40-50.json
  Completed 100 iterations for size 30, cohesion 30.
  Completed 100 iterations for size 30, cohesion 40.
  Completed 100 iterations for size 30, cohesion 50.

Results successfully written to job80227/comparison_results_linearSwitchFromRandom_30_c30-40-50.json
  Completed 100 iterations for size 30, cohesion 30.
  Completed 100 iterations for size 30, cohesion 40.
  Completed 100 iterations for size 30, cohesion 50.

Results successfully written to job80227/comparison_results_linearSwitchFromRandom_30_c30-40-50.json
  Completed 100 iterations for size 30, cohesion 30.
  Completed 100 iterations for size 30, cohesion 40.
  Completed 100 iterations for size 30, cohesion 50.

Results successfully written to job80227/comparison_results_linearSwitchFromRandom_30_c30-40-50.json
  Completed 100 iterations for size 30, cohesion 30.
  Completed 100 iterations for size 30, cohesion 40.
  Completed 100 iterations for size 30, cohesion 50.

Results successfully written to job80227/comparison_results_linearSwitchFromRandom_30_c30-40-50.json
  Completed 100 iterations for size 30, cohesion 30.
  Completed 100 iterations for size 30, cohesion 40.
  Completed 100 iterations for size 30, cohesion 50.

Results successfully written to job80227/comparison_results_linearSwitchFromRandom_30_c30-40-50.json
  Completed 100 iterations for size 30, cohesion 30.
  Completed 100 iterations for size 30, cohesion 40.
  Completed 100 iterations for size 30, cohesion 50.

Results successfully written to job80227/comparison_results_linearSwitchFromRandom_30_c30-40-50.json
  Completed 100 iterations for size 30, cohesion 30.
  Completed 100 iterations for size 30, cohesion 40.
  Completed 100 iterations for size 30, cohesion 50.

Results successfully written to job80227/comparison_results_linearSwitchFromRandom_30_c30-40-50.json
  Completed 100 iterations for size 30, cohesion 30.
  Completed 100 iterations for size 30, cohesion 40.
  Completed 100 iterations for size 30, cohesion 50.

Results successfully written to job80227/comparison_results_linearSwitchFromRandom_30_c30-40-50.json
  Completed 100 iterations for size 30, cohesion 30.
  Completed 100 iterations for size 30, cohesion 40.
  Completed 100 iterations for size 30, cohesion 50.

Results successfully written to job80227/comparison_results_linearSwitchFromRandom_30_c30-40-50.json
  Completed 100 iterations for size 30, cohesion 30.
  Completed 100 iterations for size 30, cohesion 40.
  Completed 100 iterations for size 30, cohesion 50.

Results successfully written to job80227/comparison_results_linearSwitchFromRandom_30_c30-40-50.json
  Completed 100 iterations for size 30, cohesion 30.
  Completed 100 iterations for size 30, cohesion 40.
  Completed 100 iterations for size 30, cohesion 50.

Results successfully written to job80227/comparison_results_linearSwitchFromRandom_30_c30-40-50.json
  Completed 100 iterations for size 30, cohesion 30.
  Completed 100 iterations for size 30, cohesion 40.
  Completed 100 iterations for size 30, cohesion 50.

Results successfully written to job80227/comparison_results_linearSwitchFromRandom_30_c30-40-50.json
  Completed 100 iterations for size 30, cohesion 30.
  Completed 100 iterations for size 30, cohesion 40.
  Completed 100 iterations for size 30, cohesion 50.

Results successfully written to job80227/comparison_results_linearSwitchFromRandom_30_c30-40-50.json
  Completed 100 iterations for size 30, cohesion 30.
  Completed 100 iterations for size 30, cohesion 40.
  Completed 100 iterations for size 30, cohesion 50.

Results successfully written to job80227/comparison_results_linearSwitchFromRandom_30_c30-40-50.json
  Completed 100 iterations for size 30, cohesion 30.
  Completed 100 iterations for size 30, cohesion 40.
  Completed 100 iterations for size 30, cohesion 50.

Results successfully written to job80227/comparison_results_linearSwitchFromRandom_30_c30-40-50.json
  Completed 100 iterations for size 30, cohesion 30.
  Completed 100 iterations for size 30, cohesion 40.
  Completed 100 iterations for size 30, cohesion 50.

Results successfully written to job80227/comparison_results_linearSwitchFromRandom_30_c30-40-50.json
  Completed 100 iterations for size 30, cohesion 30.
  Completed 100 iterations for size 30, cohesion 40.
  Completed 100 iterations for size 30, cohesion 50.

Results successfully written to job80227/comparison_results_linearSwitchFromRandom_30_c30-40-50.json
  Completed 100 iterations for size 30, cohesion 30.
  Completed 100 iterations for size 30, cohesion 40.
  Completed 100 iterations for size 30, cohesion 50.

Results successfully written to job80227/comparison_results_linearSwitchFromRandom_30_c30-40-50.json
  Completed 100 iterations for size 30, cohesion 30.
  Completed 100 iterations for size 30, cohesion 40.
  Completed 100 iterations for size 30, cohesion 50.

Results successfully written to job80227/comparison_results_linearSwitchFromRandom_30_c30-40-50.json
  Completed 100 iterations for size 30, cohesion 30.
  Completed 100 iterations for size 30, cohesion 40.
  Completed 100 iterations for size 30, cohesion 50.

Results successfully written to job80227/comparison_results_linearSwitchFromRandom_30_c30-40-50.json
  Completed 100 iterations for size 30, cohesion 30.
  Completed 100 iterations for size 30, cohesion 40.
  Completed 100 iterations for size 30, cohesion 50.

Results successfully written to job80227/comparison_results_linearSwitchFromRandom_30_c30-40-50.json
  Completed 100 iterations for size 30, cohesion 30.
  Completed 100 iterations for size 30, cohesion 40.
  Completed 100 iterations for size 30, cohesion 50.

Results successfully written to job80227/comparison_results_linearSwitchFromRandom_30_c30-40-50.json
  Completed 100 iterations for size 30, cohesion 30.
  Completed 100 iterations for size 30, cohesion 40.
  Completed 100 iterations for size 30, cohesion 50.

Results successfully written to job80227/comparison_results_linearSwitchFromRandom_30_c30-40-50.json

================================================================================
Algorithm                   People    Avg Score  Avg Time(s)
--------------------------------------------------------------------------------
linearSwitchFromRandom          30       1474.0       1.5673
================================================================================

Results successfully written to job80227/comparison_results_linearSwitchFromRandom_30_c30-40-50.json
