Task 38 running algorithm: linearSwitchFromRandom, people: 30, cohesions: 60 70 80
desktop9.hpc.itu.dk
aubu
/home/aubu/bachelorProject/hpc-jobs
Running iterations for algorithm: linearSwitchFromRandom
  Completed 100 iterations for size 30, cohesion 60.
  Completed 100 iterations for size 30, cohesion 70.
  Completed 100 iterations for size 30, cohesion 80.

Results successfully written to job80227/comparison_results_linearSwitchFromRandom_30_c60-70-80.json
  Completed 100 iterations for size 30, cohesion 60.
  Completed 100 iterations for size 30, cohesion 70.
  Completed 100 iterations for size 30, cohesion 80.

Results successfully written to job80227/comparison_results_linearSwitchFromRandom_30_c60-70-80.json
  Completed 100 iterations for size 30, cohesion 60.
  Completed 100 iterations for size 30, cohesion 70.
  Completed 100 iterations for size 30, cohesion 80.

Results successfully written to job80227/comparison_results_linearSwitchFromRandom_30_c60-70-80.json
  Completed 100 iterations for size 30, cohesion 60.
  Completed 100 iterations for size 30, cohesion 70.
  Completed 100 iterations for size 30, cohesion 80.

Results successfully written to job80227/comparison_results_linearSwitchFromRandom_30_c60-70-80.json
  Completed 100 iterations for size 30, cohesion 60.
  Completed 100 iterations for size 30, cohesion 70.
  Completed 100 iterations for size 30, cohesion 80.

Results successfully written to job80227/comparison_results_linearSwitchFromRandom_30_c60-70-80.json
  Completed 100 iterations for size 30, cohesion 60.
  Completed 100 iterations for size 30, cohesion 70.
  Completed 100 iterations for size 30, cohesion 80.

Results successfully written to job80227/comparison_results_linearSwitchFromRandom_30_c60-70-80.json
  Completed 100 iterations for size 30, cohesion 60.
  Completed 100 iterations for size 30, cohesion 70.
  Completed 100 iterations for size 30, cohesion 80.

Results successfully written to job80227/comparison_results_linearSwitchFromRandom_30_c60-70-80.json
  Completed 100 iterations for size 30, cohesion 60.
  Completed 100 iterations for size 30, cohesion 70.
  Completed 100 iterations for size 30, cohesion 80.

Results successfully written to job80227/comparison_results_linearSwitchFromRandom_30_c60-70-80.json
  Completed 100 iterations for size 30, cohesion 60.
  Completed 100 iterations for size 30, cohesion 70.
  Completed 100 iterations for size 30, cohesion 80.

Results successfully written to job80227/comparison_results_linearSwitchFromRandom_30_c60-70-80.json
  Completed 100 iterations for size 30, cohesion 60.
  Completed 100 iterations for size 30, cohesion 70.
  Completed 100 iterations for size 30, cohesion 80.

Results successfully written to job80227/comparison_results_linearSwitchFromRandom_30_c60-70-80.json
  Completed 100 iterations for size 30, cohesion 60.
  Completed 100 iterations for size 30, cohesion 70.
  Completed 100 iterations for size 30, cohesion 80.

Results successfully written to job80227/comparison_results_linearSwitchFromRandom_30_c60-70-80.json
  Completed 100 iterations for size 30, cohesion 60.
  Completed 100 iterations for size 30, cohesion 70.
  Completed 100 iterations for size 30, cohesion 80.

Results successfully written to job80227/comparison_results_linearSwitchFromRandom_30_c60-70-80.json
  Completed 100 iterations for size 30, cohesion 60.
  Completed 100 iterations for size 30, cohesion 70.
  Completed 100 iterations for size 30, cohesion 80.

Results successfully written to job80227/comparison_results_linearSwitchFromRandom_30_c60-70-80.json
  Completed 100 iterations for size 30, cohesion 60.
  Completed 100 iterations for size 30, cohesion 70.
  Completed 100 iterations for size 30, cohesion 80.

Results successfully written to job80227/comparison_results_linearSwitchFromRandom_30_c60-70-80.json
  Completed 100 iterations for size 30, cohesion 60.
  Completed 100 iterations for size 30, cohesion 70.
  Completed 100 iterations for size 30, cohesion 80.

Results successfully written to job80227/comparison_results_linearSwitchFromRandom_30_c60-70-80.json
  Completed 100 iterations for size 30, cohesion 60.
  Completed 100 iterations for size 30, cohesion 70.
  Completed 100 iterations for size 30, cohesion 80.

Results successfully written to job80227/comparison_results_linearSwitchFromRandom_30_c60-70-80.json
  Completed 100 iterations for size 30, cohesion 60.
  Completed 100 iterations for size 30, cohesion 70.
  Completed 100 iterations for size 30, cohesion 80.

Results successfully written to job80227/comparison_results_linearSwitchFromRandom_30_c60-70-80.json
  Completed 100 iterations for size 30, cohesion 60.
  Completed 100 iterations for size 30, cohesion 70.
  Completed 100 iterations for size 30, cohesion 80.

Results successfully written to job80227/comparison_results_linearSwitchFromRandom_30_c60-70-80.json
  Completed 100 iterations for size 30, cohesion 60.
  Completed 100 iterations for size 30, cohesion 70.
  Completed 100 iterations for size 30, cohesion 80.

Results successfully written to job80227/comparison_results_linearSwitchFromRandom_30_c60-70-80.json
  Completed 100 iterations for size 30, cohesion 60.
  Completed 100 iterations for size 30, cohesion 70.
  Completed 100 iterations for size 30, cohesion 80.

Results successfully written to job80227/comparison_results_linearSwitchFromRandom_30_c60-70-80.json
  Completed 100 iterations for size 30, cohesion 60.
  Completed 100 iterations for size 30, cohesion 70.
  Completed 100 iterations for size 30, cohesion 80.

Results successfully written to job80227/comparison_results_linearSwitchFromRandom_30_c60-70-80.json
  Completed 100 iterations for size 30, cohesion 60.
  Completed 100 iterations for size 30, cohesion 70.
  Completed 100 iterations for size 30, cohesion 80.

Results successfully written to job80227/comparison_results_linearSwitchFromRandom_30_c60-70-80.json
  Completed 100 iterations for size 30, cohesion 60.
  Completed 100 iterations for size 30, cohesion 70.
  Completed 100 iterations for size 30, cohesion 80.

Results successfully written to job80227/comparison_results_linearSwitchFromRandom_30_c60-70-80.json
  Completed 100 iterations for size 30, cohesion 60.
  Completed 100 iterations for size 30, cohesion 70.
  Completed 100 iterations for size 30, cohesion 80.

Results successfully written to job80227/comparison_results_linearSwitchFromRandom_30_c60-70-80.json
  Completed 100 iterations for size 30, cohesion 60.
  Completed 100 iterations for size 30, cohesion 70.
  Completed 100 iterations for size 30, cohesion 80.

Results successfully written to job80227/comparison_results_linearSwitchFromRandom_30_c60-70-80.json
  Completed 100 iterations for size 30, cohesion 60.
  Completed 100 iterations for size 30, cohesion 70.
  Completed 100 iterations for size 30, cohesion 80.

Results successfully written to job80227/comparison_results_linearSwitchFromRandom_30_c60-70-80.json
  Completed 100 iterations for size 30, cohesion 60.
  Completed 100 iterations for size 30, cohesion 70.
  Completed 100 iterations for size 30, cohesion 80.

Results successfully written to job80227/comparison_results_linearSwitchFromRandom_30_c60-70-80.json
  Completed 100 iterations for size 30, cohesion 60.
  Completed 100 iterations for size 30, cohesion 70.
  Completed 100 iterations for size 30, cohesion 80.

Results successfully written to job80227/comparison_results_linearSwitchFromRandom_30_c60-70-80.json
  Completed 100 iterations for size 30, cohesion 60.
  Completed 100 iterations for size 30, cohesion 70.
  Completed 100 iterations for size 30, cohesion 80.

Results successfully written to job80227/comparison_results_linearSwitchFromRandom_30_c60-70-80.json
  Completed 100 iterations for size 30, cohesion 60.
  Completed 100 iterations for size 30, cohesion 70.
  Completed 100 iterations for size 30, cohesion 80.

Results successfully written to job80227/comparison_results_linearSwitchFromRandom_30_c60-70-80.json
  Completed 100 iterations for size 30, cohesion 60.
  Completed 100 iterations for size 30, cohesion 70.
  Completed 100 iterations for size 30, cohesion 80.

Results successfully written to job80227/comparison_results_linearSwitchFromRandom_30_c60-70-80.json
  Completed 100 iterations for size 30, cohesion 60.
  Completed 100 iterations for size 30, cohesion 70.
  Completed 100 iterations for size 30, cohesion 80.

Results successfully written to job80227/comparison_results_linearSwitchFromRandom_30_c60-70-80.json
  Completed 100 iterations for size 30, cohesion 60.
  Completed 100 iterations for size 30, cohesion 70.
  Completed 100 iterations for size 30, cohesion 80.

Results successfully written to job80227/comparison_results_linearSwitchFromRandom_30_c60-70-80.json
  Completed 100 iterations for size 30, cohesion 60.
  Completed 100 iterations for size 30, cohesion 70.
  Completed 100 iterations for size 30, cohesion 80.

Results successfully written to job80227/comparison_results_linearSwitchFromRandom_30_c60-70-80.json
  Completed 100 iterations for size 30, cohesion 60.
  Completed 100 iterations for size 30, cohesion 70.
  Completed 100 iterations for size 30, cohesion 80.

Results successfully written to job80227/comparison_results_linearSwitchFromRandom_30_c60-70-80.json
  Completed 100 iterations for size 30, cohesion 60.
  Completed 100 iterations for size 30, cohesion 70.
  Completed 100 iterations for size 30, cohesion 80.

Results successfully written to job80227/comparison_results_linearSwitchFromRandom_30_c60-70-80.json
  Completed 100 iterations for size 30, cohesion 60.
  Completed 100 iterations for size 30, cohesion 70.
  Completed 100 iterations for size 30, cohesion 80.

Results successfully written to job80227/comparison_results_linearSwitchFromRandom_30_c60-70-80.json
  Completed 100 iterations for size 30, cohesion 60.
  Completed 100 iterations for size 30, cohesion 70.
  Completed 100 iterations for size 30, cohesion 80.

Results successfully written to job80227/comparison_results_linearSwitchFromRandom_30_c60-70-80.json
  Completed 100 iterations for size 30, cohesion 60.
  Completed 100 iterations for size 30, cohesion 70.
  Completed 100 iterations for size 30, cohesion 80.

Results successfully written to job80227/comparison_results_linearSwitchFromRandom_30_c60-70-80.json
  Completed 100 iterations for size 30, cohesion 60.
  Completed 100 iterations for size 30, cohesion 70.
  Completed 100 iterations for size 30, cohesion 80.

Results successfully written to job80227/comparison_results_linearSwitchFromRandom_30_c60-70-80.json
  Completed 100 iterations for size 30, cohesion 60.
  Completed 100 iterations for size 30, cohesion 70.
  Completed 100 iterations for size 30, cohesion 80.

Results successfully written to job80227/comparison_results_linearSwitchFromRandom_30_c60-70-80.json
  Completed 100 iterations for size 30, cohesion 60.
  Completed 100 iterations for size 30, cohesion 70.
  Completed 100 iterations for size 30, cohesion 80.

Results successfully written to job80227/comparison_results_linearSwitchFromRandom_30_c60-70-80.json
  Completed 100 iterations for size 30, cohesion 60.
  Completed 100 iterations for size 30, cohesion 70.
  Completed 100 iterations for size 30, cohesion 80.

Results successfully written to job80227/comparison_results_linearSwitchFromRandom_30_c60-70-80.json
  Completed 100 iterations for size 30, cohesion 60.
  Completed 100 iterations for size 30, cohesion 70.
  Completed 100 iterations for size 30, cohesion 80.

Results successfully written to job80227/comparison_results_linearSwitchFromRandom_30_c60-70-80.json
  Completed 100 iterations for size 30, cohesion 60.
  Completed 100 iterations for size 30, cohesion 70.
  Completed 100 iterations for size 30, cohesion 80.

Results successfully written to job80227/comparison_results_linearSwitchFromRandom_30_c60-70-80.json
  Completed 100 iterations for size 30, cohesion 60.
  Completed 100 iterations for size 30, cohesion 70.
  Completed 100 iterations for size 30, cohesion 80.

Results successfully written to job80227/comparison_results_linearSwitchFromRandom_30_c60-70-80.json
  Completed 100 iterations for size 30, cohesion 60.
  Completed 100 iterations for size 30, cohesion 70.
  Completed 100 iterations for size 30, cohesion 80.

Results successfully written to job80227/comparison_results_linearSwitchFromRandom_30_c60-70-80.json
  Completed 100 iterations for size 30, cohesion 60.
  Completed 100 iterations for size 30, cohesion 70.
  Completed 100 iterations for size 30, cohesion 80.

Results successfully written to job80227/comparison_results_linearSwitchFromRandom_30_c60-70-80.json
  Completed 100 iterations for size 30, cohesion 60.
  Completed 100 iterations for size 30, cohesion 70.
  Completed 100 iterations for size 30, cohesion 80.

Results successfully written to job80227/comparison_results_linearSwitchFromRandom_30_c60-70-80.json
  Completed 100 iterations for size 30, cohesion 60.
  Completed 100 iterations for size 30, cohesion 70.
  Completed 100 iterations for size 30, cohesion 80.

Results successfully written to job80227/comparison_results_linearSwitchFromRandom_30_c60-70-80.json
  Completed 100 iterations for size 30, cohesion 60.
  Completed 100 iterations for size 30, cohesion 70.
  Completed 100 iterations for size 30, cohesion 80.

Results successfully written to job80227/comparison_results_linearSwitchFromRandom_30_c60-70-80.json
  Completed 100 iterations for size 30, cohesion 60.
  Completed 100 iterations for size 30, cohesion 70.
  Completed 100 iterations for size 30, cohesion 80.

Results successfully written to job80227/comparison_results_linearSwitchFromRandom_30_c60-70-80.json
  Completed 100 iterations for size 30, cohesion 60.
  Completed 100 iterations for size 30, cohesion 70.
  Completed 100 iterations for size 30, cohesion 80.

Results successfully written to job80227/comparison_results_linearSwitchFromRandom_30_c60-70-80.json
  Completed 100 iterations for size 30, cohesion 60.
  Completed 100 iterations for size 30, cohesion 70.
  Completed 100 iterations for size 30, cohesion 80.

Results successfully written to job80227/comparison_results_linearSwitchFromRandom_30_c60-70-80.json
  Completed 100 iterations for size 30, cohesion 60.
  Completed 100 iterations for size 30, cohesion 70.
  Completed 100 iterations for size 30, cohesion 80.

Results successfully written to job80227/comparison_results_linearSwitchFromRandom_30_c60-70-80.json
  Completed 100 iterations for size 30, cohesion 60.
  Completed 100 iterations for size 30, cohesion 70.
  Completed 100 iterations for size 30, cohesion 80.

Results successfully written to job80227/comparison_results_linearSwitchFromRandom_30_c60-70-80.json
  Completed 100 iterations for size 30, cohesion 60.
  Completed 100 iterations for size 30, cohesion 70.
  Completed 100 iterations for size 30, cohesion 80.

Results successfully written to job80227/comparison_results_linearSwitchFromRandom_30_c60-70-80.json
  Completed 100 iterations for size 30, cohesion 60.
  Completed 100 iterations for size 30, cohesion 70.
  Completed 100 iterations for size 30, cohesion 80.

Results successfully written to job80227/comparison_results_linearSwitchFromRandom_30_c60-70-80.json
  Completed 100 iterations for size 30, cohesion 60.
  Completed 100 iterations for size 30, cohesion 70.
  Completed 100 iterations for size 30, cohesion 80.

Results successfully written to job80227/comparison_results_linearSwitchFromRandom_30_c60-70-80.json
  Completed 100 iterations for size 30, cohesion 60.
  Completed 100 iterations for size 30, cohesion 70.
  Completed 100 iterations for size 30, cohesion 80.

Results successfully written to job80227/comparison_results_linearSwitchFromRandom_30_c60-70-80.json
  Completed 100 iterations for size 30, cohesion 60.
  Completed 100 iterations for size 30, cohesion 70.
  Completed 100 iterations for size 30, cohesion 80.

Results successfully written to job80227/comparison_results_linearSwitchFromRandom_30_c60-70-80.json
  Completed 100 iterations for size 30, cohesion 60.
  Completed 100 iterations for size 30, cohesion 70.
  Completed 100 iterations for size 30, cohesion 80.

Results successfully written to job80227/comparison_results_linearSwitchFromRandom_30_c60-70-80.json
  Completed 100 iterations for size 30, cohesion 60.
  Completed 100 iterations for size 30, cohesion 70.
  Completed 100 iterations for size 30, cohesion 80.

Results successfully written to job80227/comparison_results_linearSwitchFromRandom_30_c60-70-80.json
  Completed 100 iterations for size 30, cohesion 60.
  Completed 100 iterations for size 30, cohesion 70.
  Completed 100 iterations for size 30, cohesion 80.

Results successfully written to job80227/comparison_results_linearSwitchFromRandom_30_c60-70-80.json
  Completed 100 iterations for size 30, cohesion 60.
  Completed 100 iterations for size 30, cohesion 70.
  Completed 100 iterations for size 30, cohesion 80.

Results successfully written to job80227/comparison_results_linearSwitchFromRandom_30_c60-70-80.json
  Completed 100 iterations for size 30, cohesion 60.
  Completed 100 iterations for size 30, cohesion 70.
  Completed 100 iterations for size 30, cohesion 80.

Results successfully written to job80227/comparison_results_linearSwitchFromRandom_30_c60-70-80.json
  Completed 100 iterations for size 30, cohesion 60.
  Completed 100 iterations for size 30, cohesion 70.
  Completed 100 iterations for size 30, cohesion 80.

Results successfully written to job80227/comparison_results_linearSwitchFromRandom_30_c60-70-80.json
  Completed 100 iterations for size 30, cohesion 60.
  Completed 100 iterations for size 30, cohesion 70.
  Completed 100 iterations for size 30, cohesion 80.

Results successfully written to job80227/comparison_results_linearSwitchFromRandom_30_c60-70-80.json
  Completed 100 iterations for size 30, cohesion 60.
  Completed 100 iterations for size 30, cohesion 70.
  Completed 100 iterations for size 30, cohesion 80.

Results successfully written to job80227/comparison_results_linearSwitchFromRandom_30_c60-70-80.json
  Completed 100 iterations for size 30, cohesion 60.
  Completed 100 iterations for size 30, cohesion 70.
  Completed 100 iterations for size 30, cohesion 80.

Results successfully written to job80227/comparison_results_linearSwitchFromRandom_30_c60-70-80.json
  Completed 100 iterations for size 30, cohesion 60.
  Completed 100 iterations for size 30, cohesion 70.
  Completed 100 iterations for size 30, cohesion 80.

Results successfully written to job80227/comparison_results_linearSwitchFromRandom_30_c60-70-80.json
  Completed 100 iterations for size 30, cohesion 60.
  Completed 100 iterations for size 30, cohesion 70.
  Completed 100 iterations for size 30, cohesion 80.

Results successfully written to job80227/comparison_results_linearSwitchFromRandom_30_c60-70-80.json
  Completed 100 iterations for size 30, cohesion 60.
  Completed 100 iterations for size 30, cohesion 70.
  Completed 100 iterations for size 30, cohesion 80.

Results successfully written to job80227/comparison_results_linearSwitchFromRandom_30_c60-70-80.json
  Completed 100 iterations for size 30, cohesion 60.
  Completed 100 iterations for size 30, cohesion 70.
  Completed 100 iterations for size 30, cohesion 80.

Results successfully written to job80227/comparison_results_linearSwitchFromRandom_30_c60-70-80.json
  Completed 100 iterations for size 30, cohesion 60.
  Completed 100 iterations for size 30, cohesion 70.
  Completed 100 iterations for size 30, cohesion 80.

Results successfully written to job80227/comparison_results_linearSwitchFromRandom_30_c60-70-80.json
  Completed 100 iterations for size 30, cohesion 60.
  Completed 100 iterations for size 30, cohesion 70.
  Completed 100 iterations for size 30, cohesion 80.

Results successfully written to job80227/comparison_results_linearSwitchFromRandom_30_c60-70-80.json
  Completed 100 iterations for size 30, cohesion 60.
  Completed 100 iterations for size 30, cohesion 70.
  Completed 100 iterations for size 30, cohesion 80.

Results successfully written to job80227/comparison_results_linearSwitchFromRandom_30_c60-70-80.json
  Completed 100 iterations for size 30, cohesion 60.
  Completed 100 iterations for size 30, cohesion 70.
  Completed 100 iterations for size 30, cohesion 80.

Results successfully written to job80227/comparison_results_linearSwitchFromRandom_30_c60-70-80.json
  Completed 100 iterations for size 30, cohesion 60.
  Completed 100 iterations for size 30, cohesion 70.
  Completed 100 iterations for size 30, cohesion 80.

Results successfully written to job80227/comparison_results_linearSwitchFromRandom_30_c60-70-80.json
  Completed 100 iterations for size 30, cohesion 60.
  Completed 100 iterations for size 30, cohesion 70.
  Completed 100 iterations for size 30, cohesion 80.

Results successfully written to job80227/comparison_results_linearSwitchFromRandom_30_c60-70-80.json
  Completed 100 iterations for size 30, cohesion 60.
  Completed 100 iterations for size 30, cohesion 70.
  Completed 100 iterations for size 30, cohesion 80.

Results successfully written to job80227/comparison_results_linearSwitchFromRandom_30_c60-70-80.json
  Completed 100 iterations for size 30, cohesion 60.
  Completed 100 iterations for size 30, cohesion 70.
  Completed 100 iterations for size 30, cohesion 80.

Results successfully written to job80227/comparison_results_linearSwitchFromRandom_30_c60-70-80.json
  Completed 100 iterations for size 30, cohesion 60.
  Completed 100 iterations for size 30, cohesion 70.
  Completed 100 iterations for size 30, cohesion 80.

Results successfully written to job80227/comparison_results_linearSwitchFromRandom_30_c60-70-80.json
  Completed 100 iterations for size 30, cohesion 60.
  Completed 100 iterations for size 30, cohesion 70.
  Completed 100 iterations for size 30, cohesion 80.

Results successfully written to job80227/comparison_results_linearSwitchFromRandom_30_c60-70-80.json
  Completed 100 iterations for size 30, cohesion 60.
  Completed 100 iterations for size 30, cohesion 70.
  Completed 100 iterations for size 30, cohesion 80.

Results successfully written to job80227/comparison_results_linearSwitchFromRandom_30_c60-70-80.json
  Completed 100 iterations for size 30, cohesion 60.
  Completed 100 iterations for size 30, cohesion 70.
  Completed 100 iterations for size 30, cohesion 80.

Results successfully written to job80227/comparison_results_linearSwitchFromRandom_30_c60-70-80.json
  Completed 100 iterations for size 30, cohesion 60.
  Completed 100 iterations for size 30, cohesion 70.
  Completed 100 iterations for size 30, cohesion 80.

Results successfully written to job80227/comparison_results_linearSwitchFromRandom_30_c60-70-80.json
  Completed 100 iterations for size 30, cohesion 60.
  Completed 100 iterations for size 30, cohesion 70.
  Completed 100 iterations for size 30, cohesion 80.

Results successfully written to job80227/comparison_results_linearSwitchFromRandom_30_c60-70-80.json
  Completed 100 iterations for size 30, cohesion 60.
  Completed 100 iterations for size 30, cohesion 70.
  Completed 100 iterations for size 30, cohesion 80.

Results successfully written to job80227/comparison_results_linearSwitchFromRandom_30_c60-70-80.json
  Completed 100 iterations for size 30, cohesion 60.
  Completed 100 iterations for size 30, cohesion 70.
  Completed 100 iterations for size 30, cohesion 80.

Results successfully written to job80227/comparison_results_linearSwitchFromRandom_30_c60-70-80.json
  Completed 100 iterations for size 30, cohesion 60.
  Completed 100 iterations for size 30, cohesion 70.
  Completed 100 iterations for size 30, cohesion 80.

Results successfully written to job80227/comparison_results_linearSwitchFromRandom_30_c60-70-80.json
  Completed 100 iterations for size 30, cohesion 60.
  Completed 100 iterations for size 30, cohesion 70.
  Completed 100 iterations for size 30, cohesion 80.

Results successfully written to job80227/comparison_results_linearSwitchFromRandom_30_c60-70-80.json
  Completed 100 iterations for size 30, cohesion 60.
  Completed 100 iterations for size 30, cohesion 70.
  Completed 100 iterations for size 30, cohesion 80.

Results successfully written to job80227/comparison_results_linearSwitchFromRandom_30_c60-70-80.json
  Completed 100 iterations for size 30, cohesion 60.
  Completed 100 iterations for size 30, cohesion 70.
  Completed 100 iterations for size 30, cohesion 80.

Results successfully written to job80227/comparison_results_linearSwitchFromRandom_30_c60-70-80.json
  Completed 100 iterations for size 30, cohesion 60.
  Completed 100 iterations for size 30, cohesion 70.
  Completed 100 iterations for size 30, cohesion 80.

Results successfully written to job80227/comparison_results_linearSwitchFromRandom_30_c60-70-80.json
  Completed 100 iterations for size 30, cohesion 60.
  Completed 100 iterations for size 30, cohesion 70.
  Completed 100 iterations for size 30, cohesion 80.

Results successfully written to job80227/comparison_results_linearSwitchFromRandom_30_c60-70-80.json
  Completed 100 iterations for size 30, cohesion 60.
  Completed 100 iterations for size 30, cohesion 70.
  Completed 100 iterations for size 30, cohesion 80.

Results successfully written to job80227/comparison_results_linearSwitchFromRandom_30_c60-70-80.json
  Completed 100 iterations for size 30, cohesion 60.
  Completed 100 iterations for size 30, cohesion 70.
  Completed 100 iterations for size 30, cohesion 80.

Results successfully written to job80227/comparison_results_linearSwitchFromRandom_30_c60-70-80.json
  Completed 100 iterations for size 30, cohesion 60.
  Completed 100 iterations for size 30, cohesion 70.
  Completed 100 iterations for size 30, cohesion 80.

Results successfully written to job80227/comparison_results_linearSwitchFromRandom_30_c60-70-80.json
  Completed 100 iterations for size 30, cohesion 60.
  Completed 100 iterations for size 30, cohesion 70.
  Completed 100 iterations for size 30, cohesion 80.

Results successfully written to job80227/comparison_results_linearSwitchFromRandom_30_c60-70-80.json

================================================================================
Algorithm                   People    Avg Score  Avg Time(s)
--------------------------------------------------------------------------------
linearSwitchFromRandom          30       1566.5       1.5710
================================================================================

Results successfully written to job80227/comparison_results_linearSwitchFromRandom_30_c60-70-80.json
