Task 39 running algorithm: linearSwitchFromRandom, people: 30, cohesions: 90 100
cn16.hpc.itu.dk
aubu
/home/aubu/bachelorProject/hpc-jobs
Running iterations for algorithm: linearSwitchFromRandom
  Completed 100 iterations for size 30, cohesion 90.
  Completed 100 iterations for size 30, cohesion 100.

Results successfully written to job80227/comparison_results_linearSwitchFromRandom_30_c90-100.json
  Completed 100 iterations for size 30, cohesion 90.
  Completed 100 iterations for size 30, cohesion 100.

Results successfully written to job80227/comparison_results_linearSwitchFromRandom_30_c90-100.json
  Completed 100 iterations for size 30, cohesion 90.
  Completed 100 iterations for size 30, cohesion 100.

Results successfully written to job80227/comparison_results_linearSwitchFromRandom_30_c90-100.json
  Completed 100 iterations for size 30, cohesion 90.
  Completed 100 iterations for size 30, cohesion 100.

Results successfully written to job80227/comparison_results_linearSwitchFromRandom_30_c90-100.json
  Completed 100 iterations for size 30, cohesion 90.
  Completed 100 iterations for size 30, cohesion 100.

Results successfully written to job80227/comparison_results_linearSwitchFromRandom_30_c90-100.json
  Completed 100 iterations for size 30, cohesion 90.
  Completed 100 iterations for size 30, cohesion 100.

Results successfully written to job80227/comparison_results_linearSwitchFromRandom_30_c90-100.json
  Completed 100 iterations for size 30, cohesion 90.
  Completed 100 iterations for size 30, cohesion 100.

Results successfully written to job80227/comparison_results_linearSwitchFromRandom_30_c90-100.json
  Completed 100 iterations for size 30, cohesion 90.
  Completed 100 iterations for size 30, cohesion 100.

Results successfully written to job80227/comparison_results_linearSwitchFromRandom_30_c90-100.json
  Completed 100 iterations for size 30, cohesion 90.
  Completed 100 iterations for size 30, cohesion 100.

Results successfully written to job80227/comparison_results_linearSwitchFromRandom_30_c90-100.json
  Completed 100 iterations for size 30, cohesion 90.
  Completed 100 iterations for size 30, cohesion 100.

Results successfully written to job80227/comparison_results_linearSwitchFromRandom_30_c90-100.json
  Completed 100 iterations for size 30, cohesion 90.
  Completed 100 iterations for size 30, cohesion 100.

Results successfully written to job80227/comparison_results_linearSwitchFromRandom_30_c90-100.json
  Completed 100 iterations for size 30, cohesion 90.
  Completed 100 iterations for size 30, cohesion 100.

Results successfully written to job80227/comparison_results_linearSwitchFromRandom_30_c90-100.json
  Completed 100 iterations for size 30, cohesion 90.
  Completed 100 iterations for size 30, cohesion 100.

Results successfully written to job80227/comparison_results_linearSwitchFromRandom_30_c90-100.json
  Completed 100 iterations for size 30, cohesion 90.
  Completed 100 iterations for size 30, cohesion 100.

Results successfully written to job80227/comparison_results_linearSwitchFromRandom_30_c90-100.json
  Completed 100 iterations for size 30, cohesion 90.
  Completed 100 iterations for size 30, cohesion 100.

Results successfully written to job80227/comparison_results_linearSwitchFromRandom_30_c90-100.json
  Completed 100 iterations for size 30, cohesion 90.
  Completed 100 iterations for size 30, cohesion 100.

Results successfully written to job80227/comparison_results_linearSwitchFromRandom_30_c90-100.json
  Completed 100 iterations for size 30, cohesion 90.
  Completed 100 iterations for size 30, cohesion 100.

Results successfully written to job80227/comparison_results_linearSwitchFromRandom_30_c90-100.json
  Completed 100 iterations for size 30, cohesion 90.
  Completed 100 iterations for size 30, cohesion 100.

Results successfully written to job80227/comparison_results_linearSwitchFromRandom_30_c90-100.json
  Completed 100 iterations for size 30, cohesion 90.
  Completed 100 iterations for size 30, cohesion 100.

Results successfully written to job80227/comparison_results_linearSwitchFromRandom_30_c90-100.json
  Completed 100 iterations for size 30, cohesion 90.
  Completed 100 iterations for size 30, cohesion 100.

Results successfully written to job80227/comparison_results_linearSwitchFromRandom_30_c90-100.json
  Completed 100 iterations for size 30, cohesion 90.
  Completed 100 iterations for size 30, cohesion 100.

Results successfully written to job80227/comparison_results_linearSwitchFromRandom_30_c90-100.json
  Completed 100 iterations for size 30, cohesion 90.
  Completed 100 iterations for size 30, cohesion 100.

Results successfully written to job80227/comparison_results_linearSwitchFromRandom_30_c90-100.json
  Completed 100 iterations for size 30, cohesion 90.
  Completed 100 iterations for size 30, cohesion 100.

Results successfully written to job80227/comparison_results_linearSwitchFromRandom_30_c90-100.json
  Completed 100 iterations for size 30, cohesion 90.
  Completed 100 iterations for size 30, cohesion 100.

Results successfully written to job80227/comparison_results_linearSwitchFromRandom_30_c90-100.json
  Completed 100 iterations for size 30, cohesion 90.
  Completed 100 iterations for size 30, cohesion 100.

Results successfully written to job80227/comparison_results_linearSwitchFromRandom_30_c90-100.json
  Completed 100 iterations for size 30, cohesion 90.
  Completed 100 iterations for size 30, cohesion 100.

Results successfully written to job80227/comparison_results_linearSwitchFromRandom_30_c90-100.json
  Completed 100 iterations for size 30, cohesion 90.
  Completed 100 iterations for size 30, cohesion 100.

Results successfully written to job80227/comparison_results_linearSwitchFromRandom_30_c90-100.json
  Completed 100 iterations for size 30, cohesion 90.
  Completed 100 iterations for size 30, cohesion 100.

Results successfully written to job80227/comparison_results_linearSwitchFromRandom_30_c90-100.json
  Completed 100 iterations for size 30, cohesion 90.
  Completed 100 iterations for size 30, cohesion 100.

Results successfully written to job80227/comparison_results_linearSwitchFromRandom_30_c90-100.json
  Completed 100 iterations for size 30, cohesion 90.
  Completed 100 iterations for size 30, cohesion 100.

Results successfully written to job80227/comparison_results_linearSwitchFromRandom_30_c90-100.json
  Completed 100 iterations for size 30, cohesion 90.
  Completed 100 iterations for size 30, cohesion 100.

Results successfully written to job80227/comparison_results_linearSwitchFromRandom_30_c90-100.json
  Completed 100 iterations for size 30, cohesion 90.
  Completed 100 iterations for size 30, cohesion 100.

Results successfully written to job80227/comparison_results_linearSwitchFromRandom_30_c90-100.json
  Completed 100 iterations for size 30, cohesion 90.
  Completed 100 iterations for size 30, cohesion 100.

Results successfully written to job80227/comparison_results_linearSwitchFromRandom_30_c90-100.json
  Completed 100 iterations for size 30, cohesion 90.
  Completed 100 iterations for size 30, cohesion 100.

Results successfully written to job80227/comparison_results_linearSwitchFromRandom_30_c90-100.json
  Completed 100 iterations for size 30, cohesion 90.
  Completed 100 iterations for size 30, cohesion 100.

Results successfully written to job80227/comparison_results_linearSwitchFromRandom_30_c90-100.json
  Completed 100 iterations for size 30, cohesion 90.
  Completed 100 iterations for size 30, cohesion 100.

Results successfully written to job80227/comparison_results_linearSwitchFromRandom_30_c90-100.json
  Completed 100 iterations for size 30, cohesion 90.
  Completed 100 iterations for size 30, cohesion 100.

Results successfully written to job80227/comparison_results_linearSwitchFromRandom_30_c90-100.json
  Completed 100 iterations for size 30, cohesion 90.
  Completed 100 iterations for size 30, cohesion 100.

Results successfully written to job80227/comparison_results_linearSwitchFromRandom_30_c90-100.json
  Completed 100 iterations for size 30, cohesion 90.
  Completed 100 iterations for size 30, cohesion 100.

Results successfully written to job80227/comparison_results_linearSwitchFromRandom_30_c90-100.json
  Completed 100 iterations for size 30, cohesion 90.
  Completed 100 iterations for size 30, cohesion 100.

Results successfully written to job80227/comparison_results_linearSwitchFromRandom_30_c90-100.json
  Completed 100 iterations for size 30, cohesion 90.
  Completed 100 iterations for size 30, cohesion 100.

Results successfully written to job80227/comparison_results_linearSwitchFromRandom_30_c90-100.json
  Completed 100 iterations for size 30, cohesion 90.
  Completed 100 iterations for size 30, cohesion 100.

Results successfully written to job80227/comparison_results_linearSwitchFromRandom_30_c90-100.json
  Completed 100 iterations for size 30, cohesion 90.
  Completed 100 iterations for size 30, cohesion 100.

Results successfully written to job80227/comparison_results_linearSwitchFromRandom_30_c90-100.json
  Completed 100 iterations for size 30, cohesion 90.
  Completed 100 iterations for size 30, cohesion 100.

Results successfully written to job80227/comparison_results_linearSwitchFromRandom_30_c90-100.json
  Completed 100 iterations for size 30, cohesion 90.
  Completed 100 iterations for size 30, cohesion 100.

Results successfully written to job80227/comparison_results_linearSwitchFromRandom_30_c90-100.json
  Completed 100 iterations for size 30, cohesion 90.
  Completed 100 iterations for size 30, cohesion 100.

Results successfully written to job80227/comparison_results_linearSwitchFromRandom_30_c90-100.json
  Completed 100 iterations for size 30, cohesion 90.
  Completed 100 iterations for size 30, cohesion 100.

Results successfully written to job80227/comparison_results_linearSwitchFromRandom_30_c90-100.json
  Completed 100 iterations for size 30, cohesion 90.
  Completed 100 iterations for size 30, cohesion 100.

Results successfully written to job80227/comparison_results_linearSwitchFromRandom_30_c90-100.json
  Completed 100 iterations for size 30, cohesion 90.
  Completed 100 iterations for size 30, cohesion 100.

Results successfully written to job80227/comparison_results_linearSwitchFromRandom_30_c90-100.json
  Completed 100 iterations for size 30, cohesion 90.
  Completed 100 iterations for size 30, cohesion 100.

Results successfully written to job80227/comparison_results_linearSwitchFromRandom_30_c90-100.json
  Completed 100 iterations for size 30, cohesion 90.
  Completed 100 iterations for size 30, cohesion 100.

Results successfully written to job80227/comparison_results_linearSwitchFromRandom_30_c90-100.json
  Completed 100 iterations for size 30, cohesion 90.
  Completed 100 iterations for size 30, cohesion 100.

Results successfully written to job80227/comparison_results_linearSwitchFromRandom_30_c90-100.json
  Completed 100 iterations for size 30, cohesion 90.
  Completed 100 iterations for size 30, cohesion 100.

Results successfully written to job80227/comparison_results_linearSwitchFromRandom_30_c90-100.json
  Completed 100 iterations for size 30, cohesion 90.
  Completed 100 iterations for size 30, cohesion 100.

Results successfully written to job80227/comparison_results_linearSwitchFromRandom_30_c90-100.json
  Completed 100 iterations for size 30, cohesion 90.
  Completed 100 iterations for size 30, cohesion 100.

Results successfully written to job80227/comparison_results_linearSwitchFromRandom_30_c90-100.json
  Completed 100 iterations for size 30, cohesion 90.
  Completed 100 iterations for size 30, cohesion 100.

Results successfully written to job80227/comparison_results_linearSwitchFromRandom_30_c90-100.json
  Completed 100 iterations for size 30, cohesion 90.
  Completed 100 iterations for size 30, cohesion 100.

Results successfully written to job80227/comparison_results_linearSwitchFromRandom_30_c90-100.json
  Completed 100 iterations for size 30, cohesion 90.
  Completed 100 iterations for size 30, cohesion 100.

Results successfully written to job80227/comparison_results_linearSwitchFromRandom_30_c90-100.json
  Completed 100 iterations for size 30, cohesion 90.
  Completed 100 iterations for size 30, cohesion 100.

Results successfully written to job80227/comparison_results_linearSwitchFromRandom_30_c90-100.json
  Completed 100 iterations for size 30, cohesion 90.
  Completed 100 iterations for size 30, cohesion 100.

Results successfully written to job80227/comparison_results_linearSwitchFromRandom_30_c90-100.json
  Completed 100 iterations for size 30, cohesion 90.
  Completed 100 iterations for size 30, cohesion 100.

Results successfully written to job80227/comparison_results_linearSwitchFromRandom_30_c90-100.json
  Completed 100 iterations for size 30, cohesion 90.
  Completed 100 iterations for size 30, cohesion 100.

Results successfully written to job80227/comparison_results_linearSwitchFromRandom_30_c90-100.json
  Completed 100 iterations for size 30, cohesion 90.
  Completed 100 iterations for size 30, cohesion 100.

Results successfully written to job80227/comparison_results_linearSwitchFromRandom_30_c90-100.json
  Completed 100 iterations for size 30, cohesion 90.
  Completed 100 iterations for size 30, cohesion 100.

Results successfully written to job80227/comparison_results_linearSwitchFromRandom_30_c90-100.json
  Completed 100 iterations for size 30, cohesion 90.
  Completed 100 iterations for size 30, cohesion 100.

Results successfully written to job80227/comparison_results_linearSwitchFromRandom_30_c90-100.json
  Completed 100 iterations for size 30, cohesion 90.
  Completed 100 iterations for size 30, cohesion 100.

Results successfully written to job80227/comparison_results_linearSwitchFromRandom_30_c90-100.json
  Completed 100 iterations for size 30, cohesion 90.
  Completed 100 iterations for size 30, cohesion 100.

Results successfully written to job80227/comparison_results_linearSwitchFromRandom_30_c90-100.json
  Completed 100 iterations for size 30, cohesion 90.
  Completed 100 iterations for size 30, cohesion 100.

Results successfully written to job80227/comparison_results_linearSwitchFromRandom_30_c90-100.json
  Completed 100 iterations for size 30, cohesion 90.
  Completed 100 iterations for size 30, cohesion 100.

Results successfully written to job80227/comparison_results_linearSwitchFromRandom_30_c90-100.json
  Completed 100 iterations for size 30, cohesion 90.
  Completed 100 iterations for size 30, cohesion 100.

Results successfully written to job80227/comparison_results_linearSwitchFromRandom_30_c90-100.json
  Completed 100 iterations for size 30, cohesion 90.
  Completed 100 iterations for size 30, cohesion 100.

Results successfully written to job80227/comparison_results_linearSwitchFromRandom_30_c90-100.json
  Completed 100 iterations for size 30, cohesion 90.
  Completed 100 iterations for size 30, cohesion 100.

Results successfully written to job80227/comparison_results_linearSwitchFromRandom_30_c90-100.json
  Completed 100 iterations for size 30, cohesion 90.
  Completed 100 iterations for size 30, cohesion 100.

Results successfully written to job80227/comparison_results_linearSwitchFromRandom_30_c90-100.json
  Completed 100 iterations for size 30, cohesion 90.
  Completed 100 iterations for size 30, cohesion 100.

Results successfully written to job80227/comparison_results_linearSwitchFromRandom_30_c90-100.json
  Completed 100 iterations for size 30, cohesion 90.
  Completed 100 iterations for size 30, cohesion 100.

Results successfully written to job80227/comparison_results_linearSwitchFromRandom_30_c90-100.json
  Completed 100 iterations for size 30, cohesion 90.
  Completed 100 iterations for size 30, cohesion 100.

Results successfully written to job80227/comparison_results_linearSwitchFromRandom_30_c90-100.json
  Completed 100 iterations for size 30, cohesion 90.
  Completed 100 iterations for size 30, cohesion 100.

Results successfully written to job80227/comparison_results_linearSwitchFromRandom_30_c90-100.json
  Completed 100 iterations for size 30, cohesion 90.
  Completed 100 iterations for size 30, cohesion 100.

Results successfully written to job80227/comparison_results_linearSwitchFromRandom_30_c90-100.json
  Completed 100 iterations for size 30, cohesion 90.
  Completed 100 iterations for size 30, cohesion 100.

Results successfully written to job80227/comparison_results_linearSwitchFromRandom_30_c90-100.json
  Completed 100 iterations for size 30, cohesion 90.
  Completed 100 iterations for size 30, cohesion 100.

Results successfully written to job80227/comparison_results_linearSwitchFromRandom_30_c90-100.json
  Completed 100 iterations for size 30, cohesion 90.
  Completed 100 iterations for size 30, cohesion 100.

Results successfully written to job80227/comparison_results_linearSwitchFromRandom_30_c90-100.json
  Completed 100 iterations for size 30, cohesion 90.
  Completed 100 iterations for size 30, cohesion 100.

Results successfully written to job80227/comparison_results_linearSwitchFromRandom_30_c90-100.json
  Completed 100 iterations for size 30, cohesion 90.
  Completed 100 iterations for size 30, cohesion 100.

Results successfully written to job80227/comparison_results_linearSwitchFromRandom_30_c90-100.json
  Completed 100 iterations for size 30, cohesion 90.
  Completed 100 iterations for size 30, cohesion 100.

Results successfully written to job80227/comparison_results_linearSwitchFromRandom_30_c90-100.json
  Completed 100 iterations for size 30, cohesion 90.
  Completed 100 iterations for size 30, cohesion 100.

Results successfully written to job80227/comparison_results_linearSwitchFromRandom_30_c90-100.json
  Completed 100 iterations for size 30, cohesion 90.
  Completed 100 iterations for size 30, cohesion 100.

Results successfully written to job80227/comparison_results_linearSwitchFromRandom_30_c90-100.json
  Completed 100 iterations for size 30, cohesion 90.
  Completed 100 iterations for size 30, cohesion 100.

Results successfully written to job80227/comparison_results_linearSwitchFromRandom_30_c90-100.json
  Completed 100 iterations for size 30, cohesion 90.
  Completed 100 iterations for size 30, cohesion 100.

Results successfully written to job80227/comparison_results_linearSwitchFromRandom_30_c90-100.json
  Completed 100 iterations for size 30, cohesion 90.
  Completed 100 iterations for size 30, cohesion 100.

Results successfully written to job80227/comparison_results_linearSwitchFromRandom_30_c90-100.json
  Completed 100 iterations for size 30, cohesion 90.
  Completed 100 iterations for size 30, cohesion 100.

Results successfully written to job80227/comparison_results_linearSwitchFromRandom_30_c90-100.json
  Completed 100 iterations for size 30, cohesion 90.
  Completed 100 iterations for size 30, cohesion 100.

Results successfully written to job80227/comparison_results_linearSwitchFromRandom_30_c90-100.json
  Completed 100 iterations for size 30, cohesion 90.
  Completed 100 iterations for size 30, cohesion 100.

Results successfully written to job80227/comparison_results_linearSwitchFromRandom_30_c90-100.json
  Completed 100 iterations for size 30, cohesion 90.
  Completed 100 iterations for size 30, cohesion 100.

Results successfully written to job80227/comparison_results_linearSwitchFromRandom_30_c90-100.json
  Completed 100 iterations for size 30, cohesion 90.
  Completed 100 iterations for size 30, cohesion 100.

Results successfully written to job80227/comparison_results_linearSwitchFromRandom_30_c90-100.json
  Completed 100 iterations for size 30, cohesion 90.
  Completed 100 iterations for size 30, cohesion 100.

Results successfully written to job80227/comparison_results_linearSwitchFromRandom_30_c90-100.json
  Completed 100 iterations for size 30, cohesion 90.
  Completed 100 iterations for size 30, cohesion 100.

Results successfully written to job80227/comparison_results_linearSwitchFromRandom_30_c90-100.json
  Completed 100 iterations for size 30, cohesion 90.
  Completed 100 iterations for size 30, cohesion 100.

Results successfully written to job80227/comparison_results_linearSwitchFromRandom_30_c90-100.json
  Completed 100 iterations for size 30, cohesion 90.
  Completed 100 iterations for size 30, cohesion 100.

Results successfully written to job80227/comparison_results_linearSwitchFromRandom_30_c90-100.json
  Completed 100 iterations for size 30, cohesion 90.
  Completed 100 iterations for size 30, cohesion 100.

Results successfully written to job80227/comparison_results_linearSwitchFromRandom_30_c90-100.json
  Completed 100 iterations for size 30, cohesion 90.
  Completed 100 iterations for size 30, cohesion 100.

Results successfully written to job80227/comparison_results_linearSwitchFromRandom_30_c90-100.json

================================================================================
Algorithm                   People    Avg Score  Avg Time(s)
--------------------------------------------------------------------------------
linearSwitchFromRandom          30       1584.0       2.4657
================================================================================

Results successfully written to job80227/comparison_results_linearSwitchFromRandom_30_c90-100.json
