Task 4 running algorithm: linearSwitchFromGrouped, people: 30, cohesions: 0 10 20
cn8.hpc.itu.dk
aubu
/home/aubu/bachelorProject/hpc-jobs
Running iterations for algorithm: linearSwitchFromGrouped
  Completed 100 iterations for size 30, cohesion 0.
  Completed 100 iterations for size 30, cohesion 10.
  Completed 100 iterations for size 30, cohesion 20.

Results successfully written to job80227/comparison_results_linearSwitchFromGrouped_30_c0-10-20.json
  Completed 100 iterations for size 30, cohesion 0.
  Completed 100 iterations for size 30, cohesion 10.
  Completed 100 iterations for size 30, cohesion 20.

Results successfully written to job80227/comparison_results_linearSwitchFromGrouped_30_c0-10-20.json
  Completed 100 iterations for size 30, cohesion 0.
  Completed 100 iterations for size 30, cohesion 10.
  Completed 100 iterations for size 30, cohesion 20.

Results successfully written to job80227/comparison_results_linearSwitchFromGrouped_30_c0-10-20.json
  Completed 100 iterations for size 30, cohesion 0.
  Completed 100 iterations for size 30, cohesion 10.
  Completed 100 iterations for size 30, cohesion 20.

Results successfully written to job80227/comparison_results_linearSwitchFromGrouped_30_c0-10-20.json
  Completed 100 iterations for size 30, cohesion 0.
  Completed 100 iterations for size 30, cohesion 10.
  Completed 100 iterations for size 30, cohesion 20.

Results successfully written to job80227/comparison_results_linearSwitchFromGrouped_30_c0-10-20.json
  Completed 100 iterations for size 30, cohesion 0.
  Completed 100 iterations for size 30, cohesion 10.
  Completed 100 iterations for size 30, cohesion 20.

Results successfully written to job80227/comparison_results_linearSwitchFromGrouped_30_c0-10-20.json
  Completed 100 iterations for size 30, cohesion 0.
  Completed 100 iterations for size 30, cohesion 10.
  Completed 100 iterations for size 30, cohesion 20.

Results successfully written to job80227/comparison_results_linearSwitchFromGrouped_30_c0-10-20.json
  Completed 100 iterations for size 30, cohesion 0.
  Completed 100 iterations for size 30, cohesion 10.
  Completed 100 iterations for size 30, cohesion 20.

Results successfully written to job80227/comparison_results_linearSwitchFromGrouped_30_c0-10-20.json
  Completed 100 iterations for size 30, cohesion 0.
  Completed 100 iterations for size 30, cohesion 10.
  Completed 100 iterations for size 30, cohesion 20.

Results successfully written to job80227/comparison_results_linearSwitchFromGrouped_30_c0-10-20.json
  Completed 100 iterations for size 30, cohesion 0.
  Completed 100 iterations for size 30, cohesion 10.
  Completed 100 iterations for size 30, cohesion 20.

Results successfully written to job80227/comparison_results_linearSwitchFromGrouped_30_c0-10-20.json
  Completed 100 iterations for size 30, cohesion 0.
  Completed 100 iterations for size 30, cohesion 10.
  Completed 100 iterations for size 30, cohesion 20.

Results successfully written to job80227/comparison_results_linearSwitchFromGrouped_30_c0-10-20.json
  Completed 100 iterations for size 30, cohesion 0.
  Completed 100 iterations for size 30, cohesion 10.
  Completed 100 iterations for size 30, cohesion 20.

Results successfully written to job80227/comparison_results_linearSwitchFromGrouped_30_c0-10-20.json
  Completed 100 iterations for size 30, cohesion 0.
  Completed 100 iterations for size 30, cohesion 10.
  Completed 100 iterations for size 30, cohesion 20.

Results successfully written to job80227/comparison_results_linearSwitchFromGrouped_30_c0-10-20.json
  Completed 100 iterations for size 30, cohesion 0.
  Completed 100 iterations for size 30, cohesion 10.
  Completed 100 iterations for size 30, cohesion 20.

Results successfully written to job80227/comparison_results_linearSwitchFromGrouped_30_c0-10-20.json
  Completed 100 iterations for size 30, cohesion 0.
  Completed 100 iterations for size 30, cohesion 10.
  Completed 100 iterations for size 30, cohesion 20.

Results successfully written to job80227/comparison_results_linearSwitchFromGrouped_30_c0-10-20.json
  Completed 100 iterations for size 30, cohesion 0.
  Completed 100 iterations for size 30, cohesion 10.
  Completed 100 iterations for size 30, cohesion 20.

Results successfully written to job80227/comparison_results_linearSwitchFromGrouped_30_c0-10-20.json
  Completed 100 iterations for size 30, cohesion 0.
  Completed 100 iterations for size 30, cohesion 10.
  Completed 100 iterations for size 30, cohesion 20.

Results successfully written to job80227/comparison_results_linearSwitchFromGrouped_30_c0-10-20.json
  Completed 100 iterations for size 30, cohesion 0.
  Completed 100 iterations for size 30, cohesion 10.
  Completed 100 iterations for size 30, cohesion 20.

Results successfully written to job80227/comparison_results_linearSwitchFromGrouped_30_c0-10-20.json
  Completed 100 iterations for size 30, cohesion 0.
  Completed 100 iterations for size 30, cohesion 10.
  Completed 100 iterations for size 30, cohesion 20.

Results successfully written to job80227/comparison_results_linearSwitchFromGrouped_30_c0-10-20.json
  Completed 100 iterations for size 30, cohesion 0.
  Completed 100 iterations for size 30, cohesion 10.
  Completed 100 iterations for size 30, cohesion 20.

Results successfully written to job80227/comparison_results_linearSwitchFromGrouped_30_c0-10-20.json
  Completed 100 iterations for size 30, cohesion 0.
  Completed 100 iterations for size 30, cohesion 10.
  Completed 100 iterations for size 30, cohesion 20.

Results successfully written to job80227/comparison_results_linearSwitchFromGrouped_30_c0-10-20.json
  Completed 100 iterations for size 30, cohesion 0.
  Completed 100 iterations for size 30, cohesion 10.
  Completed 100 iterations for size 30, cohesion 20.

Results successfully written to job80227/comparison_results_linearSwitchFromGrouped_30_c0-10-20.json
  Completed 100 iterations for size 30, cohesion 0.
  Completed 100 iterations for size 30, cohesion 10.
  Completed 100 iterations for size 30, cohesion 20.

Results successfully written to job80227/comparison_results_linearSwitchFromGrouped_30_c0-10-20.json
  Completed 100 iterations for size 30, cohesion 0.
  Completed 100 iterations for size 30, cohesion 10.
  Completed 100 iterations for size 30, cohesion 20.

Results successfully written to job80227/comparison_results_linearSwitchFromGrouped_30_c0-10-20.json
  Completed 100 iterations for size 30, cohesion 0.
  Completed 100 iterations for size 30, cohesion 10.
  Completed 100 iterations for size 30, cohesion 20.

Results successfully written to job80227/comparison_results_linearSwitchFromGrouped_30_c0-10-20.json
  Completed 100 iterations for size 30, cohesion 0.
  Completed 100 iterations for size 30, cohesion 10.
  Completed 100 iterations for size 30, cohesion 20.

Results successfully written to job80227/comparison_results_linearSwitchFromGrouped_30_c0-10-20.json
  Completed 100 iterations for size 30, cohesion 0.
  Completed 100 iterations for size 30, cohesion 10.
  Completed 100 iterations for size 30, cohesion 20.

Results successfully written to job80227/comparison_results_linearSwitchFromGrouped_30_c0-10-20.json
  Completed 100 iterations for size 30, cohesion 0.
  Completed 100 iterations for size 30, cohesion 10.
  Completed 100 iterations for size 30, cohesion 20.

Results successfully written to job80227/comparison_results_linearSwitchFromGrouped_30_c0-10-20.json
  Completed 100 iterations for size 30, cohesion 0.
  Completed 100 iterations for size 30, cohesion 10.
  Completed 100 iterations for size 30, cohesion 20.

Results successfully written to job80227/comparison_results_linearSwitchFromGrouped_30_c0-10-20.json
  Completed 100 iterations for size 30, cohesion 0.
  Completed 100 iterations for size 30, cohesion 10.
  Completed 100 iterations for size 30, cohesion 20.

Results successfully written to job80227/comparison_results_linearSwitchFromGrouped_30_c0-10-20.json
  Completed 100 iterations for size 30, cohesion 0.
  Completed 100 iterations for size 30, cohesion 10.
  Completed 100 iterations for size 30, cohesion 20.

Results successfully written to job80227/comparison_results_linearSwitchFromGrouped_30_c0-10-20.json
  Completed 100 iterations for size 30, cohesion 0.
  Completed 100 iterations for size 30, cohesion 10.
  Completed 100 iterations for size 30, cohesion 20.

Results successfully written to job80227/comparison_results_linearSwitchFromGrouped_30_c0-10-20.json
  Completed 100 iterations for size 30, cohesion 0.
  Completed 100 iterations for size 30, cohesion 10.
  Completed 100 iterations for size 30, cohesion 20.

Results successfully written to job80227/comparison_results_linearSwitchFromGrouped_30_c0-10-20.json
  Completed 100 iterations for size 30, cohesion 0.
  Completed 100 iterations for size 30, cohesion 10.
  Completed 100 iterations for size 30, cohesion 20.

Results successfully written to job80227/comparison_results_linearSwitchFromGrouped_30_c0-10-20.json
  Completed 100 iterations for size 30, cohesion 0.
  Completed 100 iterations for size 30, cohesion 10.
  Completed 100 iterations for size 30, cohesion 20.

Results successfully written to job80227/comparison_results_linearSwitchFromGrouped_30_c0-10-20.json
  Completed 100 iterations for size 30, cohesion 0.
  Completed 100 iterations for size 30, cohesion 10.
  Completed 100 iterations for size 30, cohesion 20.

Results successfully written to job80227/comparison_results_linearSwitchFromGrouped_30_c0-10-20.json
  Completed 100 iterations for size 30, cohesion 0.
  Completed 100 iterations for size 30, cohesion 10.
  Completed 100 iterations for size 30, cohesion 20.

Results successfully written to job80227/comparison_results_linearSwitchFromGrouped_30_c0-10-20.json
  Completed 100 iterations for size 30, cohesion 0.
  Completed 100 iterations for size 30, cohesion 10.
  Completed 100 iterations for size 30, cohesion 20.

Results successfully written to job80227/comparison_results_linearSwitchFromGrouped_30_c0-10-20.json
  Completed 100 iterations for size 30, cohesion 0.
  Completed 100 iterations for size 30, cohesion 10.
  Completed 100 iterations for size 30, cohesion 20.

Results successfully written to job80227/comparison_results_linearSwitchFromGrouped_30_c0-10-20.json
  Completed 100 iterations for size 30, cohesion 0.
  Completed 100 iterations for size 30, cohesion 10.
  Completed 100 iterations for size 30, cohesion 20.

Results successfully written to job80227/comparison_results_linearSwitchFromGrouped_30_c0-10-20.json
  Completed 100 iterations for size 30, cohesion 0.
  Completed 100 iterations for size 30, cohesion 10.
  Completed 100 iterations for size 30, cohesion 20.

Results successfully written to job80227/comparison_results_linearSwitchFromGrouped_30_c0-10-20.json
  Completed 100 iterations for size 30, cohesion 0.
  Completed 100 iterations for size 30, cohesion 10.
  Completed 100 iterations for size 30, cohesion 20.

Results successfully written to job80227/comparison_results_linearSwitchFromGrouped_30_c0-10-20.json
  Completed 100 iterations for size 30, cohesion 0.
  Completed 100 iterations for size 30, cohesion 10.
  Completed 100 iterations for size 30, cohesion 20.

Results successfully written to job80227/comparison_results_linearSwitchFromGrouped_30_c0-10-20.json
  Completed 100 iterations for size 30, cohesion 0.
  Completed 100 iterations for size 30, cohesion 10.
  Completed 100 iterations for size 30, cohesion 20.

Results successfully written to job80227/comparison_results_linearSwitchFromGrouped_30_c0-10-20.json
  Completed 100 iterations for size 30, cohesion 0.
  Completed 100 iterations for size 30, cohesion 10.
  Completed 100 iterations for size 30, cohesion 20.

Results successfully written to job80227/comparison_results_linearSwitchFromGrouped_30_c0-10-20.json
  Completed 100 iterations for size 30, cohesion 0.
  Completed 100 iterations for size 30, cohesion 10.
  Completed 100 iterations for size 30, cohesion 20.

Results successfully written to job80227/comparison_results_linearSwitchFromGrouped_30_c0-10-20.json
  Completed 100 iterations for size 30, cohesion 0.
  Completed 100 iterations for size 30, cohesion 10.
  Completed 100 iterations for size 30, cohesion 20.

Results successfully written to job80227/comparison_results_linearSwitchFromGrouped_30_c0-10-20.json
  Completed 100 iterations for size 30, cohesion 0.
  Completed 100 iterations for size 30, cohesion 10.
  Completed 100 iterations for size 30, cohesion 20.

Results successfully written to job80227/comparison_results_linearSwitchFromGrouped_30_c0-10-20.json
  Completed 100 iterations for size 30, cohesion 0.
  Completed 100 iterations for size 30, cohesion 10.
  Completed 100 iterations for size 30, cohesion 20.

Results successfully written to job80227/comparison_results_linearSwitchFromGrouped_30_c0-10-20.json
  Completed 100 iterations for size 30, cohesion 0.
  Completed 100 iterations for size 30, cohesion 10.
  Completed 100 iterations for size 30, cohesion 20.

Results successfully written to job80227/comparison_results_linearSwitchFromGrouped_30_c0-10-20.json
  Completed 100 iterations for size 30, cohesion 0.
  Completed 100 iterations for size 30, cohesion 10.
  Completed 100 iterations for size 30, cohesion 20.

Results successfully written to job80227/comparison_results_linearSwitchFromGrouped_30_c0-10-20.json
  Completed 100 iterations for size 30, cohesion 0.
  Completed 100 iterations for size 30, cohesion 10.
  Completed 100 iterations for size 30, cohesion 20.

Results successfully written to job80227/comparison_results_linearSwitchFromGrouped_30_c0-10-20.json
  Completed 100 iterations for size 30, cohesion 0.
  Completed 100 iterations for size 30, cohesion 10.
  Completed 100 iterations for size 30, cohesion 20.

Results successfully written to job80227/comparison_results_linearSwitchFromGrouped_30_c0-10-20.json
  Completed 100 iterations for size 30, cohesion 0.
  Completed 100 iterations for size 30, cohesion 10.
  Completed 100 iterations for size 30, cohesion 20.

Results successfully written to job80227/comparison_results_linearSwitchFromGrouped_30_c0-10-20.json
  Completed 100 iterations for size 30, cohesion 0.
  Completed 100 iterations for size 30, cohesion 10.
  Completed 100 iterations for size 30, cohesion 20.

Results successfully written to job80227/comparison_results_linearSwitchFromGrouped_30_c0-10-20.json
  Completed 100 iterations for size 30, cohesion 0.
  Completed 100 iterations for size 30, cohesion 10.
  Completed 100 iterations for size 30, cohesion 20.

Results successfully written to job80227/comparison_results_linearSwitchFromGrouped_30_c0-10-20.json
  Completed 100 iterations for size 30, cohesion 0.
  Completed 100 iterations for size 30, cohesion 10.
  Completed 100 iterations for size 30, cohesion 20.

Results successfully written to job80227/comparison_results_linearSwitchFromGrouped_30_c0-10-20.json
  Completed 100 iterations for size 30, cohesion 0.
  Completed 100 iterations for size 30, cohesion 10.
  Completed 100 iterations for size 30, cohesion 20.

Results successfully written to job80227/comparison_results_linearSwitchFromGrouped_30_c0-10-20.json
  Completed 100 iterations for size 30, cohesion 0.
  Completed 100 iterations for size 30, cohesion 10.
  Completed 100 iterations for size 30, cohesion 20.

Results successfully written to job80227/comparison_results_linearSwitchFromGrouped_30_c0-10-20.json
  Completed 100 iterations for size 30, cohesion 0.
  Completed 100 iterations for size 30, cohesion 10.
  Completed 100 iterations for size 30, cohesion 20.

Results successfully written to job80227/comparison_results_linearSwitchFromGrouped_30_c0-10-20.json
  Completed 100 iterations for size 30, cohesion 0.
  Completed 100 iterations for size 30, cohesion 10.
  Completed 100 iterations for size 30, cohesion 20.

Results successfully written to job80227/comparison_results_linearSwitchFromGrouped_30_c0-10-20.json
  Completed 100 iterations for size 30, cohesion 0.
  Completed 100 iterations for size 30, cohesion 10.
  Completed 100 iterations for size 30, cohesion 20.

Results successfully written to job80227/comparison_results_linearSwitchFromGrouped_30_c0-10-20.json
  Completed 100 iterations for size 30, cohesion 0.
  Completed 100 iterations for size 30, cohesion 10.
  Completed 100 iterations for size 30, cohesion 20.

Results successfully written to job80227/comparison_results_linearSwitchFromGrouped_30_c0-10-20.json
  Completed 100 iterations for size 30, cohesion 0.
  Completed 100 iterations for size 30, cohesion 10.
  Completed 100 iterations for size 30, cohesion 20.

Results successfully written to job80227/comparison_results_linearSwitchFromGrouped_30_c0-10-20.json
  Completed 100 iterations for size 30, cohesion 0.
  Completed 100 iterations for size 30, cohesion 10.
  Completed 100 iterations for size 30, cohesion 20.

Results successfully written to job80227/comparison_results_linearSwitchFromGrouped_30_c0-10-20.json
  Completed 100 iterations for size 30, cohesion 0.
  Completed 100 iterations for size 30, cohesion 10.
  Completed 100 iterations for size 30, cohesion 20.

Results successfully written to job80227/comparison_results_linearSwitchFromGrouped_30_c0-10-20.json
  Completed 100 iterations for size 30, cohesion 0.
  Completed 100 iterations for size 30, cohesion 10.
  Completed 100 iterations for size 30, cohesion 20.

Results successfully written to job80227/comparison_results_linearSwitchFromGrouped_30_c0-10-20.json
  Completed 100 iterations for size 30, cohesion 0.
  Completed 100 iterations for size 30, cohesion 10.
  Completed 100 iterations for size 30, cohesion 20.

Results successfully written to job80227/comparison_results_linearSwitchFromGrouped_30_c0-10-20.json
  Completed 100 iterations for size 30, cohesion 0.
  Completed 100 iterations for size 30, cohesion 10.
  Completed 100 iterations for size 30, cohesion 20.

Results successfully written to job80227/comparison_results_linearSwitchFromGrouped_30_c0-10-20.json
  Completed 100 iterations for size 30, cohesion 0.
  Completed 100 iterations for size 30, cohesion 10.
  Completed 100 iterations for size 30, cohesion 20.

Results successfully written to job80227/comparison_results_linearSwitchFromGrouped_30_c0-10-20.json
  Completed 100 iterations for size 30, cohesion 0.
  Completed 100 iterations for size 30, cohesion 10.
  Completed 100 iterations for size 30, cohesion 20.

Results successfully written to job80227/comparison_results_linearSwitchFromGrouped_30_c0-10-20.json
  Completed 100 iterations for size 30, cohesion 0.
  Completed 100 iterations for size 30, cohesion 10.
  Completed 100 iterations for size 30, cohesion 20.

Results successfully written to job80227/comparison_results_linearSwitchFromGrouped_30_c0-10-20.json
  Completed 100 iterations for size 30, cohesion 0.
  Completed 100 iterations for size 30, cohesion 10.
  Completed 100 iterations for size 30, cohesion 20.

Results successfully written to job80227/comparison_results_linearSwitchFromGrouped_30_c0-10-20.json
  Completed 100 iterations for size 30, cohesion 0.
  Completed 100 iterations for size 30, cohesion 10.
  Completed 100 iterations for size 30, cohesion 20.

Results successfully written to job80227/comparison_results_linearSwitchFromGrouped_30_c0-10-20.json
  Completed 100 iterations for size 30, cohesion 0.
  Completed 100 iterations for size 30, cohesion 10.
  Completed 100 iterations for size 30, cohesion 20.

Results successfully written to job80227/comparison_results_linearSwitchFromGrouped_30_c0-10-20.json
  Completed 100 iterations for size 30, cohesion 0.
  Completed 100 iterations for size 30, cohesion 10.
  Completed 100 iterations for size 30, cohesion 20.

Results successfully written to job80227/comparison_results_linearSwitchFromGrouped_30_c0-10-20.json
  Completed 100 iterations for size 30, cohesion 0.
  Completed 100 iterations for size 30, cohesion 10.
  Completed 100 iterations for size 30, cohesion 20.

Results successfully written to job80227/comparison_results_linearSwitchFromGrouped_30_c0-10-20.json
  Completed 100 iterations for size 30, cohesion 0.
  Completed 100 iterations for size 30, cohesion 10.
  Completed 100 iterations for size 30, cohesion 20.

Results successfully written to job80227/comparison_results_linearSwitchFromGrouped_30_c0-10-20.json
  Completed 100 iterations for size 30, cohesion 0.
  Completed 100 iterations for size 30, cohesion 10.
  Completed 100 iterations for size 30, cohesion 20.

Results successfully written to job80227/comparison_results_linearSwitchFromGrouped_30_c0-10-20.json
  Completed 100 iterations for size 30, cohesion 0.
  Completed 100 iterations for size 30, cohesion 10.
  Completed 100 iterations for size 30, cohesion 20.

Results successfully written to job80227/comparison_results_linearSwitchFromGrouped_30_c0-10-20.json
  Completed 100 iterations for size 30, cohesion 0.
  Completed 100 iterations for size 30, cohesion 10.
  Completed 100 iterations for size 30, cohesion 20.

Results successfully written to job80227/comparison_results_linearSwitchFromGrouped_30_c0-10-20.json
  Completed 100 iterations for size 30, cohesion 0.
  Completed 100 iterations for size 30, cohesion 10.
  Completed 100 iterations for size 30, cohesion 20.

Results successfully written to job80227/comparison_results_linearSwitchFromGrouped_30_c0-10-20.json
  Completed 100 iterations for size 30, cohesion 0.
  Completed 100 iterations for size 30, cohesion 10.
  Completed 100 iterations for size 30, cohesion 20.

Results successfully written to job80227/comparison_results_linearSwitchFromGrouped_30_c0-10-20.json
  Completed 100 iterations for size 30, cohesion 0.
  Completed 100 iterations for size 30, cohesion 10.
  Completed 100 iterations for size 30, cohesion 20.

Results successfully written to job80227/comparison_results_linearSwitchFromGrouped_30_c0-10-20.json
  Completed 100 iterations for size 30, cohesion 0.
  Completed 100 iterations for size 30, cohesion 10.
  Completed 100 iterations for size 30, cohesion 20.

Results successfully written to job80227/comparison_results_linearSwitchFromGrouped_30_c0-10-20.json
  Completed 100 iterations for size 30, cohesion 0.
  Completed 100 iterations for size 30, cohesion 10.
  Completed 100 iterations for size 30, cohesion 20.

Results successfully written to job80227/comparison_results_linearSwitchFromGrouped_30_c0-10-20.json
  Completed 100 iterations for size 30, cohesion 0.
  Completed 100 iterations for size 30, cohesion 10.
  Completed 100 iterations for size 30, cohesion 20.

Results successfully written to job80227/comparison_results_linearSwitchFromGrouped_30_c0-10-20.json
  Completed 100 iterations for size 30, cohesion 0.
  Completed 100 iterations for size 30, cohesion 10.
  Completed 100 iterations for size 30, cohesion 20.

Results successfully written to job80227/comparison_results_linearSwitchFromGrouped_30_c0-10-20.json
  Completed 100 iterations for size 30, cohesion 0.
  Completed 100 iterations for size 30, cohesion 10.
  Completed 100 iterations for size 30, cohesion 20.

Results successfully written to job80227/comparison_results_linearSwitchFromGrouped_30_c0-10-20.json
  Completed 100 iterations for size 30, cohesion 0.
  Completed 100 iterations for size 30, cohesion 10.
  Completed 100 iterations for size 30, cohesion 20.

Results successfully written to job80227/comparison_results_linearSwitchFromGrouped_30_c0-10-20.json
  Completed 100 iterations for size 30, cohesion 0.
  Completed 100 iterations for size 30, cohesion 10.
  Completed 100 iterations for size 30, cohesion 20.

Results successfully written to job80227/comparison_results_linearSwitchFromGrouped_30_c0-10-20.json
  Completed 100 iterations for size 30, cohesion 0.
  Completed 100 iterations for size 30, cohesion 10.
  Completed 100 iterations for size 30, cohesion 20.

Results successfully written to job80227/comparison_results_linearSwitchFromGrouped_30_c0-10-20.json
  Completed 100 iterations for size 30, cohesion 0.
  Completed 100 iterations for size 30, cohesion 10.
  Completed 100 iterations for size 30, cohesion 20.

Results successfully written to job80227/comparison_results_linearSwitchFromGrouped_30_c0-10-20.json
  Completed 100 iterations for size 30, cohesion 0.
  Completed 100 iterations for size 30, cohesion 10.
  Completed 100 iterations for size 30, cohesion 20.

Results successfully written to job80227/comparison_results_linearSwitchFromGrouped_30_c0-10-20.json
  Completed 100 iterations for size 30, cohesion 0.
  Completed 100 iterations for size 30, cohesion 10.
  Completed 100 iterations for size 30, cohesion 20.

Results successfully written to job80227/comparison_results_linearSwitchFromGrouped_30_c0-10-20.json
  Completed 100 iterations for size 30, cohesion 0.
  Completed 100 iterations for size 30, cohesion 10.
  Completed 100 iterations for size 30, cohesion 20.

Results successfully written to job80227/comparison_results_linearSwitchFromGrouped_30_c0-10-20.json
  Completed 100 iterations for size 30, cohesion 0.
  Completed 100 iterations for size 30, cohesion 10.
  Completed 100 iterations for size 30, cohesion 20.

Results successfully written to job80227/comparison_results_linearSwitchFromGrouped_30_c0-10-20.json
  Completed 100 iterations for size 30, cohesion 0.
  Completed 100 iterations for size 30, cohesion 10.
  Completed 100 iterations for size 30, cohesion 20.

Results successfully written to job80227/comparison_results_linearSwitchFromGrouped_30_c0-10-20.json
  Completed 100 iterations for size 30, cohesion 0.
  Completed 100 iterations for size 30, cohesion 10.
  Completed 100 iterations for size 30, cohesion 20.

Results successfully written to job80227/comparison_results_linearSwitchFromGrouped_30_c0-10-20.json
  Completed 100 iterations for size 30, cohesion 0.
  Completed 100 iterations for size 30, cohesion 10.
  Completed 100 iterations for size 30, cohesion 20.

Results successfully written to job80227/comparison_results_linearSwitchFromGrouped_30_c0-10-20.json

================================================================================
Algorithm                   People    Avg Score  Avg Time(s)
--------------------------------------------------------------------------------
linearSwitchFromGrouped         30       1347.6       1.4639
================================================================================

Results successfully written to job80227/comparison_results_linearSwitchFromGrouped_30_c0-10-20.json
