Task 40 running algorithm: linearSwitchFromRandom, people: 100, cohesions: 0 10 20
cn16.hpc.itu.dk
aubu
/home/aubu/bachelorProject/hpc-jobs
Running iterations for algorithm: linearSwitchFromRandom
  Completed 100 iterations for size 100, cohesion 0.
  Completed 100 iterations for size 100, cohesion 10.
  Completed 100 iterations for size 100, cohesion 20.

Results successfully written to job80227/comparison_results_linearSwitchFromRandom_100_c0-10-20.json
  Completed 100 iterations for size 100, cohesion 0.
  Completed 100 iterations for size 100, cohesion 10.
  Completed 100 iterations for size 100, cohesion 20.

Results successfully written to job80227/comparison_results_linearSwitchFromRandom_100_c0-10-20.json
  Completed 100 iterations for size 100, cohesion 0.
  Completed 100 iterations for size 100, cohesion 10.
  Completed 100 iterations for size 100, cohesion 20.

Results successfully written to job80227/comparison_results_linearSwitchFromRandom_100_c0-10-20.json
  Completed 100 iterations for size 100, cohesion 0.
  Completed 100 iterations for size 100, cohesion 10.
  Completed 100 iterations for size 100, cohesion 20.

Results successfully written to job80227/comparison_results_linearSwitchFromRandom_100_c0-10-20.json
  Completed 100 iterations for size 100, cohesion 0.
  Completed 100 iterations for size 100, cohesion 10.
  Completed 100 iterations for size 100, cohesion 20.

Results successfully written to job80227/comparison_results_linearSwitchFromRandom_100_c0-10-20.json
  Completed 100 iterations for size 100, cohesion 0.
  Completed 100 iterations for size 100, cohesion 10.
  Completed 100 iterations for size 100, cohesion 20.

Results successfully written to job80227/comparison_results_linearSwitchFromRandom_100_c0-10-20.json
  Completed 100 iterations for size 100, cohesion 0.
  Completed 100 iterations for size 100, cohesion 10.
  Completed 100 iterations for size 100, cohesion 20.

Results successfully written to job80227/comparison_results_linearSwitchFromRandom_100_c0-10-20.json
  Completed 100 iterations for size 100, cohesion 0.
  Completed 100 iterations for size 100, cohesion 10.
  Completed 100 iterations for size 100, cohesion 20.

Results successfully written to job80227/comparison_results_linearSwitchFromRandom_100_c0-10-20.json
  Completed 100 iterations for size 100, cohesion 0.
  Completed 100 iterations for size 100, cohesion 10.
  Completed 100 iterations for size 100, cohesion 20.

Results successfully written to job80227/comparison_results_linearSwitchFromRandom_100_c0-10-20.json
  Completed 100 iterations for size 100, cohesion 0.
  Completed 100 iterations for size 100, cohesion 10.
  Completed 100 iterations for size 100, cohesion 20.

Results successfully written to job80227/comparison_results_linearSwitchFromRandom_100_c0-10-20.json
  Completed 100 iterations for size 100, cohesion 0.
  Completed 100 iterations for size 100, cohesion 10.
  Completed 100 iterations for size 100, cohesion 20.

Results successfully written to job80227/comparison_results_linearSwitchFromRandom_100_c0-10-20.json
  Completed 100 iterations for size 100, cohesion 0.
  Completed 100 iterations for size 100, cohesion 10.
  Completed 100 iterations for size 100, cohesion 20.

Results successfully written to job80227/comparison_results_linearSwitchFromRandom_100_c0-10-20.json
  Completed 100 iterations for size 100, cohesion 0.
  Completed 100 iterations for size 100, cohesion 10.
  Completed 100 iterations for size 100, cohesion 20.

Results successfully written to job80227/comparison_results_linearSwitchFromRandom_100_c0-10-20.json
  Completed 100 iterations for size 100, cohesion 0.
  Completed 100 iterations for size 100, cohesion 10.
  Completed 100 iterations for size 100, cohesion 20.

Results successfully written to job80227/comparison_results_linearSwitchFromRandom_100_c0-10-20.json
  Completed 100 iterations for size 100, cohesion 0.
  Completed 100 iterations for size 100, cohesion 10.
  Completed 100 iterations for size 100, cohesion 20.

Results successfully written to job80227/comparison_results_linearSwitchFromRandom_100_c0-10-20.json
  Completed 100 iterations for size 100, cohesion 0.
  Completed 100 iterations for size 100, cohesion 10.
  Completed 100 iterations for size 100, cohesion 20.

Results successfully written to job80227/comparison_results_linearSwitchFromRandom_100_c0-10-20.json
  Completed 100 iterations for size 100, cohesion 0.
  Completed 100 iterations for size 100, cohesion 10.
  Completed 100 iterations for size 100, cohesion 20.

Results successfully written to job80227/comparison_results_linearSwitchFromRandom_100_c0-10-20.json
  Completed 100 iterations for size 100, cohesion 0.
  Completed 100 iterations for size 100, cohesion 10.
  Completed 100 iterations for size 100, cohesion 20.

Results successfully written to job80227/comparison_results_linearSwitchFromRandom_100_c0-10-20.json
  Completed 100 iterations for size 100, cohesion 0.
  Completed 100 iterations for size 100, cohesion 10.
  Completed 100 iterations for size 100, cohesion 20.

Results successfully written to job80227/comparison_results_linearSwitchFromRandom_100_c0-10-20.json
  Completed 100 iterations for size 100, cohesion 0.
  Completed 100 iterations for size 100, cohesion 10.
  Completed 100 iterations for size 100, cohesion 20.

Results successfully written to job80227/comparison_results_linearSwitchFromRandom_100_c0-10-20.json
  Completed 100 iterations for size 100, cohesion 0.
  Completed 100 iterations for size 100, cohesion 10.
  Completed 100 iterations for size 100, cohesion 20.

Results successfully written to job80227/comparison_results_linearSwitchFromRandom_100_c0-10-20.json
  Completed 100 iterations for size 100, cohesion 0.
  Completed 100 iterations for size 100, cohesion 10.
  Completed 100 iterations for size 100, cohesion 20.

Results successfully written to job80227/comparison_results_linearSwitchFromRandom_100_c0-10-20.json
  Completed 100 iterations for size 100, cohesion 0.
  Completed 100 iterations for size 100, cohesion 10.
  Completed 100 iterations for size 100, cohesion 20.

Results successfully written to job80227/comparison_results_linearSwitchFromRandom_100_c0-10-20.json
  Completed 100 iterations for size 100, cohesion 0.
  Completed 100 iterations for size 100, cohesion 10.
  Completed 100 iterations for size 100, cohesion 20.

Results successfully written to job80227/comparison_results_linearSwitchFromRandom_100_c0-10-20.json
  Completed 100 iterations for size 100, cohesion 0.
  Completed 100 iterations for size 100, cohesion 10.
  Completed 100 iterations for size 100, cohesion 20.

Results successfully written to job80227/comparison_results_linearSwitchFromRandom_100_c0-10-20.json
  Completed 100 iterations for size 100, cohesion 0.
  Completed 100 iterations for size 100, cohesion 10.
  Completed 100 iterations for size 100, cohesion 20.

Results successfully written to job80227/comparison_results_linearSwitchFromRandom_100_c0-10-20.json
  Completed 100 iterations for size 100, cohesion 0.
  Completed 100 iterations for size 100, cohesion 10.
  Completed 100 iterations for size 100, cohesion 20.

Results successfully written to job80227/comparison_results_linearSwitchFromRandom_100_c0-10-20.json
  Completed 100 iterations for size 100, cohesion 0.
  Completed 100 iterations for size 100, cohesion 10.
  Completed 100 iterations for size 100, cohesion 20.

Results successfully written to job80227/comparison_results_linearSwitchFromRandom_100_c0-10-20.json
  Completed 100 iterations for size 100, cohesion 0.
  Completed 100 iterations for size 100, cohesion 10.
  Completed 100 iterations for size 100, cohesion 20.

Results successfully written to job80227/comparison_results_linearSwitchFromRandom_100_c0-10-20.json
  Completed 100 iterations for size 100, cohesion 0.
  Completed 100 iterations for size 100, cohesion 10.
  Completed 100 iterations for size 100, cohesion 20.

Results successfully written to job80227/comparison_results_linearSwitchFromRandom_100_c0-10-20.json
  Completed 100 iterations for size 100, cohesion 0.
  Completed 100 iterations for size 100, cohesion 10.
  Completed 100 iterations for size 100, cohesion 20.

Results successfully written to job80227/comparison_results_linearSwitchFromRandom_100_c0-10-20.json
  Completed 100 iterations for size 100, cohesion 0.
  Completed 100 iterations for size 100, cohesion 10.
  Completed 100 iterations for size 100, cohesion 20.

Results successfully written to job80227/comparison_results_linearSwitchFromRandom_100_c0-10-20.json
  Completed 100 iterations for size 100, cohesion 0.
  Completed 100 iterations for size 100, cohesion 10.
  Completed 100 iterations for size 100, cohesion 20.

Results successfully written to job80227/comparison_results_linearSwitchFromRandom_100_c0-10-20.json
  Completed 100 iterations for size 100, cohesion 0.
  Completed 100 iterations for size 100, cohesion 10.
  Completed 100 iterations for size 100, cohesion 20.

Results successfully written to job80227/comparison_results_linearSwitchFromRandom_100_c0-10-20.json
  Completed 100 iterations for size 100, cohesion 0.
  Completed 100 iterations for size 100, cohesion 10.
  Completed 100 iterations for size 100, cohesion 20.

Results successfully written to job80227/comparison_results_linearSwitchFromRandom_100_c0-10-20.json
  Completed 100 iterations for size 100, cohesion 0.
  Completed 100 iterations for size 100, cohesion 10.
  Completed 100 iterations for size 100, cohesion 20.

Results successfully written to job80227/comparison_results_linearSwitchFromRandom_100_c0-10-20.json
  Completed 100 iterations for size 100, cohesion 0.
  Completed 100 iterations for size 100, cohesion 10.
  Completed 100 iterations for size 100, cohesion 20.

Results successfully written to job80227/comparison_results_linearSwitchFromRandom_100_c0-10-20.json
  Completed 100 iterations for size 100, cohesion 0.
  Completed 100 iterations for size 100, cohesion 10.
  Completed 100 iterations for size 100, cohesion 20.

Results successfully written to job80227/comparison_results_linearSwitchFromRandom_100_c0-10-20.json
  Completed 100 iterations for size 100, cohesion 0.
  Completed 100 iterations for size 100, cohesion 10.
  Completed 100 iterations for size 100, cohesion 20.

Results successfully written to job80227/comparison_results_linearSwitchFromRandom_100_c0-10-20.json
  Completed 100 iterations for size 100, cohesion 0.
  Completed 100 iterations for size 100, cohesion 10.
  Completed 100 iterations for size 100, cohesion 20.

Results successfully written to job80227/comparison_results_linearSwitchFromRandom_100_c0-10-20.json
  Completed 100 iterations for size 100, cohesion 0.
  Completed 100 iterations for size 100, cohesion 10.
  Completed 100 iterations for size 100, cohesion 20.

Results successfully written to job80227/comparison_results_linearSwitchFromRandom_100_c0-10-20.json
  Completed 100 iterations for size 100, cohesion 0.
  Completed 100 iterations for size 100, cohesion 10.
  Completed 100 iterations for size 100, cohesion 20.

Results successfully written to job80227/comparison_results_linearSwitchFromRandom_100_c0-10-20.json
  Completed 100 iterations for size 100, cohesion 0.
  Completed 100 iterations for size 100, cohesion 10.
  Completed 100 iterations for size 100, cohesion 20.

Results successfully written to job80227/comparison_results_linearSwitchFromRandom_100_c0-10-20.json
  Completed 100 iterations for size 100, cohesion 0.
  Completed 100 iterations for size 100, cohesion 10.
  Completed 100 iterations for size 100, cohesion 20.

Results successfully written to job80227/comparison_results_linearSwitchFromRandom_100_c0-10-20.json
  Completed 100 iterations for size 100, cohesion 0.
  Completed 100 iterations for size 100, cohesion 10.
  Completed 100 iterations for size 100, cohesion 20.

Results successfully written to job80227/comparison_results_linearSwitchFromRandom_100_c0-10-20.json
  Completed 100 iterations for size 100, cohesion 0.
  Completed 100 iterations for size 100, cohesion 10.
  Completed 100 iterations for size 100, cohesion 20.

Results successfully written to job80227/comparison_results_linearSwitchFromRandom_100_c0-10-20.json
  Completed 100 iterations for size 100, cohesion 0.
  Completed 100 iterations for size 100, cohesion 10.
  Completed 100 iterations for size 100, cohesion 20.

Results successfully written to job80227/comparison_results_linearSwitchFromRandom_100_c0-10-20.json
  Completed 100 iterations for size 100, cohesion 0.
  Completed 100 iterations for size 100, cohesion 10.
  Completed 100 iterations for size 100, cohesion 20.

Results successfully written to job80227/comparison_results_linearSwitchFromRandom_100_c0-10-20.json
  Completed 100 iterations for size 100, cohesion 0.
  Completed 100 iterations for size 100, cohesion 10.
  Completed 100 iterations for size 100, cohesion 20.

Results successfully written to job80227/comparison_results_linearSwitchFromRandom_100_c0-10-20.json
  Completed 100 iterations for size 100, cohesion 0.
  Completed 100 iterations for size 100, cohesion 10.
  Completed 100 iterations for size 100, cohesion 20.

Results successfully written to job80227/comparison_results_linearSwitchFromRandom_100_c0-10-20.json
  Completed 100 iterations for size 100, cohesion 0.
  Completed 100 iterations for size 100, cohesion 10.
  Completed 100 iterations for size 100, cohesion 20.

Results successfully written to job80227/comparison_results_linearSwitchFromRandom_100_c0-10-20.json
  Completed 100 iterations for size 100, cohesion 0.
  Completed 100 iterations for size 100, cohesion 10.
  Completed 100 iterations for size 100, cohesion 20.

Results successfully written to job80227/comparison_results_linearSwitchFromRandom_100_c0-10-20.json
  Completed 100 iterations for size 100, cohesion 0.
  Completed 100 iterations for size 100, cohesion 10.
  Completed 100 iterations for size 100, cohesion 20.

Results successfully written to job80227/comparison_results_linearSwitchFromRandom_100_c0-10-20.json
  Completed 100 iterations for size 100, cohesion 0.
  Completed 100 iterations for size 100, cohesion 10.
  Completed 100 iterations for size 100, cohesion 20.

Results successfully written to job80227/comparison_results_linearSwitchFromRandom_100_c0-10-20.json
  Completed 100 iterations for size 100, cohesion 0.
  Completed 100 iterations for size 100, cohesion 10.
  Completed 100 iterations for size 100, cohesion 20.

Results successfully written to job80227/comparison_results_linearSwitchFromRandom_100_c0-10-20.json
  Completed 100 iterations for size 100, cohesion 0.
  Completed 100 iterations for size 100, cohesion 10.
  Completed 100 iterations for size 100, cohesion 20.

Results successfully written to job80227/comparison_results_linearSwitchFromRandom_100_c0-10-20.json
  Completed 100 iterations for size 100, cohesion 0.
  Completed 100 iterations for size 100, cohesion 10.
  Completed 100 iterations for size 100, cohesion 20.

Results successfully written to job80227/comparison_results_linearSwitchFromRandom_100_c0-10-20.json
  Completed 100 iterations for size 100, cohesion 0.
  Completed 100 iterations for size 100, cohesion 10.
  Completed 100 iterations for size 100, cohesion 20.

Results successfully written to job80227/comparison_results_linearSwitchFromRandom_100_c0-10-20.json
  Completed 100 iterations for size 100, cohesion 0.
  Completed 100 iterations for size 100, cohesion 10.
  Completed 100 iterations for size 100, cohesion 20.

Results successfully written to job80227/comparison_results_linearSwitchFromRandom_100_c0-10-20.json
  Completed 100 iterations for size 100, cohesion 0.
  Completed 100 iterations for size 100, cohesion 10.
  Completed 100 iterations for size 100, cohesion 20.

Results successfully written to job80227/comparison_results_linearSwitchFromRandom_100_c0-10-20.json
  Completed 100 iterations for size 100, cohesion 0.
  Completed 100 iterations for size 100, cohesion 10.
  Completed 100 iterations for size 100, cohesion 20.

Results successfully written to job80227/comparison_results_linearSwitchFromRandom_100_c0-10-20.json
  Completed 100 iterations for size 100, cohesion 0.
  Completed 100 iterations for size 100, cohesion 10.
  Completed 100 iterations for size 100, cohesion 20.

Results successfully written to job80227/comparison_results_linearSwitchFromRandom_100_c0-10-20.json
  Completed 100 iterations for size 100, cohesion 0.
  Completed 100 iterations for size 100, cohesion 10.
  Completed 100 iterations for size 100, cohesion 20.

Results successfully written to job80227/comparison_results_linearSwitchFromRandom_100_c0-10-20.json
  Completed 100 iterations for size 100, cohesion 0.
  Completed 100 iterations for size 100, cohesion 10.
  Completed 100 iterations for size 100, cohesion 20.

Results successfully written to job80227/comparison_results_linearSwitchFromRandom_100_c0-10-20.json
  Completed 100 iterations for size 100, cohesion 0.
  Completed 100 iterations for size 100, cohesion 10.
  Completed 100 iterations for size 100, cohesion 20.

Results successfully written to job80227/comparison_results_linearSwitchFromRandom_100_c0-10-20.json
  Completed 100 iterations for size 100, cohesion 0.
  Completed 100 iterations for size 100, cohesion 10.
  Completed 100 iterations for size 100, cohesion 20.

Results successfully written to job80227/comparison_results_linearSwitchFromRandom_100_c0-10-20.json
  Completed 100 iterations for size 100, cohesion 0.
  Completed 100 iterations for size 100, cohesion 10.
  Completed 100 iterations for size 100, cohesion 20.

Results successfully written to job80227/comparison_results_linearSwitchFromRandom_100_c0-10-20.json
  Completed 100 iterations for size 100, cohesion 0.
  Completed 100 iterations for size 100, cohesion 10.
  Completed 100 iterations for size 100, cohesion 20.

Results successfully written to job80227/comparison_results_linearSwitchFromRandom_100_c0-10-20.json
  Completed 100 iterations for size 100, cohesion 0.
  Completed 100 iterations for size 100, cohesion 10.
  Completed 100 iterations for size 100, cohesion 20.

Results successfully written to job80227/comparison_results_linearSwitchFromRandom_100_c0-10-20.json
  Completed 100 iterations for size 100, cohesion 0.
  Completed 100 iterations for size 100, cohesion 10.
  Completed 100 iterations for size 100, cohesion 20.

Results successfully written to job80227/comparison_results_linearSwitchFromRandom_100_c0-10-20.json
  Completed 100 iterations for size 100, cohesion 0.
  Completed 100 iterations for size 100, cohesion 10.
  Completed 100 iterations for size 100, cohesion 20.

Results successfully written to job80227/comparison_results_linearSwitchFromRandom_100_c0-10-20.json
  Completed 100 iterations for size 100, cohesion 0.
  Completed 100 iterations for size 100, cohesion 10.
  Completed 100 iterations for size 100, cohesion 20.

Results successfully written to job80227/comparison_results_linearSwitchFromRandom_100_c0-10-20.json
  Completed 100 iterations for size 100, cohesion 0.
  Completed 100 iterations for size 100, cohesion 10.
  Completed 100 iterations for size 100, cohesion 20.

Results successfully written to job80227/comparison_results_linearSwitchFromRandom_100_c0-10-20.json
  Completed 100 iterations for size 100, cohesion 0.
  Completed 100 iterations for size 100, cohesion 10.
  Completed 100 iterations for size 100, cohesion 20.

Results successfully written to job80227/comparison_results_linearSwitchFromRandom_100_c0-10-20.json
  Completed 100 iterations for size 100, cohesion 0.
  Completed 100 iterations for size 100, cohesion 10.
  Completed 100 iterations for size 100, cohesion 20.

Results successfully written to job80227/comparison_results_linearSwitchFromRandom_100_c0-10-20.json
  Completed 100 iterations for size 100, cohesion 0.
  Completed 100 iterations for size 100, cohesion 10.
  Completed 100 iterations for size 100, cohesion 20.

Results successfully written to job80227/comparison_results_linearSwitchFromRandom_100_c0-10-20.json
  Completed 100 iterations for size 100, cohesion 0.
  Completed 100 iterations for size 100, cohesion 10.
  Completed 100 iterations for size 100, cohesion 20.

Results successfully written to job80227/comparison_results_linearSwitchFromRandom_100_c0-10-20.json
  Completed 100 iterations for size 100, cohesion 0.
  Completed 100 iterations for size 100, cohesion 10.
  Completed 100 iterations for size 100, cohesion 20.

Results successfully written to job80227/comparison_results_linearSwitchFromRandom_100_c0-10-20.json
  Completed 100 iterations for size 100, cohesion 0.
  Completed 100 iterations for size 100, cohesion 10.
  Completed 100 iterations for size 100, cohesion 20.

Results successfully written to job80227/comparison_results_linearSwitchFromRandom_100_c0-10-20.json
  Completed 100 iterations for size 100, cohesion 0.
  Completed 100 iterations for size 100, cohesion 10.
  Completed 100 iterations for size 100, cohesion 20.

Results successfully written to job80227/comparison_results_linearSwitchFromRandom_100_c0-10-20.json
  Completed 100 iterations for size 100, cohesion 0.
  Completed 100 iterations for size 100, cohesion 10.
  Completed 100 iterations for size 100, cohesion 20.

Results successfully written to job80227/comparison_results_linearSwitchFromRandom_100_c0-10-20.json
  Completed 100 iterations for size 100, cohesion 0.
  Completed 100 iterations for size 100, cohesion 10.
  Completed 100 iterations for size 100, cohesion 20.

Results successfully written to job80227/comparison_results_linearSwitchFromRandom_100_c0-10-20.json
  Completed 100 iterations for size 100, cohesion 0.
  Completed 100 iterations for size 100, cohesion 10.
  Completed 100 iterations for size 100, cohesion 20.

Results successfully written to job80227/comparison_results_linearSwitchFromRandom_100_c0-10-20.json
  Completed 100 iterations for size 100, cohesion 0.
  Completed 100 iterations for size 100, cohesion 10.
  Completed 100 iterations for size 100, cohesion 20.

Results successfully written to job80227/comparison_results_linearSwitchFromRandom_100_c0-10-20.json
  Completed 100 iterations for size 100, cohesion 0.
  Completed 100 iterations for size 100, cohesion 10.
  Completed 100 iterations for size 100, cohesion 20.

Results successfully written to job80227/comparison_results_linearSwitchFromRandom_100_c0-10-20.json
  Completed 100 iterations for size 100, cohesion 0.
  Completed 100 iterations for size 100, cohesion 10.
  Completed 100 iterations for size 100, cohesion 20.

Results successfully written to job80227/comparison_results_linearSwitchFromRandom_100_c0-10-20.json
  Completed 100 iterations for size 100, cohesion 0.
  Completed 100 iterations for size 100, cohesion 10.
  Completed 100 iterations for size 100, cohesion 20.

Results successfully written to job80227/comparison_results_linearSwitchFromRandom_100_c0-10-20.json
  Completed 100 iterations for size 100, cohesion 0.
  Completed 100 iterations for size 100, cohesion 10.
  Completed 100 iterations for size 100, cohesion 20.

Results successfully written to job80227/comparison_results_linearSwitchFromRandom_100_c0-10-20.json
  Completed 100 iterations for size 100, cohesion 0.
  Completed 100 iterations for size 100, cohesion 10.
  Completed 100 iterations for size 100, cohesion 20.

Results successfully written to job80227/comparison_results_linearSwitchFromRandom_100_c0-10-20.json
  Completed 100 iterations for size 100, cohesion 0.
  Completed 100 iterations for size 100, cohesion 10.
  Completed 100 iterations for size 100, cohesion 20.

Results successfully written to job80227/comparison_results_linearSwitchFromRandom_100_c0-10-20.json
  Completed 100 iterations for size 100, cohesion 0.
  Completed 100 iterations for size 100, cohesion 10.
  Completed 100 iterations for size 100, cohesion 20.

Results successfully written to job80227/comparison_results_linearSwitchFromRandom_100_c0-10-20.json
  Completed 100 iterations for size 100, cohesion 0.
  Completed 100 iterations for size 100, cohesion 10.
  Completed 100 iterations for size 100, cohesion 20.

Results successfully written to job80227/comparison_results_linearSwitchFromRandom_100_c0-10-20.json
  Completed 100 iterations for size 100, cohesion 0.
  Completed 100 iterations for size 100, cohesion 10.
  Completed 100 iterations for size 100, cohesion 20.

Results successfully written to job80227/comparison_results_linearSwitchFromRandom_100_c0-10-20.json
  Completed 100 iterations for size 100, cohesion 0.
  Completed 100 iterations for size 100, cohesion 10.
  Completed 100 iterations for size 100, cohesion 20.

Results successfully written to job80227/comparison_results_linearSwitchFromRandom_100_c0-10-20.json
  Completed 100 iterations for size 100, cohesion 0.
  Completed 100 iterations for size 100, cohesion 10.
  Completed 100 iterations for size 100, cohesion 20.

Results successfully written to job80227/comparison_results_linearSwitchFromRandom_100_c0-10-20.json
  Completed 100 iterations for size 100, cohesion 0.
  Completed 100 iterations for size 100, cohesion 10.
  Completed 100 iterations for size 100, cohesion 20.

Results successfully written to job80227/comparison_results_linearSwitchFromRandom_100_c0-10-20.json
  Completed 100 iterations for size 100, cohesion 0.
  Completed 100 iterations for size 100, cohesion 10.
  Completed 100 iterations for size 100, cohesion 20.

Results successfully written to job80227/comparison_results_linearSwitchFromRandom_100_c0-10-20.json
  Completed 100 iterations for size 100, cohesion 0.
  Completed 100 iterations for size 100, cohesion 10.
  Completed 100 iterations for size 100, cohesion 20.

Results successfully written to job80227/comparison_results_linearSwitchFromRandom_100_c0-10-20.json
  Completed 100 iterations for size 100, cohesion 0.
  Completed 100 iterations for size 100, cohesion 10.
  Completed 100 iterations for size 100, cohesion 20.

Results successfully written to job80227/comparison_results_linearSwitchFromRandom_100_c0-10-20.json
  Completed 100 iterations for size 100, cohesion 0.
  Completed 100 iterations for size 100, cohesion 10.
  Completed 100 iterations for size 100, cohesion 20.

Results successfully written to job80227/comparison_results_linearSwitchFromRandom_100_c0-10-20.json

================================================================================
Algorithm                   People    Avg Score  Avg Time(s)
--------------------------------------------------------------------------------
linearSwitchFromRandom         100       4363.1      30.0529
================================================================================

Results successfully written to job80227/comparison_results_linearSwitchFromRandom_100_c0-10-20.json
