Task 41 running algorithm: linearSwitchFromRandom, people: 100, cohesions: 30 40 50
cn16.hpc.itu.dk
aubu
/home/aubu/bachelorProject/hpc-jobs
Running iterations for algorithm: linearSwitchFromRandom
  Completed 100 iterations for size 100, cohesion 30.
  Completed 100 iterations for size 100, cohesion 40.
  Completed 100 iterations for size 100, cohesion 50.

Results successfully written to job80227/comparison_results_linearSwitchFromRandom_100_c30-40-50.json
  Completed 100 iterations for size 100, cohesion 30.
  Completed 100 iterations for size 100, cohesion 40.
  Completed 100 iterations for size 100, cohesion 50.

Results successfully written to job80227/comparison_results_linearSwitchFromRandom_100_c30-40-50.json
  Completed 100 iterations for size 100, cohesion 30.
  Completed 100 iterations for size 100, cohesion 40.
  Completed 100 iterations for size 100, cohesion 50.

Results successfully written to job80227/comparison_results_linearSwitchFromRandom_100_c30-40-50.json
  Completed 100 iterations for size 100, cohesion 30.
  Completed 100 iterations for size 100, cohesion 40.
  Completed 100 iterations for size 100, cohesion 50.

Results successfully written to job80227/comparison_results_linearSwitchFromRandom_100_c30-40-50.json
  Completed 100 iterations for size 100, cohesion 30.
  Completed 100 iterations for size 100, cohesion 40.
  Completed 100 iterations for size 100, cohesion 50.

Results successfully written to job80227/comparison_results_linearSwitchFromRandom_100_c30-40-50.json
  Completed 100 iterations for size 100, cohesion 30.
  Completed 100 iterations for size 100, cohesion 40.
  Completed 100 iterations for size 100, cohesion 50.

Results successfully written to job80227/comparison_results_linearSwitchFromRandom_100_c30-40-50.json
  Completed 100 iterations for size 100, cohesion 30.
  Completed 100 iterations for size 100, cohesion 40.
  Completed 100 iterations for size 100, cohesion 50.

Results successfully written to job80227/comparison_results_linearSwitchFromRandom_100_c30-40-50.json
  Completed 100 iterations for size 100, cohesion 30.
  Completed 100 iterations for size 100, cohesion 40.
  Completed 100 iterations for size 100, cohesion 50.

Results successfully written to job80227/comparison_results_linearSwitchFromRandom_100_c30-40-50.json
  Completed 100 iterations for size 100, cohesion 30.
  Completed 100 iterations for size 100, cohesion 40.
  Completed 100 iterations for size 100, cohesion 50.

Results successfully written to job80227/comparison_results_linearSwitchFromRandom_100_c30-40-50.json
  Completed 100 iterations for size 100, cohesion 30.
  Completed 100 iterations for size 100, cohesion 40.
  Completed 100 iterations for size 100, cohesion 50.

Results successfully written to job80227/comparison_results_linearSwitchFromRandom_100_c30-40-50.json
  Completed 100 iterations for size 100, cohesion 30.
  Completed 100 iterations for size 100, cohesion 40.
  Completed 100 iterations for size 100, cohesion 50.

Results successfully written to job80227/comparison_results_linearSwitchFromRandom_100_c30-40-50.json
  Completed 100 iterations for size 100, cohesion 30.
  Completed 100 iterations for size 100, cohesion 40.
  Completed 100 iterations for size 100, cohesion 50.

Results successfully written to job80227/comparison_results_linearSwitchFromRandom_100_c30-40-50.json
  Completed 100 iterations for size 100, cohesion 30.
  Completed 100 iterations for size 100, cohesion 40.
  Completed 100 iterations for size 100, cohesion 50.

Results successfully written to job80227/comparison_results_linearSwitchFromRandom_100_c30-40-50.json
  Completed 100 iterations for size 100, cohesion 30.
  Completed 100 iterations for size 100, cohesion 40.
  Completed 100 iterations for size 100, cohesion 50.

Results successfully written to job80227/comparison_results_linearSwitchFromRandom_100_c30-40-50.json
  Completed 100 iterations for size 100, cohesion 30.
  Completed 100 iterations for size 100, cohesion 40.
  Completed 100 iterations for size 100, cohesion 50.

Results successfully written to job80227/comparison_results_linearSwitchFromRandom_100_c30-40-50.json
  Completed 100 iterations for size 100, cohesion 30.
  Completed 100 iterations for size 100, cohesion 40.
  Completed 100 iterations for size 100, cohesion 50.

Results successfully written to job80227/comparison_results_linearSwitchFromRandom_100_c30-40-50.json
  Completed 100 iterations for size 100, cohesion 30.
  Completed 100 iterations for size 100, cohesion 40.
  Completed 100 iterations for size 100, cohesion 50.

Results successfully written to job80227/comparison_results_linearSwitchFromRandom_100_c30-40-50.json
  Completed 100 iterations for size 100, cohesion 30.
  Completed 100 iterations for size 100, cohesion 40.
  Completed 100 iterations for size 100, cohesion 50.

Results successfully written to job80227/comparison_results_linearSwitchFromRandom_100_c30-40-50.json
  Completed 100 iterations for size 100, cohesion 30.
  Completed 100 iterations for size 100, cohesion 40.
  Completed 100 iterations for size 100, cohesion 50.

Results successfully written to job80227/comparison_results_linearSwitchFromRandom_100_c30-40-50.json
  Completed 100 iterations for size 100, cohesion 30.
  Completed 100 iterations for size 100, cohesion 40.
  Completed 100 iterations for size 100, cohesion 50.

Results successfully written to job80227/comparison_results_linearSwitchFromRandom_100_c30-40-50.json
  Completed 100 iterations for size 100, cohesion 30.
  Completed 100 iterations for size 100, cohesion 40.
  Completed 100 iterations for size 100, cohesion 50.

Results successfully written to job80227/comparison_results_linearSwitchFromRandom_100_c30-40-50.json
  Completed 100 iterations for size 100, cohesion 30.
  Completed 100 iterations for size 100, cohesion 40.
  Completed 100 iterations for size 100, cohesion 50.

Results successfully written to job80227/comparison_results_linearSwitchFromRandom_100_c30-40-50.json
  Completed 100 iterations for size 100, cohesion 30.
  Completed 100 iterations for size 100, cohesion 40.
  Completed 100 iterations for size 100, cohesion 50.

Results successfully written to job80227/comparison_results_linearSwitchFromRandom_100_c30-40-50.json
  Completed 100 iterations for size 100, cohesion 30.
  Completed 100 iterations for size 100, cohesion 40.
  Completed 100 iterations for size 100, cohesion 50.

Results successfully written to job80227/comparison_results_linearSwitchFromRandom_100_c30-40-50.json
  Completed 100 iterations for size 100, cohesion 30.
  Completed 100 iterations for size 100, cohesion 40.
  Completed 100 iterations for size 100, cohesion 50.

Results successfully written to job80227/comparison_results_linearSwitchFromRandom_100_c30-40-50.json
  Completed 100 iterations for size 100, cohesion 30.
  Completed 100 iterations for size 100, cohesion 40.
  Completed 100 iterations for size 100, cohesion 50.

Results successfully written to job80227/comparison_results_linearSwitchFromRandom_100_c30-40-50.json
  Completed 100 iterations for size 100, cohesion 30.
  Completed 100 iterations for size 100, cohesion 40.
  Completed 100 iterations for size 100, cohesion 50.

Results successfully written to job80227/comparison_results_linearSwitchFromRandom_100_c30-40-50.json
  Completed 100 iterations for size 100, cohesion 30.
  Completed 100 iterations for size 100, cohesion 40.
  Completed 100 iterations for size 100, cohesion 50.

Results successfully written to job80227/comparison_results_linearSwitchFromRandom_100_c30-40-50.json
  Completed 100 iterations for size 100, cohesion 30.
  Completed 100 iterations for size 100, cohesion 40.
  Completed 100 iterations for size 100, cohesion 50.

Results successfully written to job80227/comparison_results_linearSwitchFromRandom_100_c30-40-50.json
  Completed 100 iterations for size 100, cohesion 30.
  Completed 100 iterations for size 100, cohesion 40.
  Completed 100 iterations for size 100, cohesion 50.

Results successfully written to job80227/comparison_results_linearSwitchFromRandom_100_c30-40-50.json
  Completed 100 iterations for size 100, cohesion 30.
  Completed 100 iterations for size 100, cohesion 40.
  Completed 100 iterations for size 100, cohesion 50.

Results successfully written to job80227/comparison_results_linearSwitchFromRandom_100_c30-40-50.json
  Completed 100 iterations for size 100, cohesion 30.
  Completed 100 iterations for size 100, cohesion 40.
  Completed 100 iterations for size 100, cohesion 50.

Results successfully written to job80227/comparison_results_linearSwitchFromRandom_100_c30-40-50.json
  Completed 100 iterations for size 100, cohesion 30.
  Completed 100 iterations for size 100, cohesion 40.
  Completed 100 iterations for size 100, cohesion 50.

Results successfully written to job80227/comparison_results_linearSwitchFromRandom_100_c30-40-50.json
  Completed 100 iterations for size 100, cohesion 30.
  Completed 100 iterations for size 100, cohesion 40.
  Completed 100 iterations for size 100, cohesion 50.

Results successfully written to job80227/comparison_results_linearSwitchFromRandom_100_c30-40-50.json
  Completed 100 iterations for size 100, cohesion 30.
  Completed 100 iterations for size 100, cohesion 40.
  Completed 100 iterations for size 100, cohesion 50.

Results successfully written to job80227/comparison_results_linearSwitchFromRandom_100_c30-40-50.json
  Completed 100 iterations for size 100, cohesion 30.
  Completed 100 iterations for size 100, cohesion 40.
  Completed 100 iterations for size 100, cohesion 50.

Results successfully written to job80227/comparison_results_linearSwitchFromRandom_100_c30-40-50.json
  Completed 100 iterations for size 100, cohesion 30.
  Completed 100 iterations for size 100, cohesion 40.
  Completed 100 iterations for size 100, cohesion 50.

Results successfully written to job80227/comparison_results_linearSwitchFromRandom_100_c30-40-50.json
  Completed 100 iterations for size 100, cohesion 30.
  Completed 100 iterations for size 100, cohesion 40.
  Completed 100 iterations for size 100, cohesion 50.

Results successfully written to job80227/comparison_results_linearSwitchFromRandom_100_c30-40-50.json
  Completed 100 iterations for size 100, cohesion 30.
  Completed 100 iterations for size 100, cohesion 40.
  Completed 100 iterations for size 100, cohesion 50.

Results successfully written to job80227/comparison_results_linearSwitchFromRandom_100_c30-40-50.json
  Completed 100 iterations for size 100, cohesion 30.
  Completed 100 iterations for size 100, cohesion 40.
  Completed 100 iterations for size 100, cohesion 50.

Results successfully written to job80227/comparison_results_linearSwitchFromRandom_100_c30-40-50.json
  Completed 100 iterations for size 100, cohesion 30.
  Completed 100 iterations for size 100, cohesion 40.
  Completed 100 iterations for size 100, cohesion 50.

Results successfully written to job80227/comparison_results_linearSwitchFromRandom_100_c30-40-50.json
  Completed 100 iterations for size 100, cohesion 30.
  Completed 100 iterations for size 100, cohesion 40.
  Completed 100 iterations for size 100, cohesion 50.

Results successfully written to job80227/comparison_results_linearSwitchFromRandom_100_c30-40-50.json
  Completed 100 iterations for size 100, cohesion 30.
  Completed 100 iterations for size 100, cohesion 40.
  Completed 100 iterations for size 100, cohesion 50.

Results successfully written to job80227/comparison_results_linearSwitchFromRandom_100_c30-40-50.json
  Completed 100 iterations for size 100, cohesion 30.
  Completed 100 iterations for size 100, cohesion 40.
  Completed 100 iterations for size 100, cohesion 50.

Results successfully written to job80227/comparison_results_linearSwitchFromRandom_100_c30-40-50.json
  Completed 100 iterations for size 100, cohesion 30.
  Completed 100 iterations for size 100, cohesion 40.
  Completed 100 iterations for size 100, cohesion 50.

Results successfully written to job80227/comparison_results_linearSwitchFromRandom_100_c30-40-50.json
  Completed 100 iterations for size 100, cohesion 30.
  Completed 100 iterations for size 100, cohesion 40.
  Completed 100 iterations for size 100, cohesion 50.

Results successfully written to job80227/comparison_results_linearSwitchFromRandom_100_c30-40-50.json
  Completed 100 iterations for size 100, cohesion 30.
  Completed 100 iterations for size 100, cohesion 40.
  Completed 100 iterations for size 100, cohesion 50.

Results successfully written to job80227/comparison_results_linearSwitchFromRandom_100_c30-40-50.json
  Completed 100 iterations for size 100, cohesion 30.
  Completed 100 iterations for size 100, cohesion 40.
  Completed 100 iterations for size 100, cohesion 50.

Results successfully written to job80227/comparison_results_linearSwitchFromRandom_100_c30-40-50.json
  Completed 100 iterations for size 100, cohesion 30.
  Completed 100 iterations for size 100, cohesion 40.
  Completed 100 iterations for size 100, cohesion 50.

Results successfully written to job80227/comparison_results_linearSwitchFromRandom_100_c30-40-50.json
  Completed 100 iterations for size 100, cohesion 30.
  Completed 100 iterations for size 100, cohesion 40.
  Completed 100 iterations for size 100, cohesion 50.

Results successfully written to job80227/comparison_results_linearSwitchFromRandom_100_c30-40-50.json
  Completed 100 iterations for size 100, cohesion 30.
  Completed 100 iterations for size 100, cohesion 40.
  Completed 100 iterations for size 100, cohesion 50.

Results successfully written to job80227/comparison_results_linearSwitchFromRandom_100_c30-40-50.json
  Completed 100 iterations for size 100, cohesion 30.
  Completed 100 iterations for size 100, cohesion 40.
  Completed 100 iterations for size 100, cohesion 50.

Results successfully written to job80227/comparison_results_linearSwitchFromRandom_100_c30-40-50.json
  Completed 100 iterations for size 100, cohesion 30.
  Completed 100 iterations for size 100, cohesion 40.
  Completed 100 iterations for size 100, cohesion 50.

Results successfully written to job80227/comparison_results_linearSwitchFromRandom_100_c30-40-50.json
  Completed 100 iterations for size 100, cohesion 30.
  Completed 100 iterations for size 100, cohesion 40.
  Completed 100 iterations for size 100, cohesion 50.

Results successfully written to job80227/comparison_results_linearSwitchFromRandom_100_c30-40-50.json
  Completed 100 iterations for size 100, cohesion 30.
  Completed 100 iterations for size 100, cohesion 40.
  Completed 100 iterations for size 100, cohesion 50.

Results successfully written to job80227/comparison_results_linearSwitchFromRandom_100_c30-40-50.json
  Completed 100 iterations for size 100, cohesion 30.
  Completed 100 iterations for size 100, cohesion 40.
  Completed 100 iterations for size 100, cohesion 50.

Results successfully written to job80227/comparison_results_linearSwitchFromRandom_100_c30-40-50.json
  Completed 100 iterations for size 100, cohesion 30.
  Completed 100 iterations for size 100, cohesion 40.
  Completed 100 iterations for size 100, cohesion 50.

Results successfully written to job80227/comparison_results_linearSwitchFromRandom_100_c30-40-50.json
  Completed 100 iterations for size 100, cohesion 30.
  Completed 100 iterations for size 100, cohesion 40.
  Completed 100 iterations for size 100, cohesion 50.

Results successfully written to job80227/comparison_results_linearSwitchFromRandom_100_c30-40-50.json
  Completed 100 iterations for size 100, cohesion 30.
  Completed 100 iterations for size 100, cohesion 40.
  Completed 100 iterations for size 100, cohesion 50.

Results successfully written to job80227/comparison_results_linearSwitchFromRandom_100_c30-40-50.json
  Completed 100 iterations for size 100, cohesion 30.
  Completed 100 iterations for size 100, cohesion 40.
  Completed 100 iterations for size 100, cohesion 50.

Results successfully written to job80227/comparison_results_linearSwitchFromRandom_100_c30-40-50.json
  Completed 100 iterations for size 100, cohesion 30.
  Completed 100 iterations for size 100, cohesion 40.
  Completed 100 iterations for size 100, cohesion 50.

Results successfully written to job80227/comparison_results_linearSwitchFromRandom_100_c30-40-50.json
  Completed 100 iterations for size 100, cohesion 30.
  Completed 100 iterations for size 100, cohesion 40.
  Completed 100 iterations for size 100, cohesion 50.

Results successfully written to job80227/comparison_results_linearSwitchFromRandom_100_c30-40-50.json
  Completed 100 iterations for size 100, cohesion 30.
  Completed 100 iterations for size 100, cohesion 40.
  Completed 100 iterations for size 100, cohesion 50.

Results successfully written to job80227/comparison_results_linearSwitchFromRandom_100_c30-40-50.json
  Completed 100 iterations for size 100, cohesion 30.
  Completed 100 iterations for size 100, cohesion 40.
  Completed 100 iterations for size 100, cohesion 50.

Results successfully written to job80227/comparison_results_linearSwitchFromRandom_100_c30-40-50.json
  Completed 100 iterations for size 100, cohesion 30.
  Completed 100 iterations for size 100, cohesion 40.
  Completed 100 iterations for size 100, cohesion 50.

Results successfully written to job80227/comparison_results_linearSwitchFromRandom_100_c30-40-50.json
  Completed 100 iterations for size 100, cohesion 30.
  Completed 100 iterations for size 100, cohesion 40.
  Completed 100 iterations for size 100, cohesion 50.

Results successfully written to job80227/comparison_results_linearSwitchFromRandom_100_c30-40-50.json
  Completed 100 iterations for size 100, cohesion 30.
  Completed 100 iterations for size 100, cohesion 40.
  Completed 100 iterations for size 100, cohesion 50.

Results successfully written to job80227/comparison_results_linearSwitchFromRandom_100_c30-40-50.json
  Completed 100 iterations for size 100, cohesion 30.
  Completed 100 iterations for size 100, cohesion 40.
  Completed 100 iterations for size 100, cohesion 50.

Results successfully written to job80227/comparison_results_linearSwitchFromRandom_100_c30-40-50.json
  Completed 100 iterations for size 100, cohesion 30.
  Completed 100 iterations for size 100, cohesion 40.
  Completed 100 iterations for size 100, cohesion 50.

Results successfully written to job80227/comparison_results_linearSwitchFromRandom_100_c30-40-50.json
  Completed 100 iterations for size 100, cohesion 30.
  Completed 100 iterations for size 100, cohesion 40.
  Completed 100 iterations for size 100, cohesion 50.

Results successfully written to job80227/comparison_results_linearSwitchFromRandom_100_c30-40-50.json
  Completed 100 iterations for size 100, cohesion 30.
  Completed 100 iterations for size 100, cohesion 40.
  Completed 100 iterations for size 100, cohesion 50.

Results successfully written to job80227/comparison_results_linearSwitchFromRandom_100_c30-40-50.json
  Completed 100 iterations for size 100, cohesion 30.
  Completed 100 iterations for size 100, cohesion 40.
  Completed 100 iterations for size 100, cohesion 50.

Results successfully written to job80227/comparison_results_linearSwitchFromRandom_100_c30-40-50.json
  Completed 100 iterations for size 100, cohesion 30.
  Completed 100 iterations for size 100, cohesion 40.
  Completed 100 iterations for size 100, cohesion 50.

Results successfully written to job80227/comparison_results_linearSwitchFromRandom_100_c30-40-50.json
  Completed 100 iterations for size 100, cohesion 30.
  Completed 100 iterations for size 100, cohesion 40.
  Completed 100 iterations for size 100, cohesion 50.

Results successfully written to job80227/comparison_results_linearSwitchFromRandom_100_c30-40-50.json
  Completed 100 iterations for size 100, cohesion 30.
  Completed 100 iterations for size 100, cohesion 40.
  Completed 100 iterations for size 100, cohesion 50.

Results successfully written to job80227/comparison_results_linearSwitchFromRandom_100_c30-40-50.json
  Completed 100 iterations for size 100, cohesion 30.
  Completed 100 iterations for size 100, cohesion 40.
  Completed 100 iterations for size 100, cohesion 50.

Results successfully written to job80227/comparison_results_linearSwitchFromRandom_100_c30-40-50.json
  Completed 100 iterations for size 100, cohesion 30.
  Completed 100 iterations for size 100, cohesion 40.
  Completed 100 iterations for size 100, cohesion 50.

Results successfully written to job80227/comparison_results_linearSwitchFromRandom_100_c30-40-50.json
  Completed 100 iterations for size 100, cohesion 30.
  Completed 100 iterations for size 100, cohesion 40.
  Completed 100 iterations for size 100, cohesion 50.

Results successfully written to job80227/comparison_results_linearSwitchFromRandom_100_c30-40-50.json
  Completed 100 iterations for size 100, cohesion 30.
  Completed 100 iterations for size 100, cohesion 40.
  Completed 100 iterations for size 100, cohesion 50.

Results successfully written to job80227/comparison_results_linearSwitchFromRandom_100_c30-40-50.json
  Completed 100 iterations for size 100, cohesion 30.
  Completed 100 iterations for size 100, cohesion 40.
  Completed 100 iterations for size 100, cohesion 50.

Results successfully written to job80227/comparison_results_linearSwitchFromRandom_100_c30-40-50.json
  Completed 100 iterations for size 100, cohesion 30.
  Completed 100 iterations for size 100, cohesion 40.
  Completed 100 iterations for size 100, cohesion 50.

Results successfully written to job80227/comparison_results_linearSwitchFromRandom_100_c30-40-50.json
  Completed 100 iterations for size 100, cohesion 30.
  Completed 100 iterations for size 100, cohesion 40.
  Completed 100 iterations for size 100, cohesion 50.

Results successfully written to job80227/comparison_results_linearSwitchFromRandom_100_c30-40-50.json
  Completed 100 iterations for size 100, cohesion 30.
  Completed 100 iterations for size 100, cohesion 40.
  Completed 100 iterations for size 100, cohesion 50.

Results successfully written to job80227/comparison_results_linearSwitchFromRandom_100_c30-40-50.json
  Completed 100 iterations for size 100, cohesion 30.
  Completed 100 iterations for size 100, cohesion 40.
  Completed 100 iterations for size 100, cohesion 50.

Results successfully written to job80227/comparison_results_linearSwitchFromRandom_100_c30-40-50.json
  Completed 100 iterations for size 100, cohesion 30.
  Completed 100 iterations for size 100, cohesion 40.
  Completed 100 iterations for size 100, cohesion 50.

Results successfully written to job80227/comparison_results_linearSwitchFromRandom_100_c30-40-50.json
  Completed 100 iterations for size 100, cohesion 30.
  Completed 100 iterations for size 100, cohesion 40.
  Completed 100 iterations for size 100, cohesion 50.

Results successfully written to job80227/comparison_results_linearSwitchFromRandom_100_c30-40-50.json
  Completed 100 iterations for size 100, cohesion 30.
  Completed 100 iterations for size 100, cohesion 40.
  Completed 100 iterations for size 100, cohesion 50.

Results successfully written to job80227/comparison_results_linearSwitchFromRandom_100_c30-40-50.json
  Completed 100 iterations for size 100, cohesion 30.
  Completed 100 iterations for size 100, cohesion 40.
  Completed 100 iterations for size 100, cohesion 50.

Results successfully written to job80227/comparison_results_linearSwitchFromRandom_100_c30-40-50.json
  Completed 100 iterations for size 100, cohesion 30.
  Completed 100 iterations for size 100, cohesion 40.
  Completed 100 iterations for size 100, cohesion 50.

Results successfully written to job80227/comparison_results_linearSwitchFromRandom_100_c30-40-50.json
  Completed 100 iterations for size 100, cohesion 30.
  Completed 100 iterations for size 100, cohesion 40.
  Completed 100 iterations for size 100, cohesion 50.

Results successfully written to job80227/comparison_results_linearSwitchFromRandom_100_c30-40-50.json
  Completed 100 iterations for size 100, cohesion 30.
  Completed 100 iterations for size 100, cohesion 40.
  Completed 100 iterations for size 100, cohesion 50.

Results successfully written to job80227/comparison_results_linearSwitchFromRandom_100_c30-40-50.json
  Completed 100 iterations for size 100, cohesion 30.
  Completed 100 iterations for size 100, cohesion 40.
  Completed 100 iterations for size 100, cohesion 50.

Results successfully written to job80227/comparison_results_linearSwitchFromRandom_100_c30-40-50.json
  Completed 100 iterations for size 100, cohesion 30.
  Completed 100 iterations for size 100, cohesion 40.
  Completed 100 iterations for size 100, cohesion 50.

Results successfully written to job80227/comparison_results_linearSwitchFromRandom_100_c30-40-50.json
  Completed 100 iterations for size 100, cohesion 30.
  Completed 100 iterations for size 100, cohesion 40.
  Completed 100 iterations for size 100, cohesion 50.

Results successfully written to job80227/comparison_results_linearSwitchFromRandom_100_c30-40-50.json
  Completed 100 iterations for size 100, cohesion 30.
  Completed 100 iterations for size 100, cohesion 40.
  Completed 100 iterations for size 100, cohesion 50.

Results successfully written to job80227/comparison_results_linearSwitchFromRandom_100_c30-40-50.json
  Completed 100 iterations for size 100, cohesion 30.
  Completed 100 iterations for size 100, cohesion 40.
  Completed 100 iterations for size 100, cohesion 50.

Results successfully written to job80227/comparison_results_linearSwitchFromRandom_100_c30-40-50.json
  Completed 100 iterations for size 100, cohesion 30.
  Completed 100 iterations for size 100, cohesion 40.
  Completed 100 iterations for size 100, cohesion 50.

Results successfully written to job80227/comparison_results_linearSwitchFromRandom_100_c30-40-50.json
  Completed 100 iterations for size 100, cohesion 30.
  Completed 100 iterations for size 100, cohesion 40.
  Completed 100 iterations for size 100, cohesion 50.

Results successfully written to job80227/comparison_results_linearSwitchFromRandom_100_c30-40-50.json
  Completed 100 iterations for size 100, cohesion 30.
  Completed 100 iterations for size 100, cohesion 40.
  Completed 100 iterations for size 100, cohesion 50.

Results successfully written to job80227/comparison_results_linearSwitchFromRandom_100_c30-40-50.json
  Completed 100 iterations for size 100, cohesion 30.
  Completed 100 iterations for size 100, cohesion 40.
  Completed 100 iterations for size 100, cohesion 50.

Results successfully written to job80227/comparison_results_linearSwitchFromRandom_100_c30-40-50.json

================================================================================
Algorithm                   People    Avg Score  Avg Time(s)
--------------------------------------------------------------------------------
linearSwitchFromRandom         100       4870.4      30.0566
================================================================================

Results successfully written to job80227/comparison_results_linearSwitchFromRandom_100_c30-40-50.json
