Task 42 running algorithm: linearSwitchFromRandom, people: 100, cohesions: 60 70 80
cn16.hpc.itu.dk
aubu
/home/aubu/bachelorProject/hpc-jobs
Running iterations for algorithm: linearSwitchFromRandom
  Completed 100 iterations for size 100, cohesion 60.
  Completed 100 iterations for size 100, cohesion 70.
  Completed 100 iterations for size 100, cohesion 80.

Results successfully written to job80227/comparison_results_linearSwitchFromRandom_100_c60-70-80.json
  Completed 100 iterations for size 100, cohesion 60.
  Completed 100 iterations for size 100, cohesion 70.
  Completed 100 iterations for size 100, cohesion 80.

Results successfully written to job80227/comparison_results_linearSwitchFromRandom_100_c60-70-80.json
  Completed 100 iterations for size 100, cohesion 60.
  Completed 100 iterations for size 100, cohesion 70.
  Completed 100 iterations for size 100, cohesion 80.

Results successfully written to job80227/comparison_results_linearSwitchFromRandom_100_c60-70-80.json
  Completed 100 iterations for size 100, cohesion 60.
  Completed 100 iterations for size 100, cohesion 70.
  Completed 100 iterations for size 100, cohesion 80.

Results successfully written to job80227/comparison_results_linearSwitchFromRandom_100_c60-70-80.json
  Completed 100 iterations for size 100, cohesion 60.
  Completed 100 iterations for size 100, cohesion 70.
  Completed 100 iterations for size 100, cohesion 80.

Results successfully written to job80227/comparison_results_linearSwitchFromRandom_100_c60-70-80.json
  Completed 100 iterations for size 100, cohesion 60.
  Completed 100 iterations for size 100, cohesion 70.
  Completed 100 iterations for size 100, cohesion 80.

Results successfully written to job80227/comparison_results_linearSwitchFromRandom_100_c60-70-80.json
  Completed 100 iterations for size 100, cohesion 60.
  Completed 100 iterations for size 100, cohesion 70.
  Completed 100 iterations for size 100, cohesion 80.

Results successfully written to job80227/comparison_results_linearSwitchFromRandom_100_c60-70-80.json
  Completed 100 iterations for size 100, cohesion 60.
  Completed 100 iterations for size 100, cohesion 70.
  Completed 100 iterations for size 100, cohesion 80.

Results successfully written to job80227/comparison_results_linearSwitchFromRandom_100_c60-70-80.json
  Completed 100 iterations for size 100, cohesion 60.
  Completed 100 iterations for size 100, cohesion 70.
  Completed 100 iterations for size 100, cohesion 80.

Results successfully written to job80227/comparison_results_linearSwitchFromRandom_100_c60-70-80.json
  Completed 100 iterations for size 100, cohesion 60.
  Completed 100 iterations for size 100, cohesion 70.
  Completed 100 iterations for size 100, cohesion 80.

Results successfully written to job80227/comparison_results_linearSwitchFromRandom_100_c60-70-80.json
  Completed 100 iterations for size 100, cohesion 60.
  Completed 100 iterations for size 100, cohesion 70.
  Completed 100 iterations for size 100, cohesion 80.

Results successfully written to job80227/comparison_results_linearSwitchFromRandom_100_c60-70-80.json
  Completed 100 iterations for size 100, cohesion 60.
  Completed 100 iterations for size 100, cohesion 70.
  Completed 100 iterations for size 100, cohesion 80.

Results successfully written to job80227/comparison_results_linearSwitchFromRandom_100_c60-70-80.json
  Completed 100 iterations for size 100, cohesion 60.
  Completed 100 iterations for size 100, cohesion 70.
  Completed 100 iterations for size 100, cohesion 80.

Results successfully written to job80227/comparison_results_linearSwitchFromRandom_100_c60-70-80.json
  Completed 100 iterations for size 100, cohesion 60.
  Completed 100 iterations for size 100, cohesion 70.
  Completed 100 iterations for size 100, cohesion 80.

Results successfully written to job80227/comparison_results_linearSwitchFromRandom_100_c60-70-80.json
  Completed 100 iterations for size 100, cohesion 60.
  Completed 100 iterations for size 100, cohesion 70.
  Completed 100 iterations for size 100, cohesion 80.

Results successfully written to job80227/comparison_results_linearSwitchFromRandom_100_c60-70-80.json
  Completed 100 iterations for size 100, cohesion 60.
  Completed 100 iterations for size 100, cohesion 70.
  Completed 100 iterations for size 100, cohesion 80.

Results successfully written to job80227/comparison_results_linearSwitchFromRandom_100_c60-70-80.json
  Completed 100 iterations for size 100, cohesion 60.
  Completed 100 iterations for size 100, cohesion 70.
  Completed 100 iterations for size 100, cohesion 80.

Results successfully written to job80227/comparison_results_linearSwitchFromRandom_100_c60-70-80.json
  Completed 100 iterations for size 100, cohesion 60.
  Completed 100 iterations for size 100, cohesion 70.
  Completed 100 iterations for size 100, cohesion 80.

Results successfully written to job80227/comparison_results_linearSwitchFromRandom_100_c60-70-80.json
  Completed 100 iterations for size 100, cohesion 60.
  Completed 100 iterations for size 100, cohesion 70.
  Completed 100 iterations for size 100, cohesion 80.

Results successfully written to job80227/comparison_results_linearSwitchFromRandom_100_c60-70-80.json
  Completed 100 iterations for size 100, cohesion 60.
  Completed 100 iterations for size 100, cohesion 70.
  Completed 100 iterations for size 100, cohesion 80.

Results successfully written to job80227/comparison_results_linearSwitchFromRandom_100_c60-70-80.json
  Completed 100 iterations for size 100, cohesion 60.
  Completed 100 iterations for size 100, cohesion 70.
  Completed 100 iterations for size 100, cohesion 80.

Results successfully written to job80227/comparison_results_linearSwitchFromRandom_100_c60-70-80.json
  Completed 100 iterations for size 100, cohesion 60.
  Completed 100 iterations for size 100, cohesion 70.
  Completed 100 iterations for size 100, cohesion 80.

Results successfully written to job80227/comparison_results_linearSwitchFromRandom_100_c60-70-80.json
  Completed 100 iterations for size 100, cohesion 60.
  Completed 100 iterations for size 100, cohesion 70.
  Completed 100 iterations for size 100, cohesion 80.

Results successfully written to job80227/comparison_results_linearSwitchFromRandom_100_c60-70-80.json
  Completed 100 iterations for size 100, cohesion 60.
  Completed 100 iterations for size 100, cohesion 70.
  Completed 100 iterations for size 100, cohesion 80.

Results successfully written to job80227/comparison_results_linearSwitchFromRandom_100_c60-70-80.json
  Completed 100 iterations for size 100, cohesion 60.
  Completed 100 iterations for size 100, cohesion 70.
  Completed 100 iterations for size 100, cohesion 80.

Results successfully written to job80227/comparison_results_linearSwitchFromRandom_100_c60-70-80.json
  Completed 100 iterations for size 100, cohesion 60.
  Completed 100 iterations for size 100, cohesion 70.
  Completed 100 iterations for size 100, cohesion 80.

Results successfully written to job80227/comparison_results_linearSwitchFromRandom_100_c60-70-80.json
  Completed 100 iterations for size 100, cohesion 60.
  Completed 100 iterations for size 100, cohesion 70.
  Completed 100 iterations for size 100, cohesion 80.

Results successfully written to job80227/comparison_results_linearSwitchFromRandom_100_c60-70-80.json
  Completed 100 iterations for size 100, cohesion 60.
  Completed 100 iterations for size 100, cohesion 70.
  Completed 100 iterations for size 100, cohesion 80.

Results successfully written to job80227/comparison_results_linearSwitchFromRandom_100_c60-70-80.json
  Completed 100 iterations for size 100, cohesion 60.
  Completed 100 iterations for size 100, cohesion 70.
  Completed 100 iterations for size 100, cohesion 80.

Results successfully written to job80227/comparison_results_linearSwitchFromRandom_100_c60-70-80.json
  Completed 100 iterations for size 100, cohesion 60.
  Completed 100 iterations for size 100, cohesion 70.
  Completed 100 iterations for size 100, cohesion 80.

Results successfully written to job80227/comparison_results_linearSwitchFromRandom_100_c60-70-80.json
  Completed 100 iterations for size 100, cohesion 60.
  Completed 100 iterations for size 100, cohesion 70.
  Completed 100 iterations for size 100, cohesion 80.

Results successfully written to job80227/comparison_results_linearSwitchFromRandom_100_c60-70-80.json
  Completed 100 iterations for size 100, cohesion 60.
  Completed 100 iterations for size 100, cohesion 70.
  Completed 100 iterations for size 100, cohesion 80.

Results successfully written to job80227/comparison_results_linearSwitchFromRandom_100_c60-70-80.json
  Completed 100 iterations for size 100, cohesion 60.
  Completed 100 iterations for size 100, cohesion 70.
  Completed 100 iterations for size 100, cohesion 80.

Results successfully written to job80227/comparison_results_linearSwitchFromRandom_100_c60-70-80.json
  Completed 100 iterations for size 100, cohesion 60.
  Completed 100 iterations for size 100, cohesion 70.
  Completed 100 iterations for size 100, cohesion 80.

Results successfully written to job80227/comparison_results_linearSwitchFromRandom_100_c60-70-80.json
  Completed 100 iterations for size 100, cohesion 60.
  Completed 100 iterations for size 100, cohesion 70.
  Completed 100 iterations for size 100, cohesion 80.

Results successfully written to job80227/comparison_results_linearSwitchFromRandom_100_c60-70-80.json
  Completed 100 iterations for size 100, cohesion 60.
  Completed 100 iterations for size 100, cohesion 70.
  Completed 100 iterations for size 100, cohesion 80.

Results successfully written to job80227/comparison_results_linearSwitchFromRandom_100_c60-70-80.json
  Completed 100 iterations for size 100, cohesion 60.
  Completed 100 iterations for size 100, cohesion 70.
  Completed 100 iterations for size 100, cohesion 80.

Results successfully written to job80227/comparison_results_linearSwitchFromRandom_100_c60-70-80.json
  Completed 100 iterations for size 100, cohesion 60.
  Completed 100 iterations for size 100, cohesion 70.
  Completed 100 iterations for size 100, cohesion 80.

Results successfully written to job80227/comparison_results_linearSwitchFromRandom_100_c60-70-80.json
  Completed 100 iterations for size 100, cohesion 60.
  Completed 100 iterations for size 100, cohesion 70.
  Completed 100 iterations for size 100, cohesion 80.

Results successfully written to job80227/comparison_results_linearSwitchFromRandom_100_c60-70-80.json
  Completed 100 iterations for size 100, cohesion 60.
  Completed 100 iterations for size 100, cohesion 70.
  Completed 100 iterations for size 100, cohesion 80.

Results successfully written to job80227/comparison_results_linearSwitchFromRandom_100_c60-70-80.json
  Completed 100 iterations for size 100, cohesion 60.
  Completed 100 iterations for size 100, cohesion 70.
  Completed 100 iterations for size 100, cohesion 80.

Results successfully written to job80227/comparison_results_linearSwitchFromRandom_100_c60-70-80.json
  Completed 100 iterations for size 100, cohesion 60.
  Completed 100 iterations for size 100, cohesion 70.
  Completed 100 iterations for size 100, cohesion 80.

Results successfully written to job80227/comparison_results_linearSwitchFromRandom_100_c60-70-80.json
  Completed 100 iterations for size 100, cohesion 60.
  Completed 100 iterations for size 100, cohesion 70.
  Completed 100 iterations for size 100, cohesion 80.

Results successfully written to job80227/comparison_results_linearSwitchFromRandom_100_c60-70-80.json
  Completed 100 iterations for size 100, cohesion 60.
  Completed 100 iterations for size 100, cohesion 70.
  Completed 100 iterations for size 100, cohesion 80.

Results successfully written to job80227/comparison_results_linearSwitchFromRandom_100_c60-70-80.json
  Completed 100 iterations for size 100, cohesion 60.
  Completed 100 iterations for size 100, cohesion 70.
  Completed 100 iterations for size 100, cohesion 80.

Results successfully written to job80227/comparison_results_linearSwitchFromRandom_100_c60-70-80.json
  Completed 100 iterations for size 100, cohesion 60.
  Completed 100 iterations for size 100, cohesion 70.
  Completed 100 iterations for size 100, cohesion 80.

Results successfully written to job80227/comparison_results_linearSwitchFromRandom_100_c60-70-80.json
  Completed 100 iterations for size 100, cohesion 60.
  Completed 100 iterations for size 100, cohesion 70.
  Completed 100 iterations for size 100, cohesion 80.

Results successfully written to job80227/comparison_results_linearSwitchFromRandom_100_c60-70-80.json
  Completed 100 iterations for size 100, cohesion 60.
  Completed 100 iterations for size 100, cohesion 70.
  Completed 100 iterations for size 100, cohesion 80.

Results successfully written to job80227/comparison_results_linearSwitchFromRandom_100_c60-70-80.json
  Completed 100 iterations for size 100, cohesion 60.
  Completed 100 iterations for size 100, cohesion 70.
  Completed 100 iterations for size 100, cohesion 80.

Results successfully written to job80227/comparison_results_linearSwitchFromRandom_100_c60-70-80.json
  Completed 100 iterations for size 100, cohesion 60.
  Completed 100 iterations for size 100, cohesion 70.
  Completed 100 iterations for size 100, cohesion 80.

Results successfully written to job80227/comparison_results_linearSwitchFromRandom_100_c60-70-80.json
  Completed 100 iterations for size 100, cohesion 60.
  Completed 100 iterations for size 100, cohesion 70.
  Completed 100 iterations for size 100, cohesion 80.

Results successfully written to job80227/comparison_results_linearSwitchFromRandom_100_c60-70-80.json
  Completed 100 iterations for size 100, cohesion 60.
  Completed 100 iterations for size 100, cohesion 70.
  Completed 100 iterations for size 100, cohesion 80.

Results successfully written to job80227/comparison_results_linearSwitchFromRandom_100_c60-70-80.json
  Completed 100 iterations for size 100, cohesion 60.
  Completed 100 iterations for size 100, cohesion 70.
  Completed 100 iterations for size 100, cohesion 80.

Results successfully written to job80227/comparison_results_linearSwitchFromRandom_100_c60-70-80.json
  Completed 100 iterations for size 100, cohesion 60.
  Completed 100 iterations for size 100, cohesion 70.
  Completed 100 iterations for size 100, cohesion 80.

Results successfully written to job80227/comparison_results_linearSwitchFromRandom_100_c60-70-80.json
  Completed 100 iterations for size 100, cohesion 60.
  Completed 100 iterations for size 100, cohesion 70.
  Completed 100 iterations for size 100, cohesion 80.

Results successfully written to job80227/comparison_results_linearSwitchFromRandom_100_c60-70-80.json
  Completed 100 iterations for size 100, cohesion 60.
  Completed 100 iterations for size 100, cohesion 70.
  Completed 100 iterations for size 100, cohesion 80.

Results successfully written to job80227/comparison_results_linearSwitchFromRandom_100_c60-70-80.json
  Completed 100 iterations for size 100, cohesion 60.
  Completed 100 iterations for size 100, cohesion 70.
  Completed 100 iterations for size 100, cohesion 80.

Results successfully written to job80227/comparison_results_linearSwitchFromRandom_100_c60-70-80.json
  Completed 100 iterations for size 100, cohesion 60.
  Completed 100 iterations for size 100, cohesion 70.
  Completed 100 iterations for size 100, cohesion 80.

Results successfully written to job80227/comparison_results_linearSwitchFromRandom_100_c60-70-80.json
  Completed 100 iterations for size 100, cohesion 60.
  Completed 100 iterations for size 100, cohesion 70.
  Completed 100 iterations for size 100, cohesion 80.

Results successfully written to job80227/comparison_results_linearSwitchFromRandom_100_c60-70-80.json
  Completed 100 iterations for size 100, cohesion 60.
  Completed 100 iterations for size 100, cohesion 70.
  Completed 100 iterations for size 100, cohesion 80.

Results successfully written to job80227/comparison_results_linearSwitchFromRandom_100_c60-70-80.json
  Completed 100 iterations for size 100, cohesion 60.
  Completed 100 iterations for size 100, cohesion 70.
  Completed 100 iterations for size 100, cohesion 80.

Results successfully written to job80227/comparison_results_linearSwitchFromRandom_100_c60-70-80.json
  Completed 100 iterations for size 100, cohesion 60.
  Completed 100 iterations for size 100, cohesion 70.
  Completed 100 iterations for size 100, cohesion 80.

Results successfully written to job80227/comparison_results_linearSwitchFromRandom_100_c60-70-80.json
  Completed 100 iterations for size 100, cohesion 60.
  Completed 100 iterations for size 100, cohesion 70.
  Completed 100 iterations for size 100, cohesion 80.

Results successfully written to job80227/comparison_results_linearSwitchFromRandom_100_c60-70-80.json
  Completed 100 iterations for size 100, cohesion 60.
  Completed 100 iterations for size 100, cohesion 70.
  Completed 100 iterations for size 100, cohesion 80.

Results successfully written to job80227/comparison_results_linearSwitchFromRandom_100_c60-70-80.json
  Completed 100 iterations for size 100, cohesion 60.
  Completed 100 iterations for size 100, cohesion 70.
  Completed 100 iterations for size 100, cohesion 80.

Results successfully written to job80227/comparison_results_linearSwitchFromRandom_100_c60-70-80.json
  Completed 100 iterations for size 100, cohesion 60.
  Completed 100 iterations for size 100, cohesion 70.
  Completed 100 iterations for size 100, cohesion 80.

Results successfully written to job80227/comparison_results_linearSwitchFromRandom_100_c60-70-80.json
  Completed 100 iterations for size 100, cohesion 60.
  Completed 100 iterations for size 100, cohesion 70.
  Completed 100 iterations for size 100, cohesion 80.

Results successfully written to job80227/comparison_results_linearSwitchFromRandom_100_c60-70-80.json
  Completed 100 iterations for size 100, cohesion 60.
  Completed 100 iterations for size 100, cohesion 70.
  Completed 100 iterations for size 100, cohesion 80.

Results successfully written to job80227/comparison_results_linearSwitchFromRandom_100_c60-70-80.json
  Completed 100 iterations for size 100, cohesion 60.
  Completed 100 iterations for size 100, cohesion 70.
  Completed 100 iterations for size 100, cohesion 80.

Results successfully written to job80227/comparison_results_linearSwitchFromRandom_100_c60-70-80.json
  Completed 100 iterations for size 100, cohesion 60.
  Completed 100 iterations for size 100, cohesion 70.
  Completed 100 iterations for size 100, cohesion 80.

Results successfully written to job80227/comparison_results_linearSwitchFromRandom_100_c60-70-80.json
  Completed 100 iterations for size 100, cohesion 60.
  Completed 100 iterations for size 100, cohesion 70.
  Completed 100 iterations for size 100, cohesion 80.

Results successfully written to job80227/comparison_results_linearSwitchFromRandom_100_c60-70-80.json
  Completed 100 iterations for size 100, cohesion 60.
  Completed 100 iterations for size 100, cohesion 70.
  Completed 100 iterations for size 100, cohesion 80.

Results successfully written to job80227/comparison_results_linearSwitchFromRandom_100_c60-70-80.json
  Completed 100 iterations for size 100, cohesion 60.
  Completed 100 iterations for size 100, cohesion 70.
  Completed 100 iterations for size 100, cohesion 80.

Results successfully written to job80227/comparison_results_linearSwitchFromRandom_100_c60-70-80.json
  Completed 100 iterations for size 100, cohesion 60.
  Completed 100 iterations for size 100, cohesion 70.
  Completed 100 iterations for size 100, cohesion 80.

Results successfully written to job80227/comparison_results_linearSwitchFromRandom_100_c60-70-80.json
  Completed 100 iterations for size 100, cohesion 60.
  Completed 100 iterations for size 100, cohesion 70.
  Completed 100 iterations for size 100, cohesion 80.

Results successfully written to job80227/comparison_results_linearSwitchFromRandom_100_c60-70-80.json
  Completed 100 iterations for size 100, cohesion 60.
  Completed 100 iterations for size 100, cohesion 70.
  Completed 100 iterations for size 100, cohesion 80.

Results successfully written to job80227/comparison_results_linearSwitchFromRandom_100_c60-70-80.json
  Completed 100 iterations for size 100, cohesion 60.
  Completed 100 iterations for size 100, cohesion 70.
  Completed 100 iterations for size 100, cohesion 80.

Results successfully written to job80227/comparison_results_linearSwitchFromRandom_100_c60-70-80.json
  Completed 100 iterations for size 100, cohesion 60.
  Completed 100 iterations for size 100, cohesion 70.
  Completed 100 iterations for size 100, cohesion 80.

Results successfully written to job80227/comparison_results_linearSwitchFromRandom_100_c60-70-80.json
  Completed 100 iterations for size 100, cohesion 60.
  Completed 100 iterations for size 100, cohesion 70.
  Completed 100 iterations for size 100, cohesion 80.

Results successfully written to job80227/comparison_results_linearSwitchFromRandom_100_c60-70-80.json
  Completed 100 iterations for size 100, cohesion 60.
  Completed 100 iterations for size 100, cohesion 70.
  Completed 100 iterations for size 100, cohesion 80.

Results successfully written to job80227/comparison_results_linearSwitchFromRandom_100_c60-70-80.json
  Completed 100 iterations for size 100, cohesion 60.
  Completed 100 iterations for size 100, cohesion 70.
  Completed 100 iterations for size 100, cohesion 80.

Results successfully written to job80227/comparison_results_linearSwitchFromRandom_100_c60-70-80.json
  Completed 100 iterations for size 100, cohesion 60.
  Completed 100 iterations for size 100, cohesion 70.
  Completed 100 iterations for size 100, cohesion 80.

Results successfully written to job80227/comparison_results_linearSwitchFromRandom_100_c60-70-80.json
  Completed 100 iterations for size 100, cohesion 60.
  Completed 100 iterations for size 100, cohesion 70.
  Completed 100 iterations for size 100, cohesion 80.

Results successfully written to job80227/comparison_results_linearSwitchFromRandom_100_c60-70-80.json
  Completed 100 iterations for size 100, cohesion 60.
  Completed 100 iterations for size 100, cohesion 70.
  Completed 100 iterations for size 100, cohesion 80.

Results successfully written to job80227/comparison_results_linearSwitchFromRandom_100_c60-70-80.json
  Completed 100 iterations for size 100, cohesion 60.
  Completed 100 iterations for size 100, cohesion 70.
  Completed 100 iterations for size 100, cohesion 80.

Results successfully written to job80227/comparison_results_linearSwitchFromRandom_100_c60-70-80.json
  Completed 100 iterations for size 100, cohesion 60.
  Completed 100 iterations for size 100, cohesion 70.
  Completed 100 iterations for size 100, cohesion 80.

Results successfully written to job80227/comparison_results_linearSwitchFromRandom_100_c60-70-80.json
  Completed 100 iterations for size 100, cohesion 60.
  Completed 100 iterations for size 100, cohesion 70.
  Completed 100 iterations for size 100, cohesion 80.

Results successfully written to job80227/comparison_results_linearSwitchFromRandom_100_c60-70-80.json
  Completed 100 iterations for size 100, cohesion 60.
  Completed 100 iterations for size 100, cohesion 70.
  Completed 100 iterations for size 100, cohesion 80.

Results successfully written to job80227/comparison_results_linearSwitchFromRandom_100_c60-70-80.json
  Completed 100 iterations for size 100, cohesion 60.
  Completed 100 iterations for size 100, cohesion 70.
  Completed 100 iterations for size 100, cohesion 80.

Results successfully written to job80227/comparison_results_linearSwitchFromRandom_100_c60-70-80.json
  Completed 100 iterations for size 100, cohesion 60.
  Completed 100 iterations for size 100, cohesion 70.
  Completed 100 iterations for size 100, cohesion 80.

Results successfully written to job80227/comparison_results_linearSwitchFromRandom_100_c60-70-80.json
  Completed 100 iterations for size 100, cohesion 60.
  Completed 100 iterations for size 100, cohesion 70.
  Completed 100 iterations for size 100, cohesion 80.

Results successfully written to job80227/comparison_results_linearSwitchFromRandom_100_c60-70-80.json
  Completed 100 iterations for size 100, cohesion 60.
  Completed 100 iterations for size 100, cohesion 70.
  Completed 100 iterations for size 100, cohesion 80.

Results successfully written to job80227/comparison_results_linearSwitchFromRandom_100_c60-70-80.json
  Completed 100 iterations for size 100, cohesion 60.
  Completed 100 iterations for size 100, cohesion 70.
  Completed 100 iterations for size 100, cohesion 80.

Results successfully written to job80227/comparison_results_linearSwitchFromRandom_100_c60-70-80.json
  Completed 100 iterations for size 100, cohesion 60.
  Completed 100 iterations for size 100, cohesion 70.
  Completed 100 iterations for size 100, cohesion 80.

Results successfully written to job80227/comparison_results_linearSwitchFromRandom_100_c60-70-80.json
  Completed 100 iterations for size 100, cohesion 60.
  Completed 100 iterations for size 100, cohesion 70.
  Completed 100 iterations for size 100, cohesion 80.

Results successfully written to job80227/comparison_results_linearSwitchFromRandom_100_c60-70-80.json
  Completed 100 iterations for size 100, cohesion 60.
  Completed 100 iterations for size 100, cohesion 70.
  Completed 100 iterations for size 100, cohesion 80.

Results successfully written to job80227/comparison_results_linearSwitchFromRandom_100_c60-70-80.json
  Completed 100 iterations for size 100, cohesion 60.
  Completed 100 iterations for size 100, cohesion 70.
  Completed 100 iterations for size 100, cohesion 80.

Results successfully written to job80227/comparison_results_linearSwitchFromRandom_100_c60-70-80.json
  Completed 100 iterations for size 100, cohesion 60.
  Completed 100 iterations for size 100, cohesion 70.
  Completed 100 iterations for size 100, cohesion 80.

Results successfully written to job80227/comparison_results_linearSwitchFromRandom_100_c60-70-80.json
  Completed 100 iterations for size 100, cohesion 60.
  Completed 100 iterations for size 100, cohesion 70.
  Completed 100 iterations for size 100, cohesion 80.

Results successfully written to job80227/comparison_results_linearSwitchFromRandom_100_c60-70-80.json
  Completed 100 iterations for size 100, cohesion 60.
  Completed 100 iterations for size 100, cohesion 70.
  Completed 100 iterations for size 100, cohesion 80.

Results successfully written to job80227/comparison_results_linearSwitchFromRandom_100_c60-70-80.json

================================================================================
Algorithm                   People    Avg Score  Avg Time(s)
--------------------------------------------------------------------------------
linearSwitchFromRandom         100       5153.3      30.0565
================================================================================

Results successfully written to job80227/comparison_results_linearSwitchFromRandom_100_c60-70-80.json
