Task 43 running algorithm: linearSwitchFromRandom, people: 100, cohesions: 90 100
cn16.hpc.itu.dk
aubu
/home/aubu/bachelorProject/hpc-jobs
Running iterations for algorithm: linearSwitchFromRandom
  Completed 100 iterations for size 100, cohesion 90.
  Completed 100 iterations for size 100, cohesion 100.

Results successfully written to job80227/comparison_results_linearSwitchFromRandom_100_c90-100.json
  Completed 100 iterations for size 100, cohesion 90.
  Completed 100 iterations for size 100, cohesion 100.

Results successfully written to job80227/comparison_results_linearSwitchFromRandom_100_c90-100.json
  Completed 100 iterations for size 100, cohesion 90.
  Completed 100 iterations for size 100, cohesion 100.

Results successfully written to job80227/comparison_results_linearSwitchFromRandom_100_c90-100.json
  Completed 100 iterations for size 100, cohesion 90.
  Completed 100 iterations for size 100, cohesion 100.

Results successfully written to job80227/comparison_results_linearSwitchFromRandom_100_c90-100.json
  Completed 100 iterations for size 100, cohesion 90.
  Completed 100 iterations for size 100, cohesion 100.

Results successfully written to job80227/comparison_results_linearSwitchFromRandom_100_c90-100.json
  Completed 100 iterations for size 100, cohesion 90.
  Completed 100 iterations for size 100, cohesion 100.

Results successfully written to job80227/comparison_results_linearSwitchFromRandom_100_c90-100.json
  Completed 100 iterations for size 100, cohesion 90.
  Completed 100 iterations for size 100, cohesion 100.

Results successfully written to job80227/comparison_results_linearSwitchFromRandom_100_c90-100.json
  Completed 100 iterations for size 100, cohesion 90.
  Completed 100 iterations for size 100, cohesion 100.

Results successfully written to job80227/comparison_results_linearSwitchFromRandom_100_c90-100.json
  Completed 100 iterations for size 100, cohesion 90.
  Completed 100 iterations for size 100, cohesion 100.

Results successfully written to job80227/comparison_results_linearSwitchFromRandom_100_c90-100.json
  Completed 100 iterations for size 100, cohesion 90.
  Completed 100 iterations for size 100, cohesion 100.

Results successfully written to job80227/comparison_results_linearSwitchFromRandom_100_c90-100.json
  Completed 100 iterations for size 100, cohesion 90.
  Completed 100 iterations for size 100, cohesion 100.

Results successfully written to job80227/comparison_results_linearSwitchFromRandom_100_c90-100.json
  Completed 100 iterations for size 100, cohesion 90.
  Completed 100 iterations for size 100, cohesion 100.

Results successfully written to job80227/comparison_results_linearSwitchFromRandom_100_c90-100.json
  Completed 100 iterations for size 100, cohesion 90.
  Completed 100 iterations for size 100, cohesion 100.

Results successfully written to job80227/comparison_results_linearSwitchFromRandom_100_c90-100.json
  Completed 100 iterations for size 100, cohesion 90.
  Completed 100 iterations for size 100, cohesion 100.

Results successfully written to job80227/comparison_results_linearSwitchFromRandom_100_c90-100.json
  Completed 100 iterations for size 100, cohesion 90.
  Completed 100 iterations for size 100, cohesion 100.

Results successfully written to job80227/comparison_results_linearSwitchFromRandom_100_c90-100.json
  Completed 100 iterations for size 100, cohesion 90.
  Completed 100 iterations for size 100, cohesion 100.

Results successfully written to job80227/comparison_results_linearSwitchFromRandom_100_c90-100.json
  Completed 100 iterations for size 100, cohesion 90.
  Completed 100 iterations for size 100, cohesion 100.

Results successfully written to job80227/comparison_results_linearSwitchFromRandom_100_c90-100.json
  Completed 100 iterations for size 100, cohesion 90.
  Completed 100 iterations for size 100, cohesion 100.

Results successfully written to job80227/comparison_results_linearSwitchFromRandom_100_c90-100.json
  Completed 100 iterations for size 100, cohesion 90.
  Completed 100 iterations for size 100, cohesion 100.

Results successfully written to job80227/comparison_results_linearSwitchFromRandom_100_c90-100.json
  Completed 100 iterations for size 100, cohesion 90.
  Completed 100 iterations for size 100, cohesion 100.

Results successfully written to job80227/comparison_results_linearSwitchFromRandom_100_c90-100.json
  Completed 100 iterations for size 100, cohesion 90.
  Completed 100 iterations for size 100, cohesion 100.

Results successfully written to job80227/comparison_results_linearSwitchFromRandom_100_c90-100.json
  Completed 100 iterations for size 100, cohesion 90.
  Completed 100 iterations for size 100, cohesion 100.

Results successfully written to job80227/comparison_results_linearSwitchFromRandom_100_c90-100.json
  Completed 100 iterations for size 100, cohesion 90.
  Completed 100 iterations for size 100, cohesion 100.

Results successfully written to job80227/comparison_results_linearSwitchFromRandom_100_c90-100.json
  Completed 100 iterations for size 100, cohesion 90.
  Completed 100 iterations for size 100, cohesion 100.

Results successfully written to job80227/comparison_results_linearSwitchFromRandom_100_c90-100.json
  Completed 100 iterations for size 100, cohesion 90.
  Completed 100 iterations for size 100, cohesion 100.

Results successfully written to job80227/comparison_results_linearSwitchFromRandom_100_c90-100.json
  Completed 100 iterations for size 100, cohesion 90.
  Completed 100 iterations for size 100, cohesion 100.

Results successfully written to job80227/comparison_results_linearSwitchFromRandom_100_c90-100.json
  Completed 100 iterations for size 100, cohesion 90.
  Completed 100 iterations for size 100, cohesion 100.

Results successfully written to job80227/comparison_results_linearSwitchFromRandom_100_c90-100.json
  Completed 100 iterations for size 100, cohesion 90.
  Completed 100 iterations for size 100, cohesion 100.

Results successfully written to job80227/comparison_results_linearSwitchFromRandom_100_c90-100.json
  Completed 100 iterations for size 100, cohesion 90.
  Completed 100 iterations for size 100, cohesion 100.

Results successfully written to job80227/comparison_results_linearSwitchFromRandom_100_c90-100.json
  Completed 100 iterations for size 100, cohesion 90.
  Completed 100 iterations for size 100, cohesion 100.

Results successfully written to job80227/comparison_results_linearSwitchFromRandom_100_c90-100.json
  Completed 100 iterations for size 100, cohesion 90.
  Completed 100 iterations for size 100, cohesion 100.

Results successfully written to job80227/comparison_results_linearSwitchFromRandom_100_c90-100.json
  Completed 100 iterations for size 100, cohesion 90.
  Completed 100 iterations for size 100, cohesion 100.

Results successfully written to job80227/comparison_results_linearSwitchFromRandom_100_c90-100.json
  Completed 100 iterations for size 100, cohesion 90.
  Completed 100 iterations for size 100, cohesion 100.

Results successfully written to job80227/comparison_results_linearSwitchFromRandom_100_c90-100.json
  Completed 100 iterations for size 100, cohesion 90.
  Completed 100 iterations for size 100, cohesion 100.

Results successfully written to job80227/comparison_results_linearSwitchFromRandom_100_c90-100.json
  Completed 100 iterations for size 100, cohesion 90.
  Completed 100 iterations for size 100, cohesion 100.

Results successfully written to job80227/comparison_results_linearSwitchFromRandom_100_c90-100.json
  Completed 100 iterations for size 100, cohesion 90.
  Completed 100 iterations for size 100, cohesion 100.

Results successfully written to job80227/comparison_results_linearSwitchFromRandom_100_c90-100.json
  Completed 100 iterations for size 100, cohesion 90.
  Completed 100 iterations for size 100, cohesion 100.

Results successfully written to job80227/comparison_results_linearSwitchFromRandom_100_c90-100.json
  Completed 100 iterations for size 100, cohesion 90.
  Completed 100 iterations for size 100, cohesion 100.

Results successfully written to job80227/comparison_results_linearSwitchFromRandom_100_c90-100.json
  Completed 100 iterations for size 100, cohesion 90.
  Completed 100 iterations for size 100, cohesion 100.

Results successfully written to job80227/comparison_results_linearSwitchFromRandom_100_c90-100.json
  Completed 100 iterations for size 100, cohesion 90.
  Completed 100 iterations for size 100, cohesion 100.

Results successfully written to job80227/comparison_results_linearSwitchFromRandom_100_c90-100.json
  Completed 100 iterations for size 100, cohesion 90.
  Completed 100 iterations for size 100, cohesion 100.

Results successfully written to job80227/comparison_results_linearSwitchFromRandom_100_c90-100.json
  Completed 100 iterations for size 100, cohesion 90.
  Completed 100 iterations for size 100, cohesion 100.

Results successfully written to job80227/comparison_results_linearSwitchFromRandom_100_c90-100.json
  Completed 100 iterations for size 100, cohesion 90.
  Completed 100 iterations for size 100, cohesion 100.

Results successfully written to job80227/comparison_results_linearSwitchFromRandom_100_c90-100.json
  Completed 100 iterations for size 100, cohesion 90.
  Completed 100 iterations for size 100, cohesion 100.

Results successfully written to job80227/comparison_results_linearSwitchFromRandom_100_c90-100.json
  Completed 100 iterations for size 100, cohesion 90.
  Completed 100 iterations for size 100, cohesion 100.

Results successfully written to job80227/comparison_results_linearSwitchFromRandom_100_c90-100.json
  Completed 100 iterations for size 100, cohesion 90.
  Completed 100 iterations for size 100, cohesion 100.

Results successfully written to job80227/comparison_results_linearSwitchFromRandom_100_c90-100.json
  Completed 100 iterations for size 100, cohesion 90.
  Completed 100 iterations for size 100, cohesion 100.

Results successfully written to job80227/comparison_results_linearSwitchFromRandom_100_c90-100.json
  Completed 100 iterations for size 100, cohesion 90.
  Completed 100 iterations for size 100, cohesion 100.

Results successfully written to job80227/comparison_results_linearSwitchFromRandom_100_c90-100.json
  Completed 100 iterations for size 100, cohesion 90.
  Completed 100 iterations for size 100, cohesion 100.

Results successfully written to job80227/comparison_results_linearSwitchFromRandom_100_c90-100.json
  Completed 100 iterations for size 100, cohesion 90.
  Completed 100 iterations for size 100, cohesion 100.

Results successfully written to job80227/comparison_results_linearSwitchFromRandom_100_c90-100.json
  Completed 100 iterations for size 100, cohesion 90.
  Completed 100 iterations for size 100, cohesion 100.

Results successfully written to job80227/comparison_results_linearSwitchFromRandom_100_c90-100.json
  Completed 100 iterations for size 100, cohesion 90.
  Completed 100 iterations for size 100, cohesion 100.

Results successfully written to job80227/comparison_results_linearSwitchFromRandom_100_c90-100.json
  Completed 100 iterations for size 100, cohesion 90.
  Completed 100 iterations for size 100, cohesion 100.

Results successfully written to job80227/comparison_results_linearSwitchFromRandom_100_c90-100.json
  Completed 100 iterations for size 100, cohesion 90.
  Completed 100 iterations for size 100, cohesion 100.

Results successfully written to job80227/comparison_results_linearSwitchFromRandom_100_c90-100.json
  Completed 100 iterations for size 100, cohesion 90.
  Completed 100 iterations for size 100, cohesion 100.

Results successfully written to job80227/comparison_results_linearSwitchFromRandom_100_c90-100.json
  Completed 100 iterations for size 100, cohesion 90.
  Completed 100 iterations for size 100, cohesion 100.

Results successfully written to job80227/comparison_results_linearSwitchFromRandom_100_c90-100.json
  Completed 100 iterations for size 100, cohesion 90.
  Completed 100 iterations for size 100, cohesion 100.

Results successfully written to job80227/comparison_results_linearSwitchFromRandom_100_c90-100.json
  Completed 100 iterations for size 100, cohesion 90.
  Completed 100 iterations for size 100, cohesion 100.

Results successfully written to job80227/comparison_results_linearSwitchFromRandom_100_c90-100.json
  Completed 100 iterations for size 100, cohesion 90.
  Completed 100 iterations for size 100, cohesion 100.

Results successfully written to job80227/comparison_results_linearSwitchFromRandom_100_c90-100.json
  Completed 100 iterations for size 100, cohesion 90.
  Completed 100 iterations for size 100, cohesion 100.

Results successfully written to job80227/comparison_results_linearSwitchFromRandom_100_c90-100.json
  Completed 100 iterations for size 100, cohesion 90.
  Completed 100 iterations for size 100, cohesion 100.

Results successfully written to job80227/comparison_results_linearSwitchFromRandom_100_c90-100.json
  Completed 100 iterations for size 100, cohesion 90.
  Completed 100 iterations for size 100, cohesion 100.

Results successfully written to job80227/comparison_results_linearSwitchFromRandom_100_c90-100.json
  Completed 100 iterations for size 100, cohesion 90.
  Completed 100 iterations for size 100, cohesion 100.

Results successfully written to job80227/comparison_results_linearSwitchFromRandom_100_c90-100.json
  Completed 100 iterations for size 100, cohesion 90.
  Completed 100 iterations for size 100, cohesion 100.

Results successfully written to job80227/comparison_results_linearSwitchFromRandom_100_c90-100.json
  Completed 100 iterations for size 100, cohesion 90.
  Completed 100 iterations for size 100, cohesion 100.

Results successfully written to job80227/comparison_results_linearSwitchFromRandom_100_c90-100.json
  Completed 100 iterations for size 100, cohesion 90.
  Completed 100 iterations for size 100, cohesion 100.

Results successfully written to job80227/comparison_results_linearSwitchFromRandom_100_c90-100.json
  Completed 100 iterations for size 100, cohesion 90.
  Completed 100 iterations for size 100, cohesion 100.

Results successfully written to job80227/comparison_results_linearSwitchFromRandom_100_c90-100.json
  Completed 100 iterations for size 100, cohesion 90.
  Completed 100 iterations for size 100, cohesion 100.

Results successfully written to job80227/comparison_results_linearSwitchFromRandom_100_c90-100.json
  Completed 100 iterations for size 100, cohesion 90.
  Completed 100 iterations for size 100, cohesion 100.

Results successfully written to job80227/comparison_results_linearSwitchFromRandom_100_c90-100.json
  Completed 100 iterations for size 100, cohesion 90.
  Completed 100 iterations for size 100, cohesion 100.

Results successfully written to job80227/comparison_results_linearSwitchFromRandom_100_c90-100.json
  Completed 100 iterations for size 100, cohesion 90.
  Completed 100 iterations for size 100, cohesion 100.

Results successfully written to job80227/comparison_results_linearSwitchFromRandom_100_c90-100.json
  Completed 100 iterations for size 100, cohesion 90.
  Completed 100 iterations for size 100, cohesion 100.

Results successfully written to job80227/comparison_results_linearSwitchFromRandom_100_c90-100.json
  Completed 100 iterations for size 100, cohesion 90.
  Completed 100 iterations for size 100, cohesion 100.

Results successfully written to job80227/comparison_results_linearSwitchFromRandom_100_c90-100.json
  Completed 100 iterations for size 100, cohesion 90.
  Completed 100 iterations for size 100, cohesion 100.

Results successfully written to job80227/comparison_results_linearSwitchFromRandom_100_c90-100.json
  Completed 100 iterations for size 100, cohesion 90.
  Completed 100 iterations for size 100, cohesion 100.

Results successfully written to job80227/comparison_results_linearSwitchFromRandom_100_c90-100.json
  Completed 100 iterations for size 100, cohesion 90.
  Completed 100 iterations for size 100, cohesion 100.

Results successfully written to job80227/comparison_results_linearSwitchFromRandom_100_c90-100.json
  Completed 100 iterations for size 100, cohesion 90.
  Completed 100 iterations for size 100, cohesion 100.

Results successfully written to job80227/comparison_results_linearSwitchFromRandom_100_c90-100.json
  Completed 100 iterations for size 100, cohesion 90.
  Completed 100 iterations for size 100, cohesion 100.

Results successfully written to job80227/comparison_results_linearSwitchFromRandom_100_c90-100.json
  Completed 100 iterations for size 100, cohesion 90.
  Completed 100 iterations for size 100, cohesion 100.

Results successfully written to job80227/comparison_results_linearSwitchFromRandom_100_c90-100.json
  Completed 100 iterations for size 100, cohesion 90.
  Completed 100 iterations for size 100, cohesion 100.

Results successfully written to job80227/comparison_results_linearSwitchFromRandom_100_c90-100.json
  Completed 100 iterations for size 100, cohesion 90.
  Completed 100 iterations for size 100, cohesion 100.

Results successfully written to job80227/comparison_results_linearSwitchFromRandom_100_c90-100.json
  Completed 100 iterations for size 100, cohesion 90.
  Completed 100 iterations for size 100, cohesion 100.

Results successfully written to job80227/comparison_results_linearSwitchFromRandom_100_c90-100.json
  Completed 100 iterations for size 100, cohesion 90.
  Completed 100 iterations for size 100, cohesion 100.

Results successfully written to job80227/comparison_results_linearSwitchFromRandom_100_c90-100.json
  Completed 100 iterations for size 100, cohesion 90.
  Completed 100 iterations for size 100, cohesion 100.

Results successfully written to job80227/comparison_results_linearSwitchFromRandom_100_c90-100.json
  Completed 100 iterations for size 100, cohesion 90.
  Completed 100 iterations for size 100, cohesion 100.

Results successfully written to job80227/comparison_results_linearSwitchFromRandom_100_c90-100.json
  Completed 100 iterations for size 100, cohesion 90.
  Completed 100 iterations for size 100, cohesion 100.

Results successfully written to job80227/comparison_results_linearSwitchFromRandom_100_c90-100.json
  Completed 100 iterations for size 100, cohesion 90.
  Completed 100 iterations for size 100, cohesion 100.

Results successfully written to job80227/comparison_results_linearSwitchFromRandom_100_c90-100.json
  Completed 100 iterations for size 100, cohesion 90.
  Completed 100 iterations for size 100, cohesion 100.

Results successfully written to job80227/comparison_results_linearSwitchFromRandom_100_c90-100.json
  Completed 100 iterations for size 100, cohesion 90.
  Completed 100 iterations for size 100, cohesion 100.

Results successfully written to job80227/comparison_results_linearSwitchFromRandom_100_c90-100.json
  Completed 100 iterations for size 100, cohesion 90.
  Completed 100 iterations for size 100, cohesion 100.

Results successfully written to job80227/comparison_results_linearSwitchFromRandom_100_c90-100.json
  Completed 100 iterations for size 100, cohesion 90.
  Completed 100 iterations for size 100, cohesion 100.

Results successfully written to job80227/comparison_results_linearSwitchFromRandom_100_c90-100.json
  Completed 100 iterations for size 100, cohesion 90.
  Completed 100 iterations for size 100, cohesion 100.

Results successfully written to job80227/comparison_results_linearSwitchFromRandom_100_c90-100.json
  Completed 100 iterations for size 100, cohesion 90.
  Completed 100 iterations for size 100, cohesion 100.

Results successfully written to job80227/comparison_results_linearSwitchFromRandom_100_c90-100.json
  Completed 100 iterations for size 100, cohesion 90.
  Completed 100 iterations for size 100, cohesion 100.

Results successfully written to job80227/comparison_results_linearSwitchFromRandom_100_c90-100.json
  Completed 100 iterations for size 100, cohesion 90.
  Completed 100 iterations for size 100, cohesion 100.

Results successfully written to job80227/comparison_results_linearSwitchFromRandom_100_c90-100.json
  Completed 100 iterations for size 100, cohesion 90.
  Completed 100 iterations for size 100, cohesion 100.

Results successfully written to job80227/comparison_results_linearSwitchFromRandom_100_c90-100.json
  Completed 100 iterations for size 100, cohesion 90.
  Completed 100 iterations for size 100, cohesion 100.

Results successfully written to job80227/comparison_results_linearSwitchFromRandom_100_c90-100.json
  Completed 100 iterations for size 100, cohesion 90.
  Completed 100 iterations for size 100, cohesion 100.

Results successfully written to job80227/comparison_results_linearSwitchFromRandom_100_c90-100.json
  Completed 100 iterations for size 100, cohesion 90.
  Completed 100 iterations for size 100, cohesion 100.

Results successfully written to job80227/comparison_results_linearSwitchFromRandom_100_c90-100.json
  Completed 100 iterations for size 100, cohesion 90.
  Completed 100 iterations for size 100, cohesion 100.

Results successfully written to job80227/comparison_results_linearSwitchFromRandom_100_c90-100.json

================================================================================
Algorithm                   People    Avg Score  Avg Time(s)
--------------------------------------------------------------------------------
linearSwitchFromRandom         100       5169.4      30.0588
================================================================================

Results successfully written to job80227/comparison_results_linearSwitchFromRandom_100_c90-100.json
