Task 44 running algorithm: linearSwitchFromRandom, people: 300, cohesions: 0 10 20
cn17.hpc.itu.dk
aubu
/home/aubu/bachelorProject/hpc-jobs
Running iterations for algorithm: linearSwitchFromRandom
  Completed 100 iterations for size 300, cohesion 0.
  Completed 100 iterations for size 300, cohesion 10.
  Completed 100 iterations for size 300, cohesion 20.

Results successfully written to job80227/comparison_results_linearSwitchFromRandom_300_c0-10-20.json
  Completed 100 iterations for size 300, cohesion 0.
  Completed 100 iterations for size 300, cohesion 10.
  Completed 100 iterations for size 300, cohesion 20.

Results successfully written to job80227/comparison_results_linearSwitchFromRandom_300_c0-10-20.json
  Completed 100 iterations for size 300, cohesion 0.
  Completed 100 iterations for size 300, cohesion 10.
  Completed 100 iterations for size 300, cohesion 20.

Results successfully written to job80227/comparison_results_linearSwitchFromRandom_300_c0-10-20.json
  Completed 100 iterations for size 300, cohesion 0.
  Completed 100 iterations for size 300, cohesion 10.
  Completed 100 iterations for size 300, cohesion 20.

Results successfully written to job80227/comparison_results_linearSwitchFromRandom_300_c0-10-20.json
  Completed 100 iterations for size 300, cohesion 0.
  Completed 100 iterations for size 300, cohesion 10.
  Completed 100 iterations for size 300, cohesion 20.

Results successfully written to job80227/comparison_results_linearSwitchFromRandom_300_c0-10-20.json
  Completed 100 iterations for size 300, cohesion 0.
  Completed 100 iterations for size 300, cohesion 10.
  Completed 100 iterations for size 300, cohesion 20.

Results successfully written to job80227/comparison_results_linearSwitchFromRandom_300_c0-10-20.json
  Completed 100 iterations for size 300, cohesion 0.
  Completed 100 iterations for size 300, cohesion 10.
  Completed 100 iterations for size 300, cohesion 20.

Results successfully written to job80227/comparison_results_linearSwitchFromRandom_300_c0-10-20.json
  Completed 100 iterations for size 300, cohesion 0.
  Completed 100 iterations for size 300, cohesion 10.
  Completed 100 iterations for size 300, cohesion 20.

Results successfully written to job80227/comparison_results_linearSwitchFromRandom_300_c0-10-20.json
  Completed 100 iterations for size 300, cohesion 0.
  Completed 100 iterations for size 300, cohesion 10.
  Completed 100 iterations for size 300, cohesion 20.

Results successfully written to job80227/comparison_results_linearSwitchFromRandom_300_c0-10-20.json
  Completed 100 iterations for size 300, cohesion 0.
  Completed 100 iterations for size 300, cohesion 10.
  Completed 100 iterations for size 300, cohesion 20.

Results successfully written to job80227/comparison_results_linearSwitchFromRandom_300_c0-10-20.json
  Completed 100 iterations for size 300, cohesion 0.
  Completed 100 iterations for size 300, cohesion 10.
  Completed 100 iterations for size 300, cohesion 20.

Results successfully written to job80227/comparison_results_linearSwitchFromRandom_300_c0-10-20.json
  Completed 100 iterations for size 300, cohesion 0.
  Completed 100 iterations for size 300, cohesion 10.
  Completed 100 iterations for size 300, cohesion 20.

Results successfully written to job80227/comparison_results_linearSwitchFromRandom_300_c0-10-20.json
  Completed 100 iterations for size 300, cohesion 0.
  Completed 100 iterations for size 300, cohesion 10.
  Completed 100 iterations for size 300, cohesion 20.

Results successfully written to job80227/comparison_results_linearSwitchFromRandom_300_c0-10-20.json
  Completed 100 iterations for size 300, cohesion 0.
  Completed 100 iterations for size 300, cohesion 10.
  Completed 100 iterations for size 300, cohesion 20.

Results successfully written to job80227/comparison_results_linearSwitchFromRandom_300_c0-10-20.json
  Completed 100 iterations for size 300, cohesion 0.
  Completed 100 iterations for size 300, cohesion 10.
  Completed 100 iterations for size 300, cohesion 20.

Results successfully written to job80227/comparison_results_linearSwitchFromRandom_300_c0-10-20.json
  Completed 100 iterations for size 300, cohesion 0.
  Completed 100 iterations for size 300, cohesion 10.
  Completed 100 iterations for size 300, cohesion 20.

Results successfully written to job80227/comparison_results_linearSwitchFromRandom_300_c0-10-20.json
  Completed 100 iterations for size 300, cohesion 0.
  Completed 100 iterations for size 300, cohesion 10.
  Completed 100 iterations for size 300, cohesion 20.

Results successfully written to job80227/comparison_results_linearSwitchFromRandom_300_c0-10-20.json
  Completed 100 iterations for size 300, cohesion 0.
  Completed 100 iterations for size 300, cohesion 10.
  Completed 100 iterations for size 300, cohesion 20.

Results successfully written to job80227/comparison_results_linearSwitchFromRandom_300_c0-10-20.json
  Completed 100 iterations for size 300, cohesion 0.
  Completed 100 iterations for size 300, cohesion 10.
  Completed 100 iterations for size 300, cohesion 20.

Results successfully written to job80227/comparison_results_linearSwitchFromRandom_300_c0-10-20.json
  Completed 100 iterations for size 300, cohesion 0.
  Completed 100 iterations for size 300, cohesion 10.
  Completed 100 iterations for size 300, cohesion 20.

Results successfully written to job80227/comparison_results_linearSwitchFromRandom_300_c0-10-20.json
  Completed 100 iterations for size 300, cohesion 0.
  Completed 100 iterations for size 300, cohesion 10.
  Completed 100 iterations for size 300, cohesion 20.

Results successfully written to job80227/comparison_results_linearSwitchFromRandom_300_c0-10-20.json
  Completed 100 iterations for size 300, cohesion 0.
  Completed 100 iterations for size 300, cohesion 10.
  Completed 100 iterations for size 300, cohesion 20.

Results successfully written to job80227/comparison_results_linearSwitchFromRandom_300_c0-10-20.json
  Completed 100 iterations for size 300, cohesion 0.
  Completed 100 iterations for size 300, cohesion 10.
  Completed 100 iterations for size 300, cohesion 20.

Results successfully written to job80227/comparison_results_linearSwitchFromRandom_300_c0-10-20.json
  Completed 100 iterations for size 300, cohesion 0.
  Completed 100 iterations for size 300, cohesion 10.
  Completed 100 iterations for size 300, cohesion 20.

Results successfully written to job80227/comparison_results_linearSwitchFromRandom_300_c0-10-20.json
  Completed 100 iterations for size 300, cohesion 0.
  Completed 100 iterations for size 300, cohesion 10.
  Completed 100 iterations for size 300, cohesion 20.

Results successfully written to job80227/comparison_results_linearSwitchFromRandom_300_c0-10-20.json
  Completed 100 iterations for size 300, cohesion 0.
  Completed 100 iterations for size 300, cohesion 10.
  Completed 100 iterations for size 300, cohesion 20.

Results successfully written to job80227/comparison_results_linearSwitchFromRandom_300_c0-10-20.json
  Completed 100 iterations for size 300, cohesion 0.
  Completed 100 iterations for size 300, cohesion 10.
  Completed 100 iterations for size 300, cohesion 20.

Results successfully written to job80227/comparison_results_linearSwitchFromRandom_300_c0-10-20.json
  Completed 100 iterations for size 300, cohesion 0.
  Completed 100 iterations for size 300, cohesion 10.
  Completed 100 iterations for size 300, cohesion 20.

Results successfully written to job80227/comparison_results_linearSwitchFromRandom_300_c0-10-20.json
  Completed 100 iterations for size 300, cohesion 0.
  Completed 100 iterations for size 300, cohesion 10.
  Completed 100 iterations for size 300, cohesion 20.

Results successfully written to job80227/comparison_results_linearSwitchFromRandom_300_c0-10-20.json
  Completed 100 iterations for size 300, cohesion 0.
  Completed 100 iterations for size 300, cohesion 10.
  Completed 100 iterations for size 300, cohesion 20.

Results successfully written to job80227/comparison_results_linearSwitchFromRandom_300_c0-10-20.json
  Completed 100 iterations for size 300, cohesion 0.
  Completed 100 iterations for size 300, cohesion 10.
  Completed 100 iterations for size 300, cohesion 20.

Results successfully written to job80227/comparison_results_linearSwitchFromRandom_300_c0-10-20.json
  Completed 100 iterations for size 300, cohesion 0.
  Completed 100 iterations for size 300, cohesion 10.
  Completed 100 iterations for size 300, cohesion 20.

Results successfully written to job80227/comparison_results_linearSwitchFromRandom_300_c0-10-20.json
  Completed 100 iterations for size 300, cohesion 0.
  Completed 100 iterations for size 300, cohesion 10.
  Completed 100 iterations for size 300, cohesion 20.

Results successfully written to job80227/comparison_results_linearSwitchFromRandom_300_c0-10-20.json
  Completed 100 iterations for size 300, cohesion 0.
  Completed 100 iterations for size 300, cohesion 10.
  Completed 100 iterations for size 300, cohesion 20.

Results successfully written to job80227/comparison_results_linearSwitchFromRandom_300_c0-10-20.json
  Completed 100 iterations for size 300, cohesion 0.
  Completed 100 iterations for size 300, cohesion 10.
  Completed 100 iterations for size 300, cohesion 20.

Results successfully written to job80227/comparison_results_linearSwitchFromRandom_300_c0-10-20.json
  Completed 100 iterations for size 300, cohesion 0.
  Completed 100 iterations for size 300, cohesion 10.
  Completed 100 iterations for size 300, cohesion 20.

Results successfully written to job80227/comparison_results_linearSwitchFromRandom_300_c0-10-20.json
  Completed 100 iterations for size 300, cohesion 0.
  Completed 100 iterations for size 300, cohesion 10.
  Completed 100 iterations for size 300, cohesion 20.

Results successfully written to job80227/comparison_results_linearSwitchFromRandom_300_c0-10-20.json
  Completed 100 iterations for size 300, cohesion 0.
  Completed 100 iterations for size 300, cohesion 10.
  Completed 100 iterations for size 300, cohesion 20.

Results successfully written to job80227/comparison_results_linearSwitchFromRandom_300_c0-10-20.json
  Completed 100 iterations for size 300, cohesion 0.
  Completed 100 iterations for size 300, cohesion 10.
  Completed 100 iterations for size 300, cohesion 20.

Results successfully written to job80227/comparison_results_linearSwitchFromRandom_300_c0-10-20.json
  Completed 100 iterations for size 300, cohesion 0.
  Completed 100 iterations for size 300, cohesion 10.
  Completed 100 iterations for size 300, cohesion 20.

Results successfully written to job80227/comparison_results_linearSwitchFromRandom_300_c0-10-20.json
  Completed 100 iterations for size 300, cohesion 0.
  Completed 100 iterations for size 300, cohesion 10.
  Completed 100 iterations for size 300, cohesion 20.

Results successfully written to job80227/comparison_results_linearSwitchFromRandom_300_c0-10-20.json
  Completed 100 iterations for size 300, cohesion 0.
  Completed 100 iterations for size 300, cohesion 10.
  Completed 100 iterations for size 300, cohesion 20.

Results successfully written to job80227/comparison_results_linearSwitchFromRandom_300_c0-10-20.json
  Completed 100 iterations for size 300, cohesion 0.
  Completed 100 iterations for size 300, cohesion 10.
  Completed 100 iterations for size 300, cohesion 20.

Results successfully written to job80227/comparison_results_linearSwitchFromRandom_300_c0-10-20.json
  Completed 100 iterations for size 300, cohesion 0.
  Completed 100 iterations for size 300, cohesion 10.
  Completed 100 iterations for size 300, cohesion 20.

Results successfully written to job80227/comparison_results_linearSwitchFromRandom_300_c0-10-20.json
  Completed 100 iterations for size 300, cohesion 0.
  Completed 100 iterations for size 300, cohesion 10.
  Completed 100 iterations for size 300, cohesion 20.

Results successfully written to job80227/comparison_results_linearSwitchFromRandom_300_c0-10-20.json
  Completed 100 iterations for size 300, cohesion 0.
  Completed 100 iterations for size 300, cohesion 10.
  Completed 100 iterations for size 300, cohesion 20.

Results successfully written to job80227/comparison_results_linearSwitchFromRandom_300_c0-10-20.json
  Completed 100 iterations for size 300, cohesion 0.
  Completed 100 iterations for size 300, cohesion 10.
  Completed 100 iterations for size 300, cohesion 20.

Results successfully written to job80227/comparison_results_linearSwitchFromRandom_300_c0-10-20.json
  Completed 100 iterations for size 300, cohesion 0.
  Completed 100 iterations for size 300, cohesion 10.
  Completed 100 iterations for size 300, cohesion 20.

Results successfully written to job80227/comparison_results_linearSwitchFromRandom_300_c0-10-20.json
  Completed 100 iterations for size 300, cohesion 0.
  Completed 100 iterations for size 300, cohesion 10.
  Completed 100 iterations for size 300, cohesion 20.

Results successfully written to job80227/comparison_results_linearSwitchFromRandom_300_c0-10-20.json
  Completed 100 iterations for size 300, cohesion 0.
  Completed 100 iterations for size 300, cohesion 10.
  Completed 100 iterations for size 300, cohesion 20.

Results successfully written to job80227/comparison_results_linearSwitchFromRandom_300_c0-10-20.json
  Completed 100 iterations for size 300, cohesion 0.
  Completed 100 iterations for size 300, cohesion 10.
  Completed 100 iterations for size 300, cohesion 20.

Results successfully written to job80227/comparison_results_linearSwitchFromRandom_300_c0-10-20.json
  Completed 100 iterations for size 300, cohesion 0.
  Completed 100 iterations for size 300, cohesion 10.
  Completed 100 iterations for size 300, cohesion 20.

Results successfully written to job80227/comparison_results_linearSwitchFromRandom_300_c0-10-20.json
  Completed 100 iterations for size 300, cohesion 0.
  Completed 100 iterations for size 300, cohesion 10.
  Completed 100 iterations for size 300, cohesion 20.

Results successfully written to job80227/comparison_results_linearSwitchFromRandom_300_c0-10-20.json
  Completed 100 iterations for size 300, cohesion 0.
  Completed 100 iterations for size 300, cohesion 10.
  Completed 100 iterations for size 300, cohesion 20.

Results successfully written to job80227/comparison_results_linearSwitchFromRandom_300_c0-10-20.json
  Completed 100 iterations for size 300, cohesion 0.
  Completed 100 iterations for size 300, cohesion 10.
  Completed 100 iterations for size 300, cohesion 20.

Results successfully written to job80227/comparison_results_linearSwitchFromRandom_300_c0-10-20.json
  Completed 100 iterations for size 300, cohesion 0.
  Completed 100 iterations for size 300, cohesion 10.
  Completed 100 iterations for size 300, cohesion 20.

Results successfully written to job80227/comparison_results_linearSwitchFromRandom_300_c0-10-20.json
  Completed 100 iterations for size 300, cohesion 0.
  Completed 100 iterations for size 300, cohesion 10.
  Completed 100 iterations for size 300, cohesion 20.

Results successfully written to job80227/comparison_results_linearSwitchFromRandom_300_c0-10-20.json
  Completed 100 iterations for size 300, cohesion 0.
  Completed 100 iterations for size 300, cohesion 10.
  Completed 100 iterations for size 300, cohesion 20.

Results successfully written to job80227/comparison_results_linearSwitchFromRandom_300_c0-10-20.json
  Completed 100 iterations for size 300, cohesion 0.
  Completed 100 iterations for size 300, cohesion 10.
  Completed 100 iterations for size 300, cohesion 20.

Results successfully written to job80227/comparison_results_linearSwitchFromRandom_300_c0-10-20.json
  Completed 100 iterations for size 300, cohesion 0.
  Completed 100 iterations for size 300, cohesion 10.
  Completed 100 iterations for size 300, cohesion 20.

Results successfully written to job80227/comparison_results_linearSwitchFromRandom_300_c0-10-20.json
  Completed 100 iterations for size 300, cohesion 0.
  Completed 100 iterations for size 300, cohesion 10.
  Completed 100 iterations for size 300, cohesion 20.

Results successfully written to job80227/comparison_results_linearSwitchFromRandom_300_c0-10-20.json
  Completed 100 iterations for size 300, cohesion 0.
  Completed 100 iterations for size 300, cohesion 10.
  Completed 100 iterations for size 300, cohesion 20.

Results successfully written to job80227/comparison_results_linearSwitchFromRandom_300_c0-10-20.json
  Completed 100 iterations for size 300, cohesion 0.
  Completed 100 iterations for size 300, cohesion 10.
  Completed 100 iterations for size 300, cohesion 20.

Results successfully written to job80227/comparison_results_linearSwitchFromRandom_300_c0-10-20.json
  Completed 100 iterations for size 300, cohesion 0.
  Completed 100 iterations for size 300, cohesion 10.
  Completed 100 iterations for size 300, cohesion 20.

Results successfully written to job80227/comparison_results_linearSwitchFromRandom_300_c0-10-20.json
  Completed 100 iterations for size 300, cohesion 0.
  Completed 100 iterations for size 300, cohesion 10.
  Completed 100 iterations for size 300, cohesion 20.

Results successfully written to job80227/comparison_results_linearSwitchFromRandom_300_c0-10-20.json
  Completed 100 iterations for size 300, cohesion 0.
  Completed 100 iterations for size 300, cohesion 10.
  Completed 100 iterations for size 300, cohesion 20.

Results successfully written to job80227/comparison_results_linearSwitchFromRandom_300_c0-10-20.json
  Completed 100 iterations for size 300, cohesion 0.
  Completed 100 iterations for size 300, cohesion 10.
  Completed 100 iterations for size 300, cohesion 20.

Results successfully written to job80227/comparison_results_linearSwitchFromRandom_300_c0-10-20.json
  Completed 100 iterations for size 300, cohesion 0.
  Completed 100 iterations for size 300, cohesion 10.
  Completed 100 iterations for size 300, cohesion 20.

Results successfully written to job80227/comparison_results_linearSwitchFromRandom_300_c0-10-20.json
  Completed 100 iterations for size 300, cohesion 0.
  Completed 100 iterations for size 300, cohesion 10.
  Completed 100 iterations for size 300, cohesion 20.

Results successfully written to job80227/comparison_results_linearSwitchFromRandom_300_c0-10-20.json
  Completed 100 iterations for size 300, cohesion 0.
  Completed 100 iterations for size 300, cohesion 10.
  Completed 100 iterations for size 300, cohesion 20.

Results successfully written to job80227/comparison_results_linearSwitchFromRandom_300_c0-10-20.json
  Completed 100 iterations for size 300, cohesion 0.
  Completed 100 iterations for size 300, cohesion 10.
  Completed 100 iterations for size 300, cohesion 20.

Results successfully written to job80227/comparison_results_linearSwitchFromRandom_300_c0-10-20.json
  Completed 100 iterations for size 300, cohesion 0.
  Completed 100 iterations for size 300, cohesion 10.
  Completed 100 iterations for size 300, cohesion 20.

Results successfully written to job80227/comparison_results_linearSwitchFromRandom_300_c0-10-20.json
  Completed 100 iterations for size 300, cohesion 0.
  Completed 100 iterations for size 300, cohesion 10.
  Completed 100 iterations for size 300, cohesion 20.

Results successfully written to job80227/comparison_results_linearSwitchFromRandom_300_c0-10-20.json
  Completed 100 iterations for size 300, cohesion 0.
  Completed 100 iterations for size 300, cohesion 10.
  Completed 100 iterations for size 300, cohesion 20.

Results successfully written to job80227/comparison_results_linearSwitchFromRandom_300_c0-10-20.json
  Completed 100 iterations for size 300, cohesion 0.
  Completed 100 iterations for size 300, cohesion 10.
  Completed 100 iterations for size 300, cohesion 20.

Results successfully written to job80227/comparison_results_linearSwitchFromRandom_300_c0-10-20.json
  Completed 100 iterations for size 300, cohesion 0.
  Completed 100 iterations for size 300, cohesion 10.
  Completed 100 iterations for size 300, cohesion 20.

Results successfully written to job80227/comparison_results_linearSwitchFromRandom_300_c0-10-20.json
  Completed 100 iterations for size 300, cohesion 0.
  Completed 100 iterations for size 300, cohesion 10.
  Completed 100 iterations for size 300, cohesion 20.

Results successfully written to job80227/comparison_results_linearSwitchFromRandom_300_c0-10-20.json
  Completed 100 iterations for size 300, cohesion 0.
  Completed 100 iterations for size 300, cohesion 10.
  Completed 100 iterations for size 300, cohesion 20.

Results successfully written to job80227/comparison_results_linearSwitchFromRandom_300_c0-10-20.json
  Completed 100 iterations for size 300, cohesion 0.
  Completed 100 iterations for size 300, cohesion 10.
  Completed 100 iterations for size 300, cohesion 20.

Results successfully written to job80227/comparison_results_linearSwitchFromRandom_300_c0-10-20.json
  Completed 100 iterations for size 300, cohesion 0.
  Completed 100 iterations for size 300, cohesion 10.
  Completed 100 iterations for size 300, cohesion 20.

Results successfully written to job80227/comparison_results_linearSwitchFromRandom_300_c0-10-20.json
  Completed 100 iterations for size 300, cohesion 0.
  Completed 100 iterations for size 300, cohesion 10.
  Completed 100 iterations for size 300, cohesion 20.

Results successfully written to job80227/comparison_results_linearSwitchFromRandom_300_c0-10-20.json
  Completed 100 iterations for size 300, cohesion 0.
  Completed 100 iterations for size 300, cohesion 10.
  Completed 100 iterations for size 300, cohesion 20.

Results successfully written to job80227/comparison_results_linearSwitchFromRandom_300_c0-10-20.json
  Completed 100 iterations for size 300, cohesion 0.
  Completed 100 iterations for size 300, cohesion 10.
  Completed 100 iterations for size 300, cohesion 20.

Results successfully written to job80227/comparison_results_linearSwitchFromRandom_300_c0-10-20.json
  Completed 100 iterations for size 300, cohesion 0.
  Completed 100 iterations for size 300, cohesion 10.
  Completed 100 iterations for size 300, cohesion 20.

Results successfully written to job80227/comparison_results_linearSwitchFromRandom_300_c0-10-20.json
  Completed 100 iterations for size 300, cohesion 0.
  Completed 100 iterations for size 300, cohesion 10.
  Completed 100 iterations for size 300, cohesion 20.

Results successfully written to job80227/comparison_results_linearSwitchFromRandom_300_c0-10-20.json
  Completed 100 iterations for size 300, cohesion 0.
  Completed 100 iterations for size 300, cohesion 10.
  Completed 100 iterations for size 300, cohesion 20.

Results successfully written to job80227/comparison_results_linearSwitchFromRandom_300_c0-10-20.json
  Completed 100 iterations for size 300, cohesion 0.
  Completed 100 iterations for size 300, cohesion 10.
  Completed 100 iterations for size 300, cohesion 20.

Results successfully written to job80227/comparison_results_linearSwitchFromRandom_300_c0-10-20.json
  Completed 100 iterations for size 300, cohesion 0.
  Completed 100 iterations for size 300, cohesion 10.
  Completed 100 iterations for size 300, cohesion 20.

Results successfully written to job80227/comparison_results_linearSwitchFromRandom_300_c0-10-20.json
  Completed 100 iterations for size 300, cohesion 0.
  Completed 100 iterations for size 300, cohesion 10.
  Completed 100 iterations for size 300, cohesion 20.

Results successfully written to job80227/comparison_results_linearSwitchFromRandom_300_c0-10-20.json
  Completed 100 iterations for size 300, cohesion 0.
  Completed 100 iterations for size 300, cohesion 10.
  Completed 100 iterations for size 300, cohesion 20.

Results successfully written to job80227/comparison_results_linearSwitchFromRandom_300_c0-10-20.json
  Completed 100 iterations for size 300, cohesion 0.
  Completed 100 iterations for size 300, cohesion 10.
  Completed 100 iterations for size 300, cohesion 20.

Results successfully written to job80227/comparison_results_linearSwitchFromRandom_300_c0-10-20.json
  Completed 100 iterations for size 300, cohesion 0.
  Completed 100 iterations for size 300, cohesion 10.
  Completed 100 iterations for size 300, cohesion 20.

Results successfully written to job80227/comparison_results_linearSwitchFromRandom_300_c0-10-20.json
  Completed 100 iterations for size 300, cohesion 0.
  Completed 100 iterations for size 300, cohesion 10.
  Completed 100 iterations for size 300, cohesion 20.

Results successfully written to job80227/comparison_results_linearSwitchFromRandom_300_c0-10-20.json
  Completed 100 iterations for size 300, cohesion 0.
  Completed 100 iterations for size 300, cohesion 10.
  Completed 100 iterations for size 300, cohesion 20.

Results successfully written to job80227/comparison_results_linearSwitchFromRandom_300_c0-10-20.json
  Completed 100 iterations for size 300, cohesion 0.
  Completed 100 iterations for size 300, cohesion 10.
  Completed 100 iterations for size 300, cohesion 20.

Results successfully written to job80227/comparison_results_linearSwitchFromRandom_300_c0-10-20.json
  Completed 100 iterations for size 300, cohesion 0.
  Completed 100 iterations for size 300, cohesion 10.
  Completed 100 iterations for size 300, cohesion 20.

Results successfully written to job80227/comparison_results_linearSwitchFromRandom_300_c0-10-20.json
  Completed 100 iterations for size 300, cohesion 0.
  Completed 100 iterations for size 300, cohesion 10.
  Completed 100 iterations for size 300, cohesion 20.

Results successfully written to job80227/comparison_results_linearSwitchFromRandom_300_c0-10-20.json
  Completed 100 iterations for size 300, cohesion 0.
  Completed 100 iterations for size 300, cohesion 10.
  Completed 100 iterations for size 300, cohesion 20.

Results successfully written to job80227/comparison_results_linearSwitchFromRandom_300_c0-10-20.json
  Completed 100 iterations for size 300, cohesion 0.
  Completed 100 iterations for size 300, cohesion 10.
  Completed 100 iterations for size 300, cohesion 20.

Results successfully written to job80227/comparison_results_linearSwitchFromRandom_300_c0-10-20.json
  Completed 100 iterations for size 300, cohesion 0.
  Completed 100 iterations for size 300, cohesion 10.
  Completed 100 iterations for size 300, cohesion 20.

Results successfully written to job80227/comparison_results_linearSwitchFromRandom_300_c0-10-20.json

================================================================================
Algorithm                   People    Avg Score  Avg Time(s)
--------------------------------------------------------------------------------
linearSwitchFromRandom         300      11819.0      30.1250
================================================================================

Results successfully written to job80227/comparison_results_linearSwitchFromRandom_300_c0-10-20.json
