Task 45 running algorithm: linearSwitchFromRandom, people: 300, cohesions: 30 40 50
cn17.hpc.itu.dk
aubu
/home/aubu/bachelorProject/hpc-jobs
Running iterations for algorithm: linearSwitchFromRandom
  Completed 100 iterations for size 300, cohesion 30.
  Completed 100 iterations for size 300, cohesion 40.
  Completed 100 iterations for size 300, cohesion 50.

Results successfully written to job80227/comparison_results_linearSwitchFromRandom_300_c30-40-50.json
  Completed 100 iterations for size 300, cohesion 30.
  Completed 100 iterations for size 300, cohesion 40.
  Completed 100 iterations for size 300, cohesion 50.

Results successfully written to job80227/comparison_results_linearSwitchFromRandom_300_c30-40-50.json
  Completed 100 iterations for size 300, cohesion 30.
  Completed 100 iterations for size 300, cohesion 40.
  Completed 100 iterations for size 300, cohesion 50.

Results successfully written to job80227/comparison_results_linearSwitchFromRandom_300_c30-40-50.json
  Completed 100 iterations for size 300, cohesion 30.
  Completed 100 iterations for size 300, cohesion 40.
  Completed 100 iterations for size 300, cohesion 50.

Results successfully written to job80227/comparison_results_linearSwitchFromRandom_300_c30-40-50.json
  Completed 100 iterations for size 300, cohesion 30.
  Completed 100 iterations for size 300, cohesion 40.
  Completed 100 iterations for size 300, cohesion 50.

Results successfully written to job80227/comparison_results_linearSwitchFromRandom_300_c30-40-50.json
  Completed 100 iterations for size 300, cohesion 30.
  Completed 100 iterations for size 300, cohesion 40.
  Completed 100 iterations for size 300, cohesion 50.

Results successfully written to job80227/comparison_results_linearSwitchFromRandom_300_c30-40-50.json
  Completed 100 iterations for size 300, cohesion 30.
  Completed 100 iterations for size 300, cohesion 40.
  Completed 100 iterations for size 300, cohesion 50.

Results successfully written to job80227/comparison_results_linearSwitchFromRandom_300_c30-40-50.json
  Completed 100 iterations for size 300, cohesion 30.
  Completed 100 iterations for size 300, cohesion 40.
  Completed 100 iterations for size 300, cohesion 50.

Results successfully written to job80227/comparison_results_linearSwitchFromRandom_300_c30-40-50.json
  Completed 100 iterations for size 300, cohesion 30.
  Completed 100 iterations for size 300, cohesion 40.
  Completed 100 iterations for size 300, cohesion 50.

Results successfully written to job80227/comparison_results_linearSwitchFromRandom_300_c30-40-50.json
  Completed 100 iterations for size 300, cohesion 30.
  Completed 100 iterations for size 300, cohesion 40.
  Completed 100 iterations for size 300, cohesion 50.

Results successfully written to job80227/comparison_results_linearSwitchFromRandom_300_c30-40-50.json
  Completed 100 iterations for size 300, cohesion 30.
  Completed 100 iterations for size 300, cohesion 40.
  Completed 100 iterations for size 300, cohesion 50.

Results successfully written to job80227/comparison_results_linearSwitchFromRandom_300_c30-40-50.json
  Completed 100 iterations for size 300, cohesion 30.
  Completed 100 iterations for size 300, cohesion 40.
  Completed 100 iterations for size 300, cohesion 50.

Results successfully written to job80227/comparison_results_linearSwitchFromRandom_300_c30-40-50.json
  Completed 100 iterations for size 300, cohesion 30.
  Completed 100 iterations for size 300, cohesion 40.
  Completed 100 iterations for size 300, cohesion 50.

Results successfully written to job80227/comparison_results_linearSwitchFromRandom_300_c30-40-50.json
  Completed 100 iterations for size 300, cohesion 30.
  Completed 100 iterations for size 300, cohesion 40.
  Completed 100 iterations for size 300, cohesion 50.

Results successfully written to job80227/comparison_results_linearSwitchFromRandom_300_c30-40-50.json
  Completed 100 iterations for size 300, cohesion 30.
  Completed 100 iterations for size 300, cohesion 40.
  Completed 100 iterations for size 300, cohesion 50.

Results successfully written to job80227/comparison_results_linearSwitchFromRandom_300_c30-40-50.json
  Completed 100 iterations for size 300, cohesion 30.
  Completed 100 iterations for size 300, cohesion 40.
  Completed 100 iterations for size 300, cohesion 50.

Results successfully written to job80227/comparison_results_linearSwitchFromRandom_300_c30-40-50.json
  Completed 100 iterations for size 300, cohesion 30.
  Completed 100 iterations for size 300, cohesion 40.
  Completed 100 iterations for size 300, cohesion 50.

Results successfully written to job80227/comparison_results_linearSwitchFromRandom_300_c30-40-50.json
  Completed 100 iterations for size 300, cohesion 30.
  Completed 100 iterations for size 300, cohesion 40.
  Completed 100 iterations for size 300, cohesion 50.

Results successfully written to job80227/comparison_results_linearSwitchFromRandom_300_c30-40-50.json
  Completed 100 iterations for size 300, cohesion 30.
  Completed 100 iterations for size 300, cohesion 40.
  Completed 100 iterations for size 300, cohesion 50.

Results successfully written to job80227/comparison_results_linearSwitchFromRandom_300_c30-40-50.json
  Completed 100 iterations for size 300, cohesion 30.
  Completed 100 iterations for size 300, cohesion 40.
  Completed 100 iterations for size 300, cohesion 50.

Results successfully written to job80227/comparison_results_linearSwitchFromRandom_300_c30-40-50.json
  Completed 100 iterations for size 300, cohesion 30.
  Completed 100 iterations for size 300, cohesion 40.
  Completed 100 iterations for size 300, cohesion 50.

Results successfully written to job80227/comparison_results_linearSwitchFromRandom_300_c30-40-50.json
  Completed 100 iterations for size 300, cohesion 30.
  Completed 100 iterations for size 300, cohesion 40.
  Completed 100 iterations for size 300, cohesion 50.

Results successfully written to job80227/comparison_results_linearSwitchFromRandom_300_c30-40-50.json
  Completed 100 iterations for size 300, cohesion 30.
  Completed 100 iterations for size 300, cohesion 40.
  Completed 100 iterations for size 300, cohesion 50.

Results successfully written to job80227/comparison_results_linearSwitchFromRandom_300_c30-40-50.json
  Completed 100 iterations for size 300, cohesion 30.
  Completed 100 iterations for size 300, cohesion 40.
  Completed 100 iterations for size 300, cohesion 50.

Results successfully written to job80227/comparison_results_linearSwitchFromRandom_300_c30-40-50.json
  Completed 100 iterations for size 300, cohesion 30.
  Completed 100 iterations for size 300, cohesion 40.
  Completed 100 iterations for size 300, cohesion 50.

Results successfully written to job80227/comparison_results_linearSwitchFromRandom_300_c30-40-50.json
  Completed 100 iterations for size 300, cohesion 30.
  Completed 100 iterations for size 300, cohesion 40.
  Completed 100 iterations for size 300, cohesion 50.

Results successfully written to job80227/comparison_results_linearSwitchFromRandom_300_c30-40-50.json
  Completed 100 iterations for size 300, cohesion 30.
  Completed 100 iterations for size 300, cohesion 40.
  Completed 100 iterations for size 300, cohesion 50.

Results successfully written to job80227/comparison_results_linearSwitchFromRandom_300_c30-40-50.json
  Completed 100 iterations for size 300, cohesion 30.
  Completed 100 iterations for size 300, cohesion 40.
  Completed 100 iterations for size 300, cohesion 50.

Results successfully written to job80227/comparison_results_linearSwitchFromRandom_300_c30-40-50.json
  Completed 100 iterations for size 300, cohesion 30.
  Completed 100 iterations for size 300, cohesion 40.
  Completed 100 iterations for size 300, cohesion 50.

Results successfully written to job80227/comparison_results_linearSwitchFromRandom_300_c30-40-50.json
  Completed 100 iterations for size 300, cohesion 30.
  Completed 100 iterations for size 300, cohesion 40.
  Completed 100 iterations for size 300, cohesion 50.

Results successfully written to job80227/comparison_results_linearSwitchFromRandom_300_c30-40-50.json
  Completed 100 iterations for size 300, cohesion 30.
  Completed 100 iterations for size 300, cohesion 40.
  Completed 100 iterations for size 300, cohesion 50.

Results successfully written to job80227/comparison_results_linearSwitchFromRandom_300_c30-40-50.json
  Completed 100 iterations for size 300, cohesion 30.
  Completed 100 iterations for size 300, cohesion 40.
  Completed 100 iterations for size 300, cohesion 50.

Results successfully written to job80227/comparison_results_linearSwitchFromRandom_300_c30-40-50.json
  Completed 100 iterations for size 300, cohesion 30.
  Completed 100 iterations for size 300, cohesion 40.
  Completed 100 iterations for size 300, cohesion 50.

Results successfully written to job80227/comparison_results_linearSwitchFromRandom_300_c30-40-50.json
  Completed 100 iterations for size 300, cohesion 30.
  Completed 100 iterations for size 300, cohesion 40.
  Completed 100 iterations for size 300, cohesion 50.

Results successfully written to job80227/comparison_results_linearSwitchFromRandom_300_c30-40-50.json
  Completed 100 iterations for size 300, cohesion 30.
  Completed 100 iterations for size 300, cohesion 40.
  Completed 100 iterations for size 300, cohesion 50.

Results successfully written to job80227/comparison_results_linearSwitchFromRandom_300_c30-40-50.json
  Completed 100 iterations for size 300, cohesion 30.
  Completed 100 iterations for size 300, cohesion 40.
  Completed 100 iterations for size 300, cohesion 50.

Results successfully written to job80227/comparison_results_linearSwitchFromRandom_300_c30-40-50.json
  Completed 100 iterations for size 300, cohesion 30.
  Completed 100 iterations for size 300, cohesion 40.
  Completed 100 iterations for size 300, cohesion 50.

Results successfully written to job80227/comparison_results_linearSwitchFromRandom_300_c30-40-50.json
  Completed 100 iterations for size 300, cohesion 30.
  Completed 100 iterations for size 300, cohesion 40.
  Completed 100 iterations for size 300, cohesion 50.

Results successfully written to job80227/comparison_results_linearSwitchFromRandom_300_c30-40-50.json
  Completed 100 iterations for size 300, cohesion 30.
  Completed 100 iterations for size 300, cohesion 40.
  Completed 100 iterations for size 300, cohesion 50.

Results successfully written to job80227/comparison_results_linearSwitchFromRandom_300_c30-40-50.json
  Completed 100 iterations for size 300, cohesion 30.
  Completed 100 iterations for size 300, cohesion 40.
  Completed 100 iterations for size 300, cohesion 50.

Results successfully written to job80227/comparison_results_linearSwitchFromRandom_300_c30-40-50.json
  Completed 100 iterations for size 300, cohesion 30.
  Completed 100 iterations for size 300, cohesion 40.
  Completed 100 iterations for size 300, cohesion 50.

Results successfully written to job80227/comparison_results_linearSwitchFromRandom_300_c30-40-50.json
  Completed 100 iterations for size 300, cohesion 30.
  Completed 100 iterations for size 300, cohesion 40.
  Completed 100 iterations for size 300, cohesion 50.

Results successfully written to job80227/comparison_results_linearSwitchFromRandom_300_c30-40-50.json
  Completed 100 iterations for size 300, cohesion 30.
  Completed 100 iterations for size 300, cohesion 40.
  Completed 100 iterations for size 300, cohesion 50.

Results successfully written to job80227/comparison_results_linearSwitchFromRandom_300_c30-40-50.json
  Completed 100 iterations for size 300, cohesion 30.
  Completed 100 iterations for size 300, cohesion 40.
  Completed 100 iterations for size 300, cohesion 50.

Results successfully written to job80227/comparison_results_linearSwitchFromRandom_300_c30-40-50.json
  Completed 100 iterations for size 300, cohesion 30.
  Completed 100 iterations for size 300, cohesion 40.
  Completed 100 iterations for size 300, cohesion 50.

Results successfully written to job80227/comparison_results_linearSwitchFromRandom_300_c30-40-50.json
  Completed 100 iterations for size 300, cohesion 30.
  Completed 100 iterations for size 300, cohesion 40.
  Completed 100 iterations for size 300, cohesion 50.

Results successfully written to job80227/comparison_results_linearSwitchFromRandom_300_c30-40-50.json
  Completed 100 iterations for size 300, cohesion 30.
  Completed 100 iterations for size 300, cohesion 40.
  Completed 100 iterations for size 300, cohesion 50.

Results successfully written to job80227/comparison_results_linearSwitchFromRandom_300_c30-40-50.json
  Completed 100 iterations for size 300, cohesion 30.
  Completed 100 iterations for size 300, cohesion 40.
  Completed 100 iterations for size 300, cohesion 50.

Results successfully written to job80227/comparison_results_linearSwitchFromRandom_300_c30-40-50.json
  Completed 100 iterations for size 300, cohesion 30.
  Completed 100 iterations for size 300, cohesion 40.
  Completed 100 iterations for size 300, cohesion 50.

Results successfully written to job80227/comparison_results_linearSwitchFromRandom_300_c30-40-50.json
  Completed 100 iterations for size 300, cohesion 30.
  Completed 100 iterations for size 300, cohesion 40.
  Completed 100 iterations for size 300, cohesion 50.

Results successfully written to job80227/comparison_results_linearSwitchFromRandom_300_c30-40-50.json
  Completed 100 iterations for size 300, cohesion 30.
  Completed 100 iterations for size 300, cohesion 40.
  Completed 100 iterations for size 300, cohesion 50.

Results successfully written to job80227/comparison_results_linearSwitchFromRandom_300_c30-40-50.json
  Completed 100 iterations for size 300, cohesion 30.
  Completed 100 iterations for size 300, cohesion 40.
  Completed 100 iterations for size 300, cohesion 50.

Results successfully written to job80227/comparison_results_linearSwitchFromRandom_300_c30-40-50.json
  Completed 100 iterations for size 300, cohesion 30.
  Completed 100 iterations for size 300, cohesion 40.
  Completed 100 iterations for size 300, cohesion 50.

Results successfully written to job80227/comparison_results_linearSwitchFromRandom_300_c30-40-50.json
  Completed 100 iterations for size 300, cohesion 30.
  Completed 100 iterations for size 300, cohesion 40.
  Completed 100 iterations for size 300, cohesion 50.

Results successfully written to job80227/comparison_results_linearSwitchFromRandom_300_c30-40-50.json
  Completed 100 iterations for size 300, cohesion 30.
  Completed 100 iterations for size 300, cohesion 40.
  Completed 100 iterations for size 300, cohesion 50.

Results successfully written to job80227/comparison_results_linearSwitchFromRandom_300_c30-40-50.json
  Completed 100 iterations for size 300, cohesion 30.
  Completed 100 iterations for size 300, cohesion 40.
  Completed 100 iterations for size 300, cohesion 50.

Results successfully written to job80227/comparison_results_linearSwitchFromRandom_300_c30-40-50.json
  Completed 100 iterations for size 300, cohesion 30.
  Completed 100 iterations for size 300, cohesion 40.
  Completed 100 iterations for size 300, cohesion 50.

Results successfully written to job80227/comparison_results_linearSwitchFromRandom_300_c30-40-50.json
  Completed 100 iterations for size 300, cohesion 30.
  Completed 100 iterations for size 300, cohesion 40.
  Completed 100 iterations for size 300, cohesion 50.

Results successfully written to job80227/comparison_results_linearSwitchFromRandom_300_c30-40-50.json
  Completed 100 iterations for size 300, cohesion 30.
  Completed 100 iterations for size 300, cohesion 40.
  Completed 100 iterations for size 300, cohesion 50.

Results successfully written to job80227/comparison_results_linearSwitchFromRandom_300_c30-40-50.json
  Completed 100 iterations for size 300, cohesion 30.
  Completed 100 iterations for size 300, cohesion 40.
  Completed 100 iterations for size 300, cohesion 50.

Results successfully written to job80227/comparison_results_linearSwitchFromRandom_300_c30-40-50.json
  Completed 100 iterations for size 300, cohesion 30.
  Completed 100 iterations for size 300, cohesion 40.
  Completed 100 iterations for size 300, cohesion 50.

Results successfully written to job80227/comparison_results_linearSwitchFromRandom_300_c30-40-50.json
  Completed 100 iterations for size 300, cohesion 30.
  Completed 100 iterations for size 300, cohesion 40.
  Completed 100 iterations for size 300, cohesion 50.

Results successfully written to job80227/comparison_results_linearSwitchFromRandom_300_c30-40-50.json
  Completed 100 iterations for size 300, cohesion 30.
  Completed 100 iterations for size 300, cohesion 40.
  Completed 100 iterations for size 300, cohesion 50.

Results successfully written to job80227/comparison_results_linearSwitchFromRandom_300_c30-40-50.json
  Completed 100 iterations for size 300, cohesion 30.
  Completed 100 iterations for size 300, cohesion 40.
  Completed 100 iterations for size 300, cohesion 50.

Results successfully written to job80227/comparison_results_linearSwitchFromRandom_300_c30-40-50.json
  Completed 100 iterations for size 300, cohesion 30.
  Completed 100 iterations for size 300, cohesion 40.
  Completed 100 iterations for size 300, cohesion 50.

Results successfully written to job80227/comparison_results_linearSwitchFromRandom_300_c30-40-50.json
  Completed 100 iterations for size 300, cohesion 30.
  Completed 100 iterations for size 300, cohesion 40.
  Completed 100 iterations for size 300, cohesion 50.

Results successfully written to job80227/comparison_results_linearSwitchFromRandom_300_c30-40-50.json
  Completed 100 iterations for size 300, cohesion 30.
  Completed 100 iterations for size 300, cohesion 40.
  Completed 100 iterations for size 300, cohesion 50.

Results successfully written to job80227/comparison_results_linearSwitchFromRandom_300_c30-40-50.json
  Completed 100 iterations for size 300, cohesion 30.
  Completed 100 iterations for size 300, cohesion 40.
  Completed 100 iterations for size 300, cohesion 50.

Results successfully written to job80227/comparison_results_linearSwitchFromRandom_300_c30-40-50.json
  Completed 100 iterations for size 300, cohesion 30.
  Completed 100 iterations for size 300, cohesion 40.
  Completed 100 iterations for size 300, cohesion 50.

Results successfully written to job80227/comparison_results_linearSwitchFromRandom_300_c30-40-50.json
  Completed 100 iterations for size 300, cohesion 30.
  Completed 100 iterations for size 300, cohesion 40.
  Completed 100 iterations for size 300, cohesion 50.

Results successfully written to job80227/comparison_results_linearSwitchFromRandom_300_c30-40-50.json
  Completed 100 iterations for size 300, cohesion 30.
  Completed 100 iterations for size 300, cohesion 40.
  Completed 100 iterations for size 300, cohesion 50.

Results successfully written to job80227/comparison_results_linearSwitchFromRandom_300_c30-40-50.json
  Completed 100 iterations for size 300, cohesion 30.
  Completed 100 iterations for size 300, cohesion 40.
  Completed 100 iterations for size 300, cohesion 50.

Results successfully written to job80227/comparison_results_linearSwitchFromRandom_300_c30-40-50.json
  Completed 100 iterations for size 300, cohesion 30.
  Completed 100 iterations for size 300, cohesion 40.
  Completed 100 iterations for size 300, cohesion 50.

Results successfully written to job80227/comparison_results_linearSwitchFromRandom_300_c30-40-50.json
  Completed 100 iterations for size 300, cohesion 30.
  Completed 100 iterations for size 300, cohesion 40.
  Completed 100 iterations for size 300, cohesion 50.

Results successfully written to job80227/comparison_results_linearSwitchFromRandom_300_c30-40-50.json
  Completed 100 iterations for size 300, cohesion 30.
  Completed 100 iterations for size 300, cohesion 40.
  Completed 100 iterations for size 300, cohesion 50.

Results successfully written to job80227/comparison_results_linearSwitchFromRandom_300_c30-40-50.json
  Completed 100 iterations for size 300, cohesion 30.
  Completed 100 iterations for size 300, cohesion 40.
  Completed 100 iterations for size 300, cohesion 50.

Results successfully written to job80227/comparison_results_linearSwitchFromRandom_300_c30-40-50.json
  Completed 100 iterations for size 300, cohesion 30.
  Completed 100 iterations for size 300, cohesion 40.
  Completed 100 iterations for size 300, cohesion 50.

Results successfully written to job80227/comparison_results_linearSwitchFromRandom_300_c30-40-50.json
  Completed 100 iterations for size 300, cohesion 30.
  Completed 100 iterations for size 300, cohesion 40.
  Completed 100 iterations for size 300, cohesion 50.

Results successfully written to job80227/comparison_results_linearSwitchFromRandom_300_c30-40-50.json
  Completed 100 iterations for size 300, cohesion 30.
  Completed 100 iterations for size 300, cohesion 40.
  Completed 100 iterations for size 300, cohesion 50.

Results successfully written to job80227/comparison_results_linearSwitchFromRandom_300_c30-40-50.json
  Completed 100 iterations for size 300, cohesion 30.
  Completed 100 iterations for size 300, cohesion 40.
  Completed 100 iterations for size 300, cohesion 50.

Results successfully written to job80227/comparison_results_linearSwitchFromRandom_300_c30-40-50.json
  Completed 100 iterations for size 300, cohesion 30.
  Completed 100 iterations for size 300, cohesion 40.
  Completed 100 iterations for size 300, cohesion 50.

Results successfully written to job80227/comparison_results_linearSwitchFromRandom_300_c30-40-50.json
  Completed 100 iterations for size 300, cohesion 30.
  Completed 100 iterations for size 300, cohesion 40.
  Completed 100 iterations for size 300, cohesion 50.

Results successfully written to job80227/comparison_results_linearSwitchFromRandom_300_c30-40-50.json
  Completed 100 iterations for size 300, cohesion 30.
  Completed 100 iterations for size 300, cohesion 40.
  Completed 100 iterations for size 300, cohesion 50.

Results successfully written to job80227/comparison_results_linearSwitchFromRandom_300_c30-40-50.json
  Completed 100 iterations for size 300, cohesion 30.
  Completed 100 iterations for size 300, cohesion 40.
  Completed 100 iterations for size 300, cohesion 50.

Results successfully written to job80227/comparison_results_linearSwitchFromRandom_300_c30-40-50.json
  Completed 100 iterations for size 300, cohesion 30.
  Completed 100 iterations for size 300, cohesion 40.
  Completed 100 iterations for size 300, cohesion 50.

Results successfully written to job80227/comparison_results_linearSwitchFromRandom_300_c30-40-50.json
  Completed 100 iterations for size 300, cohesion 30.
  Completed 100 iterations for size 300, cohesion 40.
  Completed 100 iterations for size 300, cohesion 50.

Results successfully written to job80227/comparison_results_linearSwitchFromRandom_300_c30-40-50.json
  Completed 100 iterations for size 300, cohesion 30.
  Completed 100 iterations for size 300, cohesion 40.
  Completed 100 iterations for size 300, cohesion 50.

Results successfully written to job80227/comparison_results_linearSwitchFromRandom_300_c30-40-50.json
  Completed 100 iterations for size 300, cohesion 30.
  Completed 100 iterations for size 300, cohesion 40.
  Completed 100 iterations for size 300, cohesion 50.

Results successfully written to job80227/comparison_results_linearSwitchFromRandom_300_c30-40-50.json
  Completed 100 iterations for size 300, cohesion 30.
  Completed 100 iterations for size 300, cohesion 40.
  Completed 100 iterations for size 300, cohesion 50.

Results successfully written to job80227/comparison_results_linearSwitchFromRandom_300_c30-40-50.json
  Completed 100 iterations for size 300, cohesion 30.
  Completed 100 iterations for size 300, cohesion 40.
  Completed 100 iterations for size 300, cohesion 50.

Results successfully written to job80227/comparison_results_linearSwitchFromRandom_300_c30-40-50.json
  Completed 100 iterations for size 300, cohesion 30.
  Completed 100 iterations for size 300, cohesion 40.
  Completed 100 iterations for size 300, cohesion 50.

Results successfully written to job80227/comparison_results_linearSwitchFromRandom_300_c30-40-50.json
  Completed 100 iterations for size 300, cohesion 30.
  Completed 100 iterations for size 300, cohesion 40.
  Completed 100 iterations for size 300, cohesion 50.

Results successfully written to job80227/comparison_results_linearSwitchFromRandom_300_c30-40-50.json
  Completed 100 iterations for size 300, cohesion 30.
  Completed 100 iterations for size 300, cohesion 40.
  Completed 100 iterations for size 300, cohesion 50.

Results successfully written to job80227/comparison_results_linearSwitchFromRandom_300_c30-40-50.json
  Completed 100 iterations for size 300, cohesion 30.
  Completed 100 iterations for size 300, cohesion 40.
  Completed 100 iterations for size 300, cohesion 50.

Results successfully written to job80227/comparison_results_linearSwitchFromRandom_300_c30-40-50.json
  Completed 100 iterations for size 300, cohesion 30.
  Completed 100 iterations for size 300, cohesion 40.
  Completed 100 iterations for size 300, cohesion 50.

Results successfully written to job80227/comparison_results_linearSwitchFromRandom_300_c30-40-50.json
  Completed 100 iterations for size 300, cohesion 30.
  Completed 100 iterations for size 300, cohesion 40.
  Completed 100 iterations for size 300, cohesion 50.

Results successfully written to job80227/comparison_results_linearSwitchFromRandom_300_c30-40-50.json
  Completed 100 iterations for size 300, cohesion 30.
  Completed 100 iterations for size 300, cohesion 40.
  Completed 100 iterations for size 300, cohesion 50.

Results successfully written to job80227/comparison_results_linearSwitchFromRandom_300_c30-40-50.json
  Completed 100 iterations for size 300, cohesion 30.
  Completed 100 iterations for size 300, cohesion 40.
  Completed 100 iterations for size 300, cohesion 50.

Results successfully written to job80227/comparison_results_linearSwitchFromRandom_300_c30-40-50.json
  Completed 100 iterations for size 300, cohesion 30.
  Completed 100 iterations for size 300, cohesion 40.
  Completed 100 iterations for size 300, cohesion 50.

Results successfully written to job80227/comparison_results_linearSwitchFromRandom_300_c30-40-50.json
  Completed 100 iterations for size 300, cohesion 30.
  Completed 100 iterations for size 300, cohesion 40.
  Completed 100 iterations for size 300, cohesion 50.

Results successfully written to job80227/comparison_results_linearSwitchFromRandom_300_c30-40-50.json

================================================================================
Algorithm                   People    Avg Score  Avg Time(s)
--------------------------------------------------------------------------------
linearSwitchFromRandom         300      13135.9      30.1228
================================================================================

Results successfully written to job80227/comparison_results_linearSwitchFromRandom_300_c30-40-50.json
