Task 46 running algorithm: linearSwitchFromRandom, people: 300, cohesions: 60 70 80
cn17.hpc.itu.dk
aubu
/home/aubu/bachelorProject/hpc-jobs
Running iterations for algorithm: linearSwitchFromRandom
  Completed 100 iterations for size 300, cohesion 60.
  Completed 100 iterations for size 300, cohesion 70.
  Completed 100 iterations for size 300, cohesion 80.

Results successfully written to job80227/comparison_results_linearSwitchFromRandom_300_c60-70-80.json
  Completed 100 iterations for size 300, cohesion 60.
  Completed 100 iterations for size 300, cohesion 70.
  Completed 100 iterations for size 300, cohesion 80.

Results successfully written to job80227/comparison_results_linearSwitchFromRandom_300_c60-70-80.json
  Completed 100 iterations for size 300, cohesion 60.
  Completed 100 iterations for size 300, cohesion 70.
  Completed 100 iterations for size 300, cohesion 80.

Results successfully written to job80227/comparison_results_linearSwitchFromRandom_300_c60-70-80.json
  Completed 100 iterations for size 300, cohesion 60.
  Completed 100 iterations for size 300, cohesion 70.
  Completed 100 iterations for size 300, cohesion 80.

Results successfully written to job80227/comparison_results_linearSwitchFromRandom_300_c60-70-80.json
  Completed 100 iterations for size 300, cohesion 60.
  Completed 100 iterations for size 300, cohesion 70.
  Completed 100 iterations for size 300, cohesion 80.

Results successfully written to job80227/comparison_results_linearSwitchFromRandom_300_c60-70-80.json
  Completed 100 iterations for size 300, cohesion 60.
  Completed 100 iterations for size 300, cohesion 70.
  Completed 100 iterations for size 300, cohesion 80.

Results successfully written to job80227/comparison_results_linearSwitchFromRandom_300_c60-70-80.json
  Completed 100 iterations for size 300, cohesion 60.
  Completed 100 iterations for size 300, cohesion 70.
  Completed 100 iterations for size 300, cohesion 80.

Results successfully written to job80227/comparison_results_linearSwitchFromRandom_300_c60-70-80.json
  Completed 100 iterations for size 300, cohesion 60.
  Completed 100 iterations for size 300, cohesion 70.
  Completed 100 iterations for size 300, cohesion 80.

Results successfully written to job80227/comparison_results_linearSwitchFromRandom_300_c60-70-80.json
  Completed 100 iterations for size 300, cohesion 60.
  Completed 100 iterations for size 300, cohesion 70.
  Completed 100 iterations for size 300, cohesion 80.

Results successfully written to job80227/comparison_results_linearSwitchFromRandom_300_c60-70-80.json
  Completed 100 iterations for size 300, cohesion 60.
  Completed 100 iterations for size 300, cohesion 70.
  Completed 100 iterations for size 300, cohesion 80.

Results successfully written to job80227/comparison_results_linearSwitchFromRandom_300_c60-70-80.json
  Completed 100 iterations for size 300, cohesion 60.
  Completed 100 iterations for size 300, cohesion 70.
  Completed 100 iterations for size 300, cohesion 80.

Results successfully written to job80227/comparison_results_linearSwitchFromRandom_300_c60-70-80.json
  Completed 100 iterations for size 300, cohesion 60.
  Completed 100 iterations for size 300, cohesion 70.
  Completed 100 iterations for size 300, cohesion 80.

Results successfully written to job80227/comparison_results_linearSwitchFromRandom_300_c60-70-80.json
  Completed 100 iterations for size 300, cohesion 60.
  Completed 100 iterations for size 300, cohesion 70.
  Completed 100 iterations for size 300, cohesion 80.

Results successfully written to job80227/comparison_results_linearSwitchFromRandom_300_c60-70-80.json
  Completed 100 iterations for size 300, cohesion 60.
  Completed 100 iterations for size 300, cohesion 70.
  Completed 100 iterations for size 300, cohesion 80.

Results successfully written to job80227/comparison_results_linearSwitchFromRandom_300_c60-70-80.json
  Completed 100 iterations for size 300, cohesion 60.
  Completed 100 iterations for size 300, cohesion 70.
  Completed 100 iterations for size 300, cohesion 80.

Results successfully written to job80227/comparison_results_linearSwitchFromRandom_300_c60-70-80.json
  Completed 100 iterations for size 300, cohesion 60.
  Completed 100 iterations for size 300, cohesion 70.
  Completed 100 iterations for size 300, cohesion 80.

Results successfully written to job80227/comparison_results_linearSwitchFromRandom_300_c60-70-80.json
  Completed 100 iterations for size 300, cohesion 60.
  Completed 100 iterations for size 300, cohesion 70.
  Completed 100 iterations for size 300, cohesion 80.

Results successfully written to job80227/comparison_results_linearSwitchFromRandom_300_c60-70-80.json
  Completed 100 iterations for size 300, cohesion 60.
  Completed 100 iterations for size 300, cohesion 70.
  Completed 100 iterations for size 300, cohesion 80.

Results successfully written to job80227/comparison_results_linearSwitchFromRandom_300_c60-70-80.json
  Completed 100 iterations for size 300, cohesion 60.
  Completed 100 iterations for size 300, cohesion 70.
  Completed 100 iterations for size 300, cohesion 80.

Results successfully written to job80227/comparison_results_linearSwitchFromRandom_300_c60-70-80.json
  Completed 100 iterations for size 300, cohesion 60.
  Completed 100 iterations for size 300, cohesion 70.
  Completed 100 iterations for size 300, cohesion 80.

Results successfully written to job80227/comparison_results_linearSwitchFromRandom_300_c60-70-80.json
  Completed 100 iterations for size 300, cohesion 60.
  Completed 100 iterations for size 300, cohesion 70.
  Completed 100 iterations for size 300, cohesion 80.

Results successfully written to job80227/comparison_results_linearSwitchFromRandom_300_c60-70-80.json
  Completed 100 iterations for size 300, cohesion 60.
  Completed 100 iterations for size 300, cohesion 70.
  Completed 100 iterations for size 300, cohesion 80.

Results successfully written to job80227/comparison_results_linearSwitchFromRandom_300_c60-70-80.json
  Completed 100 iterations for size 300, cohesion 60.
  Completed 100 iterations for size 300, cohesion 70.
  Completed 100 iterations for size 300, cohesion 80.

Results successfully written to job80227/comparison_results_linearSwitchFromRandom_300_c60-70-80.json
  Completed 100 iterations for size 300, cohesion 60.
  Completed 100 iterations for size 300, cohesion 70.
  Completed 100 iterations for size 300, cohesion 80.

Results successfully written to job80227/comparison_results_linearSwitchFromRandom_300_c60-70-80.json
  Completed 100 iterations for size 300, cohesion 60.
  Completed 100 iterations for size 300, cohesion 70.
  Completed 100 iterations for size 300, cohesion 80.

Results successfully written to job80227/comparison_results_linearSwitchFromRandom_300_c60-70-80.json
  Completed 100 iterations for size 300, cohesion 60.
  Completed 100 iterations for size 300, cohesion 70.
  Completed 100 iterations for size 300, cohesion 80.

Results successfully written to job80227/comparison_results_linearSwitchFromRandom_300_c60-70-80.json
  Completed 100 iterations for size 300, cohesion 60.
  Completed 100 iterations for size 300, cohesion 70.
  Completed 100 iterations for size 300, cohesion 80.

Results successfully written to job80227/comparison_results_linearSwitchFromRandom_300_c60-70-80.json
  Completed 100 iterations for size 300, cohesion 60.
  Completed 100 iterations for size 300, cohesion 70.
  Completed 100 iterations for size 300, cohesion 80.

Results successfully written to job80227/comparison_results_linearSwitchFromRandom_300_c60-70-80.json
  Completed 100 iterations for size 300, cohesion 60.
  Completed 100 iterations for size 300, cohesion 70.
  Completed 100 iterations for size 300, cohesion 80.

Results successfully written to job80227/comparison_results_linearSwitchFromRandom_300_c60-70-80.json
  Completed 100 iterations for size 300, cohesion 60.
  Completed 100 iterations for size 300, cohesion 70.
  Completed 100 iterations for size 300, cohesion 80.

Results successfully written to job80227/comparison_results_linearSwitchFromRandom_300_c60-70-80.json
  Completed 100 iterations for size 300, cohesion 60.
  Completed 100 iterations for size 300, cohesion 70.
  Completed 100 iterations for size 300, cohesion 80.

Results successfully written to job80227/comparison_results_linearSwitchFromRandom_300_c60-70-80.json
  Completed 100 iterations for size 300, cohesion 60.
  Completed 100 iterations for size 300, cohesion 70.
  Completed 100 iterations for size 300, cohesion 80.

Results successfully written to job80227/comparison_results_linearSwitchFromRandom_300_c60-70-80.json
  Completed 100 iterations for size 300, cohesion 60.
  Completed 100 iterations for size 300, cohesion 70.
  Completed 100 iterations for size 300, cohesion 80.

Results successfully written to job80227/comparison_results_linearSwitchFromRandom_300_c60-70-80.json
  Completed 100 iterations for size 300, cohesion 60.
  Completed 100 iterations for size 300, cohesion 70.
  Completed 100 iterations for size 300, cohesion 80.

Results successfully written to job80227/comparison_results_linearSwitchFromRandom_300_c60-70-80.json
  Completed 100 iterations for size 300, cohesion 60.
  Completed 100 iterations for size 300, cohesion 70.
  Completed 100 iterations for size 300, cohesion 80.

Results successfully written to job80227/comparison_results_linearSwitchFromRandom_300_c60-70-80.json
  Completed 100 iterations for size 300, cohesion 60.
  Completed 100 iterations for size 300, cohesion 70.
  Completed 100 iterations for size 300, cohesion 80.

Results successfully written to job80227/comparison_results_linearSwitchFromRandom_300_c60-70-80.json
  Completed 100 iterations for size 300, cohesion 60.
  Completed 100 iterations for size 300, cohesion 70.
  Completed 100 iterations for size 300, cohesion 80.

Results successfully written to job80227/comparison_results_linearSwitchFromRandom_300_c60-70-80.json
  Completed 100 iterations for size 300, cohesion 60.
  Completed 100 iterations for size 300, cohesion 70.
  Completed 100 iterations for size 300, cohesion 80.

Results successfully written to job80227/comparison_results_linearSwitchFromRandom_300_c60-70-80.json
  Completed 100 iterations for size 300, cohesion 60.
  Completed 100 iterations for size 300, cohesion 70.
  Completed 100 iterations for size 300, cohesion 80.

Results successfully written to job80227/comparison_results_linearSwitchFromRandom_300_c60-70-80.json
  Completed 100 iterations for size 300, cohesion 60.
  Completed 100 iterations for size 300, cohesion 70.
  Completed 100 iterations for size 300, cohesion 80.

Results successfully written to job80227/comparison_results_linearSwitchFromRandom_300_c60-70-80.json
  Completed 100 iterations for size 300, cohesion 60.
  Completed 100 iterations for size 300, cohesion 70.
  Completed 100 iterations for size 300, cohesion 80.

Results successfully written to job80227/comparison_results_linearSwitchFromRandom_300_c60-70-80.json
  Completed 100 iterations for size 300, cohesion 60.
  Completed 100 iterations for size 300, cohesion 70.
  Completed 100 iterations for size 300, cohesion 80.

Results successfully written to job80227/comparison_results_linearSwitchFromRandom_300_c60-70-80.json
  Completed 100 iterations for size 300, cohesion 60.
  Completed 100 iterations for size 300, cohesion 70.
  Completed 100 iterations for size 300, cohesion 80.

Results successfully written to job80227/comparison_results_linearSwitchFromRandom_300_c60-70-80.json
  Completed 100 iterations for size 300, cohesion 60.
  Completed 100 iterations for size 300, cohesion 70.
  Completed 100 iterations for size 300, cohesion 80.

Results successfully written to job80227/comparison_results_linearSwitchFromRandom_300_c60-70-80.json
  Completed 100 iterations for size 300, cohesion 60.
  Completed 100 iterations for size 300, cohesion 70.
  Completed 100 iterations for size 300, cohesion 80.

Results successfully written to job80227/comparison_results_linearSwitchFromRandom_300_c60-70-80.json
  Completed 100 iterations for size 300, cohesion 60.
  Completed 100 iterations for size 300, cohesion 70.
  Completed 100 iterations for size 300, cohesion 80.

Results successfully written to job80227/comparison_results_linearSwitchFromRandom_300_c60-70-80.json
  Completed 100 iterations for size 300, cohesion 60.
  Completed 100 iterations for size 300, cohesion 70.
  Completed 100 iterations for size 300, cohesion 80.

Results successfully written to job80227/comparison_results_linearSwitchFromRandom_300_c60-70-80.json
  Completed 100 iterations for size 300, cohesion 60.
  Completed 100 iterations for size 300, cohesion 70.
  Completed 100 iterations for size 300, cohesion 80.

Results successfully written to job80227/comparison_results_linearSwitchFromRandom_300_c60-70-80.json
  Completed 100 iterations for size 300, cohesion 60.
  Completed 100 iterations for size 300, cohesion 70.
  Completed 100 iterations for size 300, cohesion 80.

Results successfully written to job80227/comparison_results_linearSwitchFromRandom_300_c60-70-80.json
  Completed 100 iterations for size 300, cohesion 60.
  Completed 100 iterations for size 300, cohesion 70.
  Completed 100 iterations for size 300, cohesion 80.

Results successfully written to job80227/comparison_results_linearSwitchFromRandom_300_c60-70-80.json
  Completed 100 iterations for size 300, cohesion 60.
  Completed 100 iterations for size 300, cohesion 70.
  Completed 100 iterations for size 300, cohesion 80.

Results successfully written to job80227/comparison_results_linearSwitchFromRandom_300_c60-70-80.json
  Completed 100 iterations for size 300, cohesion 60.
  Completed 100 iterations for size 300, cohesion 70.
  Completed 100 iterations for size 300, cohesion 80.

Results successfully written to job80227/comparison_results_linearSwitchFromRandom_300_c60-70-80.json
  Completed 100 iterations for size 300, cohesion 60.
  Completed 100 iterations for size 300, cohesion 70.
  Completed 100 iterations for size 300, cohesion 80.

Results successfully written to job80227/comparison_results_linearSwitchFromRandom_300_c60-70-80.json
  Completed 100 iterations for size 300, cohesion 60.
  Completed 100 iterations for size 300, cohesion 70.
  Completed 100 iterations for size 300, cohesion 80.

Results successfully written to job80227/comparison_results_linearSwitchFromRandom_300_c60-70-80.json
  Completed 100 iterations for size 300, cohesion 60.
  Completed 100 iterations for size 300, cohesion 70.
  Completed 100 iterations for size 300, cohesion 80.

Results successfully written to job80227/comparison_results_linearSwitchFromRandom_300_c60-70-80.json
  Completed 100 iterations for size 300, cohesion 60.
  Completed 100 iterations for size 300, cohesion 70.
  Completed 100 iterations for size 300, cohesion 80.

Results successfully written to job80227/comparison_results_linearSwitchFromRandom_300_c60-70-80.json
  Completed 100 iterations for size 300, cohesion 60.
  Completed 100 iterations for size 300, cohesion 70.
  Completed 100 iterations for size 300, cohesion 80.

Results successfully written to job80227/comparison_results_linearSwitchFromRandom_300_c60-70-80.json
  Completed 100 iterations for size 300, cohesion 60.
  Completed 100 iterations for size 300, cohesion 70.
  Completed 100 iterations for size 300, cohesion 80.

Results successfully written to job80227/comparison_results_linearSwitchFromRandom_300_c60-70-80.json
  Completed 100 iterations for size 300, cohesion 60.
  Completed 100 iterations for size 300, cohesion 70.
  Completed 100 iterations for size 300, cohesion 80.

Results successfully written to job80227/comparison_results_linearSwitchFromRandom_300_c60-70-80.json
  Completed 100 iterations for size 300, cohesion 60.
  Completed 100 iterations for size 300, cohesion 70.
  Completed 100 iterations for size 300, cohesion 80.

Results successfully written to job80227/comparison_results_linearSwitchFromRandom_300_c60-70-80.json
  Completed 100 iterations for size 300, cohesion 60.
  Completed 100 iterations for size 300, cohesion 70.
  Completed 100 iterations for size 300, cohesion 80.

Results successfully written to job80227/comparison_results_linearSwitchFromRandom_300_c60-70-80.json
  Completed 100 iterations for size 300, cohesion 60.
  Completed 100 iterations for size 300, cohesion 70.
  Completed 100 iterations for size 300, cohesion 80.

Results successfully written to job80227/comparison_results_linearSwitchFromRandom_300_c60-70-80.json
  Completed 100 iterations for size 300, cohesion 60.
  Completed 100 iterations for size 300, cohesion 70.
  Completed 100 iterations for size 300, cohesion 80.

Results successfully written to job80227/comparison_results_linearSwitchFromRandom_300_c60-70-80.json
  Completed 100 iterations for size 300, cohesion 60.
  Completed 100 iterations for size 300, cohesion 70.
  Completed 100 iterations for size 300, cohesion 80.

Results successfully written to job80227/comparison_results_linearSwitchFromRandom_300_c60-70-80.json
  Completed 100 iterations for size 300, cohesion 60.
  Completed 100 iterations for size 300, cohesion 70.
  Completed 100 iterations for size 300, cohesion 80.

Results successfully written to job80227/comparison_results_linearSwitchFromRandom_300_c60-70-80.json
  Completed 100 iterations for size 300, cohesion 60.
  Completed 100 iterations for size 300, cohesion 70.
  Completed 100 iterations for size 300, cohesion 80.

Results successfully written to job80227/comparison_results_linearSwitchFromRandom_300_c60-70-80.json
  Completed 100 iterations for size 300, cohesion 60.
  Completed 100 iterations for size 300, cohesion 70.
  Completed 100 iterations for size 300, cohesion 80.

Results successfully written to job80227/comparison_results_linearSwitchFromRandom_300_c60-70-80.json
  Completed 100 iterations for size 300, cohesion 60.
  Completed 100 iterations for size 300, cohesion 70.
  Completed 100 iterations for size 300, cohesion 80.

Results successfully written to job80227/comparison_results_linearSwitchFromRandom_300_c60-70-80.json
  Completed 100 iterations for size 300, cohesion 60.
  Completed 100 iterations for size 300, cohesion 70.
  Completed 100 iterations for size 300, cohesion 80.

Results successfully written to job80227/comparison_results_linearSwitchFromRandom_300_c60-70-80.json
  Completed 100 iterations for size 300, cohesion 60.
  Completed 100 iterations for size 300, cohesion 70.
  Completed 100 iterations for size 300, cohesion 80.

Results successfully written to job80227/comparison_results_linearSwitchFromRandom_300_c60-70-80.json
  Completed 100 iterations for size 300, cohesion 60.
  Completed 100 iterations for size 300, cohesion 70.
  Completed 100 iterations for size 300, cohesion 80.

Results successfully written to job80227/comparison_results_linearSwitchFromRandom_300_c60-70-80.json
  Completed 100 iterations for size 300, cohesion 60.
  Completed 100 iterations for size 300, cohesion 70.
  Completed 100 iterations for size 300, cohesion 80.

Results successfully written to job80227/comparison_results_linearSwitchFromRandom_300_c60-70-80.json
  Completed 100 iterations for size 300, cohesion 60.
  Completed 100 iterations for size 300, cohesion 70.
  Completed 100 iterations for size 300, cohesion 80.

Results successfully written to job80227/comparison_results_linearSwitchFromRandom_300_c60-70-80.json
  Completed 100 iterations for size 300, cohesion 60.
  Completed 100 iterations for size 300, cohesion 70.
  Completed 100 iterations for size 300, cohesion 80.

Results successfully written to job80227/comparison_results_linearSwitchFromRandom_300_c60-70-80.json
  Completed 100 iterations for size 300, cohesion 60.
  Completed 100 iterations for size 300, cohesion 70.
  Completed 100 iterations for size 300, cohesion 80.

Results successfully written to job80227/comparison_results_linearSwitchFromRandom_300_c60-70-80.json
  Completed 100 iterations for size 300, cohesion 60.
  Completed 100 iterations for size 300, cohesion 70.
  Completed 100 iterations for size 300, cohesion 80.

Results successfully written to job80227/comparison_results_linearSwitchFromRandom_300_c60-70-80.json
  Completed 100 iterations for size 300, cohesion 60.
  Completed 100 iterations for size 300, cohesion 70.
  Completed 100 iterations for size 300, cohesion 80.

Results successfully written to job80227/comparison_results_linearSwitchFromRandom_300_c60-70-80.json
  Completed 100 iterations for size 300, cohesion 60.
  Completed 100 iterations for size 300, cohesion 70.
  Completed 100 iterations for size 300, cohesion 80.

Results successfully written to job80227/comparison_results_linearSwitchFromRandom_300_c60-70-80.json
  Completed 100 iterations for size 300, cohesion 60.
  Completed 100 iterations for size 300, cohesion 70.
  Completed 100 iterations for size 300, cohesion 80.

Results successfully written to job80227/comparison_results_linearSwitchFromRandom_300_c60-70-80.json
  Completed 100 iterations for size 300, cohesion 60.
  Completed 100 iterations for size 300, cohesion 70.
  Completed 100 iterations for size 300, cohesion 80.

Results successfully written to job80227/comparison_results_linearSwitchFromRandom_300_c60-70-80.json
  Completed 100 iterations for size 300, cohesion 60.
  Completed 100 iterations for size 300, cohesion 70.
  Completed 100 iterations for size 300, cohesion 80.

Results successfully written to job80227/comparison_results_linearSwitchFromRandom_300_c60-70-80.json
  Completed 100 iterations for size 300, cohesion 60.
  Completed 100 iterations for size 300, cohesion 70.
  Completed 100 iterations for size 300, cohesion 80.

Results successfully written to job80227/comparison_results_linearSwitchFromRandom_300_c60-70-80.json
  Completed 100 iterations for size 300, cohesion 60.
  Completed 100 iterations for size 300, cohesion 70.
  Completed 100 iterations for size 300, cohesion 80.

Results successfully written to job80227/comparison_results_linearSwitchFromRandom_300_c60-70-80.json
  Completed 100 iterations for size 300, cohesion 60.
  Completed 100 iterations for size 300, cohesion 70.
  Completed 100 iterations for size 300, cohesion 80.

Results successfully written to job80227/comparison_results_linearSwitchFromRandom_300_c60-70-80.json
  Completed 100 iterations for size 300, cohesion 60.
  Completed 100 iterations for size 300, cohesion 70.
  Completed 100 iterations for size 300, cohesion 80.

Results successfully written to job80227/comparison_results_linearSwitchFromRandom_300_c60-70-80.json
  Completed 100 iterations for size 300, cohesion 60.
  Completed 100 iterations for size 300, cohesion 70.
  Completed 100 iterations for size 300, cohesion 80.

Results successfully written to job80227/comparison_results_linearSwitchFromRandom_300_c60-70-80.json
  Completed 100 iterations for size 300, cohesion 60.
  Completed 100 iterations for size 300, cohesion 70.
  Completed 100 iterations for size 300, cohesion 80.

Results successfully written to job80227/comparison_results_linearSwitchFromRandom_300_c60-70-80.json
  Completed 100 iterations for size 300, cohesion 60.
  Completed 100 iterations for size 300, cohesion 70.
  Completed 100 iterations for size 300, cohesion 80.

Results successfully written to job80227/comparison_results_linearSwitchFromRandom_300_c60-70-80.json
  Completed 100 iterations for size 300, cohesion 60.
  Completed 100 iterations for size 300, cohesion 70.
  Completed 100 iterations for size 300, cohesion 80.

Results successfully written to job80227/comparison_results_linearSwitchFromRandom_300_c60-70-80.json
  Completed 100 iterations for size 300, cohesion 60.
  Completed 100 iterations for size 300, cohesion 70.
  Completed 100 iterations for size 300, cohesion 80.

Results successfully written to job80227/comparison_results_linearSwitchFromRandom_300_c60-70-80.json
  Completed 100 iterations for size 300, cohesion 60.
  Completed 100 iterations for size 300, cohesion 70.
  Completed 100 iterations for size 300, cohesion 80.

Results successfully written to job80227/comparison_results_linearSwitchFromRandom_300_c60-70-80.json
  Completed 100 iterations for size 300, cohesion 60.
  Completed 100 iterations for size 300, cohesion 70.
  Completed 100 iterations for size 300, cohesion 80.

Results successfully written to job80227/comparison_results_linearSwitchFromRandom_300_c60-70-80.json
  Completed 100 iterations for size 300, cohesion 60.
  Completed 100 iterations for size 300, cohesion 70.
  Completed 100 iterations for size 300, cohesion 80.

Results successfully written to job80227/comparison_results_linearSwitchFromRandom_300_c60-70-80.json
  Completed 100 iterations for size 300, cohesion 60.
  Completed 100 iterations for size 300, cohesion 70.
  Completed 100 iterations for size 300, cohesion 80.

Results successfully written to job80227/comparison_results_linearSwitchFromRandom_300_c60-70-80.json
  Completed 100 iterations for size 300, cohesion 60.
  Completed 100 iterations for size 300, cohesion 70.
  Completed 100 iterations for size 300, cohesion 80.

Results successfully written to job80227/comparison_results_linearSwitchFromRandom_300_c60-70-80.json
  Completed 100 iterations for size 300, cohesion 60.
  Completed 100 iterations for size 300, cohesion 70.
  Completed 100 iterations for size 300, cohesion 80.

Results successfully written to job80227/comparison_results_linearSwitchFromRandom_300_c60-70-80.json
  Completed 100 iterations for size 300, cohesion 60.
  Completed 100 iterations for size 300, cohesion 70.
  Completed 100 iterations for size 300, cohesion 80.

Results successfully written to job80227/comparison_results_linearSwitchFromRandom_300_c60-70-80.json
  Completed 100 iterations for size 300, cohesion 60.
  Completed 100 iterations for size 300, cohesion 70.
  Completed 100 iterations for size 300, cohesion 80.

Results successfully written to job80227/comparison_results_linearSwitchFromRandom_300_c60-70-80.json
  Completed 100 iterations for size 300, cohesion 60.
  Completed 100 iterations for size 300, cohesion 70.
  Completed 100 iterations for size 300, cohesion 80.

Results successfully written to job80227/comparison_results_linearSwitchFromRandom_300_c60-70-80.json
  Completed 100 iterations for size 300, cohesion 60.
  Completed 100 iterations for size 300, cohesion 70.
  Completed 100 iterations for size 300, cohesion 80.

Results successfully written to job80227/comparison_results_linearSwitchFromRandom_300_c60-70-80.json

================================================================================
Algorithm                   People    Avg Score  Avg Time(s)
--------------------------------------------------------------------------------
linearSwitchFromRandom         300      13969.5      30.1195
================================================================================

Results successfully written to job80227/comparison_results_linearSwitchFromRandom_300_c60-70-80.json
