Task 47 running algorithm: linearSwitchFromRandom, people: 300, cohesions: 90 100
cn17.hpc.itu.dk
aubu
/home/aubu/bachelorProject/hpc-jobs
Running iterations for algorithm: linearSwitchFromRandom
  Completed 100 iterations for size 300, cohesion 90.
  Completed 100 iterations for size 300, cohesion 100.

Results successfully written to job80227/comparison_results_linearSwitchFromRandom_300_c90-100.json
  Completed 100 iterations for size 300, cohesion 90.
  Completed 100 iterations for size 300, cohesion 100.

Results successfully written to job80227/comparison_results_linearSwitchFromRandom_300_c90-100.json
  Completed 100 iterations for size 300, cohesion 90.
  Completed 100 iterations for size 300, cohesion 100.

Results successfully written to job80227/comparison_results_linearSwitchFromRandom_300_c90-100.json
  Completed 100 iterations for size 300, cohesion 90.
  Completed 100 iterations for size 300, cohesion 100.

Results successfully written to job80227/comparison_results_linearSwitchFromRandom_300_c90-100.json
  Completed 100 iterations for size 300, cohesion 90.
  Completed 100 iterations for size 300, cohesion 100.

Results successfully written to job80227/comparison_results_linearSwitchFromRandom_300_c90-100.json
  Completed 100 iterations for size 300, cohesion 90.
  Completed 100 iterations for size 300, cohesion 100.

Results successfully written to job80227/comparison_results_linearSwitchFromRandom_300_c90-100.json
  Completed 100 iterations for size 300, cohesion 90.
  Completed 100 iterations for size 300, cohesion 100.

Results successfully written to job80227/comparison_results_linearSwitchFromRandom_300_c90-100.json
  Completed 100 iterations for size 300, cohesion 90.
  Completed 100 iterations for size 300, cohesion 100.

Results successfully written to job80227/comparison_results_linearSwitchFromRandom_300_c90-100.json
  Completed 100 iterations for size 300, cohesion 90.
  Completed 100 iterations for size 300, cohesion 100.

Results successfully written to job80227/comparison_results_linearSwitchFromRandom_300_c90-100.json
  Completed 100 iterations for size 300, cohesion 90.
  Completed 100 iterations for size 300, cohesion 100.

Results successfully written to job80227/comparison_results_linearSwitchFromRandom_300_c90-100.json
  Completed 100 iterations for size 300, cohesion 90.
  Completed 100 iterations for size 300, cohesion 100.

Results successfully written to job80227/comparison_results_linearSwitchFromRandom_300_c90-100.json
  Completed 100 iterations for size 300, cohesion 90.
  Completed 100 iterations for size 300, cohesion 100.

Results successfully written to job80227/comparison_results_linearSwitchFromRandom_300_c90-100.json
  Completed 100 iterations for size 300, cohesion 90.
  Completed 100 iterations for size 300, cohesion 100.

Results successfully written to job80227/comparison_results_linearSwitchFromRandom_300_c90-100.json
  Completed 100 iterations for size 300, cohesion 90.
  Completed 100 iterations for size 300, cohesion 100.

Results successfully written to job80227/comparison_results_linearSwitchFromRandom_300_c90-100.json
  Completed 100 iterations for size 300, cohesion 90.
  Completed 100 iterations for size 300, cohesion 100.

Results successfully written to job80227/comparison_results_linearSwitchFromRandom_300_c90-100.json
  Completed 100 iterations for size 300, cohesion 90.
  Completed 100 iterations for size 300, cohesion 100.

Results successfully written to job80227/comparison_results_linearSwitchFromRandom_300_c90-100.json
  Completed 100 iterations for size 300, cohesion 90.
  Completed 100 iterations for size 300, cohesion 100.

Results successfully written to job80227/comparison_results_linearSwitchFromRandom_300_c90-100.json
  Completed 100 iterations for size 300, cohesion 90.
  Completed 100 iterations for size 300, cohesion 100.

Results successfully written to job80227/comparison_results_linearSwitchFromRandom_300_c90-100.json
  Completed 100 iterations for size 300, cohesion 90.
  Completed 100 iterations for size 300, cohesion 100.

Results successfully written to job80227/comparison_results_linearSwitchFromRandom_300_c90-100.json
  Completed 100 iterations for size 300, cohesion 90.
  Completed 100 iterations for size 300, cohesion 100.

Results successfully written to job80227/comparison_results_linearSwitchFromRandom_300_c90-100.json
  Completed 100 iterations for size 300, cohesion 90.
  Completed 100 iterations for size 300, cohesion 100.

Results successfully written to job80227/comparison_results_linearSwitchFromRandom_300_c90-100.json
  Completed 100 iterations for size 300, cohesion 90.
  Completed 100 iterations for size 300, cohesion 100.

Results successfully written to job80227/comparison_results_linearSwitchFromRandom_300_c90-100.json
  Completed 100 iterations for size 300, cohesion 90.
  Completed 100 iterations for size 300, cohesion 100.

Results successfully written to job80227/comparison_results_linearSwitchFromRandom_300_c90-100.json
  Completed 100 iterations for size 300, cohesion 90.
  Completed 100 iterations for size 300, cohesion 100.

Results successfully written to job80227/comparison_results_linearSwitchFromRandom_300_c90-100.json
  Completed 100 iterations for size 300, cohesion 90.
  Completed 100 iterations for size 300, cohesion 100.

Results successfully written to job80227/comparison_results_linearSwitchFromRandom_300_c90-100.json
  Completed 100 iterations for size 300, cohesion 90.
  Completed 100 iterations for size 300, cohesion 100.

Results successfully written to job80227/comparison_results_linearSwitchFromRandom_300_c90-100.json
  Completed 100 iterations for size 300, cohesion 90.
  Completed 100 iterations for size 300, cohesion 100.

Results successfully written to job80227/comparison_results_linearSwitchFromRandom_300_c90-100.json
  Completed 100 iterations for size 300, cohesion 90.
  Completed 100 iterations for size 300, cohesion 100.

Results successfully written to job80227/comparison_results_linearSwitchFromRandom_300_c90-100.json
  Completed 100 iterations for size 300, cohesion 90.
  Completed 100 iterations for size 300, cohesion 100.

Results successfully written to job80227/comparison_results_linearSwitchFromRandom_300_c90-100.json
  Completed 100 iterations for size 300, cohesion 90.
  Completed 100 iterations for size 300, cohesion 100.

Results successfully written to job80227/comparison_results_linearSwitchFromRandom_300_c90-100.json
  Completed 100 iterations for size 300, cohesion 90.
  Completed 100 iterations for size 300, cohesion 100.

Results successfully written to job80227/comparison_results_linearSwitchFromRandom_300_c90-100.json
  Completed 100 iterations for size 300, cohesion 90.
  Completed 100 iterations for size 300, cohesion 100.

Results successfully written to job80227/comparison_results_linearSwitchFromRandom_300_c90-100.json
  Completed 100 iterations for size 300, cohesion 90.
  Completed 100 iterations for size 300, cohesion 100.

Results successfully written to job80227/comparison_results_linearSwitchFromRandom_300_c90-100.json
  Completed 100 iterations for size 300, cohesion 90.
  Completed 100 iterations for size 300, cohesion 100.

Results successfully written to job80227/comparison_results_linearSwitchFromRandom_300_c90-100.json
  Completed 100 iterations for size 300, cohesion 90.
  Completed 100 iterations for size 300, cohesion 100.

Results successfully written to job80227/comparison_results_linearSwitchFromRandom_300_c90-100.json
  Completed 100 iterations for size 300, cohesion 90.
  Completed 100 iterations for size 300, cohesion 100.

Results successfully written to job80227/comparison_results_linearSwitchFromRandom_300_c90-100.json
  Completed 100 iterations for size 300, cohesion 90.
  Completed 100 iterations for size 300, cohesion 100.

Results successfully written to job80227/comparison_results_linearSwitchFromRandom_300_c90-100.json
  Completed 100 iterations for size 300, cohesion 90.
  Completed 100 iterations for size 300, cohesion 100.

Results successfully written to job80227/comparison_results_linearSwitchFromRandom_300_c90-100.json
  Completed 100 iterations for size 300, cohesion 90.
  Completed 100 iterations for size 300, cohesion 100.

Results successfully written to job80227/comparison_results_linearSwitchFromRandom_300_c90-100.json
  Completed 100 iterations for size 300, cohesion 90.
  Completed 100 iterations for size 300, cohesion 100.

Results successfully written to job80227/comparison_results_linearSwitchFromRandom_300_c90-100.json
  Completed 100 iterations for size 300, cohesion 90.
  Completed 100 iterations for size 300, cohesion 100.

Results successfully written to job80227/comparison_results_linearSwitchFromRandom_300_c90-100.json
  Completed 100 iterations for size 300, cohesion 90.
  Completed 100 iterations for size 300, cohesion 100.

Results successfully written to job80227/comparison_results_linearSwitchFromRandom_300_c90-100.json
  Completed 100 iterations for size 300, cohesion 90.
  Completed 100 iterations for size 300, cohesion 100.

Results successfully written to job80227/comparison_results_linearSwitchFromRandom_300_c90-100.json
  Completed 100 iterations for size 300, cohesion 90.
  Completed 100 iterations for size 300, cohesion 100.

Results successfully written to job80227/comparison_results_linearSwitchFromRandom_300_c90-100.json
  Completed 100 iterations for size 300, cohesion 90.
  Completed 100 iterations for size 300, cohesion 100.

Results successfully written to job80227/comparison_results_linearSwitchFromRandom_300_c90-100.json
  Completed 100 iterations for size 300, cohesion 90.
  Completed 100 iterations for size 300, cohesion 100.

Results successfully written to job80227/comparison_results_linearSwitchFromRandom_300_c90-100.json
  Completed 100 iterations for size 300, cohesion 90.
  Completed 100 iterations for size 300, cohesion 100.

Results successfully written to job80227/comparison_results_linearSwitchFromRandom_300_c90-100.json
  Completed 100 iterations for size 300, cohesion 90.
  Completed 100 iterations for size 300, cohesion 100.

Results successfully written to job80227/comparison_results_linearSwitchFromRandom_300_c90-100.json
  Completed 100 iterations for size 300, cohesion 90.
  Completed 100 iterations for size 300, cohesion 100.

Results successfully written to job80227/comparison_results_linearSwitchFromRandom_300_c90-100.json
  Completed 100 iterations for size 300, cohesion 90.
  Completed 100 iterations for size 300, cohesion 100.

Results successfully written to job80227/comparison_results_linearSwitchFromRandom_300_c90-100.json
  Completed 100 iterations for size 300, cohesion 90.
  Completed 100 iterations for size 300, cohesion 100.

Results successfully written to job80227/comparison_results_linearSwitchFromRandom_300_c90-100.json
  Completed 100 iterations for size 300, cohesion 90.
  Completed 100 iterations for size 300, cohesion 100.

Results successfully written to job80227/comparison_results_linearSwitchFromRandom_300_c90-100.json
  Completed 100 iterations for size 300, cohesion 90.
  Completed 100 iterations for size 300, cohesion 100.

Results successfully written to job80227/comparison_results_linearSwitchFromRandom_300_c90-100.json
  Completed 100 iterations for size 300, cohesion 90.
  Completed 100 iterations for size 300, cohesion 100.

Results successfully written to job80227/comparison_results_linearSwitchFromRandom_300_c90-100.json
  Completed 100 iterations for size 300, cohesion 90.
  Completed 100 iterations for size 300, cohesion 100.

Results successfully written to job80227/comparison_results_linearSwitchFromRandom_300_c90-100.json
  Completed 100 iterations for size 300, cohesion 90.
  Completed 100 iterations for size 300, cohesion 100.

Results successfully written to job80227/comparison_results_linearSwitchFromRandom_300_c90-100.json
  Completed 100 iterations for size 300, cohesion 90.
  Completed 100 iterations for size 300, cohesion 100.

Results successfully written to job80227/comparison_results_linearSwitchFromRandom_300_c90-100.json
  Completed 100 iterations for size 300, cohesion 90.
  Completed 100 iterations for size 300, cohesion 100.

Results successfully written to job80227/comparison_results_linearSwitchFromRandom_300_c90-100.json
  Completed 100 iterations for size 300, cohesion 90.
  Completed 100 iterations for size 300, cohesion 100.

Results successfully written to job80227/comparison_results_linearSwitchFromRandom_300_c90-100.json
  Completed 100 iterations for size 300, cohesion 90.
  Completed 100 iterations for size 300, cohesion 100.

Results successfully written to job80227/comparison_results_linearSwitchFromRandom_300_c90-100.json
  Completed 100 iterations for size 300, cohesion 90.
  Completed 100 iterations for size 300, cohesion 100.

Results successfully written to job80227/comparison_results_linearSwitchFromRandom_300_c90-100.json
  Completed 100 iterations for size 300, cohesion 90.
  Completed 100 iterations for size 300, cohesion 100.

Results successfully written to job80227/comparison_results_linearSwitchFromRandom_300_c90-100.json
  Completed 100 iterations for size 300, cohesion 90.
  Completed 100 iterations for size 300, cohesion 100.

Results successfully written to job80227/comparison_results_linearSwitchFromRandom_300_c90-100.json
  Completed 100 iterations for size 300, cohesion 90.
  Completed 100 iterations for size 300, cohesion 100.

Results successfully written to job80227/comparison_results_linearSwitchFromRandom_300_c90-100.json
  Completed 100 iterations for size 300, cohesion 90.
  Completed 100 iterations for size 300, cohesion 100.

Results successfully written to job80227/comparison_results_linearSwitchFromRandom_300_c90-100.json
  Completed 100 iterations for size 300, cohesion 90.
  Completed 100 iterations for size 300, cohesion 100.

Results successfully written to job80227/comparison_results_linearSwitchFromRandom_300_c90-100.json
  Completed 100 iterations for size 300, cohesion 90.
  Completed 100 iterations for size 300, cohesion 100.

Results successfully written to job80227/comparison_results_linearSwitchFromRandom_300_c90-100.json
  Completed 100 iterations for size 300, cohesion 90.
  Completed 100 iterations for size 300, cohesion 100.

Results successfully written to job80227/comparison_results_linearSwitchFromRandom_300_c90-100.json
  Completed 100 iterations for size 300, cohesion 90.
  Completed 100 iterations for size 300, cohesion 100.

Results successfully written to job80227/comparison_results_linearSwitchFromRandom_300_c90-100.json
  Completed 100 iterations for size 300, cohesion 90.
  Completed 100 iterations for size 300, cohesion 100.

Results successfully written to job80227/comparison_results_linearSwitchFromRandom_300_c90-100.json
  Completed 100 iterations for size 300, cohesion 90.
  Completed 100 iterations for size 300, cohesion 100.

Results successfully written to job80227/comparison_results_linearSwitchFromRandom_300_c90-100.json
  Completed 100 iterations for size 300, cohesion 90.
  Completed 100 iterations for size 300, cohesion 100.

Results successfully written to job80227/comparison_results_linearSwitchFromRandom_300_c90-100.json
  Completed 100 iterations for size 300, cohesion 90.
  Completed 100 iterations for size 300, cohesion 100.

Results successfully written to job80227/comparison_results_linearSwitchFromRandom_300_c90-100.json
  Completed 100 iterations for size 300, cohesion 90.
  Completed 100 iterations for size 300, cohesion 100.

Results successfully written to job80227/comparison_results_linearSwitchFromRandom_300_c90-100.json
  Completed 100 iterations for size 300, cohesion 90.
  Completed 100 iterations for size 300, cohesion 100.

Results successfully written to job80227/comparison_results_linearSwitchFromRandom_300_c90-100.json
  Completed 100 iterations for size 300, cohesion 90.
  Completed 100 iterations for size 300, cohesion 100.

Results successfully written to job80227/comparison_results_linearSwitchFromRandom_300_c90-100.json
  Completed 100 iterations for size 300, cohesion 90.
  Completed 100 iterations for size 300, cohesion 100.

Results successfully written to job80227/comparison_results_linearSwitchFromRandom_300_c90-100.json
  Completed 100 iterations for size 300, cohesion 90.
  Completed 100 iterations for size 300, cohesion 100.

Results successfully written to job80227/comparison_results_linearSwitchFromRandom_300_c90-100.json
  Completed 100 iterations for size 300, cohesion 90.
  Completed 100 iterations for size 300, cohesion 100.

Results successfully written to job80227/comparison_results_linearSwitchFromRandom_300_c90-100.json
  Completed 100 iterations for size 300, cohesion 90.
  Completed 100 iterations for size 300, cohesion 100.

Results successfully written to job80227/comparison_results_linearSwitchFromRandom_300_c90-100.json
  Completed 100 iterations for size 300, cohesion 90.
  Completed 100 iterations for size 300, cohesion 100.

Results successfully written to job80227/comparison_results_linearSwitchFromRandom_300_c90-100.json
  Completed 100 iterations for size 300, cohesion 90.
  Completed 100 iterations for size 300, cohesion 100.

Results successfully written to job80227/comparison_results_linearSwitchFromRandom_300_c90-100.json
  Completed 100 iterations for size 300, cohesion 90.
  Completed 100 iterations for size 300, cohesion 100.

Results successfully written to job80227/comparison_results_linearSwitchFromRandom_300_c90-100.json
  Completed 100 iterations for size 300, cohesion 90.
  Completed 100 iterations for size 300, cohesion 100.

Results successfully written to job80227/comparison_results_linearSwitchFromRandom_300_c90-100.json
  Completed 100 iterations for size 300, cohesion 90.
  Completed 100 iterations for size 300, cohesion 100.

Results successfully written to job80227/comparison_results_linearSwitchFromRandom_300_c90-100.json
  Completed 100 iterations for size 300, cohesion 90.
  Completed 100 iterations for size 300, cohesion 100.

Results successfully written to job80227/comparison_results_linearSwitchFromRandom_300_c90-100.json
  Completed 100 iterations for size 300, cohesion 90.
  Completed 100 iterations for size 300, cohesion 100.

Results successfully written to job80227/comparison_results_linearSwitchFromRandom_300_c90-100.json
  Completed 100 iterations for size 300, cohesion 90.
  Completed 100 iterations for size 300, cohesion 100.

Results successfully written to job80227/comparison_results_linearSwitchFromRandom_300_c90-100.json
  Completed 100 iterations for size 300, cohesion 90.
  Completed 100 iterations for size 300, cohesion 100.

Results successfully written to job80227/comparison_results_linearSwitchFromRandom_300_c90-100.json
  Completed 100 iterations for size 300, cohesion 90.
  Completed 100 iterations for size 300, cohesion 100.

Results successfully written to job80227/comparison_results_linearSwitchFromRandom_300_c90-100.json
  Completed 100 iterations for size 300, cohesion 90.
  Completed 100 iterations for size 300, cohesion 100.

Results successfully written to job80227/comparison_results_linearSwitchFromRandom_300_c90-100.json
  Completed 100 iterations for size 300, cohesion 90.
  Completed 100 iterations for size 300, cohesion 100.

Results successfully written to job80227/comparison_results_linearSwitchFromRandom_300_c90-100.json
  Completed 100 iterations for size 300, cohesion 90.
  Completed 100 iterations for size 300, cohesion 100.

Results successfully written to job80227/comparison_results_linearSwitchFromRandom_300_c90-100.json
  Completed 100 iterations for size 300, cohesion 90.
  Completed 100 iterations for size 300, cohesion 100.

Results successfully written to job80227/comparison_results_linearSwitchFromRandom_300_c90-100.json
  Completed 100 iterations for size 300, cohesion 90.
  Completed 100 iterations for size 300, cohesion 100.

Results successfully written to job80227/comparison_results_linearSwitchFromRandom_300_c90-100.json
  Completed 100 iterations for size 300, cohesion 90.
  Completed 100 iterations for size 300, cohesion 100.

Results successfully written to job80227/comparison_results_linearSwitchFromRandom_300_c90-100.json
  Completed 100 iterations for size 300, cohesion 90.
  Completed 100 iterations for size 300, cohesion 100.

Results successfully written to job80227/comparison_results_linearSwitchFromRandom_300_c90-100.json
  Completed 100 iterations for size 300, cohesion 90.
  Completed 100 iterations for size 300, cohesion 100.

Results successfully written to job80227/comparison_results_linearSwitchFromRandom_300_c90-100.json
  Completed 100 iterations for size 300, cohesion 90.
  Completed 100 iterations for size 300, cohesion 100.

Results successfully written to job80227/comparison_results_linearSwitchFromRandom_300_c90-100.json
  Completed 100 iterations for size 300, cohesion 90.
  Completed 100 iterations for size 300, cohesion 100.

Results successfully written to job80227/comparison_results_linearSwitchFromRandom_300_c90-100.json

================================================================================
Algorithm                   People    Avg Score  Avg Time(s)
--------------------------------------------------------------------------------
linearSwitchFromRandom         300      13997.6      30.1226
================================================================================

Results successfully written to job80227/comparison_results_linearSwitchFromRandom_300_c90-100.json
