Task 5 running algorithm: linearSwitchFromGrouped, people: 30, cohesions: 30 40 50
cn8.hpc.itu.dk
aubu
/home/aubu/bachelorProject/hpc-jobs
Running iterations for algorithm: linearSwitchFromGrouped
  Completed 100 iterations for size 30, cohesion 30.
  Completed 100 iterations for size 30, cohesion 40.
  Completed 100 iterations for size 30, cohesion 50.

Results successfully written to job80227/comparison_results_linearSwitchFromGrouped_30_c30-40-50.json
  Completed 100 iterations for size 30, cohesion 30.
  Completed 100 iterations for size 30, cohesion 40.
  Completed 100 iterations for size 30, cohesion 50.

Results successfully written to job80227/comparison_results_linearSwitchFromGrouped_30_c30-40-50.json
  Completed 100 iterations for size 30, cohesion 30.
  Completed 100 iterations for size 30, cohesion 40.
  Completed 100 iterations for size 30, cohesion 50.

Results successfully written to job80227/comparison_results_linearSwitchFromGrouped_30_c30-40-50.json
  Completed 100 iterations for size 30, cohesion 30.
  Completed 100 iterations for size 30, cohesion 40.
  Completed 100 iterations for size 30, cohesion 50.

Results successfully written to job80227/comparison_results_linearSwitchFromGrouped_30_c30-40-50.json
  Completed 100 iterations for size 30, cohesion 30.
  Completed 100 iterations for size 30, cohesion 40.
  Completed 100 iterations for size 30, cohesion 50.

Results successfully written to job80227/comparison_results_linearSwitchFromGrouped_30_c30-40-50.json
  Completed 100 iterations for size 30, cohesion 30.
  Completed 100 iterations for size 30, cohesion 40.
  Completed 100 iterations for size 30, cohesion 50.

Results successfully written to job80227/comparison_results_linearSwitchFromGrouped_30_c30-40-50.json
  Completed 100 iterations for size 30, cohesion 30.
  Completed 100 iterations for size 30, cohesion 40.
  Completed 100 iterations for size 30, cohesion 50.

Results successfully written to job80227/comparison_results_linearSwitchFromGrouped_30_c30-40-50.json
  Completed 100 iterations for size 30, cohesion 30.
  Completed 100 iterations for size 30, cohesion 40.
  Completed 100 iterations for size 30, cohesion 50.

Results successfully written to job80227/comparison_results_linearSwitchFromGrouped_30_c30-40-50.json
  Completed 100 iterations for size 30, cohesion 30.
  Completed 100 iterations for size 30, cohesion 40.
  Completed 100 iterations for size 30, cohesion 50.

Results successfully written to job80227/comparison_results_linearSwitchFromGrouped_30_c30-40-50.json
  Completed 100 iterations for size 30, cohesion 30.
  Completed 100 iterations for size 30, cohesion 40.
  Completed 100 iterations for size 30, cohesion 50.

Results successfully written to job80227/comparison_results_linearSwitchFromGrouped_30_c30-40-50.json
  Completed 100 iterations for size 30, cohesion 30.
  Completed 100 iterations for size 30, cohesion 40.
  Completed 100 iterations for size 30, cohesion 50.

Results successfully written to job80227/comparison_results_linearSwitchFromGrouped_30_c30-40-50.json
  Completed 100 iterations for size 30, cohesion 30.
  Completed 100 iterations for size 30, cohesion 40.
  Completed 100 iterations for size 30, cohesion 50.

Results successfully written to job80227/comparison_results_linearSwitchFromGrouped_30_c30-40-50.json
  Completed 100 iterations for size 30, cohesion 30.
  Completed 100 iterations for size 30, cohesion 40.
  Completed 100 iterations for size 30, cohesion 50.

Results successfully written to job80227/comparison_results_linearSwitchFromGrouped_30_c30-40-50.json
  Completed 100 iterations for size 30, cohesion 30.
  Completed 100 iterations for size 30, cohesion 40.
  Completed 100 iterations for size 30, cohesion 50.

Results successfully written to job80227/comparison_results_linearSwitchFromGrouped_30_c30-40-50.json
  Completed 100 iterations for size 30, cohesion 30.
  Completed 100 iterations for size 30, cohesion 40.
  Completed 100 iterations for size 30, cohesion 50.

Results successfully written to job80227/comparison_results_linearSwitchFromGrouped_30_c30-40-50.json
  Completed 100 iterations for size 30, cohesion 30.
  Completed 100 iterations for size 30, cohesion 40.
  Completed 100 iterations for size 30, cohesion 50.

Results successfully written to job80227/comparison_results_linearSwitchFromGrouped_30_c30-40-50.json
  Completed 100 iterations for size 30, cohesion 30.
  Completed 100 iterations for size 30, cohesion 40.
  Completed 100 iterations for size 30, cohesion 50.

Results successfully written to job80227/comparison_results_linearSwitchFromGrouped_30_c30-40-50.json
  Completed 100 iterations for size 30, cohesion 30.
  Completed 100 iterations for size 30, cohesion 40.
  Completed 100 iterations for size 30, cohesion 50.

Results successfully written to job80227/comparison_results_linearSwitchFromGrouped_30_c30-40-50.json
  Completed 100 iterations for size 30, cohesion 30.
  Completed 100 iterations for size 30, cohesion 40.
  Completed 100 iterations for size 30, cohesion 50.

Results successfully written to job80227/comparison_results_linearSwitchFromGrouped_30_c30-40-50.json
  Completed 100 iterations for size 30, cohesion 30.
  Completed 100 iterations for size 30, cohesion 40.
  Completed 100 iterations for size 30, cohesion 50.

Results successfully written to job80227/comparison_results_linearSwitchFromGrouped_30_c30-40-50.json
  Completed 100 iterations for size 30, cohesion 30.
  Completed 100 iterations for size 30, cohesion 40.
  Completed 100 iterations for size 30, cohesion 50.

Results successfully written to job80227/comparison_results_linearSwitchFromGrouped_30_c30-40-50.json
  Completed 100 iterations for size 30, cohesion 30.
  Completed 100 iterations for size 30, cohesion 40.
  Completed 100 iterations for size 30, cohesion 50.

Results successfully written to job80227/comparison_results_linearSwitchFromGrouped_30_c30-40-50.json
  Completed 100 iterations for size 30, cohesion 30.
  Completed 100 iterations for size 30, cohesion 40.
  Completed 100 iterations for size 30, cohesion 50.

Results successfully written to job80227/comparison_results_linearSwitchFromGrouped_30_c30-40-50.json
  Completed 100 iterations for size 30, cohesion 30.
  Completed 100 iterations for size 30, cohesion 40.
  Completed 100 iterations for size 30, cohesion 50.

Results successfully written to job80227/comparison_results_linearSwitchFromGrouped_30_c30-40-50.json
  Completed 100 iterations for size 30, cohesion 30.
  Completed 100 iterations for size 30, cohesion 40.
  Completed 100 iterations for size 30, cohesion 50.

Results successfully written to job80227/comparison_results_linearSwitchFromGrouped_30_c30-40-50.json
  Completed 100 iterations for size 30, cohesion 30.
  Completed 100 iterations for size 30, cohesion 40.
  Completed 100 iterations for size 30, cohesion 50.

Results successfully written to job80227/comparison_results_linearSwitchFromGrouped_30_c30-40-50.json
  Completed 100 iterations for size 30, cohesion 30.
  Completed 100 iterations for size 30, cohesion 40.
  Completed 100 iterations for size 30, cohesion 50.

Results successfully written to job80227/comparison_results_linearSwitchFromGrouped_30_c30-40-50.json
  Completed 100 iterations for size 30, cohesion 30.
  Completed 100 iterations for size 30, cohesion 40.
  Completed 100 iterations for size 30, cohesion 50.

Results successfully written to job80227/comparison_results_linearSwitchFromGrouped_30_c30-40-50.json
  Completed 100 iterations for size 30, cohesion 30.
  Completed 100 iterations for size 30, cohesion 40.
  Completed 100 iterations for size 30, cohesion 50.

Results successfully written to job80227/comparison_results_linearSwitchFromGrouped_30_c30-40-50.json
  Completed 100 iterations for size 30, cohesion 30.
  Completed 100 iterations for size 30, cohesion 40.
  Completed 100 iterations for size 30, cohesion 50.

Results successfully written to job80227/comparison_results_linearSwitchFromGrouped_30_c30-40-50.json
  Completed 100 iterations for size 30, cohesion 30.
  Completed 100 iterations for size 30, cohesion 40.
  Completed 100 iterations for size 30, cohesion 50.

Results successfully written to job80227/comparison_results_linearSwitchFromGrouped_30_c30-40-50.json
  Completed 100 iterations for size 30, cohesion 30.
  Completed 100 iterations for size 30, cohesion 40.
  Completed 100 iterations for size 30, cohesion 50.

Results successfully written to job80227/comparison_results_linearSwitchFromGrouped_30_c30-40-50.json
  Completed 100 iterations for size 30, cohesion 30.
  Completed 100 iterations for size 30, cohesion 40.
  Completed 100 iterations for size 30, cohesion 50.

Results successfully written to job80227/comparison_results_linearSwitchFromGrouped_30_c30-40-50.json
  Completed 100 iterations for size 30, cohesion 30.
  Completed 100 iterations for size 30, cohesion 40.
  Completed 100 iterations for size 30, cohesion 50.

Results successfully written to job80227/comparison_results_linearSwitchFromGrouped_30_c30-40-50.json
  Completed 100 iterations for size 30, cohesion 30.
  Completed 100 iterations for size 30, cohesion 40.
  Completed 100 iterations for size 30, cohesion 50.

Results successfully written to job80227/comparison_results_linearSwitchFromGrouped_30_c30-40-50.json
  Completed 100 iterations for size 30, cohesion 30.
  Completed 100 iterations for size 30, cohesion 40.
  Completed 100 iterations for size 30, cohesion 50.

Results successfully written to job80227/comparison_results_linearSwitchFromGrouped_30_c30-40-50.json
  Completed 100 iterations for size 30, cohesion 30.
  Completed 100 iterations for size 30, cohesion 40.
  Completed 100 iterations for size 30, cohesion 50.

Results successfully written to job80227/comparison_results_linearSwitchFromGrouped_30_c30-40-50.json
  Completed 100 iterations for size 30, cohesion 30.
  Completed 100 iterations for size 30, cohesion 40.
  Completed 100 iterations for size 30, cohesion 50.

Results successfully written to job80227/comparison_results_linearSwitchFromGrouped_30_c30-40-50.json
  Completed 100 iterations for size 30, cohesion 30.
  Completed 100 iterations for size 30, cohesion 40.
  Completed 100 iterations for size 30, cohesion 50.

Results successfully written to job80227/comparison_results_linearSwitchFromGrouped_30_c30-40-50.json
  Completed 100 iterations for size 30, cohesion 30.
  Completed 100 iterations for size 30, cohesion 40.
  Completed 100 iterations for size 30, cohesion 50.

Results successfully written to job80227/comparison_results_linearSwitchFromGrouped_30_c30-40-50.json
  Completed 100 iterations for size 30, cohesion 30.
  Completed 100 iterations for size 30, cohesion 40.
  Completed 100 iterations for size 30, cohesion 50.

Results successfully written to job80227/comparison_results_linearSwitchFromGrouped_30_c30-40-50.json
  Completed 100 iterations for size 30, cohesion 30.
  Completed 100 iterations for size 30, cohesion 40.
  Completed 100 iterations for size 30, cohesion 50.

Results successfully written to job80227/comparison_results_linearSwitchFromGrouped_30_c30-40-50.json
  Completed 100 iterations for size 30, cohesion 30.
  Completed 100 iterations for size 30, cohesion 40.
  Completed 100 iterations for size 30, cohesion 50.

Results successfully written to job80227/comparison_results_linearSwitchFromGrouped_30_c30-40-50.json
  Completed 100 iterations for size 30, cohesion 30.
  Completed 100 iterations for size 30, cohesion 40.
  Completed 100 iterations for size 30, cohesion 50.

Results successfully written to job80227/comparison_results_linearSwitchFromGrouped_30_c30-40-50.json
  Completed 100 iterations for size 30, cohesion 30.
  Completed 100 iterations for size 30, cohesion 40.
  Completed 100 iterations for size 30, cohesion 50.

Results successfully written to job80227/comparison_results_linearSwitchFromGrouped_30_c30-40-50.json
  Completed 100 iterations for size 30, cohesion 30.
  Completed 100 iterations for size 30, cohesion 40.
  Completed 100 iterations for size 30, cohesion 50.

Results successfully written to job80227/comparison_results_linearSwitchFromGrouped_30_c30-40-50.json
  Completed 100 iterations for size 30, cohesion 30.
  Completed 100 iterations for size 30, cohesion 40.
  Completed 100 iterations for size 30, cohesion 50.

Results successfully written to job80227/comparison_results_linearSwitchFromGrouped_30_c30-40-50.json
  Completed 100 iterations for size 30, cohesion 30.
  Completed 100 iterations for size 30, cohesion 40.
  Completed 100 iterations for size 30, cohesion 50.

Results successfully written to job80227/comparison_results_linearSwitchFromGrouped_30_c30-40-50.json
  Completed 100 iterations for size 30, cohesion 30.
  Completed 100 iterations for size 30, cohesion 40.
  Completed 100 iterations for size 30, cohesion 50.

Results successfully written to job80227/comparison_results_linearSwitchFromGrouped_30_c30-40-50.json
  Completed 100 iterations for size 30, cohesion 30.
  Completed 100 iterations for size 30, cohesion 40.
  Completed 100 iterations for size 30, cohesion 50.

Results successfully written to job80227/comparison_results_linearSwitchFromGrouped_30_c30-40-50.json
  Completed 100 iterations for size 30, cohesion 30.
  Completed 100 iterations for size 30, cohesion 40.
  Completed 100 iterations for size 30, cohesion 50.

Results successfully written to job80227/comparison_results_linearSwitchFromGrouped_30_c30-40-50.json
  Completed 100 iterations for size 30, cohesion 30.
  Completed 100 iterations for size 30, cohesion 40.
  Completed 100 iterations for size 30, cohesion 50.

Results successfully written to job80227/comparison_results_linearSwitchFromGrouped_30_c30-40-50.json
  Completed 100 iterations for size 30, cohesion 30.
  Completed 100 iterations for size 30, cohesion 40.
  Completed 100 iterations for size 30, cohesion 50.

Results successfully written to job80227/comparison_results_linearSwitchFromGrouped_30_c30-40-50.json
  Completed 100 iterations for size 30, cohesion 30.
  Completed 100 iterations for size 30, cohesion 40.
  Completed 100 iterations for size 30, cohesion 50.

Results successfully written to job80227/comparison_results_linearSwitchFromGrouped_30_c30-40-50.json
  Completed 100 iterations for size 30, cohesion 30.
  Completed 100 iterations for size 30, cohesion 40.
  Completed 100 iterations for size 30, cohesion 50.

Results successfully written to job80227/comparison_results_linearSwitchFromGrouped_30_c30-40-50.json
  Completed 100 iterations for size 30, cohesion 30.
  Completed 100 iterations for size 30, cohesion 40.
  Completed 100 iterations for size 30, cohesion 50.

Results successfully written to job80227/comparison_results_linearSwitchFromGrouped_30_c30-40-50.json
  Completed 100 iterations for size 30, cohesion 30.
  Completed 100 iterations for size 30, cohesion 40.
  Completed 100 iterations for size 30, cohesion 50.

Results successfully written to job80227/comparison_results_linearSwitchFromGrouped_30_c30-40-50.json
  Completed 100 iterations for size 30, cohesion 30.
  Completed 100 iterations for size 30, cohesion 40.
  Completed 100 iterations for size 30, cohesion 50.

Results successfully written to job80227/comparison_results_linearSwitchFromGrouped_30_c30-40-50.json
  Completed 100 iterations for size 30, cohesion 30.
  Completed 100 iterations for size 30, cohesion 40.
  Completed 100 iterations for size 30, cohesion 50.

Results successfully written to job80227/comparison_results_linearSwitchFromGrouped_30_c30-40-50.json
  Completed 100 iterations for size 30, cohesion 30.
  Completed 100 iterations for size 30, cohesion 40.
  Completed 100 iterations for size 30, cohesion 50.

Results successfully written to job80227/comparison_results_linearSwitchFromGrouped_30_c30-40-50.json
  Completed 100 iterations for size 30, cohesion 30.
  Completed 100 iterations for size 30, cohesion 40.
  Completed 100 iterations for size 30, cohesion 50.

Results successfully written to job80227/comparison_results_linearSwitchFromGrouped_30_c30-40-50.json
  Completed 100 iterations for size 30, cohesion 30.
  Completed 100 iterations for size 30, cohesion 40.
  Completed 100 iterations for size 30, cohesion 50.

Results successfully written to job80227/comparison_results_linearSwitchFromGrouped_30_c30-40-50.json
  Completed 100 iterations for size 30, cohesion 30.
  Completed 100 iterations for size 30, cohesion 40.
  Completed 100 iterations for size 30, cohesion 50.

Results successfully written to job80227/comparison_results_linearSwitchFromGrouped_30_c30-40-50.json
  Completed 100 iterations for size 30, cohesion 30.
  Completed 100 iterations for size 30, cohesion 40.
  Completed 100 iterations for size 30, cohesion 50.

Results successfully written to job80227/comparison_results_linearSwitchFromGrouped_30_c30-40-50.json
  Completed 100 iterations for size 30, cohesion 30.
  Completed 100 iterations for size 30, cohesion 40.
  Completed 100 iterations for size 30, cohesion 50.

Results successfully written to job80227/comparison_results_linearSwitchFromGrouped_30_c30-40-50.json
  Completed 100 iterations for size 30, cohesion 30.
  Completed 100 iterations for size 30, cohesion 40.
  Completed 100 iterations for size 30, cohesion 50.

Results successfully written to job80227/comparison_results_linearSwitchFromGrouped_30_c30-40-50.json
  Completed 100 iterations for size 30, cohesion 30.
  Completed 100 iterations for size 30, cohesion 40.
  Completed 100 iterations for size 30, cohesion 50.

Results successfully written to job80227/comparison_results_linearSwitchFromGrouped_30_c30-40-50.json
  Completed 100 iterations for size 30, cohesion 30.
  Completed 100 iterations for size 30, cohesion 40.
  Completed 100 iterations for size 30, cohesion 50.

Results successfully written to job80227/comparison_results_linearSwitchFromGrouped_30_c30-40-50.json
  Completed 100 iterations for size 30, cohesion 30.
  Completed 100 iterations for size 30, cohesion 40.
  Completed 100 iterations for size 30, cohesion 50.

Results successfully written to job80227/comparison_results_linearSwitchFromGrouped_30_c30-40-50.json
  Completed 100 iterations for size 30, cohesion 30.
  Completed 100 iterations for size 30, cohesion 40.
  Completed 100 iterations for size 30, cohesion 50.

Results successfully written to job80227/comparison_results_linearSwitchFromGrouped_30_c30-40-50.json
  Completed 100 iterations for size 30, cohesion 30.
  Completed 100 iterations for size 30, cohesion 40.
  Completed 100 iterations for size 30, cohesion 50.

Results successfully written to job80227/comparison_results_linearSwitchFromGrouped_30_c30-40-50.json
  Completed 100 iterations for size 30, cohesion 30.
  Completed 100 iterations for size 30, cohesion 40.
  Completed 100 iterations for size 30, cohesion 50.

Results successfully written to job80227/comparison_results_linearSwitchFromGrouped_30_c30-40-50.json
  Completed 100 iterations for size 30, cohesion 30.
  Completed 100 iterations for size 30, cohesion 40.
  Completed 100 iterations for size 30, cohesion 50.

Results successfully written to job80227/comparison_results_linearSwitchFromGrouped_30_c30-40-50.json
  Completed 100 iterations for size 30, cohesion 30.
  Completed 100 iterations for size 30, cohesion 40.
  Completed 100 iterations for size 30, cohesion 50.

Results successfully written to job80227/comparison_results_linearSwitchFromGrouped_30_c30-40-50.json
  Completed 100 iterations for size 30, cohesion 30.
  Completed 100 iterations for size 30, cohesion 40.
  Completed 100 iterations for size 30, cohesion 50.

Results successfully written to job80227/comparison_results_linearSwitchFromGrouped_30_c30-40-50.json
  Completed 100 iterations for size 30, cohesion 30.
  Completed 100 iterations for size 30, cohesion 40.
  Completed 100 iterations for size 30, cohesion 50.

Results successfully written to job80227/comparison_results_linearSwitchFromGrouped_30_c30-40-50.json
  Completed 100 iterations for size 30, cohesion 30.
  Completed 100 iterations for size 30, cohesion 40.
  Completed 100 iterations for size 30, cohesion 50.

Results successfully written to job80227/comparison_results_linearSwitchFromGrouped_30_c30-40-50.json
  Completed 100 iterations for size 30, cohesion 30.
  Completed 100 iterations for size 30, cohesion 40.
  Completed 100 iterations for size 30, cohesion 50.

Results successfully written to job80227/comparison_results_linearSwitchFromGrouped_30_c30-40-50.json
  Completed 100 iterations for size 30, cohesion 30.
  Completed 100 iterations for size 30, cohesion 40.
  Completed 100 iterations for size 30, cohesion 50.

Results successfully written to job80227/comparison_results_linearSwitchFromGrouped_30_c30-40-50.json
  Completed 100 iterations for size 30, cohesion 30.
  Completed 100 iterations for size 30, cohesion 40.
  Completed 100 iterations for size 30, cohesion 50.

Results successfully written to job80227/comparison_results_linearSwitchFromGrouped_30_c30-40-50.json
  Completed 100 iterations for size 30, cohesion 30.
  Completed 100 iterations for size 30, cohesion 40.
  Completed 100 iterations for size 30, cohesion 50.

Results successfully written to job80227/comparison_results_linearSwitchFromGrouped_30_c30-40-50.json
  Completed 100 iterations for size 30, cohesion 30.
  Completed 100 iterations for size 30, cohesion 40.
  Completed 100 iterations for size 30, cohesion 50.

Results successfully written to job80227/comparison_results_linearSwitchFromGrouped_30_c30-40-50.json
  Completed 100 iterations for size 30, cohesion 30.
  Completed 100 iterations for size 30, cohesion 40.
  Completed 100 iterations for size 30, cohesion 50.

Results successfully written to job80227/comparison_results_linearSwitchFromGrouped_30_c30-40-50.json
  Completed 100 iterations for size 30, cohesion 30.
  Completed 100 iterations for size 30, cohesion 40.
  Completed 100 iterations for size 30, cohesion 50.

Results successfully written to job80227/comparison_results_linearSwitchFromGrouped_30_c30-40-50.json
  Completed 100 iterations for size 30, cohesion 30.
  Completed 100 iterations for size 30, cohesion 40.
  Completed 100 iterations for size 30, cohesion 50.

Results successfully written to job80227/comparison_results_linearSwitchFromGrouped_30_c30-40-50.json
  Completed 100 iterations for size 30, cohesion 30.
  Completed 100 iterations for size 30, cohesion 40.
  Completed 100 iterations for size 30, cohesion 50.

Results successfully written to job80227/comparison_results_linearSwitchFromGrouped_30_c30-40-50.json
  Completed 100 iterations for size 30, cohesion 30.
  Completed 100 iterations for size 30, cohesion 40.
  Completed 100 iterations for size 30, cohesion 50.

Results successfully written to job80227/comparison_results_linearSwitchFromGrouped_30_c30-40-50.json
  Completed 100 iterations for size 30, cohesion 30.
  Completed 100 iterations for size 30, cohesion 40.
  Completed 100 iterations for size 30, cohesion 50.

Results successfully written to job80227/comparison_results_linearSwitchFromGrouped_30_c30-40-50.json
  Completed 100 iterations for size 30, cohesion 30.
  Completed 100 iterations for size 30, cohesion 40.
  Completed 100 iterations for size 30, cohesion 50.

Results successfully written to job80227/comparison_results_linearSwitchFromGrouped_30_c30-40-50.json
  Completed 100 iterations for size 30, cohesion 30.
  Completed 100 iterations for size 30, cohesion 40.
  Completed 100 iterations for size 30, cohesion 50.

Results successfully written to job80227/comparison_results_linearSwitchFromGrouped_30_c30-40-50.json
  Completed 100 iterations for size 30, cohesion 30.
  Completed 100 iterations for size 30, cohesion 40.
  Completed 100 iterations for size 30, cohesion 50.

Results successfully written to job80227/comparison_results_linearSwitchFromGrouped_30_c30-40-50.json
  Completed 100 iterations for size 30, cohesion 30.
  Completed 100 iterations for size 30, cohesion 40.
  Completed 100 iterations for size 30, cohesion 50.

Results successfully written to job80227/comparison_results_linearSwitchFromGrouped_30_c30-40-50.json
  Completed 100 iterations for size 30, cohesion 30.
  Completed 100 iterations for size 30, cohesion 40.
  Completed 100 iterations for size 30, cohesion 50.

Results successfully written to job80227/comparison_results_linearSwitchFromGrouped_30_c30-40-50.json
  Completed 100 iterations for size 30, cohesion 30.
  Completed 100 iterations for size 30, cohesion 40.
  Completed 100 iterations for size 30, cohesion 50.

Results successfully written to job80227/comparison_results_linearSwitchFromGrouped_30_c30-40-50.json
  Completed 100 iterations for size 30, cohesion 30.
  Completed 100 iterations for size 30, cohesion 40.
  Completed 100 iterations for size 30, cohesion 50.

Results successfully written to job80227/comparison_results_linearSwitchFromGrouped_30_c30-40-50.json
  Completed 100 iterations for size 30, cohesion 30.
  Completed 100 iterations for size 30, cohesion 40.
  Completed 100 iterations for size 30, cohesion 50.

Results successfully written to job80227/comparison_results_linearSwitchFromGrouped_30_c30-40-50.json
  Completed 100 iterations for size 30, cohesion 30.
  Completed 100 iterations for size 30, cohesion 40.
  Completed 100 iterations for size 30, cohesion 50.

Results successfully written to job80227/comparison_results_linearSwitchFromGrouped_30_c30-40-50.json
  Completed 100 iterations for size 30, cohesion 30.
  Completed 100 iterations for size 30, cohesion 40.
  Completed 100 iterations for size 30, cohesion 50.

Results successfully written to job80227/comparison_results_linearSwitchFromGrouped_30_c30-40-50.json
  Completed 100 iterations for size 30, cohesion 30.
  Completed 100 iterations for size 30, cohesion 40.
  Completed 100 iterations for size 30, cohesion 50.

Results successfully written to job80227/comparison_results_linearSwitchFromGrouped_30_c30-40-50.json
  Completed 100 iterations for size 30, cohesion 30.
  Completed 100 iterations for size 30, cohesion 40.
  Completed 100 iterations for size 30, cohesion 50.

Results successfully written to job80227/comparison_results_linearSwitchFromGrouped_30_c30-40-50.json

================================================================================
Algorithm                   People    Avg Score  Avg Time(s)
--------------------------------------------------------------------------------
linearSwitchFromGrouped         30       1489.9       1.4072
================================================================================

Results successfully written to job80227/comparison_results_linearSwitchFromGrouped_30_c30-40-50.json
