Task 6 running algorithm: linearSwitchFromGrouped, people: 30, cohesions: 60 70 80
cn8.hpc.itu.dk
aubu
/home/aubu/bachelorProject/hpc-jobs
Running iterations for algorithm: linearSwitchFromGrouped
  Completed 100 iterations for size 30, cohesion 60.
  Completed 100 iterations for size 30, cohesion 70.
  Completed 100 iterations for size 30, cohesion 80.

Results successfully written to job80227/comparison_results_linearSwitchFromGrouped_30_c60-70-80.json
  Completed 100 iterations for size 30, cohesion 60.
  Completed 100 iterations for size 30, cohesion 70.
  Completed 100 iterations for size 30, cohesion 80.

Results successfully written to job80227/comparison_results_linearSwitchFromGrouped_30_c60-70-80.json
  Completed 100 iterations for size 30, cohesion 60.
  Completed 100 iterations for size 30, cohesion 70.
  Completed 100 iterations for size 30, cohesion 80.

Results successfully written to job80227/comparison_results_linearSwitchFromGrouped_30_c60-70-80.json
  Completed 100 iterations for size 30, cohesion 60.
  Completed 100 iterations for size 30, cohesion 70.
  Completed 100 iterations for size 30, cohesion 80.

Results successfully written to job80227/comparison_results_linearSwitchFromGrouped_30_c60-70-80.json
  Completed 100 iterations for size 30, cohesion 60.
  Completed 100 iterations for size 30, cohesion 70.
  Completed 100 iterations for size 30, cohesion 80.

Results successfully written to job80227/comparison_results_linearSwitchFromGrouped_30_c60-70-80.json
  Completed 100 iterations for size 30, cohesion 60.
  Completed 100 iterations for size 30, cohesion 70.
  Completed 100 iterations for size 30, cohesion 80.

Results successfully written to job80227/comparison_results_linearSwitchFromGrouped_30_c60-70-80.json
  Completed 100 iterations for size 30, cohesion 60.
  Completed 100 iterations for size 30, cohesion 70.
  Completed 100 iterations for size 30, cohesion 80.

Results successfully written to job80227/comparison_results_linearSwitchFromGrouped_30_c60-70-80.json
  Completed 100 iterations for size 30, cohesion 60.
  Completed 100 iterations for size 30, cohesion 70.
  Completed 100 iterations for size 30, cohesion 80.

Results successfully written to job80227/comparison_results_linearSwitchFromGrouped_30_c60-70-80.json
  Completed 100 iterations for size 30, cohesion 60.
  Completed 100 iterations for size 30, cohesion 70.
  Completed 100 iterations for size 30, cohesion 80.

Results successfully written to job80227/comparison_results_linearSwitchFromGrouped_30_c60-70-80.json
  Completed 100 iterations for size 30, cohesion 60.
  Completed 100 iterations for size 30, cohesion 70.
  Completed 100 iterations for size 30, cohesion 80.

Results successfully written to job80227/comparison_results_linearSwitchFromGrouped_30_c60-70-80.json
  Completed 100 iterations for size 30, cohesion 60.
  Completed 100 iterations for size 30, cohesion 70.
  Completed 100 iterations for size 30, cohesion 80.

Results successfully written to job80227/comparison_results_linearSwitchFromGrouped_30_c60-70-80.json
  Completed 100 iterations for size 30, cohesion 60.
  Completed 100 iterations for size 30, cohesion 70.
  Completed 100 iterations for size 30, cohesion 80.

Results successfully written to job80227/comparison_results_linearSwitchFromGrouped_30_c60-70-80.json
  Completed 100 iterations for size 30, cohesion 60.
  Completed 100 iterations for size 30, cohesion 70.
  Completed 100 iterations for size 30, cohesion 80.

Results successfully written to job80227/comparison_results_linearSwitchFromGrouped_30_c60-70-80.json
  Completed 100 iterations for size 30, cohesion 60.
  Completed 100 iterations for size 30, cohesion 70.
  Completed 100 iterations for size 30, cohesion 80.

Results successfully written to job80227/comparison_results_linearSwitchFromGrouped_30_c60-70-80.json
  Completed 100 iterations for size 30, cohesion 60.
  Completed 100 iterations for size 30, cohesion 70.
  Completed 100 iterations for size 30, cohesion 80.

Results successfully written to job80227/comparison_results_linearSwitchFromGrouped_30_c60-70-80.json
  Completed 100 iterations for size 30, cohesion 60.
  Completed 100 iterations for size 30, cohesion 70.
  Completed 100 iterations for size 30, cohesion 80.

Results successfully written to job80227/comparison_results_linearSwitchFromGrouped_30_c60-70-80.json
  Completed 100 iterations for size 30, cohesion 60.
  Completed 100 iterations for size 30, cohesion 70.
  Completed 100 iterations for size 30, cohesion 80.

Results successfully written to job80227/comparison_results_linearSwitchFromGrouped_30_c60-70-80.json
  Completed 100 iterations for size 30, cohesion 60.
  Completed 100 iterations for size 30, cohesion 70.
  Completed 100 iterations for size 30, cohesion 80.

Results successfully written to job80227/comparison_results_linearSwitchFromGrouped_30_c60-70-80.json
  Completed 100 iterations for size 30, cohesion 60.
  Completed 100 iterations for size 30, cohesion 70.
  Completed 100 iterations for size 30, cohesion 80.

Results successfully written to job80227/comparison_results_linearSwitchFromGrouped_30_c60-70-80.json
  Completed 100 iterations for size 30, cohesion 60.
  Completed 100 iterations for size 30, cohesion 70.
  Completed 100 iterations for size 30, cohesion 80.

Results successfully written to job80227/comparison_results_linearSwitchFromGrouped_30_c60-70-80.json
  Completed 100 iterations for size 30, cohesion 60.
  Completed 100 iterations for size 30, cohesion 70.
  Completed 100 iterations for size 30, cohesion 80.

Results successfully written to job80227/comparison_results_linearSwitchFromGrouped_30_c60-70-80.json
  Completed 100 iterations for size 30, cohesion 60.
  Completed 100 iterations for size 30, cohesion 70.
  Completed 100 iterations for size 30, cohesion 80.

Results successfully written to job80227/comparison_results_linearSwitchFromGrouped_30_c60-70-80.json
  Completed 100 iterations for size 30, cohesion 60.
  Completed 100 iterations for size 30, cohesion 70.
  Completed 100 iterations for size 30, cohesion 80.

Results successfully written to job80227/comparison_results_linearSwitchFromGrouped_30_c60-70-80.json
  Completed 100 iterations for size 30, cohesion 60.
  Completed 100 iterations for size 30, cohesion 70.
  Completed 100 iterations for size 30, cohesion 80.

Results successfully written to job80227/comparison_results_linearSwitchFromGrouped_30_c60-70-80.json
  Completed 100 iterations for size 30, cohesion 60.
  Completed 100 iterations for size 30, cohesion 70.
  Completed 100 iterations for size 30, cohesion 80.

Results successfully written to job80227/comparison_results_linearSwitchFromGrouped_30_c60-70-80.json
  Completed 100 iterations for size 30, cohesion 60.
  Completed 100 iterations for size 30, cohesion 70.
  Completed 100 iterations for size 30, cohesion 80.

Results successfully written to job80227/comparison_results_linearSwitchFromGrouped_30_c60-70-80.json
  Completed 100 iterations for size 30, cohesion 60.
  Completed 100 iterations for size 30, cohesion 70.
  Completed 100 iterations for size 30, cohesion 80.

Results successfully written to job80227/comparison_results_linearSwitchFromGrouped_30_c60-70-80.json
  Completed 100 iterations for size 30, cohesion 60.
  Completed 100 iterations for size 30, cohesion 70.
  Completed 100 iterations for size 30, cohesion 80.

Results successfully written to job80227/comparison_results_linearSwitchFromGrouped_30_c60-70-80.json
  Completed 100 iterations for size 30, cohesion 60.
  Completed 100 iterations for size 30, cohesion 70.
  Completed 100 iterations for size 30, cohesion 80.

Results successfully written to job80227/comparison_results_linearSwitchFromGrouped_30_c60-70-80.json
  Completed 100 iterations for size 30, cohesion 60.
  Completed 100 iterations for size 30, cohesion 70.
  Completed 100 iterations for size 30, cohesion 80.

Results successfully written to job80227/comparison_results_linearSwitchFromGrouped_30_c60-70-80.json
  Completed 100 iterations for size 30, cohesion 60.
  Completed 100 iterations for size 30, cohesion 70.
  Completed 100 iterations for size 30, cohesion 80.

Results successfully written to job80227/comparison_results_linearSwitchFromGrouped_30_c60-70-80.json
  Completed 100 iterations for size 30, cohesion 60.
  Completed 100 iterations for size 30, cohesion 70.
  Completed 100 iterations for size 30, cohesion 80.

Results successfully written to job80227/comparison_results_linearSwitchFromGrouped_30_c60-70-80.json
  Completed 100 iterations for size 30, cohesion 60.
  Completed 100 iterations for size 30, cohesion 70.
  Completed 100 iterations for size 30, cohesion 80.

Results successfully written to job80227/comparison_results_linearSwitchFromGrouped_30_c60-70-80.json
  Completed 100 iterations for size 30, cohesion 60.
  Completed 100 iterations for size 30, cohesion 70.
  Completed 100 iterations for size 30, cohesion 80.

Results successfully written to job80227/comparison_results_linearSwitchFromGrouped_30_c60-70-80.json
  Completed 100 iterations for size 30, cohesion 60.
  Completed 100 iterations for size 30, cohesion 70.
  Completed 100 iterations for size 30, cohesion 80.

Results successfully written to job80227/comparison_results_linearSwitchFromGrouped_30_c60-70-80.json
  Completed 100 iterations for size 30, cohesion 60.
  Completed 100 iterations for size 30, cohesion 70.
  Completed 100 iterations for size 30, cohesion 80.

Results successfully written to job80227/comparison_results_linearSwitchFromGrouped_30_c60-70-80.json
  Completed 100 iterations for size 30, cohesion 60.
  Completed 100 iterations for size 30, cohesion 70.
  Completed 100 iterations for size 30, cohesion 80.

Results successfully written to job80227/comparison_results_linearSwitchFromGrouped_30_c60-70-80.json
  Completed 100 iterations for size 30, cohesion 60.
  Completed 100 iterations for size 30, cohesion 70.
  Completed 100 iterations for size 30, cohesion 80.

Results successfully written to job80227/comparison_results_linearSwitchFromGrouped_30_c60-70-80.json
  Completed 100 iterations for size 30, cohesion 60.
  Completed 100 iterations for size 30, cohesion 70.
  Completed 100 iterations for size 30, cohesion 80.

Results successfully written to job80227/comparison_results_linearSwitchFromGrouped_30_c60-70-80.json
  Completed 100 iterations for size 30, cohesion 60.
  Completed 100 iterations for size 30, cohesion 70.
  Completed 100 iterations for size 30, cohesion 80.

Results successfully written to job80227/comparison_results_linearSwitchFromGrouped_30_c60-70-80.json
  Completed 100 iterations for size 30, cohesion 60.
  Completed 100 iterations for size 30, cohesion 70.
  Completed 100 iterations for size 30, cohesion 80.

Results successfully written to job80227/comparison_results_linearSwitchFromGrouped_30_c60-70-80.json
  Completed 100 iterations for size 30, cohesion 60.
  Completed 100 iterations for size 30, cohesion 70.
  Completed 100 iterations for size 30, cohesion 80.

Results successfully written to job80227/comparison_results_linearSwitchFromGrouped_30_c60-70-80.json
  Completed 100 iterations for size 30, cohesion 60.
  Completed 100 iterations for size 30, cohesion 70.
  Completed 100 iterations for size 30, cohesion 80.

Results successfully written to job80227/comparison_results_linearSwitchFromGrouped_30_c60-70-80.json
  Completed 100 iterations for size 30, cohesion 60.
  Completed 100 iterations for size 30, cohesion 70.
  Completed 100 iterations for size 30, cohesion 80.

Results successfully written to job80227/comparison_results_linearSwitchFromGrouped_30_c60-70-80.json
  Completed 100 iterations for size 30, cohesion 60.
  Completed 100 iterations for size 30, cohesion 70.
  Completed 100 iterations for size 30, cohesion 80.

Results successfully written to job80227/comparison_results_linearSwitchFromGrouped_30_c60-70-80.json
  Completed 100 iterations for size 30, cohesion 60.
  Completed 100 iterations for size 30, cohesion 70.
  Completed 100 iterations for size 30, cohesion 80.

Results successfully written to job80227/comparison_results_linearSwitchFromGrouped_30_c60-70-80.json
  Completed 100 iterations for size 30, cohesion 60.
  Completed 100 iterations for size 30, cohesion 70.
  Completed 100 iterations for size 30, cohesion 80.

Results successfully written to job80227/comparison_results_linearSwitchFromGrouped_30_c60-70-80.json
  Completed 100 iterations for size 30, cohesion 60.
  Completed 100 iterations for size 30, cohesion 70.
  Completed 100 iterations for size 30, cohesion 80.

Results successfully written to job80227/comparison_results_linearSwitchFromGrouped_30_c60-70-80.json
  Completed 100 iterations for size 30, cohesion 60.
  Completed 100 iterations for size 30, cohesion 70.
  Completed 100 iterations for size 30, cohesion 80.

Results successfully written to job80227/comparison_results_linearSwitchFromGrouped_30_c60-70-80.json
  Completed 100 iterations for size 30, cohesion 60.
  Completed 100 iterations for size 30, cohesion 70.
  Completed 100 iterations for size 30, cohesion 80.

Results successfully written to job80227/comparison_results_linearSwitchFromGrouped_30_c60-70-80.json
  Completed 100 iterations for size 30, cohesion 60.
  Completed 100 iterations for size 30, cohesion 70.
  Completed 100 iterations for size 30, cohesion 80.

Results successfully written to job80227/comparison_results_linearSwitchFromGrouped_30_c60-70-80.json
  Completed 100 iterations for size 30, cohesion 60.
  Completed 100 iterations for size 30, cohesion 70.
  Completed 100 iterations for size 30, cohesion 80.

Results successfully written to job80227/comparison_results_linearSwitchFromGrouped_30_c60-70-80.json
  Completed 100 iterations for size 30, cohesion 60.
  Completed 100 iterations for size 30, cohesion 70.
  Completed 100 iterations for size 30, cohesion 80.

Results successfully written to job80227/comparison_results_linearSwitchFromGrouped_30_c60-70-80.json
  Completed 100 iterations for size 30, cohesion 60.
  Completed 100 iterations for size 30, cohesion 70.
  Completed 100 iterations for size 30, cohesion 80.

Results successfully written to job80227/comparison_results_linearSwitchFromGrouped_30_c60-70-80.json
  Completed 100 iterations for size 30, cohesion 60.
  Completed 100 iterations for size 30, cohesion 70.
  Completed 100 iterations for size 30, cohesion 80.

Results successfully written to job80227/comparison_results_linearSwitchFromGrouped_30_c60-70-80.json
  Completed 100 iterations for size 30, cohesion 60.
  Completed 100 iterations for size 30, cohesion 70.
  Completed 100 iterations for size 30, cohesion 80.

Results successfully written to job80227/comparison_results_linearSwitchFromGrouped_30_c60-70-80.json
  Completed 100 iterations for size 30, cohesion 60.
  Completed 100 iterations for size 30, cohesion 70.
  Completed 100 iterations for size 30, cohesion 80.

Results successfully written to job80227/comparison_results_linearSwitchFromGrouped_30_c60-70-80.json
  Completed 100 iterations for size 30, cohesion 60.
  Completed 100 iterations for size 30, cohesion 70.
  Completed 100 iterations for size 30, cohesion 80.

Results successfully written to job80227/comparison_results_linearSwitchFromGrouped_30_c60-70-80.json
  Completed 100 iterations for size 30, cohesion 60.
  Completed 100 iterations for size 30, cohesion 70.
  Completed 100 iterations for size 30, cohesion 80.

Results successfully written to job80227/comparison_results_linearSwitchFromGrouped_30_c60-70-80.json
  Completed 100 iterations for size 30, cohesion 60.
  Completed 100 iterations for size 30, cohesion 70.
  Completed 100 iterations for size 30, cohesion 80.

Results successfully written to job80227/comparison_results_linearSwitchFromGrouped_30_c60-70-80.json
  Completed 100 iterations for size 30, cohesion 60.
  Completed 100 iterations for size 30, cohesion 70.
  Completed 100 iterations for size 30, cohesion 80.

Results successfully written to job80227/comparison_results_linearSwitchFromGrouped_30_c60-70-80.json
  Completed 100 iterations for size 30, cohesion 60.
  Completed 100 iterations for size 30, cohesion 70.
  Completed 100 iterations for size 30, cohesion 80.

Results successfully written to job80227/comparison_results_linearSwitchFromGrouped_30_c60-70-80.json
  Completed 100 iterations for size 30, cohesion 60.
  Completed 100 iterations for size 30, cohesion 70.
  Completed 100 iterations for size 30, cohesion 80.

Results successfully written to job80227/comparison_results_linearSwitchFromGrouped_30_c60-70-80.json
  Completed 100 iterations for size 30, cohesion 60.
  Completed 100 iterations for size 30, cohesion 70.
  Completed 100 iterations for size 30, cohesion 80.

Results successfully written to job80227/comparison_results_linearSwitchFromGrouped_30_c60-70-80.json
  Completed 100 iterations for size 30, cohesion 60.
  Completed 100 iterations for size 30, cohesion 70.
  Completed 100 iterations for size 30, cohesion 80.

Results successfully written to job80227/comparison_results_linearSwitchFromGrouped_30_c60-70-80.json
  Completed 100 iterations for size 30, cohesion 60.
  Completed 100 iterations for size 30, cohesion 70.
  Completed 100 iterations for size 30, cohesion 80.

Results successfully written to job80227/comparison_results_linearSwitchFromGrouped_30_c60-70-80.json
  Completed 100 iterations for size 30, cohesion 60.
  Completed 100 iterations for size 30, cohesion 70.
  Completed 100 iterations for size 30, cohesion 80.

Results successfully written to job80227/comparison_results_linearSwitchFromGrouped_30_c60-70-80.json
  Completed 100 iterations for size 30, cohesion 60.
  Completed 100 iterations for size 30, cohesion 70.
  Completed 100 iterations for size 30, cohesion 80.

Results successfully written to job80227/comparison_results_linearSwitchFromGrouped_30_c60-70-80.json
  Completed 100 iterations for size 30, cohesion 60.
  Completed 100 iterations for size 30, cohesion 70.
  Completed 100 iterations for size 30, cohesion 80.

Results successfully written to job80227/comparison_results_linearSwitchFromGrouped_30_c60-70-80.json
  Completed 100 iterations for size 30, cohesion 60.
  Completed 100 iterations for size 30, cohesion 70.
  Completed 100 iterations for size 30, cohesion 80.

Results successfully written to job80227/comparison_results_linearSwitchFromGrouped_30_c60-70-80.json
  Completed 100 iterations for size 30, cohesion 60.
  Completed 100 iterations for size 30, cohesion 70.
  Completed 100 iterations for size 30, cohesion 80.

Results successfully written to job80227/comparison_results_linearSwitchFromGrouped_30_c60-70-80.json
  Completed 100 iterations for size 30, cohesion 60.
  Completed 100 iterations for size 30, cohesion 70.
  Completed 100 iterations for size 30, cohesion 80.

Results successfully written to job80227/comparison_results_linearSwitchFromGrouped_30_c60-70-80.json
  Completed 100 iterations for size 30, cohesion 60.
  Completed 100 iterations for size 30, cohesion 70.
  Completed 100 iterations for size 30, cohesion 80.

Results successfully written to job80227/comparison_results_linearSwitchFromGrouped_30_c60-70-80.json
  Completed 100 iterations for size 30, cohesion 60.
  Completed 100 iterations for size 30, cohesion 70.
  Completed 100 iterations for size 30, cohesion 80.

Results successfully written to job80227/comparison_results_linearSwitchFromGrouped_30_c60-70-80.json
  Completed 100 iterations for size 30, cohesion 60.
  Completed 100 iterations for size 30, cohesion 70.
  Completed 100 iterations for size 30, cohesion 80.

Results successfully written to job80227/comparison_results_linearSwitchFromGrouped_30_c60-70-80.json
  Completed 100 iterations for size 30, cohesion 60.
  Completed 100 iterations for size 30, cohesion 70.
  Completed 100 iterations for size 30, cohesion 80.

Results successfully written to job80227/comparison_results_linearSwitchFromGrouped_30_c60-70-80.json
  Completed 100 iterations for size 30, cohesion 60.
  Completed 100 iterations for size 30, cohesion 70.
  Completed 100 iterations for size 30, cohesion 80.

Results successfully written to job80227/comparison_results_linearSwitchFromGrouped_30_c60-70-80.json
  Completed 100 iterations for size 30, cohesion 60.
  Completed 100 iterations for size 30, cohesion 70.
  Completed 100 iterations for size 30, cohesion 80.

Results successfully written to job80227/comparison_results_linearSwitchFromGrouped_30_c60-70-80.json
  Completed 100 iterations for size 30, cohesion 60.
  Completed 100 iterations for size 30, cohesion 70.
  Completed 100 iterations for size 30, cohesion 80.

Results successfully written to job80227/comparison_results_linearSwitchFromGrouped_30_c60-70-80.json
  Completed 100 iterations for size 30, cohesion 60.
  Completed 100 iterations for size 30, cohesion 70.
  Completed 100 iterations for size 30, cohesion 80.

Results successfully written to job80227/comparison_results_linearSwitchFromGrouped_30_c60-70-80.json
  Completed 100 iterations for size 30, cohesion 60.
  Completed 100 iterations for size 30, cohesion 70.
  Completed 100 iterations for size 30, cohesion 80.

Results successfully written to job80227/comparison_results_linearSwitchFromGrouped_30_c60-70-80.json
  Completed 100 iterations for size 30, cohesion 60.
  Completed 100 iterations for size 30, cohesion 70.
  Completed 100 iterations for size 30, cohesion 80.

Results successfully written to job80227/comparison_results_linearSwitchFromGrouped_30_c60-70-80.json
  Completed 100 iterations for size 30, cohesion 60.
  Completed 100 iterations for size 30, cohesion 70.
  Completed 100 iterations for size 30, cohesion 80.

Results successfully written to job80227/comparison_results_linearSwitchFromGrouped_30_c60-70-80.json
  Completed 100 iterations for size 30, cohesion 60.
  Completed 100 iterations for size 30, cohesion 70.
  Completed 100 iterations for size 30, cohesion 80.

Results successfully written to job80227/comparison_results_linearSwitchFromGrouped_30_c60-70-80.json
  Completed 100 iterations for size 30, cohesion 60.
  Completed 100 iterations for size 30, cohesion 70.
  Completed 100 iterations for size 30, cohesion 80.

Results successfully written to job80227/comparison_results_linearSwitchFromGrouped_30_c60-70-80.json
  Completed 100 iterations for size 30, cohesion 60.
  Completed 100 iterations for size 30, cohesion 70.
  Completed 100 iterations for size 30, cohesion 80.

Results successfully written to job80227/comparison_results_linearSwitchFromGrouped_30_c60-70-80.json
  Completed 100 iterations for size 30, cohesion 60.
  Completed 100 iterations for size 30, cohesion 70.
  Completed 100 iterations for size 30, cohesion 80.

Results successfully written to job80227/comparison_results_linearSwitchFromGrouped_30_c60-70-80.json
  Completed 100 iterations for size 30, cohesion 60.
  Completed 100 iterations for size 30, cohesion 70.
  Completed 100 iterations for size 30, cohesion 80.

Results successfully written to job80227/comparison_results_linearSwitchFromGrouped_30_c60-70-80.json
  Completed 100 iterations for size 30, cohesion 60.
  Completed 100 iterations for size 30, cohesion 70.
  Completed 100 iterations for size 30, cohesion 80.

Results successfully written to job80227/comparison_results_linearSwitchFromGrouped_30_c60-70-80.json
  Completed 100 iterations for size 30, cohesion 60.
  Completed 100 iterations for size 30, cohesion 70.
  Completed 100 iterations for size 30, cohesion 80.

Results successfully written to job80227/comparison_results_linearSwitchFromGrouped_30_c60-70-80.json
  Completed 100 iterations for size 30, cohesion 60.
  Completed 100 iterations for size 30, cohesion 70.
  Completed 100 iterations for size 30, cohesion 80.

Results successfully written to job80227/comparison_results_linearSwitchFromGrouped_30_c60-70-80.json
  Completed 100 iterations for size 30, cohesion 60.
  Completed 100 iterations for size 30, cohesion 70.
  Completed 100 iterations for size 30, cohesion 80.

Results successfully written to job80227/comparison_results_linearSwitchFromGrouped_30_c60-70-80.json
  Completed 100 iterations for size 30, cohesion 60.
  Completed 100 iterations for size 30, cohesion 70.
  Completed 100 iterations for size 30, cohesion 80.

Results successfully written to job80227/comparison_results_linearSwitchFromGrouped_30_c60-70-80.json
  Completed 100 iterations for size 30, cohesion 60.
  Completed 100 iterations for size 30, cohesion 70.
  Completed 100 iterations for size 30, cohesion 80.

Results successfully written to job80227/comparison_results_linearSwitchFromGrouped_30_c60-70-80.json
  Completed 100 iterations for size 30, cohesion 60.
  Completed 100 iterations for size 30, cohesion 70.
  Completed 100 iterations for size 30, cohesion 80.

Results successfully written to job80227/comparison_results_linearSwitchFromGrouped_30_c60-70-80.json
  Completed 100 iterations for size 30, cohesion 60.
  Completed 100 iterations for size 30, cohesion 70.
  Completed 100 iterations for size 30, cohesion 80.

Results successfully written to job80227/comparison_results_linearSwitchFromGrouped_30_c60-70-80.json
  Completed 100 iterations for size 30, cohesion 60.
  Completed 100 iterations for size 30, cohesion 70.
  Completed 100 iterations for size 30, cohesion 80.

Results successfully written to job80227/comparison_results_linearSwitchFromGrouped_30_c60-70-80.json
  Completed 100 iterations for size 30, cohesion 60.
  Completed 100 iterations for size 30, cohesion 70.
  Completed 100 iterations for size 30, cohesion 80.

Results successfully written to job80227/comparison_results_linearSwitchFromGrouped_30_c60-70-80.json
  Completed 100 iterations for size 30, cohesion 60.
  Completed 100 iterations for size 30, cohesion 70.
  Completed 100 iterations for size 30, cohesion 80.

Results successfully written to job80227/comparison_results_linearSwitchFromGrouped_30_c60-70-80.json
  Completed 100 iterations for size 30, cohesion 60.
  Completed 100 iterations for size 30, cohesion 70.
  Completed 100 iterations for size 30, cohesion 80.

Results successfully written to job80227/comparison_results_linearSwitchFromGrouped_30_c60-70-80.json

================================================================================
Algorithm                   People    Avg Score  Avg Time(s)
--------------------------------------------------------------------------------
linearSwitchFromGrouped         30       1580.0       1.3948
================================================================================

Results successfully written to job80227/comparison_results_linearSwitchFromGrouped_30_c60-70-80.json
