Task 7 running algorithm: linearSwitchFromGrouped, people: 30, cohesions: 90 100
cn8.hpc.itu.dk
aubu
/home/aubu/bachelorProject/hpc-jobs
Running iterations for algorithm: linearSwitchFromGrouped
  Completed 100 iterations for size 30, cohesion 90.
  Completed 100 iterations for size 30, cohesion 100.

Results successfully written to job80227/comparison_results_linearSwitchFromGrouped_30_c90-100.json
  Completed 100 iterations for size 30, cohesion 90.
  Completed 100 iterations for size 30, cohesion 100.

Results successfully written to job80227/comparison_results_linearSwitchFromGrouped_30_c90-100.json
  Completed 100 iterations for size 30, cohesion 90.
  Completed 100 iterations for size 30, cohesion 100.

Results successfully written to job80227/comparison_results_linearSwitchFromGrouped_30_c90-100.json
  Completed 100 iterations for size 30, cohesion 90.
  Completed 100 iterations for size 30, cohesion 100.

Results successfully written to job80227/comparison_results_linearSwitchFromGrouped_30_c90-100.json
  Completed 100 iterations for size 30, cohesion 90.
  Completed 100 iterations for size 30, cohesion 100.

Results successfully written to job80227/comparison_results_linearSwitchFromGrouped_30_c90-100.json
  Completed 100 iterations for size 30, cohesion 90.
  Completed 100 iterations for size 30, cohesion 100.

Results successfully written to job80227/comparison_results_linearSwitchFromGrouped_30_c90-100.json
  Completed 100 iterations for size 30, cohesion 90.
  Completed 100 iterations for size 30, cohesion 100.

Results successfully written to job80227/comparison_results_linearSwitchFromGrouped_30_c90-100.json
  Completed 100 iterations for size 30, cohesion 90.
  Completed 100 iterations for size 30, cohesion 100.

Results successfully written to job80227/comparison_results_linearSwitchFromGrouped_30_c90-100.json
  Completed 100 iterations for size 30, cohesion 90.
  Completed 100 iterations for size 30, cohesion 100.

Results successfully written to job80227/comparison_results_linearSwitchFromGrouped_30_c90-100.json
  Completed 100 iterations for size 30, cohesion 90.
  Completed 100 iterations for size 30, cohesion 100.

Results successfully written to job80227/comparison_results_linearSwitchFromGrouped_30_c90-100.json
  Completed 100 iterations for size 30, cohesion 90.
  Completed 100 iterations for size 30, cohesion 100.

Results successfully written to job80227/comparison_results_linearSwitchFromGrouped_30_c90-100.json
  Completed 100 iterations for size 30, cohesion 90.
  Completed 100 iterations for size 30, cohesion 100.

Results successfully written to job80227/comparison_results_linearSwitchFromGrouped_30_c90-100.json
  Completed 100 iterations for size 30, cohesion 90.
  Completed 100 iterations for size 30, cohesion 100.

Results successfully written to job80227/comparison_results_linearSwitchFromGrouped_30_c90-100.json
  Completed 100 iterations for size 30, cohesion 90.
  Completed 100 iterations for size 30, cohesion 100.

Results successfully written to job80227/comparison_results_linearSwitchFromGrouped_30_c90-100.json
  Completed 100 iterations for size 30, cohesion 90.
  Completed 100 iterations for size 30, cohesion 100.

Results successfully written to job80227/comparison_results_linearSwitchFromGrouped_30_c90-100.json
  Completed 100 iterations for size 30, cohesion 90.
  Completed 100 iterations for size 30, cohesion 100.

Results successfully written to job80227/comparison_results_linearSwitchFromGrouped_30_c90-100.json
  Completed 100 iterations for size 30, cohesion 90.
  Completed 100 iterations for size 30, cohesion 100.

Results successfully written to job80227/comparison_results_linearSwitchFromGrouped_30_c90-100.json
  Completed 100 iterations for size 30, cohesion 90.
  Completed 100 iterations for size 30, cohesion 100.

Results successfully written to job80227/comparison_results_linearSwitchFromGrouped_30_c90-100.json
  Completed 100 iterations for size 30, cohesion 90.
  Completed 100 iterations for size 30, cohesion 100.

Results successfully written to job80227/comparison_results_linearSwitchFromGrouped_30_c90-100.json
  Completed 100 iterations for size 30, cohesion 90.
  Completed 100 iterations for size 30, cohesion 100.

Results successfully written to job80227/comparison_results_linearSwitchFromGrouped_30_c90-100.json
  Completed 100 iterations for size 30, cohesion 90.
  Completed 100 iterations for size 30, cohesion 100.

Results successfully written to job80227/comparison_results_linearSwitchFromGrouped_30_c90-100.json
  Completed 100 iterations for size 30, cohesion 90.
  Completed 100 iterations for size 30, cohesion 100.

Results successfully written to job80227/comparison_results_linearSwitchFromGrouped_30_c90-100.json
  Completed 100 iterations for size 30, cohesion 90.
  Completed 100 iterations for size 30, cohesion 100.

Results successfully written to job80227/comparison_results_linearSwitchFromGrouped_30_c90-100.json
  Completed 100 iterations for size 30, cohesion 90.
  Completed 100 iterations for size 30, cohesion 100.

Results successfully written to job80227/comparison_results_linearSwitchFromGrouped_30_c90-100.json
  Completed 100 iterations for size 30, cohesion 90.
  Completed 100 iterations for size 30, cohesion 100.

Results successfully written to job80227/comparison_results_linearSwitchFromGrouped_30_c90-100.json
  Completed 100 iterations for size 30, cohesion 90.
  Completed 100 iterations for size 30, cohesion 100.

Results successfully written to job80227/comparison_results_linearSwitchFromGrouped_30_c90-100.json
  Completed 100 iterations for size 30, cohesion 90.
  Completed 100 iterations for size 30, cohesion 100.

Results successfully written to job80227/comparison_results_linearSwitchFromGrouped_30_c90-100.json
  Completed 100 iterations for size 30, cohesion 90.
  Completed 100 iterations for size 30, cohesion 100.

Results successfully written to job80227/comparison_results_linearSwitchFromGrouped_30_c90-100.json
  Completed 100 iterations for size 30, cohesion 90.
  Completed 100 iterations for size 30, cohesion 100.

Results successfully written to job80227/comparison_results_linearSwitchFromGrouped_30_c90-100.json
  Completed 100 iterations for size 30, cohesion 90.
  Completed 100 iterations for size 30, cohesion 100.

Results successfully written to job80227/comparison_results_linearSwitchFromGrouped_30_c90-100.json
  Completed 100 iterations for size 30, cohesion 90.
  Completed 100 iterations for size 30, cohesion 100.

Results successfully written to job80227/comparison_results_linearSwitchFromGrouped_30_c90-100.json
  Completed 100 iterations for size 30, cohesion 90.
  Completed 100 iterations for size 30, cohesion 100.

Results successfully written to job80227/comparison_results_linearSwitchFromGrouped_30_c90-100.json
  Completed 100 iterations for size 30, cohesion 90.
  Completed 100 iterations for size 30, cohesion 100.

Results successfully written to job80227/comparison_results_linearSwitchFromGrouped_30_c90-100.json
  Completed 100 iterations for size 30, cohesion 90.
  Completed 100 iterations for size 30, cohesion 100.

Results successfully written to job80227/comparison_results_linearSwitchFromGrouped_30_c90-100.json
  Completed 100 iterations for size 30, cohesion 90.
  Completed 100 iterations for size 30, cohesion 100.

Results successfully written to job80227/comparison_results_linearSwitchFromGrouped_30_c90-100.json
  Completed 100 iterations for size 30, cohesion 90.
  Completed 100 iterations for size 30, cohesion 100.

Results successfully written to job80227/comparison_results_linearSwitchFromGrouped_30_c90-100.json
  Completed 100 iterations for size 30, cohesion 90.
  Completed 100 iterations for size 30, cohesion 100.

Results successfully written to job80227/comparison_results_linearSwitchFromGrouped_30_c90-100.json
  Completed 100 iterations for size 30, cohesion 90.
  Completed 100 iterations for size 30, cohesion 100.

Results successfully written to job80227/comparison_results_linearSwitchFromGrouped_30_c90-100.json
  Completed 100 iterations for size 30, cohesion 90.
  Completed 100 iterations for size 30, cohesion 100.

Results successfully written to job80227/comparison_results_linearSwitchFromGrouped_30_c90-100.json
  Completed 100 iterations for size 30, cohesion 90.
  Completed 100 iterations for size 30, cohesion 100.

Results successfully written to job80227/comparison_results_linearSwitchFromGrouped_30_c90-100.json
  Completed 100 iterations for size 30, cohesion 90.
  Completed 100 iterations for size 30, cohesion 100.

Results successfully written to job80227/comparison_results_linearSwitchFromGrouped_30_c90-100.json
  Completed 100 iterations for size 30, cohesion 90.
  Completed 100 iterations for size 30, cohesion 100.

Results successfully written to job80227/comparison_results_linearSwitchFromGrouped_30_c90-100.json
  Completed 100 iterations for size 30, cohesion 90.
  Completed 100 iterations for size 30, cohesion 100.

Results successfully written to job80227/comparison_results_linearSwitchFromGrouped_30_c90-100.json
  Completed 100 iterations for size 30, cohesion 90.
  Completed 100 iterations for size 30, cohesion 100.

Results successfully written to job80227/comparison_results_linearSwitchFromGrouped_30_c90-100.json
  Completed 100 iterations for size 30, cohesion 90.
  Completed 100 iterations for size 30, cohesion 100.

Results successfully written to job80227/comparison_results_linearSwitchFromGrouped_30_c90-100.json
  Completed 100 iterations for size 30, cohesion 90.
  Completed 100 iterations for size 30, cohesion 100.

Results successfully written to job80227/comparison_results_linearSwitchFromGrouped_30_c90-100.json
  Completed 100 iterations for size 30, cohesion 90.
  Completed 100 iterations for size 30, cohesion 100.

Results successfully written to job80227/comparison_results_linearSwitchFromGrouped_30_c90-100.json
  Completed 100 iterations for size 30, cohesion 90.
  Completed 100 iterations for size 30, cohesion 100.

Results successfully written to job80227/comparison_results_linearSwitchFromGrouped_30_c90-100.json
  Completed 100 iterations for size 30, cohesion 90.
  Completed 100 iterations for size 30, cohesion 100.

Results successfully written to job80227/comparison_results_linearSwitchFromGrouped_30_c90-100.json
  Completed 100 iterations for size 30, cohesion 90.
  Completed 100 iterations for size 30, cohesion 100.

Results successfully written to job80227/comparison_results_linearSwitchFromGrouped_30_c90-100.json
  Completed 100 iterations for size 30, cohesion 90.
  Completed 100 iterations for size 30, cohesion 100.

Results successfully written to job80227/comparison_results_linearSwitchFromGrouped_30_c90-100.json
  Completed 100 iterations for size 30, cohesion 90.
  Completed 100 iterations for size 30, cohesion 100.

Results successfully written to job80227/comparison_results_linearSwitchFromGrouped_30_c90-100.json
  Completed 100 iterations for size 30, cohesion 90.
  Completed 100 iterations for size 30, cohesion 100.

Results successfully written to job80227/comparison_results_linearSwitchFromGrouped_30_c90-100.json
  Completed 100 iterations for size 30, cohesion 90.
  Completed 100 iterations for size 30, cohesion 100.

Results successfully written to job80227/comparison_results_linearSwitchFromGrouped_30_c90-100.json
  Completed 100 iterations for size 30, cohesion 90.
  Completed 100 iterations for size 30, cohesion 100.

Results successfully written to job80227/comparison_results_linearSwitchFromGrouped_30_c90-100.json
  Completed 100 iterations for size 30, cohesion 90.
  Completed 100 iterations for size 30, cohesion 100.

Results successfully written to job80227/comparison_results_linearSwitchFromGrouped_30_c90-100.json
  Completed 100 iterations for size 30, cohesion 90.
  Completed 100 iterations for size 30, cohesion 100.

Results successfully written to job80227/comparison_results_linearSwitchFromGrouped_30_c90-100.json
  Completed 100 iterations for size 30, cohesion 90.
  Completed 100 iterations for size 30, cohesion 100.

Results successfully written to job80227/comparison_results_linearSwitchFromGrouped_30_c90-100.json
  Completed 100 iterations for size 30, cohesion 90.
  Completed 100 iterations for size 30, cohesion 100.

Results successfully written to job80227/comparison_results_linearSwitchFromGrouped_30_c90-100.json
  Completed 100 iterations for size 30, cohesion 90.
  Completed 100 iterations for size 30, cohesion 100.

Results successfully written to job80227/comparison_results_linearSwitchFromGrouped_30_c90-100.json
  Completed 100 iterations for size 30, cohesion 90.
  Completed 100 iterations for size 30, cohesion 100.

Results successfully written to job80227/comparison_results_linearSwitchFromGrouped_30_c90-100.json
  Completed 100 iterations for size 30, cohesion 90.
  Completed 100 iterations for size 30, cohesion 100.

Results successfully written to job80227/comparison_results_linearSwitchFromGrouped_30_c90-100.json
  Completed 100 iterations for size 30, cohesion 90.
  Completed 100 iterations for size 30, cohesion 100.

Results successfully written to job80227/comparison_results_linearSwitchFromGrouped_30_c90-100.json
  Completed 100 iterations for size 30, cohesion 90.
  Completed 100 iterations for size 30, cohesion 100.

Results successfully written to job80227/comparison_results_linearSwitchFromGrouped_30_c90-100.json
  Completed 100 iterations for size 30, cohesion 90.
  Completed 100 iterations for size 30, cohesion 100.

Results successfully written to job80227/comparison_results_linearSwitchFromGrouped_30_c90-100.json
  Completed 100 iterations for size 30, cohesion 90.
  Completed 100 iterations for size 30, cohesion 100.

Results successfully written to job80227/comparison_results_linearSwitchFromGrouped_30_c90-100.json
  Completed 100 iterations for size 30, cohesion 90.
  Completed 100 iterations for size 30, cohesion 100.

Results successfully written to job80227/comparison_results_linearSwitchFromGrouped_30_c90-100.json
  Completed 100 iterations for size 30, cohesion 90.
  Completed 100 iterations for size 30, cohesion 100.

Results successfully written to job80227/comparison_results_linearSwitchFromGrouped_30_c90-100.json
  Completed 100 iterations for size 30, cohesion 90.
  Completed 100 iterations for size 30, cohesion 100.

Results successfully written to job80227/comparison_results_linearSwitchFromGrouped_30_c90-100.json
  Completed 100 iterations for size 30, cohesion 90.
  Completed 100 iterations for size 30, cohesion 100.

Results successfully written to job80227/comparison_results_linearSwitchFromGrouped_30_c90-100.json
  Completed 100 iterations for size 30, cohesion 90.
  Completed 100 iterations for size 30, cohesion 100.

Results successfully written to job80227/comparison_results_linearSwitchFromGrouped_30_c90-100.json
  Completed 100 iterations for size 30, cohesion 90.
  Completed 100 iterations for size 30, cohesion 100.

Results successfully written to job80227/comparison_results_linearSwitchFromGrouped_30_c90-100.json
  Completed 100 iterations for size 30, cohesion 90.
  Completed 100 iterations for size 30, cohesion 100.

Results successfully written to job80227/comparison_results_linearSwitchFromGrouped_30_c90-100.json
  Completed 100 iterations for size 30, cohesion 90.
  Completed 100 iterations for size 30, cohesion 100.

Results successfully written to job80227/comparison_results_linearSwitchFromGrouped_30_c90-100.json
  Completed 100 iterations for size 30, cohesion 90.
  Completed 100 iterations for size 30, cohesion 100.

Results successfully written to job80227/comparison_results_linearSwitchFromGrouped_30_c90-100.json
  Completed 100 iterations for size 30, cohesion 90.
  Completed 100 iterations for size 30, cohesion 100.

Results successfully written to job80227/comparison_results_linearSwitchFromGrouped_30_c90-100.json
  Completed 100 iterations for size 30, cohesion 90.
  Completed 100 iterations for size 30, cohesion 100.

Results successfully written to job80227/comparison_results_linearSwitchFromGrouped_30_c90-100.json
  Completed 100 iterations for size 30, cohesion 90.
  Completed 100 iterations for size 30, cohesion 100.

Results successfully written to job80227/comparison_results_linearSwitchFromGrouped_30_c90-100.json
  Completed 100 iterations for size 30, cohesion 90.
  Completed 100 iterations for size 30, cohesion 100.

Results successfully written to job80227/comparison_results_linearSwitchFromGrouped_30_c90-100.json
  Completed 100 iterations for size 30, cohesion 90.
  Completed 100 iterations for size 30, cohesion 100.

Results successfully written to job80227/comparison_results_linearSwitchFromGrouped_30_c90-100.json
  Completed 100 iterations for size 30, cohesion 90.
  Completed 100 iterations for size 30, cohesion 100.

Results successfully written to job80227/comparison_results_linearSwitchFromGrouped_30_c90-100.json
  Completed 100 iterations for size 30, cohesion 90.
  Completed 100 iterations for size 30, cohesion 100.

Results successfully written to job80227/comparison_results_linearSwitchFromGrouped_30_c90-100.json
  Completed 100 iterations for size 30, cohesion 90.
  Completed 100 iterations for size 30, cohesion 100.

Results successfully written to job80227/comparison_results_linearSwitchFromGrouped_30_c90-100.json
  Completed 100 iterations for size 30, cohesion 90.
  Completed 100 iterations for size 30, cohesion 100.

Results successfully written to job80227/comparison_results_linearSwitchFromGrouped_30_c90-100.json
  Completed 100 iterations for size 30, cohesion 90.
  Completed 100 iterations for size 30, cohesion 100.

Results successfully written to job80227/comparison_results_linearSwitchFromGrouped_30_c90-100.json
  Completed 100 iterations for size 30, cohesion 90.
  Completed 100 iterations for size 30, cohesion 100.

Results successfully written to job80227/comparison_results_linearSwitchFromGrouped_30_c90-100.json
  Completed 100 iterations for size 30, cohesion 90.
  Completed 100 iterations for size 30, cohesion 100.

Results successfully written to job80227/comparison_results_linearSwitchFromGrouped_30_c90-100.json
  Completed 100 iterations for size 30, cohesion 90.
  Completed 100 iterations for size 30, cohesion 100.

Results successfully written to job80227/comparison_results_linearSwitchFromGrouped_30_c90-100.json
  Completed 100 iterations for size 30, cohesion 90.
  Completed 100 iterations for size 30, cohesion 100.

Results successfully written to job80227/comparison_results_linearSwitchFromGrouped_30_c90-100.json
  Completed 100 iterations for size 30, cohesion 90.
  Completed 100 iterations for size 30, cohesion 100.

Results successfully written to job80227/comparison_results_linearSwitchFromGrouped_30_c90-100.json
  Completed 100 iterations for size 30, cohesion 90.
  Completed 100 iterations for size 30, cohesion 100.

Results successfully written to job80227/comparison_results_linearSwitchFromGrouped_30_c90-100.json
  Completed 100 iterations for size 30, cohesion 90.
  Completed 100 iterations for size 30, cohesion 100.

Results successfully written to job80227/comparison_results_linearSwitchFromGrouped_30_c90-100.json
  Completed 100 iterations for size 30, cohesion 90.
  Completed 100 iterations for size 30, cohesion 100.

Results successfully written to job80227/comparison_results_linearSwitchFromGrouped_30_c90-100.json
  Completed 100 iterations for size 30, cohesion 90.
  Completed 100 iterations for size 30, cohesion 100.

Results successfully written to job80227/comparison_results_linearSwitchFromGrouped_30_c90-100.json
  Completed 100 iterations for size 30, cohesion 90.
  Completed 100 iterations for size 30, cohesion 100.

Results successfully written to job80227/comparison_results_linearSwitchFromGrouped_30_c90-100.json
  Completed 100 iterations for size 30, cohesion 90.
  Completed 100 iterations for size 30, cohesion 100.

Results successfully written to job80227/comparison_results_linearSwitchFromGrouped_30_c90-100.json
  Completed 100 iterations for size 30, cohesion 90.
  Completed 100 iterations for size 30, cohesion 100.

Results successfully written to job80227/comparison_results_linearSwitchFromGrouped_30_c90-100.json
  Completed 100 iterations for size 30, cohesion 90.
  Completed 100 iterations for size 30, cohesion 100.

Results successfully written to job80227/comparison_results_linearSwitchFromGrouped_30_c90-100.json
  Completed 100 iterations for size 30, cohesion 90.
  Completed 100 iterations for size 30, cohesion 100.

Results successfully written to job80227/comparison_results_linearSwitchFromGrouped_30_c90-100.json
  Completed 100 iterations for size 30, cohesion 90.
  Completed 100 iterations for size 30, cohesion 100.

Results successfully written to job80227/comparison_results_linearSwitchFromGrouped_30_c90-100.json

================================================================================
Algorithm                   People    Avg Score  Avg Time(s)
--------------------------------------------------------------------------------
linearSwitchFromGrouped         30       1595.1       1.3631
================================================================================

Results successfully written to job80227/comparison_results_linearSwitchFromGrouped_30_c90-100.json
