Task 1 running algorithm: annealingFromGrouped, people: 300, cohesions: 30 40 50
desktop15.hpc.itu.dk
nsio
/home/nsio/bachelorProject/hpc-jobs
Running iterations for algorithm: annealingFromGrouped
  Error in annealingFromGrouped at cohesion 30, iter 0: __class__ assignment only supported for heap types or ModuleType subclasses
  Completed 10 iterations for size 300, cohesion 30.
  Error in annealingFromGrouped at cohesion 40, iter 0: __class__ assignment only supported for heap types or ModuleType subclasses
  Completed 10 iterations for size 300, cohesion 40.
  Error in annealingFromGrouped at cohesion 50, iter 0: __class__ assignment only supported for heap types or ModuleType subclasses
  Completed 10 iterations for size 300, cohesion 50.

Results successfully written to job80392/comparison_results_annealingFromGrouped_300_c30-40-50.json
  Error in annealingFromGrouped at cohesion 30, iter 1: __class__ assignment only supported for heap types or ModuleType subclasses
  Completed 10 iterations for size 300, cohesion 30.
  Error in annealingFromGrouped at cohesion 40, iter 1: __class__ assignment only supported for heap types or ModuleType subclasses
  Completed 10 iterations for size 300, cohesion 40.
  Error in annealingFromGrouped at cohesion 50, iter 1: __class__ assignment only supported for heap types or ModuleType subclasses
  Completed 10 iterations for size 300, cohesion 50.

Results successfully written to job80392/comparison_results_annealingFromGrouped_300_c30-40-50.json
  Error in annealingFromGrouped at cohesion 30, iter 2: __class__ assignment only supported for heap types or ModuleType subclasses
  Completed 10 iterations for size 300, cohesion 30.
  Error in annealingFromGrouped at cohesion 40, iter 2: __class__ assignment only supported for heap types or ModuleType subclasses
  Completed 10 iterations for size 300, cohesion 40.
  Error in annealingFromGrouped at cohesion 50, iter 2: __class__ assignment only supported for heap types or ModuleType subclasses
  Completed 10 iterations for size 300, cohesion 50.

Results successfully written to job80392/comparison_results_annealingFromGrouped_300_c30-40-50.json
  Error in annealingFromGrouped at cohesion 30, iter 3: __class__ assignment only supported for heap types or ModuleType subclasses
  Completed 10 iterations for size 300, cohesion 30.
  Error in annealingFromGrouped at cohesion 40, iter 3: __class__ assignment only supported for heap types or ModuleType subclasses
  Completed 10 iterations for size 300, cohesion 40.
  Error in annealingFromGrouped at cohesion 50, iter 3: __class__ assignment only supported for heap types or ModuleType subclasses
  Completed 10 iterations for size 300, cohesion 50.

Results successfully written to job80392/comparison_results_annealingFromGrouped_300_c30-40-50.json
  Error in annealingFromGrouped at cohesion 30, iter 4: __class__ assignment only supported for heap types or ModuleType subclasses
  Completed 10 iterations for size 300, cohesion 30.
  Error in annealingFromGrouped at cohesion 40, iter 4: __class__ assignment only supported for heap types or ModuleType subclasses
  Completed 10 iterations for size 300, cohesion 40.
  Error in annealingFromGrouped at cohesion 50, iter 4: __class__ assignment only supported for heap types or ModuleType subclasses
  Completed 10 iterations for size 300, cohesion 50.

Results successfully written to job80392/comparison_results_annealingFromGrouped_300_c30-40-50.json
  Error in annealingFromGrouped at cohesion 30, iter 5: __class__ assignment only supported for heap types or ModuleType subclasses
  Completed 10 iterations for size 300, cohesion 30.
  Error in annealingFromGrouped at cohesion 40, iter 5: __class__ assignment only supported for heap types or ModuleType subclasses
  Completed 10 iterations for size 300, cohesion 40.
  Error in annealingFromGrouped at cohesion 50, iter 5: __class__ assignment only supported for heap types or ModuleType subclasses
  Completed 10 iterations for size 300, cohesion 50.

Results successfully written to job80392/comparison_results_annealingFromGrouped_300_c30-40-50.json
  Error in annealingFromGrouped at cohesion 30, iter 6: __class__ assignment only supported for heap types or ModuleType subclasses
  Completed 10 iterations for size 300, cohesion 30.
  Error in annealingFromGrouped at cohesion 40, iter 6: __class__ assignment only supported for heap types or ModuleType subclasses
  Completed 10 iterations for size 300, cohesion 40.
  Error in annealingFromGrouped at cohesion 50, iter 6: __class__ assignment only supported for heap types or ModuleType subclasses
  Completed 10 iterations for size 300, cohesion 50.

Results successfully written to job80392/comparison_results_annealingFromGrouped_300_c30-40-50.json
  Error in annealingFromGrouped at cohesion 30, iter 7: __class__ assignment only supported for heap types or ModuleType subclasses
  Completed 10 iterations for size 300, cohesion 30.
  Error in annealingFromGrouped at cohesion 40, iter 7: __class__ assignment only supported for heap types or ModuleType subclasses
  Completed 10 iterations for size 300, cohesion 40.
  Error in annealingFromGrouped at cohesion 50, iter 7: __class__ assignment only supported for heap types or ModuleType subclasses
  Completed 10 iterations for size 300, cohesion 50.

Results successfully written to job80392/comparison_results_annealingFromGrouped_300_c30-40-50.json
  Error in annealingFromGrouped at cohesion 30, iter 8: __class__ assignment only supported for heap types or ModuleType subclasses
  Completed 10 iterations for size 300, cohesion 30.
  Error in annealingFromGrouped at cohesion 40, iter 8: __class__ assignment only supported for heap types or ModuleType subclasses
  Completed 10 iterations for size 300, cohesion 40.
  Error in annealingFromGrouped at cohesion 50, iter 8: __class__ assignment only supported for heap types or ModuleType subclasses
  Completed 10 iterations for size 300, cohesion 50.

Results successfully written to job80392/comparison_results_annealingFromGrouped_300_c30-40-50.json
  Error in annealingFromGrouped at cohesion 30, iter 9: __class__ assignment only supported for heap types or ModuleType subclasses
  Completed 10 iterations for size 300, cohesion 30.
  Error in annealingFromGrouped at cohesion 40, iter 9: __class__ assignment only supported for heap types or ModuleType subclasses
  Completed 10 iterations for size 300, cohesion 40.
  Error in annealingFromGrouped at cohesion 50, iter 9: __class__ assignment only supported for heap types or ModuleType subclasses
  Completed 10 iterations for size 300, cohesion 50.

Results successfully written to job80392/comparison_results_annealingFromGrouped_300_c30-40-50.json

================================================================================
Algorithm                   People    Avg Score  Avg Time(s)
--------------------------------------------------------------------------------
annealingFromGrouped           300 DNF DNF
================================================================================

Results successfully written to job80392/comparison_results_annealingFromGrouped_300_c30-40-50.json
