Task 2 running algorithm: annealingFromGrouped, people: 300, cohesions: 60 70 80
desktop15.hpc.itu.dk
nsio
/home/nsio/bachelorProject/hpc-jobs
Running iterations for algorithm: annealingFromGrouped
  Error in annealingFromGrouped at cohesion 60, iter 0: __class__ assignment only supported for heap types or ModuleType subclasses
  Completed 10 iterations for size 300, cohesion 60.
  Error in annealingFromGrouped at cohesion 70, iter 0: __class__ assignment only supported for heap types or ModuleType subclasses
  Completed 10 iterations for size 300, cohesion 70.
  Error in annealingFromGrouped at cohesion 80, iter 0: __class__ assignment only supported for heap types or ModuleType subclasses
  Completed 10 iterations for size 300, cohesion 80.

Results successfully written to job80392/comparison_results_annealingFromGrouped_300_c60-70-80.json
  Error in annealingFromGrouped at cohesion 60, iter 1: __class__ assignment only supported for heap types or ModuleType subclasses
  Completed 10 iterations for size 300, cohesion 60.
  Error in annealingFromGrouped at cohesion 70, iter 1: __class__ assignment only supported for heap types or ModuleType subclasses
  Completed 10 iterations for size 300, cohesion 70.
  Error in annealingFromGrouped at cohesion 80, iter 1: __class__ assignment only supported for heap types or ModuleType subclasses
  Completed 10 iterations for size 300, cohesion 80.

Results successfully written to job80392/comparison_results_annealingFromGrouped_300_c60-70-80.json
  Error in annealingFromGrouped at cohesion 60, iter 2: __class__ assignment only supported for heap types or ModuleType subclasses
  Completed 10 iterations for size 300, cohesion 60.
  Error in annealingFromGrouped at cohesion 70, iter 2: __class__ assignment only supported for heap types or ModuleType subclasses
  Completed 10 iterations for size 300, cohesion 70.
  Error in annealingFromGrouped at cohesion 80, iter 2: __class__ assignment only supported for heap types or ModuleType subclasses
  Completed 10 iterations for size 300, cohesion 80.

Results successfully written to job80392/comparison_results_annealingFromGrouped_300_c60-70-80.json
  Error in annealingFromGrouped at cohesion 60, iter 3: __class__ assignment only supported for heap types or ModuleType subclasses
  Completed 10 iterations for size 300, cohesion 60.
  Error in annealingFromGrouped at cohesion 70, iter 3: __class__ assignment only supported for heap types or ModuleType subclasses
  Completed 10 iterations for size 300, cohesion 70.
  Error in annealingFromGrouped at cohesion 80, iter 3: __class__ assignment only supported for heap types or ModuleType subclasses
  Completed 10 iterations for size 300, cohesion 80.

Results successfully written to job80392/comparison_results_annealingFromGrouped_300_c60-70-80.json
  Error in annealingFromGrouped at cohesion 60, iter 4: __class__ assignment only supported for heap types or ModuleType subclasses
  Completed 10 iterations for size 300, cohesion 60.
  Error in annealingFromGrouped at cohesion 70, iter 4: __class__ assignment only supported for heap types or ModuleType subclasses
  Completed 10 iterations for size 300, cohesion 70.
  Error in annealingFromGrouped at cohesion 80, iter 4: __class__ assignment only supported for heap types or ModuleType subclasses
  Completed 10 iterations for size 300, cohesion 80.

Results successfully written to job80392/comparison_results_annealingFromGrouped_300_c60-70-80.json
  Error in annealingFromGrouped at cohesion 60, iter 5: __class__ assignment only supported for heap types or ModuleType subclasses
  Completed 10 iterations for size 300, cohesion 60.
  Error in annealingFromGrouped at cohesion 70, iter 5: __class__ assignment only supported for heap types or ModuleType subclasses
  Completed 10 iterations for size 300, cohesion 70.
  Error in annealingFromGrouped at cohesion 80, iter 5: __class__ assignment only supported for heap types or ModuleType subclasses
  Completed 10 iterations for size 300, cohesion 80.

Results successfully written to job80392/comparison_results_annealingFromGrouped_300_c60-70-80.json
  Error in annealingFromGrouped at cohesion 60, iter 6: __class__ assignment only supported for heap types or ModuleType subclasses
  Completed 10 iterations for size 300, cohesion 60.
  Error in annealingFromGrouped at cohesion 70, iter 6: __class__ assignment only supported for heap types or ModuleType subclasses
  Completed 10 iterations for size 300, cohesion 70.
  Error in annealingFromGrouped at cohesion 80, iter 6: __class__ assignment only supported for heap types or ModuleType subclasses
  Completed 10 iterations for size 300, cohesion 80.

Results successfully written to job80392/comparison_results_annealingFromGrouped_300_c60-70-80.json
  Error in annealingFromGrouped at cohesion 60, iter 7: __class__ assignment only supported for heap types or ModuleType subclasses
  Completed 10 iterations for size 300, cohesion 60.
  Error in annealingFromGrouped at cohesion 70, iter 7: __class__ assignment only supported for heap types or ModuleType subclasses
  Completed 10 iterations for size 300, cohesion 70.
  Error in annealingFromGrouped at cohesion 80, iter 7: __class__ assignment only supported for heap types or ModuleType subclasses
  Completed 10 iterations for size 300, cohesion 80.

Results successfully written to job80392/comparison_results_annealingFromGrouped_300_c60-70-80.json
  Error in annealingFromGrouped at cohesion 60, iter 8: __class__ assignment only supported for heap types or ModuleType subclasses
  Completed 10 iterations for size 300, cohesion 60.
  Error in annealingFromGrouped at cohesion 70, iter 8: __class__ assignment only supported for heap types or ModuleType subclasses
  Completed 10 iterations for size 300, cohesion 70.
  Error in annealingFromGrouped at cohesion 80, iter 8: __class__ assignment only supported for heap types or ModuleType subclasses
  Completed 10 iterations for size 300, cohesion 80.

Results successfully written to job80392/comparison_results_annealingFromGrouped_300_c60-70-80.json
  Error in annealingFromGrouped at cohesion 60, iter 9: __class__ assignment only supported for heap types or ModuleType subclasses
  Completed 10 iterations for size 300, cohesion 60.
  Error in annealingFromGrouped at cohesion 70, iter 9: __class__ assignment only supported for heap types or ModuleType subclasses
  Completed 10 iterations for size 300, cohesion 70.
  Error in annealingFromGrouped at cohesion 80, iter 9: __class__ assignment only supported for heap types or ModuleType subclasses
  Completed 10 iterations for size 300, cohesion 80.

Results successfully written to job80392/comparison_results_annealingFromGrouped_300_c60-70-80.json

================================================================================
Algorithm                   People    Avg Score  Avg Time(s)
--------------------------------------------------------------------------------
annealingFromGrouped           300 DNF DNF
================================================================================

Results successfully written to job80392/comparison_results_annealingFromGrouped_300_c60-70-80.json
