Task 3 running algorithm: annealingFromGrouped, people: 300, cohesions: 90 100
desktop16.hpc.itu.dk
nsio
/home/nsio/bachelorProject/hpc-jobs
Running iterations for algorithm: annealingFromGrouped
  Error in annealingFromGrouped at cohesion 90, iter 0: __class__ assignment only supported for heap types or ModuleType subclasses
  Completed 10 iterations for size 300, cohesion 90.
  Error in annealingFromGrouped at cohesion 100, iter 0: __class__ assignment only supported for heap types or ModuleType subclasses
  Completed 10 iterations for size 300, cohesion 100.

Results successfully written to job80392/comparison_results_annealingFromGrouped_300_c90-100.json
  Error in annealingFromGrouped at cohesion 90, iter 1: __class__ assignment only supported for heap types or ModuleType subclasses
  Completed 10 iterations for size 300, cohesion 90.
  Error in annealingFromGrouped at cohesion 100, iter 1: __class__ assignment only supported for heap types or ModuleType subclasses
  Completed 10 iterations for size 300, cohesion 100.

Results successfully written to job80392/comparison_results_annealingFromGrouped_300_c90-100.json
  Error in annealingFromGrouped at cohesion 90, iter 2: __class__ assignment only supported for heap types or ModuleType subclasses
  Completed 10 iterations for size 300, cohesion 90.
  Error in annealingFromGrouped at cohesion 100, iter 2: __class__ assignment only supported for heap types or ModuleType subclasses
  Completed 10 iterations for size 300, cohesion 100.

Results successfully written to job80392/comparison_results_annealingFromGrouped_300_c90-100.json
  Error in annealingFromGrouped at cohesion 90, iter 3: __class__ assignment only supported for heap types or ModuleType subclasses
  Completed 10 iterations for size 300, cohesion 90.
  Error in annealingFromGrouped at cohesion 100, iter 3: __class__ assignment only supported for heap types or ModuleType subclasses
  Completed 10 iterations for size 300, cohesion 100.

Results successfully written to job80392/comparison_results_annealingFromGrouped_300_c90-100.json
  Error in annealingFromGrouped at cohesion 90, iter 4: __class__ assignment only supported for heap types or ModuleType subclasses
  Completed 10 iterations for size 300, cohesion 90.
  Error in annealingFromGrouped at cohesion 100, iter 4: __class__ assignment only supported for heap types or ModuleType subclasses
  Completed 10 iterations for size 300, cohesion 100.

Results successfully written to job80392/comparison_results_annealingFromGrouped_300_c90-100.json
  Error in annealingFromGrouped at cohesion 90, iter 5: __class__ assignment only supported for heap types or ModuleType subclasses
  Completed 10 iterations for size 300, cohesion 90.
  Error in annealingFromGrouped at cohesion 100, iter 5: __class__ assignment only supported for heap types or ModuleType subclasses
  Completed 10 iterations for size 300, cohesion 100.

Results successfully written to job80392/comparison_results_annealingFromGrouped_300_c90-100.json
  Error in annealingFromGrouped at cohesion 90, iter 6: __class__ assignment only supported for heap types or ModuleType subclasses
  Completed 10 iterations for size 300, cohesion 90.
  Error in annealingFromGrouped at cohesion 100, iter 6: __class__ assignment only supported for heap types or ModuleType subclasses
  Completed 10 iterations for size 300, cohesion 100.

Results successfully written to job80392/comparison_results_annealingFromGrouped_300_c90-100.json
  Error in annealingFromGrouped at cohesion 90, iter 7: __class__ assignment only supported for heap types or ModuleType subclasses
  Completed 10 iterations for size 300, cohesion 90.
  Error in annealingFromGrouped at cohesion 100, iter 7: __class__ assignment only supported for heap types or ModuleType subclasses
  Completed 10 iterations for size 300, cohesion 100.

Results successfully written to job80392/comparison_results_annealingFromGrouped_300_c90-100.json
  Error in annealingFromGrouped at cohesion 90, iter 8: __class__ assignment only supported for heap types or ModuleType subclasses
  Completed 10 iterations for size 300, cohesion 90.
  Error in annealingFromGrouped at cohesion 100, iter 8: __class__ assignment only supported for heap types or ModuleType subclasses
  Completed 10 iterations for size 300, cohesion 100.

Results successfully written to job80392/comparison_results_annealingFromGrouped_300_c90-100.json
  Error in annealingFromGrouped at cohesion 90, iter 9: __class__ assignment only supported for heap types or ModuleType subclasses
  Completed 10 iterations for size 300, cohesion 90.
  Error in annealingFromGrouped at cohesion 100, iter 9: __class__ assignment only supported for heap types or ModuleType subclasses
  Completed 10 iterations for size 300, cohesion 100.

Results successfully written to job80392/comparison_results_annealingFromGrouped_300_c90-100.json

================================================================================
Algorithm                   People    Avg Score  Avg Time(s)
--------------------------------------------------------------------------------
annealingFromGrouped           300 DNF DNF
================================================================================

Results successfully written to job80392/comparison_results_annealingFromGrouped_300_c90-100.json
