Task 11 running algorithm: linearSwitchFromGrouped, people: 300, cohesions: 90 100
cn14.hpc.itu.dk
nsio
/home/nsio/bachelorProject/hpc-jobs
Running iterations for algorithm: linearSwitchFromGrouped
  Completed 10 iterations for size 300, cohesion 90.
  Completed 10 iterations for size 300, cohesion 100.

Results successfully written to job80176/comparison_results_linearSwitchFromGrouped_300_c90-100.json
  Completed 10 iterations for size 300, cohesion 90.
  Completed 10 iterations for size 300, cohesion 100.

Results successfully written to job80176/comparison_results_linearSwitchFromGrouped_300_c90-100.json
  Completed 10 iterations for size 300, cohesion 90.
  Completed 10 iterations for size 300, cohesion 100.

Results successfully written to job80176/comparison_results_linearSwitchFromGrouped_300_c90-100.json
  Completed 10 iterations for size 300, cohesion 90.
  Completed 10 iterations for size 300, cohesion 100.

Results successfully written to job80176/comparison_results_linearSwitchFromGrouped_300_c90-100.json
  Completed 10 iterations for size 300, cohesion 90.
  Completed 10 iterations for size 300, cohesion 100.

Results successfully written to job80176/comparison_results_linearSwitchFromGrouped_300_c90-100.json
  Completed 10 iterations for size 300, cohesion 90.
  Completed 10 iterations for size 300, cohesion 100.

Results successfully written to job80176/comparison_results_linearSwitchFromGrouped_300_c90-100.json
  Completed 10 iterations for size 300, cohesion 90.
slurmstepd: error: *** JOB 80188 ON cn14 CANCELLED AT 2026-05-11T11:04:40 ***
slurmstepd: error: *** STEP 80188.0 ON cn14 CANCELLED AT 2026-05-11T11:04:40 ***
