Task 9 running algorithm: linearSwitchFromGrouped, people: 300, cohesions: 30 40 50
cn14.hpc.itu.dk
nsio
/home/nsio/bachelorProject/hpc-jobs
Running iterations for algorithm: linearSwitchFromGrouped
  Completed 10 iterations for size 300, cohesion 30.
  Completed 10 iterations for size 300, cohesion 40.
  Completed 10 iterations for size 300, cohesion 50.

Results successfully written to job80176/comparison_results_linearSwitchFromGrouped_300_c30-40-50.json
  Completed 10 iterations for size 300, cohesion 30.
  Completed 10 iterations for size 300, cohesion 40.
  Completed 10 iterations for size 300, cohesion 50.

Results successfully written to job80176/comparison_results_linearSwitchFromGrouped_300_c30-40-50.json
  Completed 10 iterations for size 300, cohesion 30.
  Completed 10 iterations for size 300, cohesion 40.
  Completed 10 iterations for size 300, cohesion 50.

Results successfully written to job80176/comparison_results_linearSwitchFromGrouped_300_c30-40-50.json
  Completed 10 iterations for size 300, cohesion 30.
slurmstepd: error: *** JOB 80186 ON cn14 CANCELLED AT 2026-05-11T11:04:40 ***
slurmstepd: error: *** STEP 80186.0 ON cn14 CANCELLED AT 2026-05-11T11:04:40 ***
