Task 1 running algorithm: annealingFromRandom, people: 300, cohesions: 60
cn8.hpc.itu.dk
nsio
/home/nsio/bachelorProject/hpc-jobs
Running iterations for algorithm: annealingFromRandom
  Completed 10 iterations for size 300, cohesion 60.

Results successfully written to job81382/comparison_results_annealingFromRandom_300_c60.json
  Completed 10 iterations for size 300, cohesion 60.

Results successfully written to job81382/comparison_results_annealingFromRandom_300_c60.json
  Completed 10 iterations for size 300, cohesion 60.

Results successfully written to job81382/comparison_results_annealingFromRandom_300_c60.json
  Completed 10 iterations for size 300, cohesion 60.

Results successfully written to job81382/comparison_results_annealingFromRandom_300_c60.json
  Completed 10 iterations for size 300, cohesion 60.

Results successfully written to job81382/comparison_results_annealingFromRandom_300_c60.json
  Completed 10 iterations for size 300, cohesion 60.

Results successfully written to job81382/comparison_results_annealingFromRandom_300_c60.json
  Completed 10 iterations for size 300, cohesion 60.

Results successfully written to job81382/comparison_results_annealingFromRandom_300_c60.json
  Completed 10 iterations for size 300, cohesion 60.

Results successfully written to job81382/comparison_results_annealingFromRandom_300_c60.json
  Completed 10 iterations for size 300, cohesion 60.

Results successfully written to job81382/comparison_results_annealingFromRandom_300_c60.json
  Completed 10 iterations for size 300, cohesion 60.

Results successfully written to job81382/comparison_results_annealingFromRandom_300_c60.json

================================================================================
Algorithm                   People    Avg Score  Avg Time(s)
--------------------------------------------------------------------------------
annealingFromRandom            300       5524.0       4.8913
================================================================================

Results successfully written to job81382/comparison_results_annealingFromRandom_300_c60.json
