Task 3 running algorithm: linearSwitchFromGroupedProtected, people: 300, cohesions: 60
desktop16.hpc.itu.dk
nsio
/home/nsio/bachelorProject/hpc-jobs
Running iterations for algorithm: linearSwitchFromGroupedProtected
  Completed 10 iterations for size 300, cohesion 60.

Results successfully written to job81282/comparison_results_linearSwitchFromGroupedProtected_300_c60.json
  Completed 10 iterations for size 300, cohesion 60.

Results successfully written to job81282/comparison_results_linearSwitchFromGroupedProtected_300_c60.json
  Completed 10 iterations for size 300, cohesion 60.

Results successfully written to job81282/comparison_results_linearSwitchFromGroupedProtected_300_c60.json
  Completed 10 iterations for size 300, cohesion 60.

Results successfully written to job81282/comparison_results_linearSwitchFromGroupedProtected_300_c60.json
  Completed 10 iterations for size 300, cohesion 60.

Results successfully written to job81282/comparison_results_linearSwitchFromGroupedProtected_300_c60.json
  Completed 10 iterations for size 300, cohesion 60.

Results successfully written to job81282/comparison_results_linearSwitchFromGroupedProtected_300_c60.json
  Completed 10 iterations for size 300, cohesion 60.

Results successfully written to job81282/comparison_results_linearSwitchFromGroupedProtected_300_c60.json
  Completed 10 iterations for size 300, cohesion 60.

Results successfully written to job81282/comparison_results_linearSwitchFromGroupedProtected_300_c60.json
  Completed 10 iterations for size 300, cohesion 60.

Results successfully written to job81282/comparison_results_linearSwitchFromGroupedProtected_300_c60.json
  Completed 10 iterations for size 300, cohesion 60.

Results successfully written to job81282/comparison_results_linearSwitchFromGroupedProtected_300_c60.json

================================================================================
Algorithm                   People    Avg Score  Avg Time(s)
--------------------------------------------------------------------------------
linearSwitchFromGroupedProtected      300      14807.0       3.0640
================================================================================

Results successfully written to job81282/comparison_results_linearSwitchFromGroupedProtected_300_c60.json
