Task 5 running algorithm: randomSwitchFromGrouped, people: 300, cohesions: 60
cn14.hpc.itu.dk
nsio
/home/nsio/bachelorProject/hpc-jobs
Running iterations for algorithm: randomSwitchFromGrouped
  Completed 10 iterations for size 300, cohesion 60.

Results successfully written to job81282/comparison_results_randomSwitchFromGrouped_300_c60.json
  Completed 10 iterations for size 300, cohesion 60.

Results successfully written to job81282/comparison_results_randomSwitchFromGrouped_300_c60.json
  Completed 10 iterations for size 300, cohesion 60.

Results successfully written to job81282/comparison_results_randomSwitchFromGrouped_300_c60.json
  Completed 10 iterations for size 300, cohesion 60.

Results successfully written to job81282/comparison_results_randomSwitchFromGrouped_300_c60.json
  Completed 10 iterations for size 300, cohesion 60.

Results successfully written to job81282/comparison_results_randomSwitchFromGrouped_300_c60.json
  Completed 10 iterations for size 300, cohesion 60.

Results successfully written to job81282/comparison_results_randomSwitchFromGrouped_300_c60.json
  Completed 10 iterations for size 300, cohesion 60.

Results successfully written to job81282/comparison_results_randomSwitchFromGrouped_300_c60.json
  Completed 10 iterations for size 300, cohesion 60.

Results successfully written to job81282/comparison_results_randomSwitchFromGrouped_300_c60.json
  Completed 10 iterations for size 300, cohesion 60.

Results successfully written to job81282/comparison_results_randomSwitchFromGrouped_300_c60.json
  Completed 10 iterations for size 300, cohesion 60.

Results successfully written to job81282/comparison_results_randomSwitchFromGrouped_300_c60.json

================================================================================
Algorithm                   People    Avg Score  Avg Time(s)
--------------------------------------------------------------------------------
randomSwitchFromGrouped        300      14619.3       5.1902
================================================================================

Results successfully written to job81282/comparison_results_randomSwitchFromGrouped_300_c60.json
