Task 7 running algorithm: tabuSearchFromGrouped, people: 300, cohesions: 60
cn14.hpc.itu.dk
nsio
/home/nsio/bachelorProject/hpc-jobs
Running iterations for algorithm: tabuSearchFromGrouped
  Completed 10 iterations for size 300, cohesion 60.

Results successfully written to job81282/comparison_results_tabuSearchFromGrouped_300_c60.json
  Completed 10 iterations for size 300, cohesion 60.

Results successfully written to job81282/comparison_results_tabuSearchFromGrouped_300_c60.json
  Completed 10 iterations for size 300, cohesion 60.

Results successfully written to job81282/comparison_results_tabuSearchFromGrouped_300_c60.json
  Completed 10 iterations for size 300, cohesion 60.

Results successfully written to job81282/comparison_results_tabuSearchFromGrouped_300_c60.json
  Completed 10 iterations for size 300, cohesion 60.

Results successfully written to job81282/comparison_results_tabuSearchFromGrouped_300_c60.json
  Completed 10 iterations for size 300, cohesion 60.

Results successfully written to job81282/comparison_results_tabuSearchFromGrouped_300_c60.json
  Completed 10 iterations for size 300, cohesion 60.

Results successfully written to job81282/comparison_results_tabuSearchFromGrouped_300_c60.json
  Completed 10 iterations for size 300, cohesion 60.

Results successfully written to job81282/comparison_results_tabuSearchFromGrouped_300_c60.json
  Completed 10 iterations for size 300, cohesion 60.

Results successfully written to job81282/comparison_results_tabuSearchFromGrouped_300_c60.json
  Completed 10 iterations for size 300, cohesion 60.

Results successfully written to job81282/comparison_results_tabuSearchFromGrouped_300_c60.json

================================================================================
Algorithm                   People    Avg Score  Avg Time(s)
--------------------------------------------------------------------------------
tabuSearchFromGrouped          300      15256.5      30.5151
================================================================================

Results successfully written to job81282/comparison_results_tabuSearchFromGrouped_300_c60.json
