Task 8 running algorithm: tabuSearchFromRandom, people: 300, cohesions: 60
cn14.hpc.itu.dk
nsio
/home/nsio/bachelorProject/hpc-jobs
Running iterations for algorithm: tabuSearchFromRandom
  Completed 10 iterations for size 300, cohesion 60.

Results successfully written to job81282/comparison_results_tabuSearchFromRandom_300_c60.json
  Completed 10 iterations for size 300, cohesion 60.

Results successfully written to job81282/comparison_results_tabuSearchFromRandom_300_c60.json
  Completed 10 iterations for size 300, cohesion 60.

Results successfully written to job81282/comparison_results_tabuSearchFromRandom_300_c60.json
  Completed 10 iterations for size 300, cohesion 60.

Results successfully written to job81282/comparison_results_tabuSearchFromRandom_300_c60.json
  Completed 10 iterations for size 300, cohesion 60.

Results successfully written to job81282/comparison_results_tabuSearchFromRandom_300_c60.json
  Completed 10 iterations for size 300, cohesion 60.

Results successfully written to job81282/comparison_results_tabuSearchFromRandom_300_c60.json
  Completed 10 iterations for size 300, cohesion 60.

Results successfully written to job81282/comparison_results_tabuSearchFromRandom_300_c60.json
  Completed 10 iterations for size 300, cohesion 60.

Results successfully written to job81282/comparison_results_tabuSearchFromRandom_300_c60.json
  Completed 10 iterations for size 300, cohesion 60.

Results successfully written to job81282/comparison_results_tabuSearchFromRandom_300_c60.json
  Completed 10 iterations for size 300, cohesion 60.

Results successfully written to job81282/comparison_results_tabuSearchFromRandom_300_c60.json

================================================================================
Algorithm                   People    Avg Score  Avg Time(s)
--------------------------------------------------------------------------------
tabuSearchFromRandom           300      12334.5      30.0891
================================================================================

Results successfully written to job81282/comparison_results_tabuSearchFromRandom_300_c60.json
