Task 1 running algorithm: annealingFromGrouped, people: 300, cohesions: 30 40 50
desktop16.hpc.itu.dk
nsio
/home/nsio/bachelorProject/hpc-jobs
Running iterations for algorithm: annealingFromGrouped
  Completed 10 iterations for size 300, cohesion 30.
  Completed 10 iterations for size 300, cohesion 40.
  Completed 10 iterations for size 300, cohesion 50.

Results successfully written to job81203/comparison_results_annealingFromGrouped_300_c30-40-50.json
  Completed 10 iterations for size 300, cohesion 30.
  Completed 10 iterations for size 300, cohesion 40.
  Completed 10 iterations for size 300, cohesion 50.

Results successfully written to job81203/comparison_results_annealingFromGrouped_300_c30-40-50.json
  Completed 10 iterations for size 300, cohesion 30.
  Completed 10 iterations for size 300, cohesion 40.
  Completed 10 iterations for size 300, cohesion 50.

Results successfully written to job81203/comparison_results_annealingFromGrouped_300_c30-40-50.json
  Completed 10 iterations for size 300, cohesion 30.
slurmstepd: error: *** STEP 81205.0 ON desktop16 CANCELLED AT 2026-05-12T15:14:17 ***
slurmstepd: error: *** JOB 81205 ON desktop16 CANCELLED AT 2026-05-12T15:14:17 ***
