Task 2 running algorithm: annealingFromGrouped, people: 300, cohesions: 60 70 80
desktop16.hpc.itu.dk
nsio
/home/nsio/bachelorProject/hpc-jobs
Running iterations for algorithm: annealingFromGrouped
  Completed 10 iterations for size 300, cohesion 60.
  Completed 10 iterations for size 300, cohesion 70.
  Completed 10 iterations for size 300, cohesion 80.

Results successfully written to job81203/comparison_results_annealingFromGrouped_300_c60-70-80.json
  Completed 10 iterations for size 300, cohesion 60.
  Completed 10 iterations for size 300, cohesion 70.
  Completed 10 iterations for size 300, cohesion 80.

Results successfully written to job81203/comparison_results_annealingFromGrouped_300_c60-70-80.json
  Completed 10 iterations for size 300, cohesion 60.
  Completed 10 iterations for size 300, cohesion 70.
  Completed 10 iterations for size 300, cohesion 80.

Results successfully written to job81203/comparison_results_annealingFromGrouped_300_c60-70-80.json
  Completed 10 iterations for size 300, cohesion 60.
slurmstepd: error: *** STEP 81206.0 ON desktop16 CANCELLED AT 2026-05-12T15:14:17 ***
slurmstepd: error: *** JOB 81206 ON desktop16 CANCELLED AT 2026-05-12T15:14:17 ***
