Task 4 running algorithm: annealingFromRandom, people: 300, cohesions: 0 10 20
desktop2.hpc.itu.dk
nsio
/home/nsio/bachelorProject/hpc-jobs
Running iterations for algorithm: annealingFromRandom
  Completed 10 iterations for size 300, cohesion 0.
  Completed 10 iterations for size 300, cohesion 10.
  Completed 10 iterations for size 300, cohesion 20.

Results successfully written to job81203/comparison_results_annealingFromRandom_300_c0-10-20.json
  Completed 10 iterations for size 300, cohesion 0.
  Completed 10 iterations for size 300, cohesion 10.
  Completed 10 iterations for size 300, cohesion 20.

Results successfully written to job81203/comparison_results_annealingFromRandom_300_c0-10-20.json
  Completed 10 iterations for size 300, cohesion 0.
  Completed 10 iterations for size 300, cohesion 10.
  Completed 10 iterations for size 300, cohesion 20.

Results successfully written to job81203/comparison_results_annealingFromRandom_300_c0-10-20.json
  Completed 10 iterations for size 300, cohesion 0.
slurmstepd: error: *** JOB 81208 ON desktop2 CANCELLED AT 2026-05-12T15:14:25 ***
slurmstepd: error: *** STEP 81208.0 ON desktop2 CANCELLED AT 2026-05-12T15:14:25 ***
