Task 5 running algorithm: annealingFromRandom, people: 300, cohesions: 30 40 50
desktop2.hpc.itu.dk
nsio
/home/nsio/bachelorProject/hpc-jobs
Running iterations for algorithm: annealingFromRandom
  Completed 10 iterations for size 300, cohesion 30.
  Completed 10 iterations for size 300, cohesion 40.
  Completed 10 iterations for size 300, cohesion 50.

Results successfully written to job81203/comparison_results_annealingFromRandom_300_c30-40-50.json
  Completed 10 iterations for size 300, cohesion 30.
  Completed 10 iterations for size 300, cohesion 40.
  Completed 10 iterations for size 300, cohesion 50.

Results successfully written to job81203/comparison_results_annealingFromRandom_300_c30-40-50.json
  Completed 10 iterations for size 300, cohesion 30.
  Completed 10 iterations for size 300, cohesion 40.
  Completed 10 iterations for size 300, cohesion 50.

Results successfully written to job81203/comparison_results_annealingFromRandom_300_c30-40-50.json
  Completed 10 iterations for size 300, cohesion 30.
slurmstepd: error: *** JOB 81209 ON desktop2 CANCELLED AT 2026-05-12T15:14:25 ***
slurmstepd: error: *** STEP 81209.0 ON desktop2 CANCELLED AT 2026-05-12T15:14:25 ***
