Task 6 running algorithm: annealingFromRandom, people: 300, cohesions: 60 70 80
desktop3.hpc.itu.dk
nsio
/home/nsio/bachelorProject/hpc-jobs
Running iterations for algorithm: annealingFromRandom
  Completed 10 iterations for size 300, cohesion 60.
  Completed 10 iterations for size 300, cohesion 70.
  Completed 10 iterations for size 300, cohesion 80.

Results successfully written to job81203/comparison_results_annealingFromRandom_300_c60-70-80.json
  Completed 10 iterations for size 300, cohesion 60.
  Completed 10 iterations for size 300, cohesion 70.
  Completed 10 iterations for size 300, cohesion 80.

Results successfully written to job81203/comparison_results_annealingFromRandom_300_c60-70-80.json
  Completed 10 iterations for size 300, cohesion 60.
  Completed 10 iterations for size 300, cohesion 70.
  Completed 10 iterations for size 300, cohesion 80.

Results successfully written to job81203/comparison_results_annealingFromRandom_300_c60-70-80.json
  Completed 10 iterations for size 300, cohesion 60.
slurmstepd: error: *** JOB 81210 ON desktop3 CANCELLED AT 2026-05-12T15:13:40 ***
slurmstepd: error: *** STEP 81210.0 ON desktop3 CANCELLED AT 2026-05-12T15:13:40 ***
