Task 7 running algorithm: annealingFromRandom, people: 300, cohesions: 90 100
desktop3.hpc.itu.dk
nsio
/home/nsio/bachelorProject/hpc-jobs
Running iterations for algorithm: annealingFromRandom
  Completed 10 iterations for size 300, cohesion 90.
  Completed 10 iterations for size 300, cohesion 100.

Results successfully written to job81203/comparison_results_annealingFromRandom_300_c90-100.json
  Completed 10 iterations for size 300, cohesion 90.
  Completed 10 iterations for size 300, cohesion 100.

Results successfully written to job81203/comparison_results_annealingFromRandom_300_c90-100.json
  Completed 10 iterations for size 300, cohesion 90.
  Completed 10 iterations for size 300, cohesion 100.

Results successfully written to job81203/comparison_results_annealingFromRandom_300_c90-100.json
  Completed 10 iterations for size 300, cohesion 90.
  Completed 10 iterations for size 300, cohesion 100.

Results successfully written to job81203/comparison_results_annealingFromRandom_300_c90-100.json
  Completed 10 iterations for size 300, cohesion 90.
  Completed 10 iterations for size 300, cohesion 100.

Results successfully written to job81203/comparison_results_annealingFromRandom_300_c90-100.json
slurmstepd: error: *** JOB 81203 ON desktop3 CANCELLED AT 2026-05-12T15:13:40 ***
slurmstepd: error: *** STEP 81203.0 ON desktop3 CANCELLED AT 2026-05-12T15:13:40 ***
