Task 1 running algorithm: annealingFromGrouped, people: 300, cohesions: 30 40 50
cn14.hpc.itu.dk
nsio
/home/nsio/bachelorProject/hpc-jobs
Running iterations for algorithm: annealingFromGrouped
  Completed 10 iterations for size 300, cohesion 30.
  Completed 10 iterations for size 300, cohesion 40.
  Completed 10 iterations for size 300, cohesion 50.

Results successfully written to job80728/comparison_results_annealingFromGrouped_300_c30-40-50.json
  Completed 10 iterations for size 300, cohesion 30.
  Completed 10 iterations for size 300, cohesion 40.
  Completed 10 iterations for size 300, cohesion 50.

Results successfully written to job80728/comparison_results_annealingFromGrouped_300_c30-40-50.json
  Completed 10 iterations for size 300, cohesion 30.
  Completed 10 iterations for size 300, cohesion 40.
  Completed 10 iterations for size 300, cohesion 50.

Results successfully written to job80728/comparison_results_annealingFromGrouped_300_c30-40-50.json
  Completed 10 iterations for size 300, cohesion 30.
  Completed 10 iterations for size 300, cohesion 40.
  Completed 10 iterations for size 300, cohesion 50.

Results successfully written to job80728/comparison_results_annealingFromGrouped_300_c30-40-50.json
  Completed 10 iterations for size 300, cohesion 30.
  Completed 10 iterations for size 300, cohesion 40.
  Completed 10 iterations for size 300, cohesion 50.

Results successfully written to job80728/comparison_results_annealingFromGrouped_300_c30-40-50.json
  Completed 10 iterations for size 300, cohesion 30.
  Completed 10 iterations for size 300, cohesion 40.
  Completed 10 iterations for size 300, cohesion 50.

Results successfully written to job80728/comparison_results_annealingFromGrouped_300_c30-40-50.json
  Completed 10 iterations for size 300, cohesion 30.
  Completed 10 iterations for size 300, cohesion 40.
  Completed 10 iterations for size 300, cohesion 50.

Results successfully written to job80728/comparison_results_annealingFromGrouped_300_c30-40-50.json
  Completed 10 iterations for size 300, cohesion 30.
  Completed 10 iterations for size 300, cohesion 40.
  Completed 10 iterations for size 300, cohesion 50.

Results successfully written to job80728/comparison_results_annealingFromGrouped_300_c30-40-50.json
  Completed 10 iterations for size 300, cohesion 30.
  Completed 10 iterations for size 300, cohesion 40.
  Completed 10 iterations for size 300, cohesion 50.

Results successfully written to job80728/comparison_results_annealingFromGrouped_300_c30-40-50.json
  Completed 10 iterations for size 300, cohesion 30.
  Completed 10 iterations for size 300, cohesion 40.
  Completed 10 iterations for size 300, cohesion 50.

Results successfully written to job80728/comparison_results_annealingFromGrouped_300_c30-40-50.json

================================================================================
Algorithm                   People    Avg Score  Avg Time(s)
--------------------------------------------------------------------------------
annealingFromGrouped           300      12329.0     600.8837
================================================================================

Results successfully written to job80728/comparison_results_annealingFromGrouped_300_c30-40-50.json
