Task 0 running algorithm: bruteForce
cn8.hpc.itu.dk
nsio
/home/nsio/bachelorProject/hpc-jobs
Running iterations for algorithm: bruteForce
  Completed 100 iterations for size 4, cohesion 0.
  Completed 100 iterations for size 4, cohesion 10.
  Completed 100 iterations for size 4, cohesion 20.
  Completed 100 iterations for size 4, cohesion 30.
  Completed 100 iterations for size 4, cohesion 40.
  Completed 100 iterations for size 4, cohesion 50.
  Completed 100 iterations for size 4, cohesion 60.
  Completed 100 iterations for size 4, cohesion 70.
  Completed 100 iterations for size 4, cohesion 80.
  Completed 100 iterations for size 4, cohesion 90.
  Completed 100 iterations for size 4, cohesion 100.
  Completed 100 iterations for size 5, cohesion 0.
  Completed 100 iterations for size 5, cohesion 10.
  Completed 100 iterations for size 5, cohesion 20.
  Completed 100 iterations for size 5, cohesion 30.
  Completed 100 iterations for size 5, cohesion 40.
  Completed 100 iterations for size 5, cohesion 50.
  Completed 100 iterations for size 5, cohesion 60.
  Completed 100 iterations for size 5, cohesion 70.
  Completed 100 iterations for size 5, cohesion 80.
  Completed 100 iterations for size 5, cohesion 90.
  Completed 100 iterations for size 5, cohesion 100.
  Completed 100 iterations for size 6, cohesion 0.
  Completed 100 iterations for size 6, cohesion 10.
  Completed 100 iterations for size 6, cohesion 20.
  Completed 100 iterations for size 6, cohesion 30.
  Completed 100 iterations for size 6, cohesion 40.
  Completed 100 iterations for size 6, cohesion 50.
  Completed 100 iterations for size 6, cohesion 60.
  Completed 100 iterations for size 6, cohesion 70.
  Completed 100 iterations for size 6, cohesion 80.
  Completed 100 iterations for size 6, cohesion 90.
  Completed 100 iterations for size 6, cohesion 100.
  Completed 100 iterations for size 7, cohesion 0.
  Completed 100 iterations for size 7, cohesion 10.
  Completed 100 iterations for size 7, cohesion 20.
  Completed 100 iterations for size 7, cohesion 30.
  Completed 100 iterations for size 7, cohesion 40.
  Completed 100 iterations for size 7, cohesion 50.
  Completed 100 iterations for size 7, cohesion 60.
  Completed 100 iterations for size 7, cohesion 70.
  Completed 100 iterations for size 7, cohesion 80.
  Completed 100 iterations for size 7, cohesion 90.
  Completed 100 iterations for size 7, cohesion 100.
  Completed 100 iterations for size 8, cohesion 0.
  Completed 100 iterations for size 8, cohesion 10.
  Completed 100 iterations for size 8, cohesion 20.
  Completed 100 iterations for size 8, cohesion 30.
  Completed 100 iterations for size 8, cohesion 40.
  Completed 100 iterations for size 8, cohesion 50.
  Completed 100 iterations for size 8, cohesion 60.
  Completed 100 iterations for size 8, cohesion 70.
  Completed 100 iterations for size 8, cohesion 80.
  Completed 100 iterations for size 8, cohesion 90.
  Completed 100 iterations for size 8, cohesion 100.

Results successfully written to job77672/comparison_results_bruteForce.json

================================================================================
Algorithm                   People    Avg Score  Avg Time(s)
--------------------------------------------------------------------------------
bruteForce                       4        155.4       0.1439
bruteForce                       5        212.6       0.2969
bruteForce                       6        291.9       0.8848
bruteForce                       7        363.1       2.2676
bruteForce                       8        439.7       2.9745
================================================================================

Results successfully written to job77672/comparison_results_bruteForce.json
