Task 1 running algorithm: theoreticalMax
cn8.hpc.itu.dk
nsio
/home/nsio/bachelorProject/hpc-jobs
Running iterations for algorithm: theoreticalMax
  Completed 100 iterations for size 4, cohesion 0.
  Completed 100 iterations for size 4, cohesion 10.
  Completed 100 iterations for size 4, cohesion 20.
  Completed 100 iterations for size 4, cohesion 30.
  Completed 100 iterations for size 4, cohesion 40.
  Completed 100 iterations for size 4, cohesion 50.
  Completed 100 iterations for size 4, cohesion 60.
  Completed 100 iterations for size 4, cohesion 70.
  Completed 100 iterations for size 4, cohesion 80.
  Completed 100 iterations for size 4, cohesion 90.
  Completed 100 iterations for size 4, cohesion 100.
  Completed 100 iterations for size 5, cohesion 0.
  Completed 100 iterations for size 5, cohesion 10.
  Completed 100 iterations for size 5, cohesion 20.
  Completed 100 iterations for size 5, cohesion 30.
  Completed 100 iterations for size 5, cohesion 40.
  Completed 100 iterations for size 5, cohesion 50.
  Completed 100 iterations for size 5, cohesion 60.
  Completed 100 iterations for size 5, cohesion 70.
  Completed 100 iterations for size 5, cohesion 80.
  Completed 100 iterations for size 5, cohesion 90.
  Completed 100 iterations for size 5, cohesion 100.
  Completed 100 iterations for size 6, cohesion 0.
  Completed 100 iterations for size 6, cohesion 10.
  Completed 100 iterations for size 6, cohesion 20.
  Completed 100 iterations for size 6, cohesion 30.
  Completed 100 iterations for size 6, cohesion 40.
  Completed 100 iterations for size 6, cohesion 50.
  Completed 100 iterations for size 6, cohesion 60.
  Completed 100 iterations for size 6, cohesion 70.
  Completed 100 iterations for size 6, cohesion 80.
  Completed 100 iterations for size 6, cohesion 90.
  Completed 100 iterations for size 6, cohesion 100.
  Completed 100 iterations for size 7, cohesion 0.
  Completed 100 iterations for size 7, cohesion 10.
  Completed 100 iterations for size 7, cohesion 20.
  Completed 100 iterations for size 7, cohesion 30.
  Completed 100 iterations for size 7, cohesion 40.
  Completed 100 iterations for size 7, cohesion 50.
  Completed 100 iterations for size 7, cohesion 60.
  Completed 100 iterations for size 7, cohesion 70.
  Completed 100 iterations for size 7, cohesion 80.
  Completed 100 iterations for size 7, cohesion 90.
  Completed 100 iterations for size 7, cohesion 100.
  Completed 100 iterations for size 8, cohesion 0.
  Completed 100 iterations for size 8, cohesion 10.
  Completed 100 iterations for size 8, cohesion 20.
  Completed 100 iterations for size 8, cohesion 30.
  Completed 100 iterations for size 8, cohesion 40.
  Completed 100 iterations for size 8, cohesion 50.
  Completed 100 iterations for size 8, cohesion 60.
  Completed 100 iterations for size 8, cohesion 70.
  Completed 100 iterations for size 8, cohesion 80.
  Completed 100 iterations for size 8, cohesion 90.
  Completed 100 iterations for size 8, cohesion 100.

Results successfully written to job77672/comparison_results_theoreticalMax.json

================================================================================
Algorithm                   People    Avg Score  Avg Time(s)
--------------------------------------------------------------------------------
theoreticalMax                   4        186.0       0.0083
theoreticalMax                   5        257.4       0.0090
theoreticalMax                   6        342.9       0.0095
theoreticalMax                   7        430.4       0.0102
theoreticalMax                   8        507.5       0.0109
================================================================================

Results successfully written to job77672/comparison_results_theoreticalMax.json
