Task 9 running algorithm: repeatedRandom
cn17.hpc.itu.dk
nsio
/home/nsio/bachelorProject/hpc-jobs
Running iterations for algorithm: repeatedRandom
  Error in repeatedRandom at cohesion 0, iter 0: repeatedRandom() takes 2 positional arguments but 3 were given
  Error in repeatedRandom at cohesion 0, iter 1: repeatedRandom() takes 2 positional arguments but 3 were given
  Error in repeatedRandom at cohesion 0, iter 2: repeatedRandom() takes 2 positional arguments but 3 were given
  Error in repeatedRandom at cohesion 0, iter 3: repeatedRandom() takes 2 positional arguments but 3 were given
  Error in repeatedRandom at cohesion 0, iter 4: repeatedRandom() takes 2 positional arguments but 3 were given
  Error in repeatedRandom at cohesion 0, iter 5: repeatedRandom() takes 2 positional arguments but 3 were given
  Error in repeatedRandom at cohesion 0, iter 6: repeatedRandom() takes 2 positional arguments but 3 were given
  Error in repeatedRandom at cohesion 0, iter 7: repeatedRandom() takes 2 positional arguments but 3 were given
  Error in repeatedRandom at cohesion 0, iter 8: repeatedRandom() takes 2 positional arguments but 3 were given
  Error in repeatedRandom at cohesion 0, iter 9: repeatedRandom() takes 2 positional arguments but 3 were given
  Error in repeatedRandom at cohesion 0, iter 10: repeatedRandom() takes 2 positional arguments but 3 were given
  Error in repeatedRandom at cohesion 0, iter 11: repeatedRandom() takes 2 positional arguments but 3 were given
  Error in repeatedRandom at cohesion 0, iter 12: repeatedRandom() takes 2 positional arguments but 3 were given
  Error in repeatedRandom at cohesion 0, iter 13: repeatedRandom() takes 2 positional arguments but 3 were given
  Error in repeatedRandom at cohesion 0, iter 14: repeatedRandom() takes 2 positional arguments but 3 were given
  Error in repeatedRandom at cohesion 0, iter 15: repeatedRandom() takes 2 positional arguments but 3 were given
  Error in repeatedRandom at cohesion 0, iter 16: repeatedRandom() takes 2 positional arguments but 3 were given
  Error in repeatedRandom at cohesion 0, iter 17: repeatedRandom() takes 2 positional arguments but 3 were given
  Error in repeatedRandom at cohesion 0, iter 18: repeatedRandom() takes 2 positional arguments but 3 were given
  Error in repeatedRandom at cohesion 0, iter 19: repeatedRandom() takes 2 positional arguments but 3 were given
  Error in repeatedRandom at cohesion 0, iter 20: repeatedRandom() takes 2 positional arguments but 3 were given
  Error in repeatedRandom at cohesion 0, iter 21: repeatedRandom() takes 2 positional arguments but 3 were given
  Error in repeatedRandom at cohesion 0, iter 22: repeatedRandom() takes 2 positional arguments but 3 were given
  Error in repeatedRandom at cohesion 0, iter 23: repeatedRandom() takes 2 positional arguments but 3 were given
  Error in repeatedRandom at cohesion 0, iter 24: repeatedRandom() takes 2 positional arguments but 3 were given
  Error in repeatedRandom at cohesion 0, iter 25: repeatedRandom() takes 2 positional arguments but 3 were given
  Error in repeatedRandom at cohesion 0, iter 26: repeatedRandom() takes 2 positional arguments but 3 were given
  Error in repeatedRandom at cohesion 0, iter 27: repeatedRandom() takes 2 positional arguments but 3 were given
  Error in repeatedRandom at cohesion 0, iter 28: repeatedRandom() takes 2 positional arguments but 3 were given
  Error in repeatedRandom at cohesion 0, iter 29: repeatedRandom() takes 2 positional arguments but 3 were given
  Error in repeatedRandom at cohesion 0, iter 30: repeatedRandom() takes 2 positional arguments but 3 were given
  Error in repeatedRandom at cohesion 0, iter 31: repeatedRandom() takes 2 positional arguments but 3 were given
  Error in repeatedRandom at cohesion 0, iter 32: repeatedRandom() takes 2 positional arguments but 3 were given
  Error in repeatedRandom at cohesion 0, iter 33: repeatedRandom() takes 2 positional arguments but 3 were given
  Error in repeatedRandom at cohesion 0, iter 34: repeatedRandom() takes 2 positional arguments but 3 were given
  Error in repeatedRandom at cohesion 0, iter 35: repeatedRandom() takes 2 positional arguments but 3 were given
  Error in repeatedRandom at cohesion 0, iter 36: repeatedRandom() takes 2 positional arguments but 3 were given
  Error in repeatedRandom at cohesion 0, iter 37: repeatedRandom() takes 2 positional arguments but 3 were given
  Error in repeatedRandom at cohesion 0, iter 38: repeatedRandom() takes 2 positional arguments but 3 were given
  Error in repeatedRandom at cohesion 0, iter 39: repeatedRandom() takes 2 positional arguments but 3 were given
  Error in repeatedRandom at cohesion 0, iter 40: repeatedRandom() takes 2 positional arguments but 3 were given
  Error in repeatedRandom at cohesion 0, iter 41: repeatedRandom() takes 2 positional arguments but 3 were given
  Error in repeatedRandom at cohesion 0, iter 42: repeatedRandom() takes 2 positional arguments but 3 were given
  Error in repeatedRandom at cohesion 0, iter 43: repeatedRandom() takes 2 positional arguments but 3 were given
  Error in repeatedRandom at cohesion 0, iter 44: repeatedRandom() takes 2 positional arguments but 3 were given
  Error in repeatedRandom at cohesion 0, iter 45: repeatedRandom() takes 2 positional arguments but 3 were given
  Error in repeatedRandom at cohesion 0, iter 46: repeatedRandom() takes 2 positional arguments but 3 were given
  Error in repeatedRandom at cohesion 0, iter 47: repeatedRandom() takes 2 positional arguments but 3 were given
  Error in repeatedRandom at cohesion 0, iter 48: repeatedRandom() takes 2 positional arguments but 3 were given
  Error in repeatedRandom at cohesion 0, iter 49: repeatedRandom() takes 2 positional arguments but 3 were given
  Error in repeatedRandom at cohesion 0, iter 50: repeatedRandom() takes 2 positional arguments but 3 were given
  Error in repeatedRandom at cohesion 0, iter 51: repeatedRandom() takes 2 positional arguments but 3 were given
  Error in repeatedRandom at cohesion 0, iter 52: repeatedRandom() takes 2 positional arguments but 3 were given
  Error in repeatedRandom at cohesion 0, iter 53: repeatedRandom() takes 2 positional arguments but 3 were given
  Error in repeatedRandom at cohesion 0, iter 54: repeatedRandom() takes 2 positional arguments but 3 were given
  Error in repeatedRandom at cohesion 0, iter 55: repeatedRandom() takes 2 positional arguments but 3 were given
  Error in repeatedRandom at cohesion 0, iter 56: repeatedRandom() takes 2 positional arguments but 3 were given
  Error in repeatedRandom at cohesion 0, iter 57: repeatedRandom() takes 2 positional arguments but 3 were given
  Error in repeatedRandom at cohesion 0, iter 58: repeatedRandom() takes 2 positional arguments but 3 were given
  Error in repeatedRandom at cohesion 0, iter 59: repeatedRandom() takes 2 positional arguments but 3 were given
  Error in repeatedRandom at cohesion 0, iter 60: repeatedRandom() takes 2 positional arguments but 3 were given
  Error in repeatedRandom at cohesion 0, iter 61: repeatedRandom() takes 2 positional arguments but 3 were given
  Error in repeatedRandom at cohesion 0, iter 62: repeatedRandom() takes 2 positional arguments but 3 were given
  Error in repeatedRandom at cohesion 0, iter 63: repeatedRandom() takes 2 positional arguments but 3 were given
  Error in repeatedRandom at cohesion 0, iter 64: repeatedRandom() takes 2 positional arguments but 3 were given
  Error in repeatedRandom at cohesion 0, iter 65: repeatedRandom() takes 2 positional arguments but 3 were given
  Error in repeatedRandom at cohesion 0, iter 66: repeatedRandom() takes 2 positional arguments but 3 were given
  Error in repeatedRandom at cohesion 0, iter 67: repeatedRandom() takes 2 positional arguments but 3 were given
  Error in repeatedRandom at cohesion 0, iter 68: repeatedRandom() takes 2 positional arguments but 3 were given
  Error in repeatedRandom at cohesion 0, iter 69: repeatedRandom() takes 2 positional arguments but 3 were given
  Error in repeatedRandom at cohesion 0, iter 70: repeatedRandom() takes 2 positional arguments but 3 were given
  Error in repeatedRandom at cohesion 0, iter 71: repeatedRandom() takes 2 positional arguments but 3 were given
  Error in repeatedRandom at cohesion 0, iter 72: repeatedRandom() takes 2 positional arguments but 3 were given
  Error in repeatedRandom at cohesion 0, iter 73: repeatedRandom() takes 2 positional arguments but 3 were given
  Error in repeatedRandom at cohesion 0, iter 74: repeatedRandom() takes 2 positional arguments but 3 were given
  Error in repeatedRandom at cohesion 0, iter 75: repeatedRandom() takes 2 positional arguments but 3 were given
  Error in repeatedRandom at cohesion 0, iter 76: repeatedRandom() takes 2 positional arguments but 3 were given
  Error in repeatedRandom at cohesion 0, iter 77: repeatedRandom() takes 2 positional arguments but 3 were given
  Error in repeatedRandom at cohesion 0, iter 78: repeatedRandom() takes 2 positional arguments but 3 were given
  Error in repeatedRandom at cohesion 0, iter 79: repeatedRandom() takes 2 positional arguments but 3 were given
  Error in repeatedRandom at cohesion 0, iter 80: repeatedRandom() takes 2 positional arguments but 3 were given
  Error in repeatedRandom at cohesion 0, iter 81: repeatedRandom() takes 2 positional arguments but 3 were given
  Error in repeatedRandom at cohesion 0, iter 82: repeatedRandom() takes 2 positional arguments but 3 were given
  Error in repeatedRandom at cohesion 0, iter 83: repeatedRandom() takes 2 positional arguments but 3 were given
  Error in repeatedRandom at cohesion 0, iter 84: repeatedRandom() takes 2 positional arguments but 3 were given
  Error in repeatedRandom at cohesion 0, iter 85: repeatedRandom() takes 2 positional arguments but 3 were given
  Error in repeatedRandom at cohesion 0, iter 86: repeatedRandom() takes 2 positional arguments but 3 were given
  Error in repeatedRandom at cohesion 0, iter 87: repeatedRandom() takes 2 positional arguments but 3 were given
  Error in repeatedRandom at cohesion 0, iter 88: repeatedRandom() takes 2 positional arguments but 3 were given
  Error in repeatedRandom at cohesion 0, iter 89: repeatedRandom() takes 2 positional arguments but 3 were given
  Error in repeatedRandom at cohesion 0, iter 90: repeatedRandom() takes 2 positional arguments but 3 were given
  Error in repeatedRandom at cohesion 0, iter 91: repeatedRandom() takes 2 positional arguments but 3 were given
  Error in repeatedRandom at cohesion 0, iter 92: repeatedRandom() takes 2 positional arguments but 3 were given
  Error in repeatedRandom at cohesion 0, iter 93: repeatedRandom() takes 2 positional arguments but 3 were given
  Error in repeatedRandom at cohesion 0, iter 94: repeatedRandom() takes 2 positional arguments but 3 were given
  Error in repeatedRandom at cohesion 0, iter 95: repeatedRandom() takes 2 positional arguments but 3 were given
  Error in repeatedRandom at cohesion 0, iter 96: repeatedRandom() takes 2 positional arguments but 3 were given
  Error in repeatedRandom at cohesion 0, iter 97: repeatedRandom() takes 2 positional arguments but 3 were given
  Error in repeatedRandom at cohesion 0, iter 98: repeatedRandom() takes 2 positional arguments but 3 were given
  Error in repeatedRandom at cohesion 0, iter 99: repeatedRandom() takes 2 positional arguments but 3 were given
  Completed 100 iterations for size 300, cohesion 0.

Results successfully written to job72909/comparison_results_repeatedRandom.json
  Error in repeatedRandom at cohesion 10, iter 0: repeatedRandom() takes 2 positional arguments but 3 were given
  Error in repeatedRandom at cohesion 10, iter 1: repeatedRandom() takes 2 positional arguments but 3 were given
  Error in repeatedRandom at cohesion 10, iter 2: repeatedRandom() takes 2 positional arguments but 3 were given
  Error in repeatedRandom at cohesion 10, iter 3: repeatedRandom() takes 2 positional arguments but 3 were given
  Error in repeatedRandom at cohesion 10, iter 4: repeatedRandom() takes 2 positional arguments but 3 were given
  Error in repeatedRandom at cohesion 10, iter 5: repeatedRandom() takes 2 positional arguments but 3 were given
  Error in repeatedRandom at cohesion 10, iter 6: repeatedRandom() takes 2 positional arguments but 3 were given
  Error in repeatedRandom at cohesion 10, iter 7: repeatedRandom() takes 2 positional arguments but 3 were given
  Error in repeatedRandom at cohesion 10, iter 8: repeatedRandom() takes 2 positional arguments but 3 were given
  Error in repeatedRandom at cohesion 10, iter 9: repeatedRandom() takes 2 positional arguments but 3 were given
  Error in repeatedRandom at cohesion 10, iter 10: repeatedRandom() takes 2 positional arguments but 3 were given
  Error in repeatedRandom at cohesion 10, iter 11: repeatedRandom() takes 2 positional arguments but 3 were given
  Error in repeatedRandom at cohesion 10, iter 12: repeatedRandom() takes 2 positional arguments but 3 were given
  Error in repeatedRandom at cohesion 10, iter 13: repeatedRandom() takes 2 positional arguments but 3 were given
  Error in repeatedRandom at cohesion 10, iter 14: repeatedRandom() takes 2 positional arguments but 3 were given
  Error in repeatedRandom at cohesion 10, iter 15: repeatedRandom() takes 2 positional arguments but 3 were given
  Error in repeatedRandom at cohesion 10, iter 16: repeatedRandom() takes 2 positional arguments but 3 were given
  Error in repeatedRandom at cohesion 10, iter 17: repeatedRandom() takes 2 positional arguments but 3 were given
  Error in repeatedRandom at cohesion 10, iter 18: repeatedRandom() takes 2 positional arguments but 3 were given
  Error in repeatedRandom at cohesion 10, iter 19: repeatedRandom() takes 2 positional arguments but 3 were given
  Error in repeatedRandom at cohesion 10, iter 20: repeatedRandom() takes 2 positional arguments but 3 were given
  Error in repeatedRandom at cohesion 10, iter 21: repeatedRandom() takes 2 positional arguments but 3 were given
  Error in repeatedRandom at cohesion 10, iter 22: repeatedRandom() takes 2 positional arguments but 3 were given
  Error in repeatedRandom at cohesion 10, iter 23: repeatedRandom() takes 2 positional arguments but 3 were given
  Error in repeatedRandom at cohesion 10, iter 24: repeatedRandom() takes 2 positional arguments but 3 were given
  Error in repeatedRandom at cohesion 10, iter 25: repeatedRandom() takes 2 positional arguments but 3 were given
  Error in repeatedRandom at cohesion 10, iter 26: repeatedRandom() takes 2 positional arguments but 3 were given
  Error in repeatedRandom at cohesion 10, iter 27: repeatedRandom() takes 2 positional arguments but 3 were given
  Error in repeatedRandom at cohesion 10, iter 28: repeatedRandom() takes 2 positional arguments but 3 were given
  Error in repeatedRandom at cohesion 10, iter 29: repeatedRandom() takes 2 positional arguments but 3 were given
  Error in repeatedRandom at cohesion 10, iter 30: repeatedRandom() takes 2 positional arguments but 3 were given
  Error in repeatedRandom at cohesion 10, iter 31: repeatedRandom() takes 2 positional arguments but 3 were given
  Error in repeatedRandom at cohesion 10, iter 32: repeatedRandom() takes 2 positional arguments but 3 were given
  Error in repeatedRandom at cohesion 10, iter 33: repeatedRandom() takes 2 positional arguments but 3 were given
  Error in repeatedRandom at cohesion 10, iter 34: repeatedRandom() takes 2 positional arguments but 3 were given
  Error in repeatedRandom at cohesion 10, iter 35: repeatedRandom() takes 2 positional arguments but 3 were given
  Error in repeatedRandom at cohesion 10, iter 36: repeatedRandom() takes 2 positional arguments but 3 were given
  Error in repeatedRandom at cohesion 10, iter 37: repeatedRandom() takes 2 positional arguments but 3 were given
  Error in repeatedRandom at cohesion 10, iter 38: repeatedRandom() takes 2 positional arguments but 3 were given
  Error in repeatedRandom at cohesion 10, iter 39: repeatedRandom() takes 2 positional arguments but 3 were given
  Error in repeatedRandom at cohesion 10, iter 40: repeatedRandom() takes 2 positional arguments but 3 were given
  Error in repeatedRandom at cohesion 10, iter 41: repeatedRandom() takes 2 positional arguments but 3 were given
  Error in repeatedRandom at cohesion 10, iter 42: repeatedRandom() takes 2 positional arguments but 3 were given
  Error in repeatedRandom at cohesion 10, iter 43: repeatedRandom() takes 2 positional arguments but 3 were given
  Error in repeatedRandom at cohesion 10, iter 44: repeatedRandom() takes 2 positional arguments but 3 were given
  Error in repeatedRandom at cohesion 10, iter 45: repeatedRandom() takes 2 positional arguments but 3 were given
  Error in repeatedRandom at cohesion 10, iter 46: repeatedRandom() takes 2 positional arguments but 3 were given
  Error in repeatedRandom at cohesion 10, iter 47: repeatedRandom() takes 2 positional arguments but 3 were given
  Error in repeatedRandom at cohesion 10, iter 48: repeatedRandom() takes 2 positional arguments but 3 were given
  Error in repeatedRandom at cohesion 10, iter 49: repeatedRandom() takes 2 positional arguments but 3 were given
  Error in repeatedRandom at cohesion 10, iter 50: repeatedRandom() takes 2 positional arguments but 3 were given
  Error in repeatedRandom at cohesion 10, iter 51: repeatedRandom() takes 2 positional arguments but 3 were given
  Error in repeatedRandom at cohesion 10, iter 52: repeatedRandom() takes 2 positional arguments but 3 were given
  Error in repeatedRandom at cohesion 10, iter 53: repeatedRandom() takes 2 positional arguments but 3 were given
  Error in repeatedRandom at cohesion 10, iter 54: repeatedRandom() takes 2 positional arguments but 3 were given
  Error in repeatedRandom at cohesion 10, iter 55: repeatedRandom() takes 2 positional arguments but 3 were given
  Error in repeatedRandom at cohesion 10, iter 56: repeatedRandom() takes 2 positional arguments but 3 were given
  Error in repeatedRandom at cohesion 10, iter 57: repeatedRandom() takes 2 positional arguments but 3 were given
  Error in repeatedRandom at cohesion 10, iter 58: repeatedRandom() takes 2 positional arguments but 3 were given
  Error in repeatedRandom at cohesion 10, iter 59: repeatedRandom() takes 2 positional arguments but 3 were given
  Error in repeatedRandom at cohesion 10, iter 60: repeatedRandom() takes 2 positional arguments but 3 were given
  Error in repeatedRandom at cohesion 10, iter 61: repeatedRandom() takes 2 positional arguments but 3 were given
  Error in repeatedRandom at cohesion 10, iter 62: repeatedRandom() takes 2 positional arguments but 3 were given
  Error in repeatedRandom at cohesion 10, iter 63: repeatedRandom() takes 2 positional arguments but 3 were given
  Error in repeatedRandom at cohesion 10, iter 64: repeatedRandom() takes 2 positional arguments but 3 were given
  Error in repeatedRandom at cohesion 10, iter 65: repeatedRandom() takes 2 positional arguments but 3 were given
  Error in repeatedRandom at cohesion 10, iter 66: repeatedRandom() takes 2 positional arguments but 3 were given
  Error in repeatedRandom at cohesion 10, iter 67: repeatedRandom() takes 2 positional arguments but 3 were given
  Error in repeatedRandom at cohesion 10, iter 68: repeatedRandom() takes 2 positional arguments but 3 were given
  Error in repeatedRandom at cohesion 10, iter 69: repeatedRandom() takes 2 positional arguments but 3 were given
  Error in repeatedRandom at cohesion 10, iter 70: repeatedRandom() takes 2 positional arguments but 3 were given
  Error in repeatedRandom at cohesion 10, iter 71: repeatedRandom() takes 2 positional arguments but 3 were given
  Error in repeatedRandom at cohesion 10, iter 72: repeatedRandom() takes 2 positional arguments but 3 were given
  Error in repeatedRandom at cohesion 10, iter 73: repeatedRandom() takes 2 positional arguments but 3 were given
  Error in repeatedRandom at cohesion 10, iter 74: repeatedRandom() takes 2 positional arguments but 3 were given
  Error in repeatedRandom at cohesion 10, iter 75: repeatedRandom() takes 2 positional arguments but 3 were given
  Error in repeatedRandom at cohesion 10, iter 76: repeatedRandom() takes 2 positional arguments but 3 were given
  Error in repeatedRandom at cohesion 10, iter 77: repeatedRandom() takes 2 positional arguments but 3 were given
  Error in repeatedRandom at cohesion 10, iter 78: repeatedRandom() takes 2 positional arguments but 3 were given
  Error in repeatedRandom at cohesion 10, iter 79: repeatedRandom() takes 2 positional arguments but 3 were given
  Error in repeatedRandom at cohesion 10, iter 80: repeatedRandom() takes 2 positional arguments but 3 were given
  Error in repeatedRandom at cohesion 10, iter 81: repeatedRandom() takes 2 positional arguments but 3 were given
  Error in repeatedRandom at cohesion 10, iter 82: repeatedRandom() takes 2 positional arguments but 3 were given
  Error in repeatedRandom at cohesion 10, iter 83: repeatedRandom() takes 2 positional arguments but 3 were given
  Error in repeatedRandom at cohesion 10, iter 84: repeatedRandom() takes 2 positional arguments but 3 were given
  Error in repeatedRandom at cohesion 10, iter 85: repeatedRandom() takes 2 positional arguments but 3 were given
  Error in repeatedRandom at cohesion 10, iter 86: repeatedRandom() takes 2 positional arguments but 3 were given
  Error in repeatedRandom at cohesion 10, iter 87: repeatedRandom() takes 2 positional arguments but 3 were given
  Error in repeatedRandom at cohesion 10, iter 88: repeatedRandom() takes 2 positional arguments but 3 were given
  Error in repeatedRandom at cohesion 10, iter 89: repeatedRandom() takes 2 positional arguments but 3 were given
  Error in repeatedRandom at cohesion 10, iter 90: repeatedRandom() takes 2 positional arguments but 3 were given
  Error in repeatedRandom at cohesion 10, iter 91: repeatedRandom() takes 2 positional arguments but 3 were given
  Error in repeatedRandom at cohesion 10, iter 92: repeatedRandom() takes 2 positional arguments but 3 were given
  Error in repeatedRandom at cohesion 10, iter 93: repeatedRandom() takes 2 positional arguments but 3 were given
  Error in repeatedRandom at cohesion 10, iter 94: repeatedRandom() takes 2 positional arguments but 3 were given
  Error in repeatedRandom at cohesion 10, iter 95: repeatedRandom() takes 2 positional arguments but 3 were given
  Error in repeatedRandom at cohesion 10, iter 96: repeatedRandom() takes 2 positional arguments but 3 were given
  Error in repeatedRandom at cohesion 10, iter 97: repeatedRandom() takes 2 positional arguments but 3 were given
  Error in repeatedRandom at cohesion 10, iter 98: repeatedRandom() takes 2 positional arguments but 3 were given
  Error in repeatedRandom at cohesion 10, iter 99: repeatedRandom() takes 2 positional arguments but 3 were given
  Completed 100 iterations for size 300, cohesion 10.

Results successfully written to job72909/comparison_results_repeatedRandom.json
  Error in repeatedRandom at cohesion 20, iter 0: repeatedRandom() takes 2 positional arguments but 3 were given
  Error in repeatedRandom at cohesion 20, iter 1: repeatedRandom() takes 2 positional arguments but 3 were given
  Error in repeatedRandom at cohesion 20, iter 2: repeatedRandom() takes 2 positional arguments but 3 were given
  Error in repeatedRandom at cohesion 20, iter 3: repeatedRandom() takes 2 positional arguments but 3 were given
  Error in repeatedRandom at cohesion 20, iter 4: repeatedRandom() takes 2 positional arguments but 3 were given
  Error in repeatedRandom at cohesion 20, iter 5: repeatedRandom() takes 2 positional arguments but 3 were given
  Error in repeatedRandom at cohesion 20, iter 6: repeatedRandom() takes 2 positional arguments but 3 were given
  Error in repeatedRandom at cohesion 20, iter 7: repeatedRandom() takes 2 positional arguments but 3 were given
  Error in repeatedRandom at cohesion 20, iter 8: repeatedRandom() takes 2 positional arguments but 3 were given
  Error in repeatedRandom at cohesion 20, iter 9: repeatedRandom() takes 2 positional arguments but 3 were given
  Error in repeatedRandom at cohesion 20, iter 10: repeatedRandom() takes 2 positional arguments but 3 were given
  Error in repeatedRandom at cohesion 20, iter 11: repeatedRandom() takes 2 positional arguments but 3 were given
  Error in repeatedRandom at cohesion 20, iter 12: repeatedRandom() takes 2 positional arguments but 3 were given
  Error in repeatedRandom at cohesion 20, iter 13: repeatedRandom() takes 2 positional arguments but 3 were given
  Error in repeatedRandom at cohesion 20, iter 14: repeatedRandom() takes 2 positional arguments but 3 were given
  Error in repeatedRandom at cohesion 20, iter 15: repeatedRandom() takes 2 positional arguments but 3 were given
  Error in repeatedRandom at cohesion 20, iter 16: repeatedRandom() takes 2 positional arguments but 3 were given
  Error in repeatedRandom at cohesion 20, iter 17: repeatedRandom() takes 2 positional arguments but 3 were given
  Error in repeatedRandom at cohesion 20, iter 18: repeatedRandom() takes 2 positional arguments but 3 were given
  Error in repeatedRandom at cohesion 20, iter 19: repeatedRandom() takes 2 positional arguments but 3 were given
  Error in repeatedRandom at cohesion 20, iter 20: repeatedRandom() takes 2 positional arguments but 3 were given
  Error in repeatedRandom at cohesion 20, iter 21: repeatedRandom() takes 2 positional arguments but 3 were given
  Error in repeatedRandom at cohesion 20, iter 22: repeatedRandom() takes 2 positional arguments but 3 were given
  Error in repeatedRandom at cohesion 20, iter 23: repeatedRandom() takes 2 positional arguments but 3 were given
  Error in repeatedRandom at cohesion 20, iter 24: repeatedRandom() takes 2 positional arguments but 3 were given
  Error in repeatedRandom at cohesion 20, iter 25: repeatedRandom() takes 2 positional arguments but 3 were given
  Error in repeatedRandom at cohesion 20, iter 26: repeatedRandom() takes 2 positional arguments but 3 were given
  Error in repeatedRandom at cohesion 20, iter 27: repeatedRandom() takes 2 positional arguments but 3 were given
  Error in repeatedRandom at cohesion 20, iter 28: repeatedRandom() takes 2 positional arguments but 3 were given
  Error in repeatedRandom at cohesion 20, iter 29: repeatedRandom() takes 2 positional arguments but 3 were given
  Error in repeatedRandom at cohesion 20, iter 30: repeatedRandom() takes 2 positional arguments but 3 were given
  Error in repeatedRandom at cohesion 20, iter 31: repeatedRandom() takes 2 positional arguments but 3 were given
  Error in repeatedRandom at cohesion 20, iter 32: repeatedRandom() takes 2 positional arguments but 3 were given
  Error in repeatedRandom at cohesion 20, iter 33: repeatedRandom() takes 2 positional arguments but 3 were given
  Error in repeatedRandom at cohesion 20, iter 34: repeatedRandom() takes 2 positional arguments but 3 were given
  Error in repeatedRandom at cohesion 20, iter 35: repeatedRandom() takes 2 positional arguments but 3 were given
  Error in repeatedRandom at cohesion 20, iter 36: repeatedRandom() takes 2 positional arguments but 3 were given
  Error in repeatedRandom at cohesion 20, iter 37: repeatedRandom() takes 2 positional arguments but 3 were given
  Error in repeatedRandom at cohesion 20, iter 38: repeatedRandom() takes 2 positional arguments but 3 were given
  Error in repeatedRandom at cohesion 20, iter 39: repeatedRandom() takes 2 positional arguments but 3 were given
  Error in repeatedRandom at cohesion 20, iter 40: repeatedRandom() takes 2 positional arguments but 3 were given
  Error in repeatedRandom at cohesion 20, iter 41: repeatedRandom() takes 2 positional arguments but 3 were given
  Error in repeatedRandom at cohesion 20, iter 42: repeatedRandom() takes 2 positional arguments but 3 were given
  Error in repeatedRandom at cohesion 20, iter 43: repeatedRandom() takes 2 positional arguments but 3 were given
  Error in repeatedRandom at cohesion 20, iter 44: repeatedRandom() takes 2 positional arguments but 3 were given
  Error in repeatedRandom at cohesion 20, iter 45: repeatedRandom() takes 2 positional arguments but 3 were given
  Error in repeatedRandom at cohesion 20, iter 46: repeatedRandom() takes 2 positional arguments but 3 were given
  Error in repeatedRandom at cohesion 20, iter 47: repeatedRandom() takes 2 positional arguments but 3 were given
  Error in repeatedRandom at cohesion 20, iter 48: repeatedRandom() takes 2 positional arguments but 3 were given
  Error in repeatedRandom at cohesion 20, iter 49: repeatedRandom() takes 2 positional arguments but 3 were given
  Error in repeatedRandom at cohesion 20, iter 50: repeatedRandom() takes 2 positional arguments but 3 were given
  Error in repeatedRandom at cohesion 20, iter 51: repeatedRandom() takes 2 positional arguments but 3 were given
  Error in repeatedRandom at cohesion 20, iter 52: repeatedRandom() takes 2 positional arguments but 3 were given
  Error in repeatedRandom at cohesion 20, iter 53: repeatedRandom() takes 2 positional arguments but 3 were given
  Error in repeatedRandom at cohesion 20, iter 54: repeatedRandom() takes 2 positional arguments but 3 were given
  Error in repeatedRandom at cohesion 20, iter 55: repeatedRandom() takes 2 positional arguments but 3 were given
  Error in repeatedRandom at cohesion 20, iter 56: repeatedRandom() takes 2 positional arguments but 3 were given
  Error in repeatedRandom at cohesion 20, iter 57: repeatedRandom() takes 2 positional arguments but 3 were given
  Error in repeatedRandom at cohesion 20, iter 58: repeatedRandom() takes 2 positional arguments but 3 were given
  Error in repeatedRandom at cohesion 20, iter 59: repeatedRandom() takes 2 positional arguments but 3 were given
  Error in repeatedRandom at cohesion 20, iter 60: repeatedRandom() takes 2 positional arguments but 3 were given
  Error in repeatedRandom at cohesion 20, iter 61: repeatedRandom() takes 2 positional arguments but 3 were given
  Error in repeatedRandom at cohesion 20, iter 62: repeatedRandom() takes 2 positional arguments but 3 were given
  Error in repeatedRandom at cohesion 20, iter 63: repeatedRandom() takes 2 positional arguments but 3 were given
  Error in repeatedRandom at cohesion 20, iter 64: repeatedRandom() takes 2 positional arguments but 3 were given
  Error in repeatedRandom at cohesion 20, iter 65: repeatedRandom() takes 2 positional arguments but 3 were given
  Error in repeatedRandom at cohesion 20, iter 66: repeatedRandom() takes 2 positional arguments but 3 were given
  Error in repeatedRandom at cohesion 20, iter 67: repeatedRandom() takes 2 positional arguments but 3 were given
  Error in repeatedRandom at cohesion 20, iter 68: repeatedRandom() takes 2 positional arguments but 3 were given
  Error in repeatedRandom at cohesion 20, iter 69: repeatedRandom() takes 2 positional arguments but 3 were given
  Error in repeatedRandom at cohesion 20, iter 70: repeatedRandom() takes 2 positional arguments but 3 were given
  Error in repeatedRandom at cohesion 20, iter 71: repeatedRandom() takes 2 positional arguments but 3 were given
  Error in repeatedRandom at cohesion 20, iter 72: repeatedRandom() takes 2 positional arguments but 3 were given
  Error in repeatedRandom at cohesion 20, iter 73: repeatedRandom() takes 2 positional arguments but 3 were given
  Error in repeatedRandom at cohesion 20, iter 74: repeatedRandom() takes 2 positional arguments but 3 were given
  Error in repeatedRandom at cohesion 20, iter 75: repeatedRandom() takes 2 positional arguments but 3 were given
  Error in repeatedRandom at cohesion 20, iter 76: repeatedRandom() takes 2 positional arguments but 3 were given
  Error in repeatedRandom at cohesion 20, iter 77: repeatedRandom() takes 2 positional arguments but 3 were given
  Error in repeatedRandom at cohesion 20, iter 78: repeatedRandom() takes 2 positional arguments but 3 were given
  Error in repeatedRandom at cohesion 20, iter 79: repeatedRandom() takes 2 positional arguments but 3 were given
  Error in repeatedRandom at cohesion 20, iter 80: repeatedRandom() takes 2 positional arguments but 3 were given
  Error in repeatedRandom at cohesion 20, iter 81: repeatedRandom() takes 2 positional arguments but 3 were given
  Error in repeatedRandom at cohesion 20, iter 82: repeatedRandom() takes 2 positional arguments but 3 were given
  Error in repeatedRandom at cohesion 20, iter 83: repeatedRandom() takes 2 positional arguments but 3 were given
  Error in repeatedRandom at cohesion 20, iter 84: repeatedRandom() takes 2 positional arguments but 3 were given
  Error in repeatedRandom at cohesion 20, iter 85: repeatedRandom() takes 2 positional arguments but 3 were given
  Error in repeatedRandom at cohesion 20, iter 86: repeatedRandom() takes 2 positional arguments but 3 were given
  Error in repeatedRandom at cohesion 20, iter 87: repeatedRandom() takes 2 positional arguments but 3 were given
  Error in repeatedRandom at cohesion 20, iter 88: repeatedRandom() takes 2 positional arguments but 3 were given
  Error in repeatedRandom at cohesion 20, iter 89: repeatedRandom() takes 2 positional arguments but 3 were given
  Error in repeatedRandom at cohesion 20, iter 90: repeatedRandom() takes 2 positional arguments but 3 were given
  Error in repeatedRandom at cohesion 20, iter 91: repeatedRandom() takes 2 positional arguments but 3 were given
  Error in repeatedRandom at cohesion 20, iter 92: repeatedRandom() takes 2 positional arguments but 3 were given
  Error in repeatedRandom at cohesion 20, iter 93: repeatedRandom() takes 2 positional arguments but 3 were given
  Error in repeatedRandom at cohesion 20, iter 94: repeatedRandom() takes 2 positional arguments but 3 were given
  Error in repeatedRandom at cohesion 20, iter 95: repeatedRandom() takes 2 positional arguments but 3 were given
  Error in repeatedRandom at cohesion 20, iter 96: repeatedRandom() takes 2 positional arguments but 3 were given
  Error in repeatedRandom at cohesion 20, iter 97: repeatedRandom() takes 2 positional arguments but 3 were given
  Error in repeatedRandom at cohesion 20, iter 98: repeatedRandom() takes 2 positional arguments but 3 were given
  Error in repeatedRandom at cohesion 20, iter 99: repeatedRandom() takes 2 positional arguments but 3 were given
  Completed 100 iterations for size 300, cohesion 20.

Results successfully written to job72909/comparison_results_repeatedRandom.json
  Error in repeatedRandom at cohesion 30, iter 0: repeatedRandom() takes 2 positional arguments but 3 were given
  Error in repeatedRandom at cohesion 30, iter 1: repeatedRandom() takes 2 positional arguments but 3 were given
  Error in repeatedRandom at cohesion 30, iter 2: repeatedRandom() takes 2 positional arguments but 3 were given
  Error in repeatedRandom at cohesion 30, iter 3: repeatedRandom() takes 2 positional arguments but 3 were given
  Error in repeatedRandom at cohesion 30, iter 4: repeatedRandom() takes 2 positional arguments but 3 were given
  Error in repeatedRandom at cohesion 30, iter 5: repeatedRandom() takes 2 positional arguments but 3 were given
  Error in repeatedRandom at cohesion 30, iter 6: repeatedRandom() takes 2 positional arguments but 3 were given
  Error in repeatedRandom at cohesion 30, iter 7: repeatedRandom() takes 2 positional arguments but 3 were given
  Error in repeatedRandom at cohesion 30, iter 8: repeatedRandom() takes 2 positional arguments but 3 were given
  Error in repeatedRandom at cohesion 30, iter 9: repeatedRandom() takes 2 positional arguments but 3 were given
  Error in repeatedRandom at cohesion 30, iter 10: repeatedRandom() takes 2 positional arguments but 3 were given
  Error in repeatedRandom at cohesion 30, iter 11: repeatedRandom() takes 2 positional arguments but 3 were given
  Error in repeatedRandom at cohesion 30, iter 12: repeatedRandom() takes 2 positional arguments but 3 were given
  Error in repeatedRandom at cohesion 30, iter 13: repeatedRandom() takes 2 positional arguments but 3 were given
  Error in repeatedRandom at cohesion 30, iter 14: repeatedRandom() takes 2 positional arguments but 3 were given
  Error in repeatedRandom at cohesion 30, iter 15: repeatedRandom() takes 2 positional arguments but 3 were given
  Error in repeatedRandom at cohesion 30, iter 16: repeatedRandom() takes 2 positional arguments but 3 were given
  Error in repeatedRandom at cohesion 30, iter 17: repeatedRandom() takes 2 positional arguments but 3 were given
  Error in repeatedRandom at cohesion 30, iter 18: repeatedRandom() takes 2 positional arguments but 3 were given
  Error in repeatedRandom at cohesion 30, iter 19: repeatedRandom() takes 2 positional arguments but 3 were given
  Error in repeatedRandom at cohesion 30, iter 20: repeatedRandom() takes 2 positional arguments but 3 were given
  Error in repeatedRandom at cohesion 30, iter 21: repeatedRandom() takes 2 positional arguments but 3 were given
  Error in repeatedRandom at cohesion 30, iter 22: repeatedRandom() takes 2 positional arguments but 3 were given
  Error in repeatedRandom at cohesion 30, iter 23: repeatedRandom() takes 2 positional arguments but 3 were given
  Error in repeatedRandom at cohesion 30, iter 24: repeatedRandom() takes 2 positional arguments but 3 were given
  Error in repeatedRandom at cohesion 30, iter 25: repeatedRandom() takes 2 positional arguments but 3 were given
  Error in repeatedRandom at cohesion 30, iter 26: repeatedRandom() takes 2 positional arguments but 3 were given
  Error in repeatedRandom at cohesion 30, iter 27: repeatedRandom() takes 2 positional arguments but 3 were given
  Error in repeatedRandom at cohesion 30, iter 28: repeatedRandom() takes 2 positional arguments but 3 were given
  Error in repeatedRandom at cohesion 30, iter 29: repeatedRandom() takes 2 positional arguments but 3 were given
  Error in repeatedRandom at cohesion 30, iter 30: repeatedRandom() takes 2 positional arguments but 3 were given
  Error in repeatedRandom at cohesion 30, iter 31: repeatedRandom() takes 2 positional arguments but 3 were given
  Error in repeatedRandom at cohesion 30, iter 32: repeatedRandom() takes 2 positional arguments but 3 were given
  Error in repeatedRandom at cohesion 30, iter 33: repeatedRandom() takes 2 positional arguments but 3 were given
  Error in repeatedRandom at cohesion 30, iter 34: repeatedRandom() takes 2 positional arguments but 3 were given
  Error in repeatedRandom at cohesion 30, iter 35: repeatedRandom() takes 2 positional arguments but 3 were given
  Error in repeatedRandom at cohesion 30, iter 36: repeatedRandom() takes 2 positional arguments but 3 were given
  Error in repeatedRandom at cohesion 30, iter 37: repeatedRandom() takes 2 positional arguments but 3 were given
  Error in repeatedRandom at cohesion 30, iter 38: repeatedRandom() takes 2 positional arguments but 3 were given
  Error in repeatedRandom at cohesion 30, iter 39: repeatedRandom() takes 2 positional arguments but 3 were given
  Error in repeatedRandom at cohesion 30, iter 40: repeatedRandom() takes 2 positional arguments but 3 were given
  Error in repeatedRandom at cohesion 30, iter 41: repeatedRandom() takes 2 positional arguments but 3 were given
  Error in repeatedRandom at cohesion 30, iter 42: repeatedRandom() takes 2 positional arguments but 3 were given
  Error in repeatedRandom at cohesion 30, iter 43: repeatedRandom() takes 2 positional arguments but 3 were given
  Error in repeatedRandom at cohesion 30, iter 44: repeatedRandom() takes 2 positional arguments but 3 were given
  Error in repeatedRandom at cohesion 30, iter 45: repeatedRandom() takes 2 positional arguments but 3 were given
  Error in repeatedRandom at cohesion 30, iter 46: repeatedRandom() takes 2 positional arguments but 3 were given
  Error in repeatedRandom at cohesion 30, iter 47: repeatedRandom() takes 2 positional arguments but 3 were given
  Error in repeatedRandom at cohesion 30, iter 48: repeatedRandom() takes 2 positional arguments but 3 were given
  Error in repeatedRandom at cohesion 30, iter 49: repeatedRandom() takes 2 positional arguments but 3 were given
  Error in repeatedRandom at cohesion 30, iter 50: repeatedRandom() takes 2 positional arguments but 3 were given
  Error in repeatedRandom at cohesion 30, iter 51: repeatedRandom() takes 2 positional arguments but 3 were given
  Error in repeatedRandom at cohesion 30, iter 52: repeatedRandom() takes 2 positional arguments but 3 were given
  Error in repeatedRandom at cohesion 30, iter 53: repeatedRandom() takes 2 positional arguments but 3 were given
  Error in repeatedRandom at cohesion 30, iter 54: repeatedRandom() takes 2 positional arguments but 3 were given
  Error in repeatedRandom at cohesion 30, iter 55: repeatedRandom() takes 2 positional arguments but 3 were given
  Error in repeatedRandom at cohesion 30, iter 56: repeatedRandom() takes 2 positional arguments but 3 were given
  Error in repeatedRandom at cohesion 30, iter 57: repeatedRandom() takes 2 positional arguments but 3 were given
  Error in repeatedRandom at cohesion 30, iter 58: repeatedRandom() takes 2 positional arguments but 3 were given
  Error in repeatedRandom at cohesion 30, iter 59: repeatedRandom() takes 2 positional arguments but 3 were given
  Error in repeatedRandom at cohesion 30, iter 60: repeatedRandom() takes 2 positional arguments but 3 were given
  Error in repeatedRandom at cohesion 30, iter 61: repeatedRandom() takes 2 positional arguments but 3 were given
  Error in repeatedRandom at cohesion 30, iter 62: repeatedRandom() takes 2 positional arguments but 3 were given
  Error in repeatedRandom at cohesion 30, iter 63: repeatedRandom() takes 2 positional arguments but 3 were given
  Error in repeatedRandom at cohesion 30, iter 64: repeatedRandom() takes 2 positional arguments but 3 were given
  Error in repeatedRandom at cohesion 30, iter 65: repeatedRandom() takes 2 positional arguments but 3 were given
  Error in repeatedRandom at cohesion 30, iter 66: repeatedRandom() takes 2 positional arguments but 3 were given
  Error in repeatedRandom at cohesion 30, iter 67: repeatedRandom() takes 2 positional arguments but 3 were given
  Error in repeatedRandom at cohesion 30, iter 68: repeatedRandom() takes 2 positional arguments but 3 were given
  Error in repeatedRandom at cohesion 30, iter 69: repeatedRandom() takes 2 positional arguments but 3 were given
  Error in repeatedRandom at cohesion 30, iter 70: repeatedRandom() takes 2 positional arguments but 3 were given
  Error in repeatedRandom at cohesion 30, iter 71: repeatedRandom() takes 2 positional arguments but 3 were given
  Error in repeatedRandom at cohesion 30, iter 72: repeatedRandom() takes 2 positional arguments but 3 were given
  Error in repeatedRandom at cohesion 30, iter 73: repeatedRandom() takes 2 positional arguments but 3 were given
  Error in repeatedRandom at cohesion 30, iter 74: repeatedRandom() takes 2 positional arguments but 3 were given
  Error in repeatedRandom at cohesion 30, iter 75: repeatedRandom() takes 2 positional arguments but 3 were given
  Error in repeatedRandom at cohesion 30, iter 76: repeatedRandom() takes 2 positional arguments but 3 were given
  Error in repeatedRandom at cohesion 30, iter 77: repeatedRandom() takes 2 positional arguments but 3 were given
  Error in repeatedRandom at cohesion 30, iter 78: repeatedRandom() takes 2 positional arguments but 3 were given
  Error in repeatedRandom at cohesion 30, iter 79: repeatedRandom() takes 2 positional arguments but 3 were given
  Error in repeatedRandom at cohesion 30, iter 80: repeatedRandom() takes 2 positional arguments but 3 were given
  Error in repeatedRandom at cohesion 30, iter 81: repeatedRandom() takes 2 positional arguments but 3 were given
  Error in repeatedRandom at cohesion 30, iter 82: repeatedRandom() takes 2 positional arguments but 3 were given
  Error in repeatedRandom at cohesion 30, iter 83: repeatedRandom() takes 2 positional arguments but 3 were given
  Error in repeatedRandom at cohesion 30, iter 84: repeatedRandom() takes 2 positional arguments but 3 were given
  Error in repeatedRandom at cohesion 30, iter 85: repeatedRandom() takes 2 positional arguments but 3 were given
  Error in repeatedRandom at cohesion 30, iter 86: repeatedRandom() takes 2 positional arguments but 3 were given
  Error in repeatedRandom at cohesion 30, iter 87: repeatedRandom() takes 2 positional arguments but 3 were given
  Error in repeatedRandom at cohesion 30, iter 88: repeatedRandom() takes 2 positional arguments but 3 were given
  Error in repeatedRandom at cohesion 30, iter 89: repeatedRandom() takes 2 positional arguments but 3 were given
  Error in repeatedRandom at cohesion 30, iter 90: repeatedRandom() takes 2 positional arguments but 3 were given
  Error in repeatedRandom at cohesion 30, iter 91: repeatedRandom() takes 2 positional arguments but 3 were given
  Error in repeatedRandom at cohesion 30, iter 92: repeatedRandom() takes 2 positional arguments but 3 were given
  Error in repeatedRandom at cohesion 30, iter 93: repeatedRandom() takes 2 positional arguments but 3 were given
  Error in repeatedRandom at cohesion 30, iter 94: repeatedRandom() takes 2 positional arguments but 3 were given
  Error in repeatedRandom at cohesion 30, iter 95: repeatedRandom() takes 2 positional arguments but 3 were given
  Error in repeatedRandom at cohesion 30, iter 96: repeatedRandom() takes 2 positional arguments but 3 were given
  Error in repeatedRandom at cohesion 30, iter 97: repeatedRandom() takes 2 positional arguments but 3 were given
  Error in repeatedRandom at cohesion 30, iter 98: repeatedRandom() takes 2 positional arguments but 3 were given
  Error in repeatedRandom at cohesion 30, iter 99: repeatedRandom() takes 2 positional arguments but 3 were given
  Completed 100 iterations for size 300, cohesion 30.

Results successfully written to job72909/comparison_results_repeatedRandom.json
  Error in repeatedRandom at cohesion 40, iter 0: repeatedRandom() takes 2 positional arguments but 3 were given
  Error in repeatedRandom at cohesion 40, iter 1: repeatedRandom() takes 2 positional arguments but 3 were given
  Error in repeatedRandom at cohesion 40, iter 2: repeatedRandom() takes 2 positional arguments but 3 were given
  Error in repeatedRandom at cohesion 40, iter 3: repeatedRandom() takes 2 positional arguments but 3 were given
  Error in repeatedRandom at cohesion 40, iter 4: repeatedRandom() takes 2 positional arguments but 3 were given
  Error in repeatedRandom at cohesion 40, iter 5: repeatedRandom() takes 2 positional arguments but 3 were given
  Error in repeatedRandom at cohesion 40, iter 6: repeatedRandom() takes 2 positional arguments but 3 were given
  Error in repeatedRandom at cohesion 40, iter 7: repeatedRandom() takes 2 positional arguments but 3 were given
  Error in repeatedRandom at cohesion 40, iter 8: repeatedRandom() takes 2 positional arguments but 3 were given
  Error in repeatedRandom at cohesion 40, iter 9: repeatedRandom() takes 2 positional arguments but 3 were given
  Error in repeatedRandom at cohesion 40, iter 10: repeatedRandom() takes 2 positional arguments but 3 were given
  Error in repeatedRandom at cohesion 40, iter 11: repeatedRandom() takes 2 positional arguments but 3 were given
  Error in repeatedRandom at cohesion 40, iter 12: repeatedRandom() takes 2 positional arguments but 3 were given
  Error in repeatedRandom at cohesion 40, iter 13: repeatedRandom() takes 2 positional arguments but 3 were given
  Error in repeatedRandom at cohesion 40, iter 14: repeatedRandom() takes 2 positional arguments but 3 were given
  Error in repeatedRandom at cohesion 40, iter 15: repeatedRandom() takes 2 positional arguments but 3 were given
  Error in repeatedRandom at cohesion 40, iter 16: repeatedRandom() takes 2 positional arguments but 3 were given
  Error in repeatedRandom at cohesion 40, iter 17: repeatedRandom() takes 2 positional arguments but 3 were given
  Error in repeatedRandom at cohesion 40, iter 18: repeatedRandom() takes 2 positional arguments but 3 were given
  Error in repeatedRandom at cohesion 40, iter 19: repeatedRandom() takes 2 positional arguments but 3 were given
  Error in repeatedRandom at cohesion 40, iter 20: repeatedRandom() takes 2 positional arguments but 3 were given
  Error in repeatedRandom at cohesion 40, iter 21: repeatedRandom() takes 2 positional arguments but 3 were given
  Error in repeatedRandom at cohesion 40, iter 22: repeatedRandom() takes 2 positional arguments but 3 were given
  Error in repeatedRandom at cohesion 40, iter 23: repeatedRandom() takes 2 positional arguments but 3 were given
  Error in repeatedRandom at cohesion 40, iter 24: repeatedRandom() takes 2 positional arguments but 3 were given
  Error in repeatedRandom at cohesion 40, iter 25: repeatedRandom() takes 2 positional arguments but 3 were given
  Error in repeatedRandom at cohesion 40, iter 26: repeatedRandom() takes 2 positional arguments but 3 were given
  Error in repeatedRandom at cohesion 40, iter 27: repeatedRandom() takes 2 positional arguments but 3 were given
  Error in repeatedRandom at cohesion 40, iter 28: repeatedRandom() takes 2 positional arguments but 3 were given
  Error in repeatedRandom at cohesion 40, iter 29: repeatedRandom() takes 2 positional arguments but 3 were given
  Error in repeatedRandom at cohesion 40, iter 30: repeatedRandom() takes 2 positional arguments but 3 were given
  Error in repeatedRandom at cohesion 40, iter 31: repeatedRandom() takes 2 positional arguments but 3 were given
  Error in repeatedRandom at cohesion 40, iter 32: repeatedRandom() takes 2 positional arguments but 3 were given
  Error in repeatedRandom at cohesion 40, iter 33: repeatedRandom() takes 2 positional arguments but 3 were given
  Error in repeatedRandom at cohesion 40, iter 34: repeatedRandom() takes 2 positional arguments but 3 were given
  Error in repeatedRandom at cohesion 40, iter 35: repeatedRandom() takes 2 positional arguments but 3 were given
  Error in repeatedRandom at cohesion 40, iter 36: repeatedRandom() takes 2 positional arguments but 3 were given
  Error in repeatedRandom at cohesion 40, iter 37: repeatedRandom() takes 2 positional arguments but 3 were given
  Error in repeatedRandom at cohesion 40, iter 38: repeatedRandom() takes 2 positional arguments but 3 were given
  Error in repeatedRandom at cohesion 40, iter 39: repeatedRandom() takes 2 positional arguments but 3 were given
  Error in repeatedRandom at cohesion 40, iter 40: repeatedRandom() takes 2 positional arguments but 3 were given
  Error in repeatedRandom at cohesion 40, iter 41: repeatedRandom() takes 2 positional arguments but 3 were given
  Error in repeatedRandom at cohesion 40, iter 42: repeatedRandom() takes 2 positional arguments but 3 were given
  Error in repeatedRandom at cohesion 40, iter 43: repeatedRandom() takes 2 positional arguments but 3 were given
  Error in repeatedRandom at cohesion 40, iter 44: repeatedRandom() takes 2 positional arguments but 3 were given
  Error in repeatedRandom at cohesion 40, iter 45: repeatedRandom() takes 2 positional arguments but 3 were given
  Error in repeatedRandom at cohesion 40, iter 46: repeatedRandom() takes 2 positional arguments but 3 were given
  Error in repeatedRandom at cohesion 40, iter 47: repeatedRandom() takes 2 positional arguments but 3 were given
  Error in repeatedRandom at cohesion 40, iter 48: repeatedRandom() takes 2 positional arguments but 3 were given
  Error in repeatedRandom at cohesion 40, iter 49: repeatedRandom() takes 2 positional arguments but 3 were given
  Error in repeatedRandom at cohesion 40, iter 50: repeatedRandom() takes 2 positional arguments but 3 were given
  Error in repeatedRandom at cohesion 40, iter 51: repeatedRandom() takes 2 positional arguments but 3 were given
  Error in repeatedRandom at cohesion 40, iter 52: repeatedRandom() takes 2 positional arguments but 3 were given
  Error in repeatedRandom at cohesion 40, iter 53: repeatedRandom() takes 2 positional arguments but 3 were given
  Error in repeatedRandom at cohesion 40, iter 54: repeatedRandom() takes 2 positional arguments but 3 were given
  Error in repeatedRandom at cohesion 40, iter 55: repeatedRandom() takes 2 positional arguments but 3 were given
  Error in repeatedRandom at cohesion 40, iter 56: repeatedRandom() takes 2 positional arguments but 3 were given
  Error in repeatedRandom at cohesion 40, iter 57: repeatedRandom() takes 2 positional arguments but 3 were given
  Error in repeatedRandom at cohesion 40, iter 58: repeatedRandom() takes 2 positional arguments but 3 were given
  Error in repeatedRandom at cohesion 40, iter 59: repeatedRandom() takes 2 positional arguments but 3 were given
  Error in repeatedRandom at cohesion 40, iter 60: repeatedRandom() takes 2 positional arguments but 3 were given
  Error in repeatedRandom at cohesion 40, iter 61: repeatedRandom() takes 2 positional arguments but 3 were given
  Error in repeatedRandom at cohesion 40, iter 62: repeatedRandom() takes 2 positional arguments but 3 were given
  Error in repeatedRandom at cohesion 40, iter 63: repeatedRandom() takes 2 positional arguments but 3 were given
  Error in repeatedRandom at cohesion 40, iter 64: repeatedRandom() takes 2 positional arguments but 3 were given
  Error in repeatedRandom at cohesion 40, iter 65: repeatedRandom() takes 2 positional arguments but 3 were given
  Error in repeatedRandom at cohesion 40, iter 66: repeatedRandom() takes 2 positional arguments but 3 were given
  Error in repeatedRandom at cohesion 40, iter 67: repeatedRandom() takes 2 positional arguments but 3 were given
  Error in repeatedRandom at cohesion 40, iter 68: repeatedRandom() takes 2 positional arguments but 3 were given
  Error in repeatedRandom at cohesion 40, iter 69: repeatedRandom() takes 2 positional arguments but 3 were given
  Error in repeatedRandom at cohesion 40, iter 70: repeatedRandom() takes 2 positional arguments but 3 were given
  Error in repeatedRandom at cohesion 40, iter 71: repeatedRandom() takes 2 positional arguments but 3 were given
  Error in repeatedRandom at cohesion 40, iter 72: repeatedRandom() takes 2 positional arguments but 3 were given
  Error in repeatedRandom at cohesion 40, iter 73: repeatedRandom() takes 2 positional arguments but 3 were given
  Error in repeatedRandom at cohesion 40, iter 74: repeatedRandom() takes 2 positional arguments but 3 were given
  Error in repeatedRandom at cohesion 40, iter 75: repeatedRandom() takes 2 positional arguments but 3 were given
  Error in repeatedRandom at cohesion 40, iter 76: repeatedRandom() takes 2 positional arguments but 3 were given
  Error in repeatedRandom at cohesion 40, iter 77: repeatedRandom() takes 2 positional arguments but 3 were given
  Error in repeatedRandom at cohesion 40, iter 78: repeatedRandom() takes 2 positional arguments but 3 were given
  Error in repeatedRandom at cohesion 40, iter 79: repeatedRandom() takes 2 positional arguments but 3 were given
  Error in repeatedRandom at cohesion 40, iter 80: repeatedRandom() takes 2 positional arguments but 3 were given
  Error in repeatedRandom at cohesion 40, iter 81: repeatedRandom() takes 2 positional arguments but 3 were given
  Error in repeatedRandom at cohesion 40, iter 82: repeatedRandom() takes 2 positional arguments but 3 were given
  Error in repeatedRandom at cohesion 40, iter 83: repeatedRandom() takes 2 positional arguments but 3 were given
  Error in repeatedRandom at cohesion 40, iter 84: repeatedRandom() takes 2 positional arguments but 3 were given
  Error in repeatedRandom at cohesion 40, iter 85: repeatedRandom() takes 2 positional arguments but 3 were given
  Error in repeatedRandom at cohesion 40, iter 86: repeatedRandom() takes 2 positional arguments but 3 were given
  Error in repeatedRandom at cohesion 40, iter 87: repeatedRandom() takes 2 positional arguments but 3 were given
  Error in repeatedRandom at cohesion 40, iter 88: repeatedRandom() takes 2 positional arguments but 3 were given
  Error in repeatedRandom at cohesion 40, iter 89: repeatedRandom() takes 2 positional arguments but 3 were given
  Error in repeatedRandom at cohesion 40, iter 90: repeatedRandom() takes 2 positional arguments but 3 were given
  Error in repeatedRandom at cohesion 40, iter 91: repeatedRandom() takes 2 positional arguments but 3 were given
  Error in repeatedRandom at cohesion 40, iter 92: repeatedRandom() takes 2 positional arguments but 3 were given
  Error in repeatedRandom at cohesion 40, iter 93: repeatedRandom() takes 2 positional arguments but 3 were given
  Error in repeatedRandom at cohesion 40, iter 94: repeatedRandom() takes 2 positional arguments but 3 were given
  Error in repeatedRandom at cohesion 40, iter 95: repeatedRandom() takes 2 positional arguments but 3 were given
  Error in repeatedRandom at cohesion 40, iter 96: repeatedRandom() takes 2 positional arguments but 3 were given
  Error in repeatedRandom at cohesion 40, iter 97: repeatedRandom() takes 2 positional arguments but 3 were given
  Error in repeatedRandom at cohesion 40, iter 98: repeatedRandom() takes 2 positional arguments but 3 were given
  Error in repeatedRandom at cohesion 40, iter 99: repeatedRandom() takes 2 positional arguments but 3 were given
  Completed 100 iterations for size 300, cohesion 40.

Results successfully written to job72909/comparison_results_repeatedRandom.json
  Error in repeatedRandom at cohesion 50, iter 0: repeatedRandom() takes 2 positional arguments but 3 were given
  Error in repeatedRandom at cohesion 50, iter 1: repeatedRandom() takes 2 positional arguments but 3 were given
  Error in repeatedRandom at cohesion 50, iter 2: repeatedRandom() takes 2 positional arguments but 3 were given
  Error in repeatedRandom at cohesion 50, iter 3: repeatedRandom() takes 2 positional arguments but 3 were given
  Error in repeatedRandom at cohesion 50, iter 4: repeatedRandom() takes 2 positional arguments but 3 were given
  Error in repeatedRandom at cohesion 50, iter 5: repeatedRandom() takes 2 positional arguments but 3 were given
  Error in repeatedRandom at cohesion 50, iter 6: repeatedRandom() takes 2 positional arguments but 3 were given
  Error in repeatedRandom at cohesion 50, iter 7: repeatedRandom() takes 2 positional arguments but 3 were given
  Error in repeatedRandom at cohesion 50, iter 8: repeatedRandom() takes 2 positional arguments but 3 were given
  Error in repeatedRandom at cohesion 50, iter 9: repeatedRandom() takes 2 positional arguments but 3 were given
  Error in repeatedRandom at cohesion 50, iter 10: repeatedRandom() takes 2 positional arguments but 3 were given
  Error in repeatedRandom at cohesion 50, iter 11: repeatedRandom() takes 2 positional arguments but 3 were given
  Error in repeatedRandom at cohesion 50, iter 12: repeatedRandom() takes 2 positional arguments but 3 were given
  Error in repeatedRandom at cohesion 50, iter 13: repeatedRandom() takes 2 positional arguments but 3 were given
  Error in repeatedRandom at cohesion 50, iter 14: repeatedRandom() takes 2 positional arguments but 3 were given
  Error in repeatedRandom at cohesion 50, iter 15: repeatedRandom() takes 2 positional arguments but 3 were given
  Error in repeatedRandom at cohesion 50, iter 16: repeatedRandom() takes 2 positional arguments but 3 were given
  Error in repeatedRandom at cohesion 50, iter 17: repeatedRandom() takes 2 positional arguments but 3 were given
  Error in repeatedRandom at cohesion 50, iter 18: repeatedRandom() takes 2 positional arguments but 3 were given
  Error in repeatedRandom at cohesion 50, iter 19: repeatedRandom() takes 2 positional arguments but 3 were given
  Error in repeatedRandom at cohesion 50, iter 20: repeatedRandom() takes 2 positional arguments but 3 were given
  Error in repeatedRandom at cohesion 50, iter 21: repeatedRandom() takes 2 positional arguments but 3 were given
  Error in repeatedRandom at cohesion 50, iter 22: repeatedRandom() takes 2 positional arguments but 3 were given
  Error in repeatedRandom at cohesion 50, iter 23: repeatedRandom() takes 2 positional arguments but 3 were given
  Error in repeatedRandom at cohesion 50, iter 24: repeatedRandom() takes 2 positional arguments but 3 were given
  Error in repeatedRandom at cohesion 50, iter 25: repeatedRandom() takes 2 positional arguments but 3 were given
  Error in repeatedRandom at cohesion 50, iter 26: repeatedRandom() takes 2 positional arguments but 3 were given
  Error in repeatedRandom at cohesion 50, iter 27: repeatedRandom() takes 2 positional arguments but 3 were given
  Error in repeatedRandom at cohesion 50, iter 28: repeatedRandom() takes 2 positional arguments but 3 were given
  Error in repeatedRandom at cohesion 50, iter 29: repeatedRandom() takes 2 positional arguments but 3 were given
  Error in repeatedRandom at cohesion 50, iter 30: repeatedRandom() takes 2 positional arguments but 3 were given
  Error in repeatedRandom at cohesion 50, iter 31: repeatedRandom() takes 2 positional arguments but 3 were given
  Error in repeatedRandom at cohesion 50, iter 32: repeatedRandom() takes 2 positional arguments but 3 were given
  Error in repeatedRandom at cohesion 50, iter 33: repeatedRandom() takes 2 positional arguments but 3 were given
  Error in repeatedRandom at cohesion 50, iter 34: repeatedRandom() takes 2 positional arguments but 3 were given
  Error in repeatedRandom at cohesion 50, iter 35: repeatedRandom() takes 2 positional arguments but 3 were given
  Error in repeatedRandom at cohesion 50, iter 36: repeatedRandom() takes 2 positional arguments but 3 were given
  Error in repeatedRandom at cohesion 50, iter 37: repeatedRandom() takes 2 positional arguments but 3 were given
  Error in repeatedRandom at cohesion 50, iter 38: repeatedRandom() takes 2 positional arguments but 3 were given
  Error in repeatedRandom at cohesion 50, iter 39: repeatedRandom() takes 2 positional arguments but 3 were given
  Error in repeatedRandom at cohesion 50, iter 40: repeatedRandom() takes 2 positional arguments but 3 were given
  Error in repeatedRandom at cohesion 50, iter 41: repeatedRandom() takes 2 positional arguments but 3 were given
  Error in repeatedRandom at cohesion 50, iter 42: repeatedRandom() takes 2 positional arguments but 3 were given
  Error in repeatedRandom at cohesion 50, iter 43: repeatedRandom() takes 2 positional arguments but 3 were given
  Error in repeatedRandom at cohesion 50, iter 44: repeatedRandom() takes 2 positional arguments but 3 were given
  Error in repeatedRandom at cohesion 50, iter 45: repeatedRandom() takes 2 positional arguments but 3 were given
  Error in repeatedRandom at cohesion 50, iter 46: repeatedRandom() takes 2 positional arguments but 3 were given
  Error in repeatedRandom at cohesion 50, iter 47: repeatedRandom() takes 2 positional arguments but 3 were given
  Error in repeatedRandom at cohesion 50, iter 48: repeatedRandom() takes 2 positional arguments but 3 were given
  Error in repeatedRandom at cohesion 50, iter 49: repeatedRandom() takes 2 positional arguments but 3 were given
  Error in repeatedRandom at cohesion 50, iter 50: repeatedRandom() takes 2 positional arguments but 3 were given
  Error in repeatedRandom at cohesion 50, iter 51: repeatedRandom() takes 2 positional arguments but 3 were given
  Error in repeatedRandom at cohesion 50, iter 52: repeatedRandom() takes 2 positional arguments but 3 were given
  Error in repeatedRandom at cohesion 50, iter 53: repeatedRandom() takes 2 positional arguments but 3 were given
  Error in repeatedRandom at cohesion 50, iter 54: repeatedRandom() takes 2 positional arguments but 3 were given
  Error in repeatedRandom at cohesion 50, iter 55: repeatedRandom() takes 2 positional arguments but 3 were given
  Error in repeatedRandom at cohesion 50, iter 56: repeatedRandom() takes 2 positional arguments but 3 were given
  Error in repeatedRandom at cohesion 50, iter 57: repeatedRandom() takes 2 positional arguments but 3 were given
  Error in repeatedRandom at cohesion 50, iter 58: repeatedRandom() takes 2 positional arguments but 3 were given
  Error in repeatedRandom at cohesion 50, iter 59: repeatedRandom() takes 2 positional arguments but 3 were given
  Error in repeatedRandom at cohesion 50, iter 60: repeatedRandom() takes 2 positional arguments but 3 were given
  Error in repeatedRandom at cohesion 50, iter 61: repeatedRandom() takes 2 positional arguments but 3 were given
  Error in repeatedRandom at cohesion 50, iter 62: repeatedRandom() takes 2 positional arguments but 3 were given
  Error in repeatedRandom at cohesion 50, iter 63: repeatedRandom() takes 2 positional arguments but 3 were given
  Error in repeatedRandom at cohesion 50, iter 64: repeatedRandom() takes 2 positional arguments but 3 were given
  Error in repeatedRandom at cohesion 50, iter 65: repeatedRandom() takes 2 positional arguments but 3 were given
  Error in repeatedRandom at cohesion 50, iter 66: repeatedRandom() takes 2 positional arguments but 3 were given
  Error in repeatedRandom at cohesion 50, iter 67: repeatedRandom() takes 2 positional arguments but 3 were given
  Error in repeatedRandom at cohesion 50, iter 68: repeatedRandom() takes 2 positional arguments but 3 were given
  Error in repeatedRandom at cohesion 50, iter 69: repeatedRandom() takes 2 positional arguments but 3 were given
  Error in repeatedRandom at cohesion 50, iter 70: repeatedRandom() takes 2 positional arguments but 3 were given
  Error in repeatedRandom at cohesion 50, iter 71: repeatedRandom() takes 2 positional arguments but 3 were given
  Error in repeatedRandom at cohesion 50, iter 72: repeatedRandom() takes 2 positional arguments but 3 were given
  Error in repeatedRandom at cohesion 50, iter 73: repeatedRandom() takes 2 positional arguments but 3 were given
  Error in repeatedRandom at cohesion 50, iter 74: repeatedRandom() takes 2 positional arguments but 3 were given
  Error in repeatedRandom at cohesion 50, iter 75: repeatedRandom() takes 2 positional arguments but 3 were given
  Error in repeatedRandom at cohesion 50, iter 76: repeatedRandom() takes 2 positional arguments but 3 were given
  Error in repeatedRandom at cohesion 50, iter 77: repeatedRandom() takes 2 positional arguments but 3 were given
  Error in repeatedRandom at cohesion 50, iter 78: repeatedRandom() takes 2 positional arguments but 3 were given
  Error in repeatedRandom at cohesion 50, iter 79: repeatedRandom() takes 2 positional arguments but 3 were given
  Error in repeatedRandom at cohesion 50, iter 80: repeatedRandom() takes 2 positional arguments but 3 were given
  Error in repeatedRandom at cohesion 50, iter 81: repeatedRandom() takes 2 positional arguments but 3 were given
  Error in repeatedRandom at cohesion 50, iter 82: repeatedRandom() takes 2 positional arguments but 3 were given
  Error in repeatedRandom at cohesion 50, iter 83: repeatedRandom() takes 2 positional arguments but 3 were given
  Error in repeatedRandom at cohesion 50, iter 84: repeatedRandom() takes 2 positional arguments but 3 were given
  Error in repeatedRandom at cohesion 50, iter 85: repeatedRandom() takes 2 positional arguments but 3 were given
  Error in repeatedRandom at cohesion 50, iter 86: repeatedRandom() takes 2 positional arguments but 3 were given
  Error in repeatedRandom at cohesion 50, iter 87: repeatedRandom() takes 2 positional arguments but 3 were given
  Error in repeatedRandom at cohesion 50, iter 88: repeatedRandom() takes 2 positional arguments but 3 were given
  Error in repeatedRandom at cohesion 50, iter 89: repeatedRandom() takes 2 positional arguments but 3 were given
  Error in repeatedRandom at cohesion 50, iter 90: repeatedRandom() takes 2 positional arguments but 3 were given
  Error in repeatedRandom at cohesion 50, iter 91: repeatedRandom() takes 2 positional arguments but 3 were given
  Error in repeatedRandom at cohesion 50, iter 92: repeatedRandom() takes 2 positional arguments but 3 were given
  Error in repeatedRandom at cohesion 50, iter 93: repeatedRandom() takes 2 positional arguments but 3 were given
  Error in repeatedRandom at cohesion 50, iter 94: repeatedRandom() takes 2 positional arguments but 3 were given
  Error in repeatedRandom at cohesion 50, iter 95: repeatedRandom() takes 2 positional arguments but 3 were given
  Error in repeatedRandom at cohesion 50, iter 96: repeatedRandom() takes 2 positional arguments but 3 were given
  Error in repeatedRandom at cohesion 50, iter 97: repeatedRandom() takes 2 positional arguments but 3 were given
  Error in repeatedRandom at cohesion 50, iter 98: repeatedRandom() takes 2 positional arguments but 3 were given
  Error in repeatedRandom at cohesion 50, iter 99: repeatedRandom() takes 2 positional arguments but 3 were given
  Completed 100 iterations for size 300, cohesion 50.

Results successfully written to job72909/comparison_results_repeatedRandom.json
  Error in repeatedRandom at cohesion 60, iter 0: repeatedRandom() takes 2 positional arguments but 3 were given
  Error in repeatedRandom at cohesion 60, iter 1: repeatedRandom() takes 2 positional arguments but 3 were given
  Error in repeatedRandom at cohesion 60, iter 2: repeatedRandom() takes 2 positional arguments but 3 were given
  Error in repeatedRandom at cohesion 60, iter 3: repeatedRandom() takes 2 positional arguments but 3 were given
  Error in repeatedRandom at cohesion 60, iter 4: repeatedRandom() takes 2 positional arguments but 3 were given
  Error in repeatedRandom at cohesion 60, iter 5: repeatedRandom() takes 2 positional arguments but 3 were given
  Error in repeatedRandom at cohesion 60, iter 6: repeatedRandom() takes 2 positional arguments but 3 were given
  Error in repeatedRandom at cohesion 60, iter 7: repeatedRandom() takes 2 positional arguments but 3 were given
  Error in repeatedRandom at cohesion 60, iter 8: repeatedRandom() takes 2 positional arguments but 3 were given
  Error in repeatedRandom at cohesion 60, iter 9: repeatedRandom() takes 2 positional arguments but 3 were given
  Error in repeatedRandom at cohesion 60, iter 10: repeatedRandom() takes 2 positional arguments but 3 were given
  Error in repeatedRandom at cohesion 60, iter 11: repeatedRandom() takes 2 positional arguments but 3 were given
  Error in repeatedRandom at cohesion 60, iter 12: repeatedRandom() takes 2 positional arguments but 3 were given
  Error in repeatedRandom at cohesion 60, iter 13: repeatedRandom() takes 2 positional arguments but 3 were given
  Error in repeatedRandom at cohesion 60, iter 14: repeatedRandom() takes 2 positional arguments but 3 were given
  Error in repeatedRandom at cohesion 60, iter 15: repeatedRandom() takes 2 positional arguments but 3 were given
  Error in repeatedRandom at cohesion 60, iter 16: repeatedRandom() takes 2 positional arguments but 3 were given
  Error in repeatedRandom at cohesion 60, iter 17: repeatedRandom() takes 2 positional arguments but 3 were given
  Error in repeatedRandom at cohesion 60, iter 18: repeatedRandom() takes 2 positional arguments but 3 were given
  Error in repeatedRandom at cohesion 60, iter 19: repeatedRandom() takes 2 positional arguments but 3 were given
  Error in repeatedRandom at cohesion 60, iter 20: repeatedRandom() takes 2 positional arguments but 3 were given
  Error in repeatedRandom at cohesion 60, iter 21: repeatedRandom() takes 2 positional arguments but 3 were given
  Error in repeatedRandom at cohesion 60, iter 22: repeatedRandom() takes 2 positional arguments but 3 were given
  Error in repeatedRandom at cohesion 60, iter 23: repeatedRandom() takes 2 positional arguments but 3 were given
  Error in repeatedRandom at cohesion 60, iter 24: repeatedRandom() takes 2 positional arguments but 3 were given
  Error in repeatedRandom at cohesion 60, iter 25: repeatedRandom() takes 2 positional arguments but 3 were given
  Error in repeatedRandom at cohesion 60, iter 26: repeatedRandom() takes 2 positional arguments but 3 were given
  Error in repeatedRandom at cohesion 60, iter 27: repeatedRandom() takes 2 positional arguments but 3 were given
  Error in repeatedRandom at cohesion 60, iter 28: repeatedRandom() takes 2 positional arguments but 3 were given
  Error in repeatedRandom at cohesion 60, iter 29: repeatedRandom() takes 2 positional arguments but 3 were given
  Error in repeatedRandom at cohesion 60, iter 30: repeatedRandom() takes 2 positional arguments but 3 were given
  Error in repeatedRandom at cohesion 60, iter 31: repeatedRandom() takes 2 positional arguments but 3 were given
  Error in repeatedRandom at cohesion 60, iter 32: repeatedRandom() takes 2 positional arguments but 3 were given
  Error in repeatedRandom at cohesion 60, iter 33: repeatedRandom() takes 2 positional arguments but 3 were given
  Error in repeatedRandom at cohesion 60, iter 34: repeatedRandom() takes 2 positional arguments but 3 were given
  Error in repeatedRandom at cohesion 60, iter 35: repeatedRandom() takes 2 positional arguments but 3 were given
  Error in repeatedRandom at cohesion 60, iter 36: repeatedRandom() takes 2 positional arguments but 3 were given
  Error in repeatedRandom at cohesion 60, iter 37: repeatedRandom() takes 2 positional arguments but 3 were given
  Error in repeatedRandom at cohesion 60, iter 38: repeatedRandom() takes 2 positional arguments but 3 were given
  Error in repeatedRandom at cohesion 60, iter 39: repeatedRandom() takes 2 positional arguments but 3 were given
  Error in repeatedRandom at cohesion 60, iter 40: repeatedRandom() takes 2 positional arguments but 3 were given
  Error in repeatedRandom at cohesion 60, iter 41: repeatedRandom() takes 2 positional arguments but 3 were given
  Error in repeatedRandom at cohesion 60, iter 42: repeatedRandom() takes 2 positional arguments but 3 were given
  Error in repeatedRandom at cohesion 60, iter 43: repeatedRandom() takes 2 positional arguments but 3 were given
  Error in repeatedRandom at cohesion 60, iter 44: repeatedRandom() takes 2 positional arguments but 3 were given
  Error in repeatedRandom at cohesion 60, iter 45: repeatedRandom() takes 2 positional arguments but 3 were given
  Error in repeatedRandom at cohesion 60, iter 46: repeatedRandom() takes 2 positional arguments but 3 were given
  Error in repeatedRandom at cohesion 60, iter 47: repeatedRandom() takes 2 positional arguments but 3 were given
  Error in repeatedRandom at cohesion 60, iter 48: repeatedRandom() takes 2 positional arguments but 3 were given
  Error in repeatedRandom at cohesion 60, iter 49: repeatedRandom() takes 2 positional arguments but 3 were given
  Error in repeatedRandom at cohesion 60, iter 50: repeatedRandom() takes 2 positional arguments but 3 were given
  Error in repeatedRandom at cohesion 60, iter 51: repeatedRandom() takes 2 positional arguments but 3 were given
  Error in repeatedRandom at cohesion 60, iter 52: repeatedRandom() takes 2 positional arguments but 3 were given
  Error in repeatedRandom at cohesion 60, iter 53: repeatedRandom() takes 2 positional arguments but 3 were given
  Error in repeatedRandom at cohesion 60, iter 54: repeatedRandom() takes 2 positional arguments but 3 were given
  Error in repeatedRandom at cohesion 60, iter 55: repeatedRandom() takes 2 positional arguments but 3 were given
  Error in repeatedRandom at cohesion 60, iter 56: repeatedRandom() takes 2 positional arguments but 3 were given
  Error in repeatedRandom at cohesion 60, iter 57: repeatedRandom() takes 2 positional arguments but 3 were given
  Error in repeatedRandom at cohesion 60, iter 58: repeatedRandom() takes 2 positional arguments but 3 were given
  Error in repeatedRandom at cohesion 60, iter 59: repeatedRandom() takes 2 positional arguments but 3 were given
  Error in repeatedRandom at cohesion 60, iter 60: repeatedRandom() takes 2 positional arguments but 3 were given
  Error in repeatedRandom at cohesion 60, iter 61: repeatedRandom() takes 2 positional arguments but 3 were given
  Error in repeatedRandom at cohesion 60, iter 62: repeatedRandom() takes 2 positional arguments but 3 were given
  Error in repeatedRandom at cohesion 60, iter 63: repeatedRandom() takes 2 positional arguments but 3 were given
  Error in repeatedRandom at cohesion 60, iter 64: repeatedRandom() takes 2 positional arguments but 3 were given
  Error in repeatedRandom at cohesion 60, iter 65: repeatedRandom() takes 2 positional arguments but 3 were given
  Error in repeatedRandom at cohesion 60, iter 66: repeatedRandom() takes 2 positional arguments but 3 were given
  Error in repeatedRandom at cohesion 60, iter 67: repeatedRandom() takes 2 positional arguments but 3 were given
  Error in repeatedRandom at cohesion 60, iter 68: repeatedRandom() takes 2 positional arguments but 3 were given
  Error in repeatedRandom at cohesion 60, iter 69: repeatedRandom() takes 2 positional arguments but 3 were given
  Error in repeatedRandom at cohesion 60, iter 70: repeatedRandom() takes 2 positional arguments but 3 were given
  Error in repeatedRandom at cohesion 60, iter 71: repeatedRandom() takes 2 positional arguments but 3 were given
  Error in repeatedRandom at cohesion 60, iter 72: repeatedRandom() takes 2 positional arguments but 3 were given
  Error in repeatedRandom at cohesion 60, iter 73: repeatedRandom() takes 2 positional arguments but 3 were given
  Error in repeatedRandom at cohesion 60, iter 74: repeatedRandom() takes 2 positional arguments but 3 were given
  Error in repeatedRandom at cohesion 60, iter 75: repeatedRandom() takes 2 positional arguments but 3 were given
  Error in repeatedRandom at cohesion 60, iter 76: repeatedRandom() takes 2 positional arguments but 3 were given
  Error in repeatedRandom at cohesion 60, iter 77: repeatedRandom() takes 2 positional arguments but 3 were given
  Error in repeatedRandom at cohesion 60, iter 78: repeatedRandom() takes 2 positional arguments but 3 were given
  Error in repeatedRandom at cohesion 60, iter 79: repeatedRandom() takes 2 positional arguments but 3 were given
  Error in repeatedRandom at cohesion 60, iter 80: repeatedRandom() takes 2 positional arguments but 3 were given
  Error in repeatedRandom at cohesion 60, iter 81: repeatedRandom() takes 2 positional arguments but 3 were given
  Error in repeatedRandom at cohesion 60, iter 82: repeatedRandom() takes 2 positional arguments but 3 were given
  Error in repeatedRandom at cohesion 60, iter 83: repeatedRandom() takes 2 positional arguments but 3 were given
  Error in repeatedRandom at cohesion 60, iter 84: repeatedRandom() takes 2 positional arguments but 3 were given
  Error in repeatedRandom at cohesion 60, iter 85: repeatedRandom() takes 2 positional arguments but 3 were given
  Error in repeatedRandom at cohesion 60, iter 86: repeatedRandom() takes 2 positional arguments but 3 were given
  Error in repeatedRandom at cohesion 60, iter 87: repeatedRandom() takes 2 positional arguments but 3 were given
  Error in repeatedRandom at cohesion 60, iter 88: repeatedRandom() takes 2 positional arguments but 3 were given
  Error in repeatedRandom at cohesion 60, iter 89: repeatedRandom() takes 2 positional arguments but 3 were given
  Error in repeatedRandom at cohesion 60, iter 90: repeatedRandom() takes 2 positional arguments but 3 were given
  Error in repeatedRandom at cohesion 60, iter 91: repeatedRandom() takes 2 positional arguments but 3 were given
  Error in repeatedRandom at cohesion 60, iter 92: repeatedRandom() takes 2 positional arguments but 3 were given
  Error in repeatedRandom at cohesion 60, iter 93: repeatedRandom() takes 2 positional arguments but 3 were given
  Error in repeatedRandom at cohesion 60, iter 94: repeatedRandom() takes 2 positional arguments but 3 were given
  Error in repeatedRandom at cohesion 60, iter 95: repeatedRandom() takes 2 positional arguments but 3 were given
  Error in repeatedRandom at cohesion 60, iter 96: repeatedRandom() takes 2 positional arguments but 3 were given
  Error in repeatedRandom at cohesion 60, iter 97: repeatedRandom() takes 2 positional arguments but 3 were given
  Error in repeatedRandom at cohesion 60, iter 98: repeatedRandom() takes 2 positional arguments but 3 were given
  Error in repeatedRandom at cohesion 60, iter 99: repeatedRandom() takes 2 positional arguments but 3 were given
  Completed 100 iterations for size 300, cohesion 60.

Results successfully written to job72909/comparison_results_repeatedRandom.json
  Error in repeatedRandom at cohesion 70, iter 0: repeatedRandom() takes 2 positional arguments but 3 were given
  Error in repeatedRandom at cohesion 70, iter 1: repeatedRandom() takes 2 positional arguments but 3 were given
  Error in repeatedRandom at cohesion 70, iter 2: repeatedRandom() takes 2 positional arguments but 3 were given
  Error in repeatedRandom at cohesion 70, iter 3: repeatedRandom() takes 2 positional arguments but 3 were given
  Error in repeatedRandom at cohesion 70, iter 4: repeatedRandom() takes 2 positional arguments but 3 were given
  Error in repeatedRandom at cohesion 70, iter 5: repeatedRandom() takes 2 positional arguments but 3 were given
  Error in repeatedRandom at cohesion 70, iter 6: repeatedRandom() takes 2 positional arguments but 3 were given
  Error in repeatedRandom at cohesion 70, iter 7: repeatedRandom() takes 2 positional arguments but 3 were given
  Error in repeatedRandom at cohesion 70, iter 8: repeatedRandom() takes 2 positional arguments but 3 were given
  Error in repeatedRandom at cohesion 70, iter 9: repeatedRandom() takes 2 positional arguments but 3 were given
  Error in repeatedRandom at cohesion 70, iter 10: repeatedRandom() takes 2 positional arguments but 3 were given
  Error in repeatedRandom at cohesion 70, iter 11: repeatedRandom() takes 2 positional arguments but 3 were given
  Error in repeatedRandom at cohesion 70, iter 12: repeatedRandom() takes 2 positional arguments but 3 were given
  Error in repeatedRandom at cohesion 70, iter 13: repeatedRandom() takes 2 positional arguments but 3 were given
  Error in repeatedRandom at cohesion 70, iter 14: repeatedRandom() takes 2 positional arguments but 3 were given
  Error in repeatedRandom at cohesion 70, iter 15: repeatedRandom() takes 2 positional arguments but 3 were given
  Error in repeatedRandom at cohesion 70, iter 16: repeatedRandom() takes 2 positional arguments but 3 were given
  Error in repeatedRandom at cohesion 70, iter 17: repeatedRandom() takes 2 positional arguments but 3 were given
  Error in repeatedRandom at cohesion 70, iter 18: repeatedRandom() takes 2 positional arguments but 3 were given
  Error in repeatedRandom at cohesion 70, iter 19: repeatedRandom() takes 2 positional arguments but 3 were given
  Error in repeatedRandom at cohesion 70, iter 20: repeatedRandom() takes 2 positional arguments but 3 were given
  Error in repeatedRandom at cohesion 70, iter 21: repeatedRandom() takes 2 positional arguments but 3 were given
  Error in repeatedRandom at cohesion 70, iter 22: repeatedRandom() takes 2 positional arguments but 3 were given
  Error in repeatedRandom at cohesion 70, iter 23: repeatedRandom() takes 2 positional arguments but 3 were given
  Error in repeatedRandom at cohesion 70, iter 24: repeatedRandom() takes 2 positional arguments but 3 were given
  Error in repeatedRandom at cohesion 70, iter 25: repeatedRandom() takes 2 positional arguments but 3 were given
  Error in repeatedRandom at cohesion 70, iter 26: repeatedRandom() takes 2 positional arguments but 3 were given
  Error in repeatedRandom at cohesion 70, iter 27: repeatedRandom() takes 2 positional arguments but 3 were given
  Error in repeatedRandom at cohesion 70, iter 28: repeatedRandom() takes 2 positional arguments but 3 were given
  Error in repeatedRandom at cohesion 70, iter 29: repeatedRandom() takes 2 positional arguments but 3 were given
  Error in repeatedRandom at cohesion 70, iter 30: repeatedRandom() takes 2 positional arguments but 3 were given
  Error in repeatedRandom at cohesion 70, iter 31: repeatedRandom() takes 2 positional arguments but 3 were given
  Error in repeatedRandom at cohesion 70, iter 32: repeatedRandom() takes 2 positional arguments but 3 were given
  Error in repeatedRandom at cohesion 70, iter 33: repeatedRandom() takes 2 positional arguments but 3 were given
  Error in repeatedRandom at cohesion 70, iter 34: repeatedRandom() takes 2 positional arguments but 3 were given
  Error in repeatedRandom at cohesion 70, iter 35: repeatedRandom() takes 2 positional arguments but 3 were given
  Error in repeatedRandom at cohesion 70, iter 36: repeatedRandom() takes 2 positional arguments but 3 were given
  Error in repeatedRandom at cohesion 70, iter 37: repeatedRandom() takes 2 positional arguments but 3 were given
  Error in repeatedRandom at cohesion 70, iter 38: repeatedRandom() takes 2 positional arguments but 3 were given
  Error in repeatedRandom at cohesion 70, iter 39: repeatedRandom() takes 2 positional arguments but 3 were given
  Error in repeatedRandom at cohesion 70, iter 40: repeatedRandom() takes 2 positional arguments but 3 were given
  Error in repeatedRandom at cohesion 70, iter 41: repeatedRandom() takes 2 positional arguments but 3 were given
  Error in repeatedRandom at cohesion 70, iter 42: repeatedRandom() takes 2 positional arguments but 3 were given
  Error in repeatedRandom at cohesion 70, iter 43: repeatedRandom() takes 2 positional arguments but 3 were given
  Error in repeatedRandom at cohesion 70, iter 44: repeatedRandom() takes 2 positional arguments but 3 were given
  Error in repeatedRandom at cohesion 70, iter 45: repeatedRandom() takes 2 positional arguments but 3 were given
  Error in repeatedRandom at cohesion 70, iter 46: repeatedRandom() takes 2 positional arguments but 3 were given
  Error in repeatedRandom at cohesion 70, iter 47: repeatedRandom() takes 2 positional arguments but 3 were given
  Error in repeatedRandom at cohesion 70, iter 48: repeatedRandom() takes 2 positional arguments but 3 were given
  Error in repeatedRandom at cohesion 70, iter 49: repeatedRandom() takes 2 positional arguments but 3 were given
  Error in repeatedRandom at cohesion 70, iter 50: repeatedRandom() takes 2 positional arguments but 3 were given
  Error in repeatedRandom at cohesion 70, iter 51: repeatedRandom() takes 2 positional arguments but 3 were given
  Error in repeatedRandom at cohesion 70, iter 52: repeatedRandom() takes 2 positional arguments but 3 were given
  Error in repeatedRandom at cohesion 70, iter 53: repeatedRandom() takes 2 positional arguments but 3 were given
  Error in repeatedRandom at cohesion 70, iter 54: repeatedRandom() takes 2 positional arguments but 3 were given
  Error in repeatedRandom at cohesion 70, iter 55: repeatedRandom() takes 2 positional arguments but 3 were given
  Error in repeatedRandom at cohesion 70, iter 56: repeatedRandom() takes 2 positional arguments but 3 were given
  Error in repeatedRandom at cohesion 70, iter 57: repeatedRandom() takes 2 positional arguments but 3 were given
  Error in repeatedRandom at cohesion 70, iter 58: repeatedRandom() takes 2 positional arguments but 3 were given
  Error in repeatedRandom at cohesion 70, iter 59: repeatedRandom() takes 2 positional arguments but 3 were given
  Error in repeatedRandom at cohesion 70, iter 60: repeatedRandom() takes 2 positional arguments but 3 were given
  Error in repeatedRandom at cohesion 70, iter 61: repeatedRandom() takes 2 positional arguments but 3 were given
  Error in repeatedRandom at cohesion 70, iter 62: repeatedRandom() takes 2 positional arguments but 3 were given
  Error in repeatedRandom at cohesion 70, iter 63: repeatedRandom() takes 2 positional arguments but 3 were given
  Error in repeatedRandom at cohesion 70, iter 64: repeatedRandom() takes 2 positional arguments but 3 were given
  Error in repeatedRandom at cohesion 70, iter 65: repeatedRandom() takes 2 positional arguments but 3 were given
  Error in repeatedRandom at cohesion 70, iter 66: repeatedRandom() takes 2 positional arguments but 3 were given
  Error in repeatedRandom at cohesion 70, iter 67: repeatedRandom() takes 2 positional arguments but 3 were given
  Error in repeatedRandom at cohesion 70, iter 68: repeatedRandom() takes 2 positional arguments but 3 were given
  Error in repeatedRandom at cohesion 70, iter 69: repeatedRandom() takes 2 positional arguments but 3 were given
  Error in repeatedRandom at cohesion 70, iter 70: repeatedRandom() takes 2 positional arguments but 3 were given
  Error in repeatedRandom at cohesion 70, iter 71: repeatedRandom() takes 2 positional arguments but 3 were given
  Error in repeatedRandom at cohesion 70, iter 72: repeatedRandom() takes 2 positional arguments but 3 were given
  Error in repeatedRandom at cohesion 70, iter 73: repeatedRandom() takes 2 positional arguments but 3 were given
  Error in repeatedRandom at cohesion 70, iter 74: repeatedRandom() takes 2 positional arguments but 3 were given
  Error in repeatedRandom at cohesion 70, iter 75: repeatedRandom() takes 2 positional arguments but 3 were given
  Error in repeatedRandom at cohesion 70, iter 76: repeatedRandom() takes 2 positional arguments but 3 were given
  Error in repeatedRandom at cohesion 70, iter 77: repeatedRandom() takes 2 positional arguments but 3 were given
  Error in repeatedRandom at cohesion 70, iter 78: repeatedRandom() takes 2 positional arguments but 3 were given
  Error in repeatedRandom at cohesion 70, iter 79: repeatedRandom() takes 2 positional arguments but 3 were given
  Error in repeatedRandom at cohesion 70, iter 80: repeatedRandom() takes 2 positional arguments but 3 were given
  Error in repeatedRandom at cohesion 70, iter 81: repeatedRandom() takes 2 positional arguments but 3 were given
  Error in repeatedRandom at cohesion 70, iter 82: repeatedRandom() takes 2 positional arguments but 3 were given
  Error in repeatedRandom at cohesion 70, iter 83: repeatedRandom() takes 2 positional arguments but 3 were given
  Error in repeatedRandom at cohesion 70, iter 84: repeatedRandom() takes 2 positional arguments but 3 were given
  Error in repeatedRandom at cohesion 70, iter 85: repeatedRandom() takes 2 positional arguments but 3 were given
  Error in repeatedRandom at cohesion 70, iter 86: repeatedRandom() takes 2 positional arguments but 3 were given
  Error in repeatedRandom at cohesion 70, iter 87: repeatedRandom() takes 2 positional arguments but 3 were given
  Error in repeatedRandom at cohesion 70, iter 88: repeatedRandom() takes 2 positional arguments but 3 were given
  Error in repeatedRandom at cohesion 70, iter 89: repeatedRandom() takes 2 positional arguments but 3 were given
  Error in repeatedRandom at cohesion 70, iter 90: repeatedRandom() takes 2 positional arguments but 3 were given
  Error in repeatedRandom at cohesion 70, iter 91: repeatedRandom() takes 2 positional arguments but 3 were given
  Error in repeatedRandom at cohesion 70, iter 92: repeatedRandom() takes 2 positional arguments but 3 were given
  Error in repeatedRandom at cohesion 70, iter 93: repeatedRandom() takes 2 positional arguments but 3 were given
  Error in repeatedRandom at cohesion 70, iter 94: repeatedRandom() takes 2 positional arguments but 3 were given
  Error in repeatedRandom at cohesion 70, iter 95: repeatedRandom() takes 2 positional arguments but 3 were given
  Error in repeatedRandom at cohesion 70, iter 96: repeatedRandom() takes 2 positional arguments but 3 were given
  Error in repeatedRandom at cohesion 70, iter 97: repeatedRandom() takes 2 positional arguments but 3 were given
  Error in repeatedRandom at cohesion 70, iter 98: repeatedRandom() takes 2 positional arguments but 3 were given
  Error in repeatedRandom at cohesion 70, iter 99: repeatedRandom() takes 2 positional arguments but 3 were given
  Completed 100 iterations for size 300, cohesion 70.

Results successfully written to job72909/comparison_results_repeatedRandom.json
  Error in repeatedRandom at cohesion 80, iter 0: repeatedRandom() takes 2 positional arguments but 3 were given
  Error in repeatedRandom at cohesion 80, iter 1: repeatedRandom() takes 2 positional arguments but 3 were given
  Error in repeatedRandom at cohesion 80, iter 2: repeatedRandom() takes 2 positional arguments but 3 were given
  Error in repeatedRandom at cohesion 80, iter 3: repeatedRandom() takes 2 positional arguments but 3 were given
  Error in repeatedRandom at cohesion 80, iter 4: repeatedRandom() takes 2 positional arguments but 3 were given
  Error in repeatedRandom at cohesion 80, iter 5: repeatedRandom() takes 2 positional arguments but 3 were given
  Error in repeatedRandom at cohesion 80, iter 6: repeatedRandom() takes 2 positional arguments but 3 were given
  Error in repeatedRandom at cohesion 80, iter 7: repeatedRandom() takes 2 positional arguments but 3 were given
  Error in repeatedRandom at cohesion 80, iter 8: repeatedRandom() takes 2 positional arguments but 3 were given
  Error in repeatedRandom at cohesion 80, iter 9: repeatedRandom() takes 2 positional arguments but 3 were given
  Error in repeatedRandom at cohesion 80, iter 10: repeatedRandom() takes 2 positional arguments but 3 were given
  Error in repeatedRandom at cohesion 80, iter 11: repeatedRandom() takes 2 positional arguments but 3 were given
  Error in repeatedRandom at cohesion 80, iter 12: repeatedRandom() takes 2 positional arguments but 3 were given
  Error in repeatedRandom at cohesion 80, iter 13: repeatedRandom() takes 2 positional arguments but 3 were given
  Error in repeatedRandom at cohesion 80, iter 14: repeatedRandom() takes 2 positional arguments but 3 were given
  Error in repeatedRandom at cohesion 80, iter 15: repeatedRandom() takes 2 positional arguments but 3 were given
  Error in repeatedRandom at cohesion 80, iter 16: repeatedRandom() takes 2 positional arguments but 3 were given
  Error in repeatedRandom at cohesion 80, iter 17: repeatedRandom() takes 2 positional arguments but 3 were given
  Error in repeatedRandom at cohesion 80, iter 18: repeatedRandom() takes 2 positional arguments but 3 were given
  Error in repeatedRandom at cohesion 80, iter 19: repeatedRandom() takes 2 positional arguments but 3 were given
  Error in repeatedRandom at cohesion 80, iter 20: repeatedRandom() takes 2 positional arguments but 3 were given
  Error in repeatedRandom at cohesion 80, iter 21: repeatedRandom() takes 2 positional arguments but 3 were given
  Error in repeatedRandom at cohesion 80, iter 22: repeatedRandom() takes 2 positional arguments but 3 were given
  Error in repeatedRandom at cohesion 80, iter 23: repeatedRandom() takes 2 positional arguments but 3 were given
  Error in repeatedRandom at cohesion 80, iter 24: repeatedRandom() takes 2 positional arguments but 3 were given
  Error in repeatedRandom at cohesion 80, iter 25: repeatedRandom() takes 2 positional arguments but 3 were given
  Error in repeatedRandom at cohesion 80, iter 26: repeatedRandom() takes 2 positional arguments but 3 were given
  Error in repeatedRandom at cohesion 80, iter 27: repeatedRandom() takes 2 positional arguments but 3 were given
  Error in repeatedRandom at cohesion 80, iter 28: repeatedRandom() takes 2 positional arguments but 3 were given
  Error in repeatedRandom at cohesion 80, iter 29: repeatedRandom() takes 2 positional arguments but 3 were given
  Error in repeatedRandom at cohesion 80, iter 30: repeatedRandom() takes 2 positional arguments but 3 were given
  Error in repeatedRandom at cohesion 80, iter 31: repeatedRandom() takes 2 positional arguments but 3 were given
  Error in repeatedRandom at cohesion 80, iter 32: repeatedRandom() takes 2 positional arguments but 3 were given
  Error in repeatedRandom at cohesion 80, iter 33: repeatedRandom() takes 2 positional arguments but 3 were given
  Error in repeatedRandom at cohesion 80, iter 34: repeatedRandom() takes 2 positional arguments but 3 were given
  Error in repeatedRandom at cohesion 80, iter 35: repeatedRandom() takes 2 positional arguments but 3 were given
  Error in repeatedRandom at cohesion 80, iter 36: repeatedRandom() takes 2 positional arguments but 3 were given
  Error in repeatedRandom at cohesion 80, iter 37: repeatedRandom() takes 2 positional arguments but 3 were given
  Error in repeatedRandom at cohesion 80, iter 38: repeatedRandom() takes 2 positional arguments but 3 were given
  Error in repeatedRandom at cohesion 80, iter 39: repeatedRandom() takes 2 positional arguments but 3 were given
  Error in repeatedRandom at cohesion 80, iter 40: repeatedRandom() takes 2 positional arguments but 3 were given
  Error in repeatedRandom at cohesion 80, iter 41: repeatedRandom() takes 2 positional arguments but 3 were given
  Error in repeatedRandom at cohesion 80, iter 42: repeatedRandom() takes 2 positional arguments but 3 were given
  Error in repeatedRandom at cohesion 80, iter 43: repeatedRandom() takes 2 positional arguments but 3 were given
  Error in repeatedRandom at cohesion 80, iter 44: repeatedRandom() takes 2 positional arguments but 3 were given
  Error in repeatedRandom at cohesion 80, iter 45: repeatedRandom() takes 2 positional arguments but 3 were given
slurmstepd: error: *** JOB 72919 ON cn17 CANCELLED AT 2026-04-24T11:19:24 ***
slurmstepd: error: *** STEP 72919.0 ON cn17 CANCELLED AT 2026-04-24T11:19:24 ***
srun: error: cn17: task 0: Terminated
srun: Force Terminated StepId=72919.0
