Task 13 running algorithm: bruteForce
cn18.hpc.itu.dk
nsio
/home/nsio/bachelorProject/hpc-jobs
Running iterations for algorithm: bruteForce
  Completed 100 iterations for size 8, cohesion 0.
  Completed 100 iterations for size 8, cohesion 10.
  Completed 100 iterations for size 8, cohesion 20.
  Completed 100 iterations for size 8, cohesion 30.
  Completed 100 iterations for size 8, cohesion 40.
  Completed 100 iterations for size 8, cohesion 50.
  Completed 100 iterations for size 8, cohesion 60.
  Completed 100 iterations for size 8, cohesion 70.
  Completed 100 iterations for size 8, cohesion 80.
  Completed 100 iterations for size 8, cohesion 90.
  Completed 100 iterations for size 8, cohesion 100.
  Timeout! bruteForce at size 30, cohesion 0, iter 0 took longer than 30 seconds.
  Timeout! bruteForce at size 30, cohesion 0, iter 1 took longer than 30 seconds.
  Timeout! bruteForce at size 30, cohesion 0, iter 2 took longer than 30 seconds.
  Timeout! bruteForce at size 30, cohesion 0, iter 3 took longer than 30 seconds.
  Timeout! bruteForce at size 30, cohesion 0, iter 4 took longer than 30 seconds.
  Timeout! bruteForce at size 30, cohesion 0, iter 5 took longer than 30 seconds.
  Timeout! bruteForce at size 30, cohesion 0, iter 6 took longer than 30 seconds.
  Timeout! bruteForce at size 30, cohesion 0, iter 7 took longer than 30 seconds.
  Timeout! bruteForce at size 30, cohesion 0, iter 8 took longer than 30 seconds.
  Timeout! bruteForce at size 30, cohesion 0, iter 9 took longer than 30 seconds.
  First 10 runs timed out. Cancelling remaining iterations.
  Completed 100 iterations for size 30, cohesion 0.
  Timeout! bruteForce at size 30, cohesion 10, iter 0 took longer than 30 seconds.
  Timeout! bruteForce at size 30, cohesion 10, iter 1 took longer than 30 seconds.
  Timeout! bruteForce at size 30, cohesion 10, iter 2 took longer than 30 seconds.
  Timeout! bruteForce at size 30, cohesion 10, iter 3 took longer than 30 seconds.
  Timeout! bruteForce at size 30, cohesion 10, iter 4 took longer than 30 seconds.
  Timeout! bruteForce at size 30, cohesion 10, iter 5 took longer than 30 seconds.
  Timeout! bruteForce at size 30, cohesion 10, iter 6 took longer than 30 seconds.
  Timeout! bruteForce at size 30, cohesion 10, iter 7 took longer than 30 seconds.
  Timeout! bruteForce at size 30, cohesion 10, iter 8 took longer than 30 seconds.
  Timeout! bruteForce at size 30, cohesion 10, iter 9 took longer than 30 seconds.
  First 10 runs timed out. Cancelling remaining iterations.
  Completed 100 iterations for size 30, cohesion 10.
  Timeout! bruteForce at size 30, cohesion 20, iter 0 took longer than 30 seconds.
  Timeout! bruteForce at size 30, cohesion 20, iter 1 took longer than 30 seconds.
  Timeout! bruteForce at size 30, cohesion 20, iter 2 took longer than 30 seconds.
  Timeout! bruteForce at size 30, cohesion 20, iter 3 took longer than 30 seconds.
  Timeout! bruteForce at size 30, cohesion 20, iter 4 took longer than 30 seconds.
  Timeout! bruteForce at size 30, cohesion 20, iter 5 took longer than 30 seconds.
  Timeout! bruteForce at size 30, cohesion 20, iter 6 took longer than 30 seconds.
  Timeout! bruteForce at size 30, cohesion 20, iter 7 took longer than 30 seconds.
  Timeout! bruteForce at size 30, cohesion 20, iter 8 took longer than 30 seconds.
  Timeout! bruteForce at size 30, cohesion 20, iter 9 took longer than 30 seconds.
  First 10 runs timed out. Cancelling remaining iterations.
  Completed 100 iterations for size 30, cohesion 20.
  Timeout! bruteForce at size 30, cohesion 30, iter 0 took longer than 30 seconds.
  Timeout! bruteForce at size 30, cohesion 30, iter 1 took longer than 30 seconds.
  Timeout! bruteForce at size 30, cohesion 30, iter 2 took longer than 30 seconds.
  Timeout! bruteForce at size 30, cohesion 30, iter 3 took longer than 30 seconds.
  Timeout! bruteForce at size 30, cohesion 30, iter 4 took longer than 30 seconds.
  Timeout! bruteForce at size 30, cohesion 30, iter 5 took longer than 30 seconds.
  Timeout! bruteForce at size 30, cohesion 30, iter 6 took longer than 30 seconds.
  Timeout! bruteForce at size 30, cohesion 30, iter 7 took longer than 30 seconds.
  Timeout! bruteForce at size 30, cohesion 30, iter 8 took longer than 30 seconds.
  Timeout! bruteForce at size 30, cohesion 30, iter 9 took longer than 30 seconds.
  First 10 runs timed out. Cancelling remaining iterations.
  Completed 100 iterations for size 30, cohesion 30.
  Timeout! bruteForce at size 30, cohesion 40, iter 0 took longer than 30 seconds.
  Timeout! bruteForce at size 30, cohesion 40, iter 1 took longer than 30 seconds.
  Timeout! bruteForce at size 30, cohesion 40, iter 2 took longer than 30 seconds.
  Timeout! bruteForce at size 30, cohesion 40, iter 3 took longer than 30 seconds.
  Timeout! bruteForce at size 30, cohesion 40, iter 4 took longer than 30 seconds.
  Timeout! bruteForce at size 30, cohesion 40, iter 5 took longer than 30 seconds.
  Timeout! bruteForce at size 30, cohesion 40, iter 6 took longer than 30 seconds.
  Timeout! bruteForce at size 30, cohesion 40, iter 7 took longer than 30 seconds.
  Timeout! bruteForce at size 30, cohesion 40, iter 8 took longer than 30 seconds.
  Timeout! bruteForce at size 30, cohesion 40, iter 9 took longer than 30 seconds.
  First 10 runs timed out. Cancelling remaining iterations.
  Completed 100 iterations for size 30, cohesion 40.
  Timeout! bruteForce at size 30, cohesion 50, iter 0 took longer than 30 seconds.
  Timeout! bruteForce at size 30, cohesion 50, iter 1 took longer than 30 seconds.
  Timeout! bruteForce at size 30, cohesion 50, iter 2 took longer than 30 seconds.
  Timeout! bruteForce at size 30, cohesion 50, iter 3 took longer than 30 seconds.
  Timeout! bruteForce at size 30, cohesion 50, iter 4 took longer than 30 seconds.
  Timeout! bruteForce at size 30, cohesion 50, iter 5 took longer than 30 seconds.
  Timeout! bruteForce at size 30, cohesion 50, iter 6 took longer than 30 seconds.
  Timeout! bruteForce at size 30, cohesion 50, iter 7 took longer than 30 seconds.
  Timeout! bruteForce at size 30, cohesion 50, iter 8 took longer than 30 seconds.
  Timeout! bruteForce at size 30, cohesion 50, iter 9 took longer than 30 seconds.
  First 10 runs timed out. Cancelling remaining iterations.
  Completed 100 iterations for size 30, cohesion 50.
  Timeout! bruteForce at size 30, cohesion 60, iter 0 took longer than 30 seconds.
  Timeout! bruteForce at size 30, cohesion 60, iter 1 took longer than 30 seconds.
  Timeout! bruteForce at size 30, cohesion 60, iter 2 took longer than 30 seconds.
  Timeout! bruteForce at size 30, cohesion 60, iter 3 took longer than 30 seconds.
  Timeout! bruteForce at size 30, cohesion 60, iter 4 took longer than 30 seconds.
  Timeout! bruteForce at size 30, cohesion 60, iter 5 took longer than 30 seconds.
  Timeout! bruteForce at size 30, cohesion 60, iter 6 took longer than 30 seconds.
  Timeout! bruteForce at size 30, cohesion 60, iter 7 took longer than 30 seconds.
  Timeout! bruteForce at size 30, cohesion 60, iter 8 took longer than 30 seconds.
  Timeout! bruteForce at size 30, cohesion 60, iter 9 took longer than 30 seconds.
  First 10 runs timed out. Cancelling remaining iterations.
  Completed 100 iterations for size 30, cohesion 60.
  Timeout! bruteForce at size 30, cohesion 70, iter 0 took longer than 30 seconds.
  Timeout! bruteForce at size 30, cohesion 70, iter 1 took longer than 30 seconds.
  Timeout! bruteForce at size 30, cohesion 70, iter 2 took longer than 30 seconds.
  Timeout! bruteForce at size 30, cohesion 70, iter 3 took longer than 30 seconds.
  Timeout! bruteForce at size 30, cohesion 70, iter 4 took longer than 30 seconds.
  Timeout! bruteForce at size 30, cohesion 70, iter 5 took longer than 30 seconds.
  Timeout! bruteForce at size 30, cohesion 70, iter 6 took longer than 30 seconds.
  Timeout! bruteForce at size 30, cohesion 70, iter 7 took longer than 30 seconds.
  Timeout! bruteForce at size 30, cohesion 70, iter 8 took longer than 30 seconds.
  Timeout! bruteForce at size 30, cohesion 70, iter 9 took longer than 30 seconds.
  First 10 runs timed out. Cancelling remaining iterations.
  Completed 100 iterations for size 30, cohesion 70.
  Timeout! bruteForce at size 30, cohesion 80, iter 0 took longer than 30 seconds.
  Timeout! bruteForce at size 30, cohesion 80, iter 1 took longer than 30 seconds.
  Timeout! bruteForce at size 30, cohesion 80, iter 2 took longer than 30 seconds.
  Timeout! bruteForce at size 30, cohesion 80, iter 3 took longer than 30 seconds.
  Timeout! bruteForce at size 30, cohesion 80, iter 4 took longer than 30 seconds.
  Timeout! bruteForce at size 30, cohesion 80, iter 5 took longer than 30 seconds.
  Timeout! bruteForce at size 30, cohesion 80, iter 6 took longer than 30 seconds.
  Timeout! bruteForce at size 30, cohesion 80, iter 7 took longer than 30 seconds.
  Timeout! bruteForce at size 30, cohesion 80, iter 8 took longer than 30 seconds.
  Timeout! bruteForce at size 30, cohesion 80, iter 9 took longer than 30 seconds.
  First 10 runs timed out. Cancelling remaining iterations.
  Completed 100 iterations for size 30, cohesion 80.
  Timeout! bruteForce at size 30, cohesion 90, iter 0 took longer than 30 seconds.
  Timeout! bruteForce at size 30, cohesion 90, iter 1 took longer than 30 seconds.
  Timeout! bruteForce at size 30, cohesion 90, iter 2 took longer than 30 seconds.
  Timeout! bruteForce at size 30, cohesion 90, iter 3 took longer than 30 seconds.
  Timeout! bruteForce at size 30, cohesion 90, iter 4 took longer than 30 seconds.
  Timeout! bruteForce at size 30, cohesion 90, iter 5 took longer than 30 seconds.
  Timeout! bruteForce at size 30, cohesion 90, iter 6 took longer than 30 seconds.
  Timeout! bruteForce at size 30, cohesion 90, iter 7 took longer than 30 seconds.
  Timeout! bruteForce at size 30, cohesion 90, iter 8 took longer than 30 seconds.
  Timeout! bruteForce at size 30, cohesion 90, iter 9 took longer than 30 seconds.
  First 10 runs timed out. Cancelling remaining iterations.
  Completed 100 iterations for size 30, cohesion 90.
  Timeout! bruteForce at size 30, cohesion 100, iter 0 took longer than 30 seconds.
  Timeout! bruteForce at size 30, cohesion 100, iter 1 took longer than 30 seconds.
  Timeout! bruteForce at size 30, cohesion 100, iter 2 took longer than 30 seconds.
  Timeout! bruteForce at size 30, cohesion 100, iter 3 took longer than 30 seconds.
  Timeout! bruteForce at size 30, cohesion 100, iter 4 took longer than 30 seconds.
  Timeout! bruteForce at size 30, cohesion 100, iter 5 took longer than 30 seconds.
  Timeout! bruteForce at size 30, cohesion 100, iter 6 took longer than 30 seconds.
  Timeout! bruteForce at size 30, cohesion 100, iter 7 took longer than 30 seconds.
  Timeout! bruteForce at size 30, cohesion 100, iter 8 took longer than 30 seconds.
  Timeout! bruteForce at size 30, cohesion 100, iter 9 took longer than 30 seconds.
  First 10 runs timed out. Cancelling remaining iterations.
  Completed 100 iterations for size 30, cohesion 100.
  Timeout! bruteForce at size 100, cohesion 0, iter 0 took longer than 30 seconds.
  Timeout! bruteForce at size 100, cohesion 0, iter 1 took longer than 30 seconds.
  Timeout! bruteForce at size 100, cohesion 0, iter 2 took longer than 30 seconds.
  Timeout! bruteForce at size 100, cohesion 0, iter 3 took longer than 30 seconds.
  Timeout! bruteForce at size 100, cohesion 0, iter 4 took longer than 30 seconds.
  Timeout! bruteForce at size 100, cohesion 0, iter 5 took longer than 30 seconds.
  Timeout! bruteForce at size 100, cohesion 0, iter 6 took longer than 30 seconds.
  Timeout! bruteForce at size 100, cohesion 0, iter 7 took longer than 30 seconds.
  Timeout! bruteForce at size 100, cohesion 0, iter 8 took longer than 30 seconds.
  Timeout! bruteForce at size 100, cohesion 0, iter 9 took longer than 30 seconds.
  First 10 runs timed out. Cancelling remaining iterations.
  Completed 100 iterations for size 100, cohesion 0.
  Timeout! bruteForce at size 100, cohesion 10, iter 0 took longer than 30 seconds.
  Timeout! bruteForce at size 100, cohesion 10, iter 1 took longer than 30 seconds.
  Timeout! bruteForce at size 100, cohesion 10, iter 2 took longer than 30 seconds.
  Timeout! bruteForce at size 100, cohesion 10, iter 3 took longer than 30 seconds.
  Timeout! bruteForce at size 100, cohesion 10, iter 4 took longer than 30 seconds.
  Timeout! bruteForce at size 100, cohesion 10, iter 5 took longer than 30 seconds.
  Timeout! bruteForce at size 100, cohesion 10, iter 6 took longer than 30 seconds.
  Timeout! bruteForce at size 100, cohesion 10, iter 7 took longer than 30 seconds.
  Timeout! bruteForce at size 100, cohesion 10, iter 8 took longer than 30 seconds.
  Timeout! bruteForce at size 100, cohesion 10, iter 9 took longer than 30 seconds.
  First 10 runs timed out. Cancelling remaining iterations.
  Completed 100 iterations for size 100, cohesion 10.
  Timeout! bruteForce at size 100, cohesion 20, iter 0 took longer than 30 seconds.
  Timeout! bruteForce at size 100, cohesion 20, iter 1 took longer than 30 seconds.
  Timeout! bruteForce at size 100, cohesion 20, iter 2 took longer than 30 seconds.
  Timeout! bruteForce at size 100, cohesion 20, iter 3 took longer than 30 seconds.
  Timeout! bruteForce at size 100, cohesion 20, iter 4 took longer than 30 seconds.
  Timeout! bruteForce at size 100, cohesion 20, iter 5 took longer than 30 seconds.
  Timeout! bruteForce at size 100, cohesion 20, iter 6 took longer than 30 seconds.
  Timeout! bruteForce at size 100, cohesion 20, iter 7 took longer than 30 seconds.
  Timeout! bruteForce at size 100, cohesion 20, iter 8 took longer than 30 seconds.
  Timeout! bruteForce at size 100, cohesion 20, iter 9 took longer than 30 seconds.
  First 10 runs timed out. Cancelling remaining iterations.
  Completed 100 iterations for size 100, cohesion 20.
  Timeout! bruteForce at size 100, cohesion 30, iter 0 took longer than 30 seconds.
  Timeout! bruteForce at size 100, cohesion 30, iter 1 took longer than 30 seconds.
  Timeout! bruteForce at size 100, cohesion 30, iter 2 took longer than 30 seconds.
  Timeout! bruteForce at size 100, cohesion 30, iter 3 took longer than 30 seconds.
  Timeout! bruteForce at size 100, cohesion 30, iter 4 took longer than 30 seconds.
  Timeout! bruteForce at size 100, cohesion 30, iter 5 took longer than 30 seconds.
  Timeout! bruteForce at size 100, cohesion 30, iter 6 took longer than 30 seconds.
  Timeout! bruteForce at size 100, cohesion 30, iter 7 took longer than 30 seconds.
  Timeout! bruteForce at size 100, cohesion 30, iter 8 took longer than 30 seconds.
  Timeout! bruteForce at size 100, cohesion 30, iter 9 took longer than 30 seconds.
  First 10 runs timed out. Cancelling remaining iterations.
  Completed 100 iterations for size 100, cohesion 30.
  Timeout! bruteForce at size 100, cohesion 40, iter 0 took longer than 30 seconds.
  Timeout! bruteForce at size 100, cohesion 40, iter 1 took longer than 30 seconds.
  Timeout! bruteForce at size 100, cohesion 40, iter 2 took longer than 30 seconds.
  Timeout! bruteForce at size 100, cohesion 40, iter 3 took longer than 30 seconds.
  Timeout! bruteForce at size 100, cohesion 40, iter 4 took longer than 30 seconds.
  Timeout! bruteForce at size 100, cohesion 40, iter 5 took longer than 30 seconds.
  Timeout! bruteForce at size 100, cohesion 40, iter 6 took longer than 30 seconds.
  Timeout! bruteForce at size 100, cohesion 40, iter 7 took longer than 30 seconds.
  Timeout! bruteForce at size 100, cohesion 40, iter 8 took longer than 30 seconds.
  Timeout! bruteForce at size 100, cohesion 40, iter 9 took longer than 30 seconds.
  First 10 runs timed out. Cancelling remaining iterations.
  Completed 100 iterations for size 100, cohesion 40.
  Timeout! bruteForce at size 100, cohesion 50, iter 0 took longer than 30 seconds.
  Timeout! bruteForce at size 100, cohesion 50, iter 1 took longer than 30 seconds.
  Timeout! bruteForce at size 100, cohesion 50, iter 2 took longer than 30 seconds.
  Timeout! bruteForce at size 100, cohesion 50, iter 3 took longer than 30 seconds.
  Timeout! bruteForce at size 100, cohesion 50, iter 4 took longer than 30 seconds.
  Timeout! bruteForce at size 100, cohesion 50, iter 5 took longer than 30 seconds.
  Timeout! bruteForce at size 100, cohesion 50, iter 6 took longer than 30 seconds.
  Timeout! bruteForce at size 100, cohesion 50, iter 7 took longer than 30 seconds.
  Timeout! bruteForce at size 100, cohesion 50, iter 8 took longer than 30 seconds.
  Timeout! bruteForce at size 100, cohesion 50, iter 9 took longer than 30 seconds.
  First 10 runs timed out. Cancelling remaining iterations.
  Completed 100 iterations for size 100, cohesion 50.
  Timeout! bruteForce at size 100, cohesion 60, iter 0 took longer than 30 seconds.
  Timeout! bruteForce at size 100, cohesion 60, iter 1 took longer than 30 seconds.
  Timeout! bruteForce at size 100, cohesion 60, iter 2 took longer than 30 seconds.
  Timeout! bruteForce at size 100, cohesion 60, iter 3 took longer than 30 seconds.
  Timeout! bruteForce at size 100, cohesion 60, iter 4 took longer than 30 seconds.
  Timeout! bruteForce at size 100, cohesion 60, iter 5 took longer than 30 seconds.
  Timeout! bruteForce at size 100, cohesion 60, iter 6 took longer than 30 seconds.
  Timeout! bruteForce at size 100, cohesion 60, iter 7 took longer than 30 seconds.
  Timeout! bruteForce at size 100, cohesion 60, iter 8 took longer than 30 seconds.
  Timeout! bruteForce at size 100, cohesion 60, iter 9 took longer than 30 seconds.
  First 10 runs timed out. Cancelling remaining iterations.
  Completed 100 iterations for size 100, cohesion 60.
  Timeout! bruteForce at size 100, cohesion 70, iter 0 took longer than 30 seconds.
  Timeout! bruteForce at size 100, cohesion 70, iter 1 took longer than 30 seconds.
  Timeout! bruteForce at size 100, cohesion 70, iter 2 took longer than 30 seconds.
  Timeout! bruteForce at size 100, cohesion 70, iter 3 took longer than 30 seconds.
  Timeout! bruteForce at size 100, cohesion 70, iter 4 took longer than 30 seconds.
  Timeout! bruteForce at size 100, cohesion 70, iter 5 took longer than 30 seconds.
  Timeout! bruteForce at size 100, cohesion 70, iter 6 took longer than 30 seconds.
  Timeout! bruteForce at size 100, cohesion 70, iter 7 took longer than 30 seconds.
  Timeout! bruteForce at size 100, cohesion 70, iter 8 took longer than 30 seconds.
  Timeout! bruteForce at size 100, cohesion 70, iter 9 took longer than 30 seconds.
  First 10 runs timed out. Cancelling remaining iterations.
  Completed 100 iterations for size 100, cohesion 70.
  Timeout! bruteForce at size 100, cohesion 80, iter 0 took longer than 30 seconds.
  Timeout! bruteForce at size 100, cohesion 80, iter 1 took longer than 30 seconds.
  Timeout! bruteForce at size 100, cohesion 80, iter 2 took longer than 30 seconds.
  Timeout! bruteForce at size 100, cohesion 80, iter 3 took longer than 30 seconds.
  Timeout! bruteForce at size 100, cohesion 80, iter 4 took longer than 30 seconds.
  Timeout! bruteForce at size 100, cohesion 80, iter 5 took longer than 30 seconds.
  Timeout! bruteForce at size 100, cohesion 80, iter 6 took longer than 30 seconds.
  Timeout! bruteForce at size 100, cohesion 80, iter 7 took longer than 30 seconds.
  Timeout! bruteForce at size 100, cohesion 80, iter 8 took longer than 30 seconds.
  Timeout! bruteForce at size 100, cohesion 80, iter 9 took longer than 30 seconds.
  First 10 runs timed out. Cancelling remaining iterations.
  Completed 100 iterations for size 100, cohesion 80.
  Timeout! bruteForce at size 100, cohesion 90, iter 0 took longer than 30 seconds.
  Timeout! bruteForce at size 100, cohesion 90, iter 1 took longer than 30 seconds.
  Timeout! bruteForce at size 100, cohesion 90, iter 2 took longer than 30 seconds.
  Timeout! bruteForce at size 100, cohesion 90, iter 3 took longer than 30 seconds.
  Timeout! bruteForce at size 100, cohesion 90, iter 4 took longer than 30 seconds.
  Timeout! bruteForce at size 100, cohesion 90, iter 5 took longer than 30 seconds.
  Timeout! bruteForce at size 100, cohesion 90, iter 6 took longer than 30 seconds.
  Timeout! bruteForce at size 100, cohesion 90, iter 7 took longer than 30 seconds.
  Timeout! bruteForce at size 100, cohesion 90, iter 8 took longer than 30 seconds.
  Timeout! bruteForce at size 100, cohesion 90, iter 9 took longer than 30 seconds.
  First 10 runs timed out. Cancelling remaining iterations.
  Completed 100 iterations for size 100, cohesion 90.
  Timeout! bruteForce at size 100, cohesion 100, iter 0 took longer than 30 seconds.
  Timeout! bruteForce at size 100, cohesion 100, iter 1 took longer than 30 seconds.
  Timeout! bruteForce at size 100, cohesion 100, iter 2 took longer than 30 seconds.
  Timeout! bruteForce at size 100, cohesion 100, iter 3 took longer than 30 seconds.
  Timeout! bruteForce at size 100, cohesion 100, iter 4 took longer than 30 seconds.
  Timeout! bruteForce at size 100, cohesion 100, iter 5 took longer than 30 seconds.
  Timeout! bruteForce at size 100, cohesion 100, iter 6 took longer than 30 seconds.
  Timeout! bruteForce at size 100, cohesion 100, iter 7 took longer than 30 seconds.
  Timeout! bruteForce at size 100, cohesion 100, iter 8 took longer than 30 seconds.
  Timeout! bruteForce at size 100, cohesion 100, iter 9 took longer than 30 seconds.
  First 10 runs timed out. Cancelling remaining iterations.
  Completed 100 iterations for size 100, cohesion 100.
  Timeout! bruteForce at size 300, cohesion 0, iter 0 took longer than 30 seconds.
  Timeout! bruteForce at size 300, cohesion 0, iter 1 took longer than 30 seconds.
  Timeout! bruteForce at size 300, cohesion 0, iter 2 took longer than 30 seconds.
  Timeout! bruteForce at size 300, cohesion 0, iter 3 took longer than 30 seconds.
  Timeout! bruteForce at size 300, cohesion 0, iter 4 took longer than 30 seconds.
  Timeout! bruteForce at size 300, cohesion 0, iter 5 took longer than 30 seconds.
  Timeout! bruteForce at size 300, cohesion 0, iter 6 took longer than 30 seconds.
  Timeout! bruteForce at size 300, cohesion 0, iter 7 took longer than 30 seconds.
  Timeout! bruteForce at size 300, cohesion 0, iter 8 took longer than 30 seconds.
  Timeout! bruteForce at size 300, cohesion 0, iter 9 took longer than 30 seconds.
  First 10 runs timed out. Cancelling remaining iterations.
  Completed 100 iterations for size 300, cohesion 0.
  Timeout! bruteForce at size 300, cohesion 10, iter 0 took longer than 30 seconds.
  Timeout! bruteForce at size 300, cohesion 10, iter 1 took longer than 30 seconds.
  Timeout! bruteForce at size 300, cohesion 10, iter 2 took longer than 30 seconds.
  Timeout! bruteForce at size 300, cohesion 10, iter 3 took longer than 30 seconds.
  Timeout! bruteForce at size 300, cohesion 10, iter 4 took longer than 30 seconds.
  Timeout! bruteForce at size 300, cohesion 10, iter 5 took longer than 30 seconds.
  Timeout! bruteForce at size 300, cohesion 10, iter 6 took longer than 30 seconds.
  Timeout! bruteForce at size 300, cohesion 10, iter 7 took longer than 30 seconds.
  Timeout! bruteForce at size 300, cohesion 10, iter 8 took longer than 30 seconds.
  Timeout! bruteForce at size 300, cohesion 10, iter 9 took longer than 30 seconds.
  First 10 runs timed out. Cancelling remaining iterations.
  Completed 100 iterations for size 300, cohesion 10.
  Timeout! bruteForce at size 300, cohesion 20, iter 0 took longer than 30 seconds.
  Timeout! bruteForce at size 300, cohesion 20, iter 1 took longer than 30 seconds.
  Timeout! bruteForce at size 300, cohesion 20, iter 2 took longer than 30 seconds.
  Timeout! bruteForce at size 300, cohesion 20, iter 3 took longer than 30 seconds.
  Timeout! bruteForce at size 300, cohesion 20, iter 4 took longer than 30 seconds.
  Timeout! bruteForce at size 300, cohesion 20, iter 5 took longer than 30 seconds.
  Timeout! bruteForce at size 300, cohesion 20, iter 6 took longer than 30 seconds.
  Timeout! bruteForce at size 300, cohesion 20, iter 7 took longer than 30 seconds.
  Timeout! bruteForce at size 300, cohesion 20, iter 8 took longer than 30 seconds.
  Timeout! bruteForce at size 300, cohesion 20, iter 9 took longer than 30 seconds.
  First 10 runs timed out. Cancelling remaining iterations.
  Completed 100 iterations for size 300, cohesion 20.
  Timeout! bruteForce at size 300, cohesion 30, iter 0 took longer than 30 seconds.
  Timeout! bruteForce at size 300, cohesion 30, iter 1 took longer than 30 seconds.
  Timeout! bruteForce at size 300, cohesion 30, iter 2 took longer than 30 seconds.
  Timeout! bruteForce at size 300, cohesion 30, iter 3 took longer than 30 seconds.
  Timeout! bruteForce at size 300, cohesion 30, iter 4 took longer than 30 seconds.
  Timeout! bruteForce at size 300, cohesion 30, iter 5 took longer than 30 seconds.
  Timeout! bruteForce at size 300, cohesion 30, iter 6 took longer than 30 seconds.
  Timeout! bruteForce at size 300, cohesion 30, iter 7 took longer than 30 seconds.
  Timeout! bruteForce at size 300, cohesion 30, iter 8 took longer than 30 seconds.
  Timeout! bruteForce at size 300, cohesion 30, iter 9 took longer than 30 seconds.
  First 10 runs timed out. Cancelling remaining iterations.
  Completed 100 iterations for size 300, cohesion 30.
  Timeout! bruteForce at size 300, cohesion 40, iter 0 took longer than 30 seconds.
  Timeout! bruteForce at size 300, cohesion 40, iter 1 took longer than 30 seconds.
  Timeout! bruteForce at size 300, cohesion 40, iter 2 took longer than 30 seconds.
  Timeout! bruteForce at size 300, cohesion 40, iter 3 took longer than 30 seconds.
  Timeout! bruteForce at size 300, cohesion 40, iter 4 took longer than 30 seconds.
  Timeout! bruteForce at size 300, cohesion 40, iter 5 took longer than 30 seconds.
  Timeout! bruteForce at size 300, cohesion 40, iter 6 took longer than 30 seconds.
  Timeout! bruteForce at size 300, cohesion 40, iter 7 took longer than 30 seconds.
  Timeout! bruteForce at size 300, cohesion 40, iter 8 took longer than 30 seconds.
  Timeout! bruteForce at size 300, cohesion 40, iter 9 took longer than 30 seconds.
  First 10 runs timed out. Cancelling remaining iterations.
  Completed 100 iterations for size 300, cohesion 40.
  Timeout! bruteForce at size 300, cohesion 50, iter 0 took longer than 30 seconds.
  Timeout! bruteForce at size 300, cohesion 50, iter 1 took longer than 30 seconds.
  Timeout! bruteForce at size 300, cohesion 50, iter 2 took longer than 30 seconds.
  Timeout! bruteForce at size 300, cohesion 50, iter 3 took longer than 30 seconds.
  Timeout! bruteForce at size 300, cohesion 50, iter 4 took longer than 30 seconds.
  Timeout! bruteForce at size 300, cohesion 50, iter 5 took longer than 30 seconds.
  Timeout! bruteForce at size 300, cohesion 50, iter 6 took longer than 30 seconds.
  Timeout! bruteForce at size 300, cohesion 50, iter 7 took longer than 30 seconds.
  Timeout! bruteForce at size 300, cohesion 50, iter 8 took longer than 30 seconds.
  Timeout! bruteForce at size 300, cohesion 50, iter 9 took longer than 30 seconds.
  First 10 runs timed out. Cancelling remaining iterations.
  Completed 100 iterations for size 300, cohesion 50.
  Timeout! bruteForce at size 300, cohesion 60, iter 0 took longer than 30 seconds.
  Timeout! bruteForce at size 300, cohesion 60, iter 1 took longer than 30 seconds.
  Timeout! bruteForce at size 300, cohesion 60, iter 2 took longer than 30 seconds.
  Timeout! bruteForce at size 300, cohesion 60, iter 3 took longer than 30 seconds.
  Timeout! bruteForce at size 300, cohesion 60, iter 4 took longer than 30 seconds.
  Timeout! bruteForce at size 300, cohesion 60, iter 5 took longer than 30 seconds.
  Timeout! bruteForce at size 300, cohesion 60, iter 6 took longer than 30 seconds.
  Timeout! bruteForce at size 300, cohesion 60, iter 7 took longer than 30 seconds.
  Timeout! bruteForce at size 300, cohesion 60, iter 8 took longer than 30 seconds.
  Timeout! bruteForce at size 300, cohesion 60, iter 9 took longer than 30 seconds.
  First 10 runs timed out. Cancelling remaining iterations.
  Completed 100 iterations for size 300, cohesion 60.
  Timeout! bruteForce at size 300, cohesion 70, iter 0 took longer than 30 seconds.
  Timeout! bruteForce at size 300, cohesion 70, iter 1 took longer than 30 seconds.
  Timeout! bruteForce at size 300, cohesion 70, iter 2 took longer than 30 seconds.
  Timeout! bruteForce at size 300, cohesion 70, iter 3 took longer than 30 seconds.
  Timeout! bruteForce at size 300, cohesion 70, iter 4 took longer than 30 seconds.
  Timeout! bruteForce at size 300, cohesion 70, iter 5 took longer than 30 seconds.
  Timeout! bruteForce at size 300, cohesion 70, iter 6 took longer than 30 seconds.
  Timeout! bruteForce at size 300, cohesion 70, iter 7 took longer than 30 seconds.
  Timeout! bruteForce at size 300, cohesion 70, iter 8 took longer than 30 seconds.
  Timeout! bruteForce at size 300, cohesion 70, iter 9 took longer than 30 seconds.
  First 10 runs timed out. Cancelling remaining iterations.
  Completed 100 iterations for size 300, cohesion 70.
  Timeout! bruteForce at size 300, cohesion 80, iter 0 took longer than 30 seconds.
  Timeout! bruteForce at size 300, cohesion 80, iter 1 took longer than 30 seconds.
  Timeout! bruteForce at size 300, cohesion 80, iter 2 took longer than 30 seconds.
  Timeout! bruteForce at size 300, cohesion 80, iter 3 took longer than 30 seconds.
  Timeout! bruteForce at size 300, cohesion 80, iter 4 took longer than 30 seconds.
  Timeout! bruteForce at size 300, cohesion 80, iter 5 took longer than 30 seconds.
  Timeout! bruteForce at size 300, cohesion 80, iter 6 took longer than 30 seconds.
  Timeout! bruteForce at size 300, cohesion 80, iter 7 took longer than 30 seconds.
  Timeout! bruteForce at size 300, cohesion 80, iter 8 took longer than 30 seconds.
  Timeout! bruteForce at size 300, cohesion 80, iter 9 took longer than 30 seconds.
  First 10 runs timed out. Cancelling remaining iterations.
  Completed 100 iterations for size 300, cohesion 80.
  Timeout! bruteForce at size 300, cohesion 90, iter 0 took longer than 30 seconds.
  Timeout! bruteForce at size 300, cohesion 90, iter 1 took longer than 30 seconds.
  Timeout! bruteForce at size 300, cohesion 90, iter 2 took longer than 30 seconds.
  Timeout! bruteForce at size 300, cohesion 90, iter 3 took longer than 30 seconds.
  Timeout! bruteForce at size 300, cohesion 90, iter 4 took longer than 30 seconds.
  Timeout! bruteForce at size 300, cohesion 90, iter 5 took longer than 30 seconds.
  Timeout! bruteForce at size 300, cohesion 90, iter 6 took longer than 30 seconds.
  Timeout! bruteForce at size 300, cohesion 90, iter 7 took longer than 30 seconds.
  Timeout! bruteForce at size 300, cohesion 90, iter 8 took longer than 30 seconds.
  Timeout! bruteForce at size 300, cohesion 90, iter 9 took longer than 30 seconds.
  First 10 runs timed out. Cancelling remaining iterations.
  Completed 100 iterations for size 300, cohesion 90.
  Timeout! bruteForce at size 300, cohesion 100, iter 0 took longer than 30 seconds.
  Timeout! bruteForce at size 300, cohesion 100, iter 1 took longer than 30 seconds.
  Timeout! bruteForce at size 300, cohesion 100, iter 2 took longer than 30 seconds.
  Timeout! bruteForce at size 300, cohesion 100, iter 3 took longer than 30 seconds.
  Timeout! bruteForce at size 300, cohesion 100, iter 4 took longer than 30 seconds.
  Timeout! bruteForce at size 300, cohesion 100, iter 5 took longer than 30 seconds.
  Timeout! bruteForce at size 300, cohesion 100, iter 6 took longer than 30 seconds.
  Timeout! bruteForce at size 300, cohesion 100, iter 7 took longer than 30 seconds.
  Timeout! bruteForce at size 300, cohesion 100, iter 8 took longer than 30 seconds.
  Timeout! bruteForce at size 300, cohesion 100, iter 9 took longer than 30 seconds.
  First 10 runs timed out. Cancelling remaining iterations.
  Completed 100 iterations for size 300, cohesion 100.

Results successfully written to comparison_results_bruteForce_260421_1945.json

================================================================================
AVERAGE ARRANGEMENT SCORES (People: 8)
================================================================================
Algorithm                      0     10     20     30     40     50     60     70     80     90    100
--------------------------------------------------------------------------------
bruteForce                439.7  439.7  439.7  439.7  439.7  439.7  439.7  439.7  439.7  439.7  439.7 

================================================================================
AVERAGE ARRANGEMENT SCORES (People: 30)
================================================================================
Algorithm                      0     10     20     30     40     50     60     70     80     90    100
--------------------------------------------------------------------------------
bruteForce                  DNF    DNF    DNF    DNF    DNF    DNF    DNF    DNF    DNF    DNF    DNF 

================================================================================
AVERAGE ARRANGEMENT SCORES (People: 100)
================================================================================
Algorithm                      0     10     20     30     40     50     60     70     80     90    100
--------------------------------------------------------------------------------
bruteForce                  DNF    DNF    DNF    DNF    DNF    DNF    DNF    DNF    DNF    DNF    DNF 

================================================================================
AVERAGE ARRANGEMENT SCORES (People: 300)
================================================================================
Algorithm                      0     10     20     30     40     50     60     70     80     90    100
--------------------------------------------------------------------------------
bruteForce                  DNF    DNF    DNF    DNF    DNF    DNF    DNF    DNF    DNF    DNF    DNF 

================================================================================
AVERAGE EXECUTION TIMES (seconds) (People: 8)
================================================================================
Algorithm                      0     10     20     30     40     50     60     70     80     90    100
--------------------------------------------------------------------------------
bruteForce               2.6829 2.7487 2.6907 2.6468 2.7825 2.6261 2.6718 2.6254 2.4868 2.4917 2.4682 

================================================================================
AVERAGE EXECUTION TIMES (seconds) (People: 30)
================================================================================
Algorithm                      0     10     20     30     40     50     60     70     80     90    100
--------------------------------------------------------------------------------
bruteForce                  DNF    DNF    DNF    DNF    DNF    DNF    DNF    DNF    DNF    DNF    DNF 

================================================================================
AVERAGE EXECUTION TIMES (seconds) (People: 100)
================================================================================
Algorithm                      0     10     20     30     40     50     60     70     80     90    100
--------------------------------------------------------------------------------
bruteForce                  DNF    DNF    DNF    DNF    DNF    DNF    DNF    DNF    DNF    DNF    DNF 

================================================================================
AVERAGE EXECUTION TIMES (seconds) (People: 300)
================================================================================
Algorithm                      0     10     20     30     40     50     60     70     80     90    100
--------------------------------------------------------------------------------
bruteForce                  DNF    DNF    DNF    DNF    DNF    DNF    DNF    DNF    DNF    DNF    DNF 

================================================================================

Results successfully written to comparison_results_bruteForce_260421_1945.json
