Task 11 running algorithm: tabuSearchFromGrouped
cn18.hpc.itu.dk
nsio
/home/nsio/bachelorProject/hpc-jobs
Running iterations for algorithm: tabuSearchFromGrouped
  Completed 100 iterations for size 8, cohesion 0.
  Completed 100 iterations for size 8, cohesion 10.
  Completed 100 iterations for size 8, cohesion 20.
  Completed 100 iterations for size 8, cohesion 30.
  Completed 100 iterations for size 8, cohesion 40.
  Completed 100 iterations for size 8, cohesion 50.
  Completed 100 iterations for size 8, cohesion 60.
  Completed 100 iterations for size 8, cohesion 70.
  Completed 100 iterations for size 8, cohesion 80.
  Completed 100 iterations for size 8, cohesion 90.
  Completed 100 iterations for size 8, cohesion 100.
  Completed 100 iterations for size 30, cohesion 0.
  Completed 100 iterations for size 30, cohesion 10.
  Completed 100 iterations for size 30, cohesion 20.
  Completed 100 iterations for size 30, cohesion 30.
  Completed 100 iterations for size 30, cohesion 40.
  Completed 100 iterations for size 30, cohesion 50.
  Completed 100 iterations for size 30, cohesion 60.
  Completed 100 iterations for size 30, cohesion 70.
  Completed 100 iterations for size 30, cohesion 80.
  Completed 100 iterations for size 30, cohesion 90.
  Completed 100 iterations for size 30, cohesion 100.
RPython traceback:
  File "pypy_module_pypyjit.c", line 1311, in jump_absolute__AccessDirect_None
  File "rpython_jit_metainterp.c", line 55045, in bound_reached__star_5_2
  File "rpython_jit_metainterp_1.c", line 35570, in compile_and_run_once___rpython_jit_metainterp_ji_13
  File "rpython_jit_metainterp.c", line 59433, in MetaInterp__compile_and_run_once
  File "rpython_jit_metainterp_2.c", line 14402, in MetaInterp_interpret
  File "rpython_jit_metainterp_3.c", line 44865, in MetaInterp__interpret
  File "rpython_jit_metainterp_4.c", line 47413, in MIFrame_run_one_step
  File "rpython_jit_metainterp_6.c", line 4962, in MIFrame_opimpl_jit_merge_point
  File "rpython_jit_metainterp_6.c", line 31708, in MetaInterp_reached_loop_header
  File "rpython_jit_metainterp_6.c", line 63093, in MetaInterp_compile_loop
  File "rpython_jit_metainterp_7.c", line 27032, in compile_loop
  File "rpython_jit_metainterp_7.c", line 39971, in send_loop_to_backend
  File "rpython_jit_backend_x86.c", line 1370, in Assembler386_assemble_loop
  File "rpython_jit_backend_x86.c", line 4725, in RegAlloc_prepare_loop
  File "rpython_jit_backend_x86.c", line 8619, in RegAlloc__prepare
  File "rpython_jit_backend_llsupport.c", line 20402, in compute_vars_longevity
  File "rpython_jit_backend_llsupport.c", line 42403, in LifetimeManager___setitem__
~~~ Crash in JIT! <SettingForwardedOnAbstractValue object at 0x7f64aa811a50>
  Error in tabuSearchFromGrouped at cohesion 0, iter 31: Process crashed or returned no output, exitcode: -6
  Completed 100 iterations for size 100, cohesion 0.
  Completed 100 iterations for size 100, cohesion 10.
  Completed 100 iterations for size 100, cohesion 20.
  Completed 100 iterations for size 100, cohesion 30.
RPython traceback:
  File "pypy_module_pypyjit.c", line 1311, in jump_absolute__AccessDirect_None
  File "rpython_jit_metainterp.c", line 55045, in bound_reached__star_5_2
  File "rpython_jit_metainterp_1.c", line 35570, in compile_and_run_once___rpython_jit_metainterp_ji_13
  File "rpython_jit_metainterp.c", line 59433, in MetaInterp__compile_and_run_once
  File "rpython_jit_metainterp_2.c", line 14402, in MetaInterp_interpret
  File "rpython_jit_metainterp_3.c", line 44865, in MetaInterp__interpret
  File "rpython_jit_metainterp_4.c", line 47413, in MIFrame_run_one_step
  File "rpython_jit_metainterp_6.c", line 4962, in MIFrame_opimpl_jit_merge_point
  File "rpython_jit_metainterp_6.c", line 31708, in MetaInterp_reached_loop_header
  File "rpython_jit_metainterp_6.c", line 63093, in MetaInterp_compile_loop
  File "rpython_jit_metainterp_7.c", line 27032, in compile_loop
  File "rpython_jit_metainterp_7.c", line 39971, in send_loop_to_backend
  File "rpython_jit_backend_x86.c", line 1370, in Assembler386_assemble_loop
  File "rpython_jit_backend_x86.c", line 4725, in RegAlloc_prepare_loop
  File "rpython_jit_backend_x86.c", line 8619, in RegAlloc__prepare
  File "rpython_jit_backend_llsupport.c", line 20402, in compute_vars_longevity
  File "rpython_jit_backend_llsupport.c", line 42403, in LifetimeManager___setitem__
~~~ Crash in JIT! <SettingForwardedOnAbstractValue object at 0x7f64aa811a50>
  Error in tabuSearchFromGrouped at cohesion 40, iter 20: Process crashed or returned no output, exitcode: -6
  Completed 100 iterations for size 100, cohesion 40.
  Completed 100 iterations for size 100, cohesion 50.
  Completed 100 iterations for size 100, cohesion 60.
  Completed 100 iterations for size 100, cohesion 70.
  Completed 100 iterations for size 100, cohesion 80.
  Completed 100 iterations for size 100, cohesion 90.
  Completed 100 iterations for size 100, cohesion 100.
  Timeout! tabuSearchFromGrouped at size 300, cohesion 0, iter 6 took longer than 30 seconds.
  Timeout! tabuSearchFromGrouped at size 300, cohesion 0, iter 43 took longer than 30 seconds.
  Timeout! tabuSearchFromGrouped at size 300, cohesion 0, iter 61 took longer than 30 seconds.
  Timeout! tabuSearchFromGrouped at size 300, cohesion 0, iter 81 took longer than 30 seconds.
  Timeout! tabuSearchFromGrouped at size 300, cohesion 0, iter 91 took longer than 30 seconds.
  Completed 100 iterations for size 300, cohesion 0.
  Timeout! tabuSearchFromGrouped at size 300, cohesion 10, iter 24 took longer than 30 seconds.
  Timeout! tabuSearchFromGrouped at size 300, cohesion 10, iter 27 took longer than 30 seconds.
  Timeout! tabuSearchFromGrouped at size 300, cohesion 10, iter 30 took longer than 30 seconds.
  Timeout! tabuSearchFromGrouped at size 300, cohesion 10, iter 36 took longer than 30 seconds.
  Timeout! tabuSearchFromGrouped at size 300, cohesion 10, iter 41 took longer than 30 seconds.
  Timeout! tabuSearchFromGrouped at size 300, cohesion 10, iter 68 took longer than 30 seconds.
  Timeout! tabuSearchFromGrouped at size 300, cohesion 10, iter 91 took longer than 30 seconds.
  Timeout! tabuSearchFromGrouped at size 300, cohesion 10, iter 99 took longer than 30 seconds.
  Completed 100 iterations for size 300, cohesion 10.
  Timeout! tabuSearchFromGrouped at size 300, cohesion 20, iter 39 took longer than 30 seconds.
  Timeout! tabuSearchFromGrouped at size 300, cohesion 20, iter 75 took longer than 30 seconds.
  Timeout! tabuSearchFromGrouped at size 300, cohesion 20, iter 79 took longer than 30 seconds.
  Timeout! tabuSearchFromGrouped at size 300, cohesion 20, iter 87 took longer than 30 seconds.
  Completed 100 iterations for size 300, cohesion 20.
  Timeout! tabuSearchFromGrouped at size 300, cohesion 30, iter 8 took longer than 30 seconds.
  Timeout! tabuSearchFromGrouped at size 300, cohesion 30, iter 30 took longer than 30 seconds.
  Timeout! tabuSearchFromGrouped at size 300, cohesion 30, iter 62 took longer than 30 seconds.
  Timeout! tabuSearchFromGrouped at size 300, cohesion 30, iter 90 took longer than 30 seconds.
  Timeout! tabuSearchFromGrouped at size 300, cohesion 30, iter 99 took longer than 30 seconds.
  Completed 100 iterations for size 300, cohesion 30.
  Timeout! tabuSearchFromGrouped at size 300, cohesion 40, iter 28 took longer than 30 seconds.
  Timeout! tabuSearchFromGrouped at size 300, cohesion 40, iter 36 took longer than 30 seconds.
  Timeout! tabuSearchFromGrouped at size 300, cohesion 40, iter 69 took longer than 30 seconds.
  Completed 100 iterations for size 300, cohesion 40.
  Timeout! tabuSearchFromGrouped at size 300, cohesion 50, iter 64 took longer than 30 seconds.
  Completed 100 iterations for size 300, cohesion 50.
  Timeout! tabuSearchFromGrouped at size 300, cohesion 60, iter 91 took longer than 30 seconds.
  Completed 100 iterations for size 300, cohesion 60.
  Completed 100 iterations for size 300, cohesion 70.
RPython traceback:
  File "pypy_module_pypyjit.c", line 1311, in jump_absolute__AccessDirect_None
  File "rpython_jit_metainterp.c", line 55045, in bound_reached__star_5_2
  File "rpython_jit_metainterp_1.c", line 35570, in compile_and_run_once___rpython_jit_metainterp_ji_13
  File "rpython_jit_metainterp.c", line 59433, in MetaInterp__compile_and_run_once
  File "rpython_jit_metainterp_2.c", line 14402, in MetaInterp_interpret
  File "rpython_jit_metainterp_3.c", line 44865, in MetaInterp__interpret
  File "rpython_jit_metainterp_4.c", line 47413, in MIFrame_run_one_step
  File "rpython_jit_metainterp_6.c", line 4962, in MIFrame_opimpl_jit_merge_point
  File "rpython_jit_metainterp_6.c", line 31708, in MetaInterp_reached_loop_header
  File "rpython_jit_metainterp_6.c", line 63093, in MetaInterp_compile_loop
  File "rpython_jit_metainterp_7.c", line 27032, in compile_loop
  File "rpython_jit_metainterp_7.c", line 39971, in send_loop_to_backend
  File "rpython_jit_backend_x86.c", line 1370, in Assembler386_assemble_loop
  File "rpython_jit_backend_x86.c", line 4725, in RegAlloc_prepare_loop
  File "rpython_jit_backend_x86.c", line 8619, in RegAlloc__prepare
  File "rpython_jit_backend_llsupport.c", line 20402, in compute_vars_longevity
  File "rpython_jit_backend_llsupport.c", line 42403, in LifetimeManager___setitem__
~~~ Crash in JIT! <SettingForwardedOnAbstractValue object at 0x7f64aa811a50>
  Error in tabuSearchFromGrouped at cohesion 80, iter 30: Process crashed or returned no output, exitcode: -6
  Timeout! tabuSearchFromGrouped at size 300, cohesion 80, iter 41 took longer than 30 seconds.
  Timeout! tabuSearchFromGrouped at size 300, cohesion 80, iter 75 took longer than 30 seconds.
RPython traceback:
  File "pypy_module_pypyjit.c", line 1311, in jump_absolute__AccessDirect_None
  File "rpython_jit_metainterp.c", line 55045, in bound_reached__star_5_2
  File "rpython_jit_metainterp_1.c", line 35570, in compile_and_run_once___rpython_jit_metainterp_ji_13
  File "rpython_jit_metainterp.c", line 59433, in MetaInterp__compile_and_run_once
  File "rpython_jit_metainterp_2.c", line 14402, in MetaInterp_interpret
  File "rpython_jit_metainterp_3.c", line 44865, in MetaInterp__interpret
  File "rpython_jit_metainterp_4.c", line 47413, in MIFrame_run_one_step
  File "rpython_jit_metainterp_6.c", line 4962, in MIFrame_opimpl_jit_merge_point
  File "rpython_jit_metainterp_6.c", line 31708, in MetaInterp_reached_loop_header
  File "rpython_jit_metainterp_6.c", line 63093, in MetaInterp_compile_loop
  File "rpython_jit_metainterp_7.c", line 27032, in compile_loop
  File "rpython_jit_metainterp_7.c", line 39971, in send_loop_to_backend
  File "rpython_jit_backend_x86.c", line 1370, in Assembler386_assemble_loop
  File "rpython_jit_backend_x86.c", line 4725, in RegAlloc_prepare_loop
  File "rpython_jit_backend_x86.c", line 8619, in RegAlloc__prepare
  File "rpython_jit_backend_llsupport.c", line 20402, in compute_vars_longevity
  File "rpython_jit_backend_llsupport.c", line 42403, in LifetimeManager___setitem__
~~~ Crash in JIT! <SettingForwardedOnAbstractValue object at 0x7f64aa811a50>
  Error in tabuSearchFromGrouped at cohesion 80, iter 95: Process crashed or returned no output, exitcode: -6
  Completed 100 iterations for size 300, cohesion 80.
  Timeout! tabuSearchFromGrouped at size 300, cohesion 90, iter 12 took longer than 30 seconds.
  Timeout! tabuSearchFromGrouped at size 300, cohesion 90, iter 24 took longer than 30 seconds.
  Completed 100 iterations for size 300, cohesion 90.
  Completed 100 iterations for size 300, cohesion 100.

Results successfully written to comparison_results_tabuSearchFromGrouped_260422_0153.json

================================================================================
AVERAGE ARRANGEMENT SCORES (People: 8)
================================================================================
Algorithm                      0     10     20     30     40     50     60     70     80     90    100
--------------------------------------------------------------------------------
tabuSearchFromGrouped      439.6  439.6  439.6  439.6  439.6  439.6  439.6  439.6  439.6  439.6  439.6 

================================================================================
AVERAGE ARRANGEMENT SCORES (People: 30)
================================================================================
Algorithm                      0     10     20     30     40     50     60     70     80     90    100
--------------------------------------------------------------------------------
tabuSearchFromGrouped     1343.0 1363.9 1412.9 1460.2 1504.2 1552.9 1580.0 1594.6 1600.1 1605.4 1604.2 

================================================================================
AVERAGE ARRANGEMENT SCORES (People: 100)
================================================================================
Algorithm                      0     10     20     30     40     50     60     70     80     90    100
--------------------------------------------------------------------------------
tabuSearchFromGrouped     4172.0 4422.4 4595.8 4750.7 4931.0 5060.8 5149.3 5192.7 5219.3 5223.8 5223.6 

================================================================================
AVERAGE ARRANGEMENT SCORES (People: 300)
================================================================================
Algorithm                      0     10     20     30     40     50     60     70     80     90    100
--------------------------------------------------------------------------------
tabuSearchFromGrouped     11961.9 12799.7 13360.5 13828.4 14296.0 14703.3 14976.1 15131.6 15153.5 15175.7 15182.1 

================================================================================
AVERAGE EXECUTION TIMES (seconds) (People: 8)
================================================================================
Algorithm                      0     10     20     30     40     50     60     70     80     90    100
--------------------------------------------------------------------------------
tabuSearchFromGrouped     0.1358 0.1315 0.1317 0.1306 0.1337 0.1338 0.1342 0.1333 0.1295 0.1274 0.1256 

================================================================================
AVERAGE EXECUTION TIMES (seconds) (People: 30)
================================================================================
Algorithm                      0     10     20     30     40     50     60     70     80     90    100
--------------------------------------------------------------------------------
tabuSearchFromGrouped     3.8445 3.5657 3.6371 3.2247 3.5529 3.3914 3.2070 3.1894 3.0862 3.0746 3.1515 

================================================================================
AVERAGE EXECUTION TIMES (seconds) (People: 100)
================================================================================
Algorithm                      0     10     20     30     40     50     60     70     80     90    100
--------------------------------------------------------------------------------
tabuSearchFromGrouped     10.0069 9.6827 9.7986 9.6878 9.4772 9.3563 8.5496 8.5687 8.6305 8.5654 8.1610 

================================================================================
AVERAGE EXECUTION TIMES (seconds) (People: 300)
================================================================================
Algorithm                      0     10     20     30     40     50     60     70     80     90    100
--------------------------------------------------------------------------------
tabuSearchFromGrouped     21.1783 19.8537 19.3398 19.4887 19.5389 18.9144 17.5739 17.4427 17.6517 17.1471 17.4080 

================================================================================

Results successfully written to comparison_results_tabuSearchFromGrouped_260422_0153.json
