Task 6 running algorithm: linearSwitchFromGroupedProtected
cn15.hpc.itu.dk
nsio
/home/nsio/bachelorProject/hpc-jobs
Running iterations for algorithm: linearSwitchFromGroupedProtected
  Completed 100 iterations for size 8, cohesion 0.
  Completed 100 iterations for size 8, cohesion 10.
  Completed 100 iterations for size 8, cohesion 20.
  Completed 100 iterations for size 8, cohesion 30.
  Completed 100 iterations for size 8, cohesion 40.
  Completed 100 iterations for size 8, cohesion 50.
  Completed 100 iterations for size 8, cohesion 60.
  Completed 100 iterations for size 8, cohesion 70.
  Completed 100 iterations for size 8, cohesion 80.
  Completed 100 iterations for size 8, cohesion 90.
  Completed 100 iterations for size 8, cohesion 100.
  Completed 100 iterations for size 30, cohesion 0.
  Completed 100 iterations for size 30, cohesion 10.
  Completed 100 iterations for size 30, cohesion 20.
  Completed 100 iterations for size 30, cohesion 30.
  Completed 100 iterations for size 30, cohesion 40.
  Completed 100 iterations for size 30, cohesion 50.
  Completed 100 iterations for size 30, cohesion 60.
  Completed 100 iterations for size 30, cohesion 70.
  Completed 100 iterations for size 30, cohesion 80.
  Completed 100 iterations for size 30, cohesion 90.
  Completed 100 iterations for size 30, cohesion 100.
  Timeout! linearSwitchFromGroupedProtected at size 100, cohesion 0, iter 2 took longer than 30 seconds.
  Timeout! linearSwitchFromGroupedProtected at size 100, cohesion 0, iter 9 took longer than 30 seconds.
  Timeout! linearSwitchFromGroupedProtected at size 100, cohesion 0, iter 11 took longer than 30 seconds.
  Timeout! linearSwitchFromGroupedProtected at size 100, cohesion 0, iter 17 took longer than 30 seconds.
  Timeout! linearSwitchFromGroupedProtected at size 100, cohesion 0, iter 23 took longer than 30 seconds.
  Timeout! linearSwitchFromGroupedProtected at size 100, cohesion 0, iter 26 took longer than 30 seconds.
  Timeout! linearSwitchFromGroupedProtected at size 100, cohesion 0, iter 27 took longer than 30 seconds.
  Timeout! linearSwitchFromGroupedProtected at size 100, cohesion 0, iter 29 took longer than 30 seconds.
RPython traceback:
  File "pypy_module_pypyjit.c", line 1311, in jump_absolute__AccessDirect_None
  File "rpython_jit_metainterp.c", line 55045, in bound_reached__star_5_2
  File "rpython_jit_metainterp_1.c", line 35570, in compile_and_run_once___rpython_jit_metainterp_ji_13
  File "rpython_jit_metainterp.c", line 59433, in MetaInterp__compile_and_run_once
  File "rpython_jit_metainterp_2.c", line 14402, in MetaInterp_interpret
  File "rpython_jit_metainterp_3.c", line 44865, in MetaInterp__interpret
  File "rpython_jit_metainterp_4.c", line 47413, in MIFrame_run_one_step
  File "rpython_jit_metainterp_6.c", line 4962, in MIFrame_opimpl_jit_merge_point
  File "rpython_jit_metainterp_6.c", line 31708, in MetaInterp_reached_loop_header
  File "rpython_jit_metainterp_6.c", line 63093, in MetaInterp_compile_loop
  File "rpython_jit_metainterp_7.c", line 27032, in compile_loop
  File "rpython_jit_metainterp_7.c", line 39971, in send_loop_to_backend
  File "rpython_jit_backend_x86.c", line 1370, in Assembler386_assemble_loop
  File "rpython_jit_backend_x86.c", line 4725, in RegAlloc_prepare_loop
  File "rpython_jit_backend_x86.c", line 8619, in RegAlloc__prepare
  File "rpython_jit_backend_llsupport.c", line 20402, in compute_vars_longevity
  File "rpython_jit_backend_llsupport.c", line 42403, in LifetimeManager___setitem__
~~~ Crash in JIT! <SettingForwardedOnAbstractValue object at 0x7fde81945a50>
  Error in linearSwitchFromGroupedProtected at cohesion 0, iter 31: Process crashed or returned no output, exitcode: -6
  Timeout! linearSwitchFromGroupedProtected at size 100, cohesion 0, iter 32 took longer than 30 seconds.
  Timeout! linearSwitchFromGroupedProtected at size 100, cohesion 0, iter 33 took longer than 30 seconds.
  Timeout! linearSwitchFromGroupedProtected at size 100, cohesion 0, iter 36 took longer than 30 seconds.
  Timeout! linearSwitchFromGroupedProtected at size 100, cohesion 0, iter 37 took longer than 30 seconds.
  Timeout! linearSwitchFromGroupedProtected at size 100, cohesion 0, iter 46 took longer than 30 seconds.
  Timeout! linearSwitchFromGroupedProtected at size 100, cohesion 0, iter 48 took longer than 30 seconds.
  Timeout! linearSwitchFromGroupedProtected at size 100, cohesion 0, iter 49 took longer than 30 seconds.
  Timeout! linearSwitchFromGroupedProtected at size 100, cohesion 0, iter 54 took longer than 30 seconds.
  Timeout! linearSwitchFromGroupedProtected at size 100, cohesion 0, iter 56 took longer than 30 seconds.
  Timeout! linearSwitchFromGroupedProtected at size 100, cohesion 0, iter 59 took longer than 30 seconds.
  Timeout! linearSwitchFromGroupedProtected at size 100, cohesion 0, iter 64 took longer than 30 seconds.
  Timeout! linearSwitchFromGroupedProtected at size 100, cohesion 0, iter 66 took longer than 30 seconds.
  Timeout! linearSwitchFromGroupedProtected at size 100, cohesion 0, iter 69 took longer than 30 seconds.
  Timeout! linearSwitchFromGroupedProtected at size 100, cohesion 0, iter 78 took longer than 30 seconds.
  Timeout! linearSwitchFromGroupedProtected at size 100, cohesion 0, iter 82 took longer than 30 seconds.
  Timeout! linearSwitchFromGroupedProtected at size 100, cohesion 0, iter 84 took longer than 30 seconds.
  Timeout! linearSwitchFromGroupedProtected at size 100, cohesion 0, iter 85 took longer than 30 seconds.
  Timeout! linearSwitchFromGroupedProtected at size 100, cohesion 0, iter 90 took longer than 30 seconds.
  Timeout! linearSwitchFromGroupedProtected at size 100, cohesion 0, iter 96 took longer than 30 seconds.
  Completed 100 iterations for size 100, cohesion 0.
  Timeout! linearSwitchFromGroupedProtected at size 100, cohesion 10, iter 14 took longer than 30 seconds.
  Timeout! linearSwitchFromGroupedProtected at size 100, cohesion 10, iter 21 took longer than 30 seconds.
  Timeout! linearSwitchFromGroupedProtected at size 100, cohesion 10, iter 26 took longer than 30 seconds.
  Timeout! linearSwitchFromGroupedProtected at size 100, cohesion 10, iter 31 took longer than 30 seconds.
  Timeout! linearSwitchFromGroupedProtected at size 100, cohesion 10, iter 32 took longer than 30 seconds.
  Timeout! linearSwitchFromGroupedProtected at size 100, cohesion 10, iter 36 took longer than 30 seconds.
  Timeout! linearSwitchFromGroupedProtected at size 100, cohesion 10, iter 38 took longer than 30 seconds.
  Timeout! linearSwitchFromGroupedProtected at size 100, cohesion 10, iter 56 took longer than 30 seconds.
  Timeout! linearSwitchFromGroupedProtected at size 100, cohesion 10, iter 66 took longer than 30 seconds.
  Timeout! linearSwitchFromGroupedProtected at size 100, cohesion 10, iter 71 took longer than 30 seconds.
  Timeout! linearSwitchFromGroupedProtected at size 100, cohesion 10, iter 72 took longer than 30 seconds.
  Timeout! linearSwitchFromGroupedProtected at size 100, cohesion 10, iter 74 took longer than 30 seconds.
  Timeout! linearSwitchFromGroupedProtected at size 100, cohesion 10, iter 76 took longer than 30 seconds.
  Timeout! linearSwitchFromGroupedProtected at size 100, cohesion 10, iter 77 took longer than 30 seconds.
  Timeout! linearSwitchFromGroupedProtected at size 100, cohesion 10, iter 80 took longer than 30 seconds.
  Timeout! linearSwitchFromGroupedProtected at size 100, cohesion 10, iter 92 took longer than 30 seconds.
  Completed 100 iterations for size 100, cohesion 10.
  Timeout! linearSwitchFromGroupedProtected at size 100, cohesion 20, iter 4 took longer than 30 seconds.
  Timeout! linearSwitchFromGroupedProtected at size 100, cohesion 20, iter 12 took longer than 30 seconds.
  Timeout! linearSwitchFromGroupedProtected at size 100, cohesion 20, iter 15 took longer than 30 seconds.
  Timeout! linearSwitchFromGroupedProtected at size 100, cohesion 20, iter 17 took longer than 30 seconds.
  Timeout! linearSwitchFromGroupedProtected at size 100, cohesion 20, iter 23 took longer than 30 seconds.
  Timeout! linearSwitchFromGroupedProtected at size 100, cohesion 20, iter 29 took longer than 30 seconds.
  Timeout! linearSwitchFromGroupedProtected at size 100, cohesion 20, iter 45 took longer than 30 seconds.
  Timeout! linearSwitchFromGroupedProtected at size 100, cohesion 20, iter 59 took longer than 30 seconds.
  Timeout! linearSwitchFromGroupedProtected at size 100, cohesion 20, iter 60 took longer than 30 seconds.
  Timeout! linearSwitchFromGroupedProtected at size 100, cohesion 20, iter 68 took longer than 30 seconds.
  Timeout! linearSwitchFromGroupedProtected at size 100, cohesion 20, iter 71 took longer than 30 seconds.
  Timeout! linearSwitchFromGroupedProtected at size 100, cohesion 20, iter 89 took longer than 30 seconds.
  Timeout! linearSwitchFromGroupedProtected at size 100, cohesion 20, iter 94 took longer than 30 seconds.
  Completed 100 iterations for size 100, cohesion 20.
  Timeout! linearSwitchFromGroupedProtected at size 100, cohesion 30, iter 15 took longer than 30 seconds.
  Timeout! linearSwitchFromGroupedProtected at size 100, cohesion 30, iter 22 took longer than 30 seconds.
  Timeout! linearSwitchFromGroupedProtected at size 100, cohesion 30, iter 44 took longer than 30 seconds.
  Timeout! linearSwitchFromGroupedProtected at size 100, cohesion 30, iter 56 took longer than 30 seconds.
  Timeout! linearSwitchFromGroupedProtected at size 100, cohesion 30, iter 81 took longer than 30 seconds.
  Completed 100 iterations for size 100, cohesion 30.
RPython traceback:
  File "pypy_module_pypyjit.c", line 1311, in jump_absolute__AccessDirect_None
  File "rpython_jit_metainterp.c", line 55045, in bound_reached__star_5_2
  File "rpython_jit_metainterp_1.c", line 35570, in compile_and_run_once___rpython_jit_metainterp_ji_13
  File "rpython_jit_metainterp.c", line 59433, in MetaInterp__compile_and_run_once
  File "rpython_jit_metainterp_2.c", line 14402, in MetaInterp_interpret
  File "rpython_jit_metainterp_3.c", line 44865, in MetaInterp__interpret
  File "rpython_jit_metainterp_4.c", line 47413, in MIFrame_run_one_step
  File "rpython_jit_metainterp_6.c", line 4962, in MIFrame_opimpl_jit_merge_point
  File "rpython_jit_metainterp_6.c", line 31708, in MetaInterp_reached_loop_header
  File "rpython_jit_metainterp_6.c", line 63093, in MetaInterp_compile_loop
  File "rpython_jit_metainterp_7.c", line 27032, in compile_loop
  File "rpython_jit_metainterp_7.c", line 39971, in send_loop_to_backend
  File "rpython_jit_backend_x86.c", line 1370, in Assembler386_assemble_loop
  File "rpython_jit_backend_x86.c", line 4725, in RegAlloc_prepare_loop
  File "rpython_jit_backend_x86.c", line 8619, in RegAlloc__prepare
  File "rpython_jit_backend_llsupport.c", line 20402, in compute_vars_longevity
  File "rpython_jit_backend_llsupport.c", line 42403, in LifetimeManager___setitem__
~~~ Crash in JIT! <SettingForwardedOnAbstractValue object at 0x7fde81945a50>
  Error in linearSwitchFromGroupedProtected at cohesion 40, iter 20: Process crashed or returned no output, exitcode: -6
  Timeout! linearSwitchFromGroupedProtected at size 100, cohesion 40, iter 56 took longer than 30 seconds.
  Timeout! linearSwitchFromGroupedProtected at size 100, cohesion 40, iter 76 took longer than 30 seconds.
  Completed 100 iterations for size 100, cohesion 40.
  Timeout! linearSwitchFromGroupedProtected at size 100, cohesion 50, iter 95 took longer than 30 seconds.
  Completed 100 iterations for size 100, cohesion 50.
  Completed 100 iterations for size 100, cohesion 60.
  Completed 100 iterations for size 100, cohesion 70.
  Completed 100 iterations for size 100, cohesion 80.
  Completed 100 iterations for size 100, cohesion 90.
  Completed 100 iterations for size 100, cohesion 100.
  Timeout! linearSwitchFromGroupedProtected at size 300, cohesion 0, iter 0 took longer than 30 seconds.
  Timeout! linearSwitchFromGroupedProtected at size 300, cohesion 0, iter 1 took longer than 30 seconds.
  Timeout! linearSwitchFromGroupedProtected at size 300, cohesion 0, iter 2 took longer than 30 seconds.
  Timeout! linearSwitchFromGroupedProtected at size 300, cohesion 0, iter 3 took longer than 30 seconds.
  Timeout! linearSwitchFromGroupedProtected at size 300, cohesion 0, iter 4 took longer than 30 seconds.
  Timeout! linearSwitchFromGroupedProtected at size 300, cohesion 0, iter 5 took longer than 30 seconds.
  Timeout! linearSwitchFromGroupedProtected at size 300, cohesion 0, iter 6 took longer than 30 seconds.
  Timeout! linearSwitchFromGroupedProtected at size 300, cohesion 0, iter 7 took longer than 30 seconds.
  Timeout! linearSwitchFromGroupedProtected at size 300, cohesion 0, iter 8 took longer than 30 seconds.
  Timeout! linearSwitchFromGroupedProtected at size 300, cohesion 0, iter 9 took longer than 30 seconds.
  First 10 runs timed out. Cancelling remaining iterations.
  Completed 100 iterations for size 300, cohesion 0.
  Timeout! linearSwitchFromGroupedProtected at size 300, cohesion 10, iter 0 took longer than 30 seconds.
  Timeout! linearSwitchFromGroupedProtected at size 300, cohesion 10, iter 1 took longer than 30 seconds.
  Timeout! linearSwitchFromGroupedProtected at size 300, cohesion 10, iter 2 took longer than 30 seconds.
  Timeout! linearSwitchFromGroupedProtected at size 300, cohesion 10, iter 3 took longer than 30 seconds.
  Timeout! linearSwitchFromGroupedProtected at size 300, cohesion 10, iter 4 took longer than 30 seconds.
  Timeout! linearSwitchFromGroupedProtected at size 300, cohesion 10, iter 5 took longer than 30 seconds.
  Timeout! linearSwitchFromGroupedProtected at size 300, cohesion 10, iter 6 took longer than 30 seconds.
  Timeout! linearSwitchFromGroupedProtected at size 300, cohesion 10, iter 7 took longer than 30 seconds.
  Timeout! linearSwitchFromGroupedProtected at size 300, cohesion 10, iter 8 took longer than 30 seconds.
  Timeout! linearSwitchFromGroupedProtected at size 300, cohesion 10, iter 9 took longer than 30 seconds.
  First 10 runs timed out. Cancelling remaining iterations.
  Completed 100 iterations for size 300, cohesion 10.
  Timeout! linearSwitchFromGroupedProtected at size 300, cohesion 20, iter 0 took longer than 30 seconds.
  Timeout! linearSwitchFromGroupedProtected at size 300, cohesion 20, iter 1 took longer than 30 seconds.
  Timeout! linearSwitchFromGroupedProtected at size 300, cohesion 20, iter 2 took longer than 30 seconds.
  Timeout! linearSwitchFromGroupedProtected at size 300, cohesion 20, iter 3 took longer than 30 seconds.
  Timeout! linearSwitchFromGroupedProtected at size 300, cohesion 20, iter 4 took longer than 30 seconds.
  Timeout! linearSwitchFromGroupedProtected at size 300, cohesion 20, iter 5 took longer than 30 seconds.
  Timeout! linearSwitchFromGroupedProtected at size 300, cohesion 20, iter 6 took longer than 30 seconds.
  Timeout! linearSwitchFromGroupedProtected at size 300, cohesion 20, iter 7 took longer than 30 seconds.
  Timeout! linearSwitchFromGroupedProtected at size 300, cohesion 20, iter 8 took longer than 30 seconds.
  Timeout! linearSwitchFromGroupedProtected at size 300, cohesion 20, iter 9 took longer than 30 seconds.
  First 10 runs timed out. Cancelling remaining iterations.
  Completed 100 iterations for size 300, cohesion 20.
  Timeout! linearSwitchFromGroupedProtected at size 300, cohesion 30, iter 0 took longer than 30 seconds.
  Timeout! linearSwitchFromGroupedProtected at size 300, cohesion 30, iter 1 took longer than 30 seconds.
  Timeout! linearSwitchFromGroupedProtected at size 300, cohesion 30, iter 2 took longer than 30 seconds.
  Timeout! linearSwitchFromGroupedProtected at size 300, cohesion 30, iter 3 took longer than 30 seconds.
  Timeout! linearSwitchFromGroupedProtected at size 300, cohesion 30, iter 4 took longer than 30 seconds.
  Timeout! linearSwitchFromGroupedProtected at size 300, cohesion 30, iter 5 took longer than 30 seconds.
  Timeout! linearSwitchFromGroupedProtected at size 300, cohesion 30, iter 6 took longer than 30 seconds.
  Timeout! linearSwitchFromGroupedProtected at size 300, cohesion 30, iter 7 took longer than 30 seconds.
  Timeout! linearSwitchFromGroupedProtected at size 300, cohesion 30, iter 8 took longer than 30 seconds.
  Timeout! linearSwitchFromGroupedProtected at size 300, cohesion 30, iter 9 took longer than 30 seconds.
  First 10 runs timed out. Cancelling remaining iterations.
  Completed 100 iterations for size 300, cohesion 30.
  Timeout! linearSwitchFromGroupedProtected at size 300, cohesion 40, iter 0 took longer than 30 seconds.
  Timeout! linearSwitchFromGroupedProtected at size 300, cohesion 40, iter 1 took longer than 30 seconds.
  Timeout! linearSwitchFromGroupedProtected at size 300, cohesion 40, iter 2 took longer than 30 seconds.
  Timeout! linearSwitchFromGroupedProtected at size 300, cohesion 40, iter 3 took longer than 30 seconds.
  Timeout! linearSwitchFromGroupedProtected at size 300, cohesion 40, iter 4 took longer than 30 seconds.
  Timeout! linearSwitchFromGroupedProtected at size 300, cohesion 40, iter 5 took longer than 30 seconds.
  Timeout! linearSwitchFromGroupedProtected at size 300, cohesion 40, iter 6 took longer than 30 seconds.
  Timeout! linearSwitchFromGroupedProtected at size 300, cohesion 40, iter 7 took longer than 30 seconds.
  Timeout! linearSwitchFromGroupedProtected at size 300, cohesion 40, iter 8 took longer than 30 seconds.
  Timeout! linearSwitchFromGroupedProtected at size 300, cohesion 40, iter 9 took longer than 30 seconds.
  First 10 runs timed out. Cancelling remaining iterations.
  Completed 100 iterations for size 300, cohesion 40.
  Timeout! linearSwitchFromGroupedProtected at size 300, cohesion 50, iter 0 took longer than 30 seconds.
  Timeout! linearSwitchFromGroupedProtected at size 300, cohesion 50, iter 1 took longer than 30 seconds.
  Timeout! linearSwitchFromGroupedProtected at size 300, cohesion 50, iter 3 took longer than 30 seconds.
  Timeout! linearSwitchFromGroupedProtected at size 300, cohesion 50, iter 4 took longer than 30 seconds.
  Timeout! linearSwitchFromGroupedProtected at size 300, cohesion 50, iter 5 took longer than 30 seconds.
  Timeout! linearSwitchFromGroupedProtected at size 300, cohesion 50, iter 6 took longer than 30 seconds.
  Timeout! linearSwitchFromGroupedProtected at size 300, cohesion 50, iter 8 took longer than 30 seconds.
  Timeout! linearSwitchFromGroupedProtected at size 300, cohesion 50, iter 11 took longer than 30 seconds.
  Timeout! linearSwitchFromGroupedProtected at size 300, cohesion 50, iter 12 took longer than 30 seconds.
  Timeout! linearSwitchFromGroupedProtected at size 300, cohesion 50, iter 13 took longer than 30 seconds.
  Timeout! linearSwitchFromGroupedProtected at size 300, cohesion 50, iter 14 took longer than 30 seconds.
  Timeout! linearSwitchFromGroupedProtected at size 300, cohesion 50, iter 15 took longer than 30 seconds.
  Timeout! linearSwitchFromGroupedProtected at size 300, cohesion 50, iter 17 took longer than 30 seconds.
  Timeout! linearSwitchFromGroupedProtected at size 300, cohesion 50, iter 18 took longer than 30 seconds.
  Timeout! linearSwitchFromGroupedProtected at size 300, cohesion 50, iter 19 took longer than 30 seconds.
  Timeout! linearSwitchFromGroupedProtected at size 300, cohesion 50, iter 20 took longer than 30 seconds.
  Timeout! linearSwitchFromGroupedProtected at size 300, cohesion 50, iter 21 took longer than 30 seconds.
  Timeout! linearSwitchFromGroupedProtected at size 300, cohesion 50, iter 22 took longer than 30 seconds.
  Timeout! linearSwitchFromGroupedProtected at size 300, cohesion 50, iter 23 took longer than 30 seconds.
  Timeout! linearSwitchFromGroupedProtected at size 300, cohesion 50, iter 24 took longer than 30 seconds.
  Timeout! linearSwitchFromGroupedProtected at size 300, cohesion 50, iter 26 took longer than 30 seconds.
  Timeout! linearSwitchFromGroupedProtected at size 300, cohesion 50, iter 27 took longer than 30 seconds.
  Timeout! linearSwitchFromGroupedProtected at size 300, cohesion 50, iter 28 took longer than 30 seconds.
  Timeout! linearSwitchFromGroupedProtected at size 300, cohesion 50, iter 29 took longer than 30 seconds.
  Timeout! linearSwitchFromGroupedProtected at size 300, cohesion 50, iter 30 took longer than 30 seconds.
  Timeout! linearSwitchFromGroupedProtected at size 300, cohesion 50, iter 31 took longer than 30 seconds.
  Timeout! linearSwitchFromGroupedProtected at size 300, cohesion 50, iter 32 took longer than 30 seconds.
  Timeout! linearSwitchFromGroupedProtected at size 300, cohesion 50, iter 33 took longer than 30 seconds.
  Timeout! linearSwitchFromGroupedProtected at size 300, cohesion 50, iter 34 took longer than 30 seconds.
  Timeout! linearSwitchFromGroupedProtected at size 300, cohesion 50, iter 35 took longer than 30 seconds.
  Timeout! linearSwitchFromGroupedProtected at size 300, cohesion 50, iter 36 took longer than 30 seconds.
  Timeout! linearSwitchFromGroupedProtected at size 300, cohesion 50, iter 37 took longer than 30 seconds.
  Timeout! linearSwitchFromGroupedProtected at size 300, cohesion 50, iter 38 took longer than 30 seconds.
  Timeout! linearSwitchFromGroupedProtected at size 300, cohesion 50, iter 39 took longer than 30 seconds.
  Timeout! linearSwitchFromGroupedProtected at size 300, cohesion 50, iter 40 took longer than 30 seconds.
  Timeout! linearSwitchFromGroupedProtected at size 300, cohesion 50, iter 41 took longer than 30 seconds.
  Timeout! linearSwitchFromGroupedProtected at size 300, cohesion 50, iter 42 took longer than 30 seconds.
  Timeout! linearSwitchFromGroupedProtected at size 300, cohesion 50, iter 43 took longer than 30 seconds.
  Timeout! linearSwitchFromGroupedProtected at size 300, cohesion 50, iter 44 took longer than 30 seconds.
  Timeout! linearSwitchFromGroupedProtected at size 300, cohesion 50, iter 45 took longer than 30 seconds.
  Timeout! linearSwitchFromGroupedProtected at size 300, cohesion 50, iter 47 took longer than 30 seconds.
  Timeout! linearSwitchFromGroupedProtected at size 300, cohesion 50, iter 48 took longer than 30 seconds.
  Timeout! linearSwitchFromGroupedProtected at size 300, cohesion 50, iter 49 took longer than 30 seconds.
  Timeout! linearSwitchFromGroupedProtected at size 300, cohesion 50, iter 50 took longer than 30 seconds.
  Timeout! linearSwitchFromGroupedProtected at size 300, cohesion 50, iter 51 took longer than 30 seconds.
  Timeout! linearSwitchFromGroupedProtected at size 300, cohesion 50, iter 52 took longer than 30 seconds.
  Timeout! linearSwitchFromGroupedProtected at size 300, cohesion 50, iter 53 took longer than 30 seconds.
  Timeout! linearSwitchFromGroupedProtected at size 300, cohesion 50, iter 54 took longer than 30 seconds.
  Timeout! linearSwitchFromGroupedProtected at size 300, cohesion 50, iter 55 took longer than 30 seconds.
  Timeout! linearSwitchFromGroupedProtected at size 300, cohesion 50, iter 56 took longer than 30 seconds.
  Timeout! linearSwitchFromGroupedProtected at size 300, cohesion 50, iter 57 took longer than 30 seconds.
  Timeout! linearSwitchFromGroupedProtected at size 300, cohesion 50, iter 58 took longer than 30 seconds.
  Timeout! linearSwitchFromGroupedProtected at size 300, cohesion 50, iter 60 took longer than 30 seconds.
  Timeout! linearSwitchFromGroupedProtected at size 300, cohesion 50, iter 61 took longer than 30 seconds.
  Timeout! linearSwitchFromGroupedProtected at size 300, cohesion 50, iter 62 took longer than 30 seconds.
  Timeout! linearSwitchFromGroupedProtected at size 300, cohesion 50, iter 63 took longer than 30 seconds.
  Timeout! linearSwitchFromGroupedProtected at size 300, cohesion 50, iter 64 took longer than 30 seconds.
  Timeout! linearSwitchFromGroupedProtected at size 300, cohesion 50, iter 65 took longer than 30 seconds.
  Timeout! linearSwitchFromGroupedProtected at size 300, cohesion 50, iter 66 took longer than 30 seconds.
  Timeout! linearSwitchFromGroupedProtected at size 300, cohesion 50, iter 68 took longer than 30 seconds.
  Timeout! linearSwitchFromGroupedProtected at size 300, cohesion 50, iter 69 took longer than 30 seconds.
  Timeout! linearSwitchFromGroupedProtected at size 300, cohesion 50, iter 70 took longer than 30 seconds.
  Timeout! linearSwitchFromGroupedProtected at size 300, cohesion 50, iter 71 took longer than 30 seconds.
  Timeout! linearSwitchFromGroupedProtected at size 300, cohesion 50, iter 72 took longer than 30 seconds.
  Timeout! linearSwitchFromGroupedProtected at size 300, cohesion 50, iter 73 took longer than 30 seconds.
  Timeout! linearSwitchFromGroupedProtected at size 300, cohesion 50, iter 74 took longer than 30 seconds.
  Timeout! linearSwitchFromGroupedProtected at size 300, cohesion 50, iter 75 took longer than 30 seconds.
  Timeout! linearSwitchFromGroupedProtected at size 300, cohesion 50, iter 76 took longer than 30 seconds.
  Timeout! linearSwitchFromGroupedProtected at size 300, cohesion 50, iter 77 took longer than 30 seconds.
  Timeout! linearSwitchFromGroupedProtected at size 300, cohesion 50, iter 78 took longer than 30 seconds.
  Timeout! linearSwitchFromGroupedProtected at size 300, cohesion 50, iter 79 took longer than 30 seconds.
  Timeout! linearSwitchFromGroupedProtected at size 300, cohesion 50, iter 80 took longer than 30 seconds.
  Timeout! linearSwitchFromGroupedProtected at size 300, cohesion 50, iter 82 took longer than 30 seconds.
  Timeout! linearSwitchFromGroupedProtected at size 300, cohesion 50, iter 83 took longer than 30 seconds.
  Timeout! linearSwitchFromGroupedProtected at size 300, cohesion 50, iter 84 took longer than 30 seconds.
  Timeout! linearSwitchFromGroupedProtected at size 300, cohesion 50, iter 85 took longer than 30 seconds.
  Timeout! linearSwitchFromGroupedProtected at size 300, cohesion 50, iter 86 took longer than 30 seconds.
  Timeout! linearSwitchFromGroupedProtected at size 300, cohesion 50, iter 87 took longer than 30 seconds.
  Timeout! linearSwitchFromGroupedProtected at size 300, cohesion 50, iter 88 took longer than 30 seconds.
  Timeout! linearSwitchFromGroupedProtected at size 300, cohesion 50, iter 89 took longer than 30 seconds.
  Timeout! linearSwitchFromGroupedProtected at size 300, cohesion 50, iter 90 took longer than 30 seconds.
  Timeout! linearSwitchFromGroupedProtected at size 300, cohesion 50, iter 91 took longer than 30 seconds.
  Timeout! linearSwitchFromGroupedProtected at size 300, cohesion 50, iter 92 took longer than 30 seconds.
  Timeout! linearSwitchFromGroupedProtected at size 300, cohesion 50, iter 93 took longer than 30 seconds.
  Timeout! linearSwitchFromGroupedProtected at size 300, cohesion 50, iter 94 took longer than 30 seconds.
  Timeout! linearSwitchFromGroupedProtected at size 300, cohesion 50, iter 95 took longer than 30 seconds.
  Timeout! linearSwitchFromGroupedProtected at size 300, cohesion 50, iter 96 took longer than 30 seconds.
  Timeout! linearSwitchFromGroupedProtected at size 300, cohesion 50, iter 97 took longer than 30 seconds.
  Timeout! linearSwitchFromGroupedProtected at size 300, cohesion 50, iter 98 took longer than 30 seconds.
  Timeout! linearSwitchFromGroupedProtected at size 300, cohesion 50, iter 99 took longer than 30 seconds.
  Completed 100 iterations for size 300, cohesion 50.
  Timeout! linearSwitchFromGroupedProtected at size 300, cohesion 60, iter 3 took longer than 30 seconds.
  Timeout! linearSwitchFromGroupedProtected at size 300, cohesion 60, iter 4 took longer than 30 seconds.
  Timeout! linearSwitchFromGroupedProtected at size 300, cohesion 60, iter 6 took longer than 30 seconds.
  Timeout! linearSwitchFromGroupedProtected at size 300, cohesion 60, iter 7 took longer than 30 seconds.
  Timeout! linearSwitchFromGroupedProtected at size 300, cohesion 60, iter 10 took longer than 30 seconds.
  Timeout! linearSwitchFromGroupedProtected at size 300, cohesion 60, iter 11 took longer than 30 seconds.
  Timeout! linearSwitchFromGroupedProtected at size 300, cohesion 60, iter 12 took longer than 30 seconds.
  Timeout! linearSwitchFromGroupedProtected at size 300, cohesion 60, iter 19 took longer than 30 seconds.
  Timeout! linearSwitchFromGroupedProtected at size 300, cohesion 60, iter 20 took longer than 30 seconds.
  Timeout! linearSwitchFromGroupedProtected at size 300, cohesion 60, iter 21 took longer than 30 seconds.
  Timeout! linearSwitchFromGroupedProtected at size 300, cohesion 60, iter 25 took longer than 30 seconds.
  Timeout! linearSwitchFromGroupedProtected at size 300, cohesion 60, iter 26 took longer than 30 seconds.
  Timeout! linearSwitchFromGroupedProtected at size 300, cohesion 60, iter 27 took longer than 30 seconds.
  Timeout! linearSwitchFromGroupedProtected at size 300, cohesion 60, iter 28 took longer than 30 seconds.
  Timeout! linearSwitchFromGroupedProtected at size 300, cohesion 60, iter 29 took longer than 30 seconds.
  Timeout! linearSwitchFromGroupedProtected at size 300, cohesion 60, iter 30 took longer than 30 seconds.
  Timeout! linearSwitchFromGroupedProtected at size 300, cohesion 60, iter 34 took longer than 30 seconds.
  Timeout! linearSwitchFromGroupedProtected at size 300, cohesion 60, iter 35 took longer than 30 seconds.
  Timeout! linearSwitchFromGroupedProtected at size 300, cohesion 60, iter 36 took longer than 30 seconds.
  Timeout! linearSwitchFromGroupedProtected at size 300, cohesion 60, iter 37 took longer than 30 seconds.
  Timeout! linearSwitchFromGroupedProtected at size 300, cohesion 60, iter 38 took longer than 30 seconds.
  Timeout! linearSwitchFromGroupedProtected at size 300, cohesion 60, iter 40 took longer than 30 seconds.
  Timeout! linearSwitchFromGroupedProtected at size 300, cohesion 60, iter 42 took longer than 30 seconds.
  Timeout! linearSwitchFromGroupedProtected at size 300, cohesion 60, iter 45 took longer than 30 seconds.
  Timeout! linearSwitchFromGroupedProtected at size 300, cohesion 60, iter 47 took longer than 30 seconds.
  Timeout! linearSwitchFromGroupedProtected at size 300, cohesion 60, iter 48 took longer than 30 seconds.
  Timeout! linearSwitchFromGroupedProtected at size 300, cohesion 60, iter 49 took longer than 30 seconds.
  Timeout! linearSwitchFromGroupedProtected at size 300, cohesion 60, iter 50 took longer than 30 seconds.
  Timeout! linearSwitchFromGroupedProtected at size 300, cohesion 60, iter 52 took longer than 30 seconds.
  Timeout! linearSwitchFromGroupedProtected at size 300, cohesion 60, iter 53 took longer than 30 seconds.
  Timeout! linearSwitchFromGroupedProtected at size 300, cohesion 60, iter 54 took longer than 30 seconds.
  Timeout! linearSwitchFromGroupedProtected at size 300, cohesion 60, iter 57 took longer than 30 seconds.
  Timeout! linearSwitchFromGroupedProtected at size 300, cohesion 60, iter 60 took longer than 30 seconds.
  Timeout! linearSwitchFromGroupedProtected at size 300, cohesion 60, iter 61 took longer than 30 seconds.
  Timeout! linearSwitchFromGroupedProtected at size 300, cohesion 60, iter 62 took longer than 30 seconds.
  Timeout! linearSwitchFromGroupedProtected at size 300, cohesion 60, iter 63 took longer than 30 seconds.
  Timeout! linearSwitchFromGroupedProtected at size 300, cohesion 60, iter 64 took longer than 30 seconds.
  Timeout! linearSwitchFromGroupedProtected at size 300, cohesion 60, iter 65 took longer than 30 seconds.
  Timeout! linearSwitchFromGroupedProtected at size 300, cohesion 60, iter 66 took longer than 30 seconds.
  Timeout! linearSwitchFromGroupedProtected at size 300, cohesion 60, iter 67 took longer than 30 seconds.
  Timeout! linearSwitchFromGroupedProtected at size 300, cohesion 60, iter 68 took longer than 30 seconds.
  Timeout! linearSwitchFromGroupedProtected at size 300, cohesion 60, iter 71 took longer than 30 seconds.
  Timeout! linearSwitchFromGroupedProtected at size 300, cohesion 60, iter 72 took longer than 30 seconds.
  Timeout! linearSwitchFromGroupedProtected at size 300, cohesion 60, iter 73 took longer than 30 seconds.
  Timeout! linearSwitchFromGroupedProtected at size 300, cohesion 60, iter 74 took longer than 30 seconds.
  Timeout! linearSwitchFromGroupedProtected at size 300, cohesion 60, iter 75 took longer than 30 seconds.
  Timeout! linearSwitchFromGroupedProtected at size 300, cohesion 60, iter 76 took longer than 30 seconds.
  Timeout! linearSwitchFromGroupedProtected at size 300, cohesion 60, iter 78 took longer than 30 seconds.
  Timeout! linearSwitchFromGroupedProtected at size 300, cohesion 60, iter 79 took longer than 30 seconds.
  Timeout! linearSwitchFromGroupedProtected at size 300, cohesion 60, iter 80 took longer than 30 seconds.
  Timeout! linearSwitchFromGroupedProtected at size 300, cohesion 60, iter 82 took longer than 30 seconds.
  Timeout! linearSwitchFromGroupedProtected at size 300, cohesion 60, iter 83 took longer than 30 seconds.
  Timeout! linearSwitchFromGroupedProtected at size 300, cohesion 60, iter 84 took longer than 30 seconds.
  Timeout! linearSwitchFromGroupedProtected at size 300, cohesion 60, iter 85 took longer than 30 seconds.
  Timeout! linearSwitchFromGroupedProtected at size 300, cohesion 60, iter 86 took longer than 30 seconds.
  Timeout! linearSwitchFromGroupedProtected at size 300, cohesion 60, iter 87 took longer than 30 seconds.
  Timeout! linearSwitchFromGroupedProtected at size 300, cohesion 60, iter 88 took longer than 30 seconds.
  Timeout! linearSwitchFromGroupedProtected at size 300, cohesion 60, iter 90 took longer than 30 seconds.
  Timeout! linearSwitchFromGroupedProtected at size 300, cohesion 60, iter 93 took longer than 30 seconds.
  Timeout! linearSwitchFromGroupedProtected at size 300, cohesion 60, iter 94 took longer than 30 seconds.
  Timeout! linearSwitchFromGroupedProtected at size 300, cohesion 60, iter 97 took longer than 30 seconds.
  Timeout! linearSwitchFromGroupedProtected at size 300, cohesion 60, iter 98 took longer than 30 seconds.
  Timeout! linearSwitchFromGroupedProtected at size 300, cohesion 60, iter 99 took longer than 30 seconds.
  Completed 100 iterations for size 300, cohesion 60.
  Timeout! linearSwitchFromGroupedProtected at size 300, cohesion 70, iter 1 took longer than 30 seconds.
  Timeout! linearSwitchFromGroupedProtected at size 300, cohesion 70, iter 4 took longer than 30 seconds.
  Timeout! linearSwitchFromGroupedProtected at size 300, cohesion 70, iter 5 took longer than 30 seconds.
  Timeout! linearSwitchFromGroupedProtected at size 300, cohesion 70, iter 6 took longer than 30 seconds.
  Timeout! linearSwitchFromGroupedProtected at size 300, cohesion 70, iter 10 took longer than 30 seconds.
  Timeout! linearSwitchFromGroupedProtected at size 300, cohesion 70, iter 11 took longer than 30 seconds.
  Timeout! linearSwitchFromGroupedProtected at size 300, cohesion 70, iter 12 took longer than 30 seconds.
  Timeout! linearSwitchFromGroupedProtected at size 300, cohesion 70, iter 13 took longer than 30 seconds.
  Timeout! linearSwitchFromGroupedProtected at size 300, cohesion 70, iter 14 took longer than 30 seconds.
  Timeout! linearSwitchFromGroupedProtected at size 300, cohesion 70, iter 19 took longer than 30 seconds.
  Timeout! linearSwitchFromGroupedProtected at size 300, cohesion 70, iter 20 took longer than 30 seconds.
  Timeout! linearSwitchFromGroupedProtected at size 300, cohesion 70, iter 21 took longer than 30 seconds.
  Timeout! linearSwitchFromGroupedProtected at size 300, cohesion 70, iter 24 took longer than 30 seconds.
  Timeout! linearSwitchFromGroupedProtected at size 300, cohesion 70, iter 28 took longer than 30 seconds.
  Timeout! linearSwitchFromGroupedProtected at size 300, cohesion 70, iter 29 took longer than 30 seconds.
  Timeout! linearSwitchFromGroupedProtected at size 300, cohesion 70, iter 33 took longer than 30 seconds.
  Timeout! linearSwitchFromGroupedProtected at size 300, cohesion 70, iter 35 took longer than 30 seconds.
  Timeout! linearSwitchFromGroupedProtected at size 300, cohesion 70, iter 36 took longer than 30 seconds.
  Timeout! linearSwitchFromGroupedProtected at size 300, cohesion 70, iter 37 took longer than 30 seconds.
  Timeout! linearSwitchFromGroupedProtected at size 300, cohesion 70, iter 38 took longer than 30 seconds.
  Timeout! linearSwitchFromGroupedProtected at size 300, cohesion 70, iter 41 took longer than 30 seconds.
  Timeout! linearSwitchFromGroupedProtected at size 300, cohesion 70, iter 45 took longer than 30 seconds.
  Timeout! linearSwitchFromGroupedProtected at size 300, cohesion 70, iter 48 took longer than 30 seconds.
  Timeout! linearSwitchFromGroupedProtected at size 300, cohesion 70, iter 52 took longer than 30 seconds.
  Timeout! linearSwitchFromGroupedProtected at size 300, cohesion 70, iter 53 took longer than 30 seconds.
  Timeout! linearSwitchFromGroupedProtected at size 300, cohesion 70, iter 56 took longer than 30 seconds.
  Timeout! linearSwitchFromGroupedProtected at size 300, cohesion 70, iter 57 took longer than 30 seconds.
  Timeout! linearSwitchFromGroupedProtected at size 300, cohesion 70, iter 58 took longer than 30 seconds.
  Timeout! linearSwitchFromGroupedProtected at size 300, cohesion 70, iter 60 took longer than 30 seconds.
  Timeout! linearSwitchFromGroupedProtected at size 300, cohesion 70, iter 62 took longer than 30 seconds.
  Timeout! linearSwitchFromGroupedProtected at size 300, cohesion 70, iter 63 took longer than 30 seconds.
  Timeout! linearSwitchFromGroupedProtected at size 300, cohesion 70, iter 64 took longer than 30 seconds.
  Timeout! linearSwitchFromGroupedProtected at size 300, cohesion 70, iter 65 took longer than 30 seconds.
  Timeout! linearSwitchFromGroupedProtected at size 300, cohesion 70, iter 66 took longer than 30 seconds.
  Timeout! linearSwitchFromGroupedProtected at size 300, cohesion 70, iter 68 took longer than 30 seconds.
  Timeout! linearSwitchFromGroupedProtected at size 300, cohesion 70, iter 69 took longer than 30 seconds.
  Timeout! linearSwitchFromGroupedProtected at size 300, cohesion 70, iter 74 took longer than 30 seconds.
  Timeout! linearSwitchFromGroupedProtected at size 300, cohesion 70, iter 75 took longer than 30 seconds.
  Timeout! linearSwitchFromGroupedProtected at size 300, cohesion 70, iter 76 took longer than 30 seconds.
  Timeout! linearSwitchFromGroupedProtected at size 300, cohesion 70, iter 77 took longer than 30 seconds.
  Timeout! linearSwitchFromGroupedProtected at size 300, cohesion 70, iter 78 took longer than 30 seconds.
  Timeout! linearSwitchFromGroupedProtected at size 300, cohesion 70, iter 79 took longer than 30 seconds.
  Timeout! linearSwitchFromGroupedProtected at size 300, cohesion 70, iter 82 took longer than 30 seconds.
  Timeout! linearSwitchFromGroupedProtected at size 300, cohesion 70, iter 84 took longer than 30 seconds.
  Timeout! linearSwitchFromGroupedProtected at size 300, cohesion 70, iter 85 took longer than 30 seconds.
  Timeout! linearSwitchFromGroupedProtected at size 300, cohesion 70, iter 92 took longer than 30 seconds.
  Timeout! linearSwitchFromGroupedProtected at size 300, cohesion 70, iter 94 took longer than 30 seconds.
  Completed 100 iterations for size 300, cohesion 70.
  Timeout! linearSwitchFromGroupedProtected at size 300, cohesion 80, iter 1 took longer than 30 seconds.
  Timeout! linearSwitchFromGroupedProtected at size 300, cohesion 80, iter 2 took longer than 30 seconds.
  Timeout! linearSwitchFromGroupedProtected at size 300, cohesion 80, iter 5 took longer than 30 seconds.
  Timeout! linearSwitchFromGroupedProtected at size 300, cohesion 80, iter 6 took longer than 30 seconds.
  Timeout! linearSwitchFromGroupedProtected at size 300, cohesion 80, iter 11 took longer than 30 seconds.
  Timeout! linearSwitchFromGroupedProtected at size 300, cohesion 80, iter 12 took longer than 30 seconds.
  Timeout! linearSwitchFromGroupedProtected at size 300, cohesion 80, iter 19 took longer than 30 seconds.
  Timeout! linearSwitchFromGroupedProtected at size 300, cohesion 80, iter 20 took longer than 30 seconds.
  Timeout! linearSwitchFromGroupedProtected at size 300, cohesion 80, iter 21 took longer than 30 seconds.
  Timeout! linearSwitchFromGroupedProtected at size 300, cohesion 80, iter 24 took longer than 30 seconds.
  Timeout! linearSwitchFromGroupedProtected at size 300, cohesion 80, iter 26 took longer than 30 seconds.
  Timeout! linearSwitchFromGroupedProtected at size 300, cohesion 80, iter 27 took longer than 30 seconds.
  Timeout! linearSwitchFromGroupedProtected at size 300, cohesion 80, iter 29 took longer than 30 seconds.
RPython traceback:
  File "pypy_module_pypyjit.c", line 1311, in jump_absolute__AccessDirect_None
  File "rpython_jit_metainterp.c", line 55045, in bound_reached__star_5_2
  File "rpython_jit_metainterp_1.c", line 35570, in compile_and_run_once___rpython_jit_metainterp_ji_13
  File "rpython_jit_metainterp.c", line 59433, in MetaInterp__compile_and_run_once
  File "rpython_jit_metainterp_2.c", line 14402, in MetaInterp_interpret
  File "rpython_jit_metainterp_3.c", line 44865, in MetaInterp__interpret
  File "rpython_jit_metainterp_4.c", line 47413, in MIFrame_run_one_step
  File "rpython_jit_metainterp_6.c", line 4962, in MIFrame_opimpl_jit_merge_point
  File "rpython_jit_metainterp_6.c", line 31708, in MetaInterp_reached_loop_header
  File "rpython_jit_metainterp_6.c", line 63093, in MetaInterp_compile_loop
  File "rpython_jit_metainterp_7.c", line 27032, in compile_loop
  File "rpython_jit_metainterp_7.c", line 39971, in send_loop_to_backend
  File "rpython_jit_backend_x86.c", line 1370, in Assembler386_assemble_loop
  File "rpython_jit_backend_x86.c", line 4725, in RegAlloc_prepare_loop
  File "rpython_jit_backend_x86.c", line 8619, in RegAlloc__prepare
  File "rpython_jit_backend_llsupport.c", line 20402, in compute_vars_longevity
  File "rpython_jit_backend_llsupport.c", line 42403, in LifetimeManager___setitem__
~~~ Crash in JIT! <SettingForwardedOnAbstractValue object at 0x7fde81945a50>
  Error in linearSwitchFromGroupedProtected at cohesion 80, iter 30: Process crashed or returned no output, exitcode: -6
  Timeout! linearSwitchFromGroupedProtected at size 300, cohesion 80, iter 32 took longer than 30 seconds.
  Timeout! linearSwitchFromGroupedProtected at size 300, cohesion 80, iter 33 took longer than 30 seconds.
  Timeout! linearSwitchFromGroupedProtected at size 300, cohesion 80, iter 34 took longer than 30 seconds.
  Timeout! linearSwitchFromGroupedProtected at size 300, cohesion 80, iter 35 took longer than 30 seconds.
  Timeout! linearSwitchFromGroupedProtected at size 300, cohesion 80, iter 36 took longer than 30 seconds.
  Timeout! linearSwitchFromGroupedProtected at size 300, cohesion 80, iter 37 took longer than 30 seconds.
  Timeout! linearSwitchFromGroupedProtected at size 300, cohesion 80, iter 38 took longer than 30 seconds.
  Timeout! linearSwitchFromGroupedProtected at size 300, cohesion 80, iter 39 took longer than 30 seconds.
  Timeout! linearSwitchFromGroupedProtected at size 300, cohesion 80, iter 41 took longer than 30 seconds.
  Timeout! linearSwitchFromGroupedProtected at size 300, cohesion 80, iter 43 took longer than 30 seconds.
  Timeout! linearSwitchFromGroupedProtected at size 300, cohesion 80, iter 46 took longer than 30 seconds.
  Timeout! linearSwitchFromGroupedProtected at size 300, cohesion 80, iter 49 took longer than 30 seconds.
  Timeout! linearSwitchFromGroupedProtected at size 300, cohesion 80, iter 51 took longer than 30 seconds.
  Timeout! linearSwitchFromGroupedProtected at size 300, cohesion 80, iter 53 took longer than 30 seconds.
  Timeout! linearSwitchFromGroupedProtected at size 300, cohesion 80, iter 57 took longer than 30 seconds.
  Timeout! linearSwitchFromGroupedProtected at size 300, cohesion 80, iter 59 took longer than 30 seconds.
  Timeout! linearSwitchFromGroupedProtected at size 300, cohesion 80, iter 61 took longer than 30 seconds.
  Timeout! linearSwitchFromGroupedProtected at size 300, cohesion 80, iter 62 took longer than 30 seconds.
  Timeout! linearSwitchFromGroupedProtected at size 300, cohesion 80, iter 63 took longer than 30 seconds.
  Timeout! linearSwitchFromGroupedProtected at size 300, cohesion 80, iter 64 took longer than 30 seconds.
  Timeout! linearSwitchFromGroupedProtected at size 300, cohesion 80, iter 66 took longer than 30 seconds.
  Timeout! linearSwitchFromGroupedProtected at size 300, cohesion 80, iter 67 took longer than 30 seconds.
  Timeout! linearSwitchFromGroupedProtected at size 300, cohesion 80, iter 68 took longer than 30 seconds.
  Timeout! linearSwitchFromGroupedProtected at size 300, cohesion 80, iter 69 took longer than 30 seconds.
  Timeout! linearSwitchFromGroupedProtected at size 300, cohesion 80, iter 74 took longer than 30 seconds.
  Timeout! linearSwitchFromGroupedProtected at size 300, cohesion 80, iter 75 took longer than 30 seconds.
  Timeout! linearSwitchFromGroupedProtected at size 300, cohesion 80, iter 76 took longer than 30 seconds.
  Timeout! linearSwitchFromGroupedProtected at size 300, cohesion 80, iter 77 took longer than 30 seconds.
  Timeout! linearSwitchFromGroupedProtected at size 300, cohesion 80, iter 78 took longer than 30 seconds.
  Timeout! linearSwitchFromGroupedProtected at size 300, cohesion 80, iter 79 took longer than 30 seconds.
  Timeout! linearSwitchFromGroupedProtected at size 300, cohesion 80, iter 80 took longer than 30 seconds.
  Timeout! linearSwitchFromGroupedProtected at size 300, cohesion 80, iter 82 took longer than 30 seconds.
  Timeout! linearSwitchFromGroupedProtected at size 300, cohesion 80, iter 84 took longer than 30 seconds.
  Timeout! linearSwitchFromGroupedProtected at size 300, cohesion 80, iter 86 took longer than 30 seconds.
  Timeout! linearSwitchFromGroupedProtected at size 300, cohesion 80, iter 90 took longer than 30 seconds.
  Timeout! linearSwitchFromGroupedProtected at size 300, cohesion 80, iter 91 took longer than 30 seconds.
  Timeout! linearSwitchFromGroupedProtected at size 300, cohesion 80, iter 92 took longer than 30 seconds.
RPython traceback:
  File "pypy_module_pypyjit.c", line 1311, in jump_absolute__AccessDirect_None
  File "rpython_jit_metainterp.c", line 55045, in bound_reached__star_5_2
  File "rpython_jit_metainterp_1.c", line 35570, in compile_and_run_once___rpython_jit_metainterp_ji_13
  File "rpython_jit_metainterp.c", line 59433, in MetaInterp__compile_and_run_once
  File "rpython_jit_metainterp_2.c", line 14402, in MetaInterp_interpret
  File "rpython_jit_metainterp_3.c", line 44865, in MetaInterp__interpret
  File "rpython_jit_metainterp_4.c", line 47413, in MIFrame_run_one_step
  File "rpython_jit_metainterp_6.c", line 4962, in MIFrame_opimpl_jit_merge_point
  File "rpython_jit_metainterp_6.c", line 31708, in MetaInterp_reached_loop_header
  File "rpython_jit_metainterp_6.c", line 63093, in MetaInterp_compile_loop
  File "rpython_jit_metainterp_7.c", line 27032, in compile_loop
  File "rpython_jit_metainterp_7.c", line 39971, in send_loop_to_backend
  File "rpython_jit_backend_x86.c", line 1370, in Assembler386_assemble_loop
  File "rpython_jit_backend_x86.c", line 4725, in RegAlloc_prepare_loop
  File "rpython_jit_backend_x86.c", line 8619, in RegAlloc__prepare
  File "rpython_jit_backend_llsupport.c", line 20402, in compute_vars_longevity
  File "rpython_jit_backend_llsupport.c", line 42403, in LifetimeManager___setitem__
~~~ Crash in JIT! <SettingForwardedOnAbstractValue object at 0x7fde81945a50>
  Error in linearSwitchFromGroupedProtected at cohesion 80, iter 95: Process crashed or returned no output, exitcode: -6
  Timeout! linearSwitchFromGroupedProtected at size 300, cohesion 80, iter 99 took longer than 30 seconds.
  Completed 100 iterations for size 300, cohesion 80.
  Timeout! linearSwitchFromGroupedProtected at size 300, cohesion 90, iter 2 took longer than 30 seconds.
  Timeout! linearSwitchFromGroupedProtected at size 300, cohesion 90, iter 6 took longer than 30 seconds.
  Timeout! linearSwitchFromGroupedProtected at size 300, cohesion 90, iter 11 took longer than 30 seconds.
  Timeout! linearSwitchFromGroupedProtected at size 300, cohesion 90, iter 12 took longer than 30 seconds.
  Timeout! linearSwitchFromGroupedProtected at size 300, cohesion 90, iter 15 took longer than 30 seconds.
  Timeout! linearSwitchFromGroupedProtected at size 300, cohesion 90, iter 19 took longer than 30 seconds.
  Timeout! linearSwitchFromGroupedProtected at size 300, cohesion 90, iter 20 took longer than 30 seconds.
  Timeout! linearSwitchFromGroupedProtected at size 300, cohesion 90, iter 21 took longer than 30 seconds.
  Timeout! linearSwitchFromGroupedProtected at size 300, cohesion 90, iter 22 took longer than 30 seconds.
  Timeout! linearSwitchFromGroupedProtected at size 300, cohesion 90, iter 24 took longer than 30 seconds.
  Timeout! linearSwitchFromGroupedProtected at size 300, cohesion 90, iter 26 took longer than 30 seconds.
  Timeout! linearSwitchFromGroupedProtected at size 300, cohesion 90, iter 27 took longer than 30 seconds.
  Timeout! linearSwitchFromGroupedProtected at size 300, cohesion 90, iter 29 took longer than 30 seconds.
  Timeout! linearSwitchFromGroupedProtected at size 300, cohesion 90, iter 32 took longer than 30 seconds.
  Timeout! linearSwitchFromGroupedProtected at size 300, cohesion 90, iter 34 took longer than 30 seconds.
  Timeout! linearSwitchFromGroupedProtected at size 300, cohesion 90, iter 35 took longer than 30 seconds.
  Timeout! linearSwitchFromGroupedProtected at size 300, cohesion 90, iter 36 took longer than 30 seconds.
  Timeout! linearSwitchFromGroupedProtected at size 300, cohesion 90, iter 37 took longer than 30 seconds.
  Timeout! linearSwitchFromGroupedProtected at size 300, cohesion 90, iter 38 took longer than 30 seconds.
  Timeout! linearSwitchFromGroupedProtected at size 300, cohesion 90, iter 39 took longer than 30 seconds.
  Timeout! linearSwitchFromGroupedProtected at size 300, cohesion 90, iter 41 took longer than 30 seconds.
  Timeout! linearSwitchFromGroupedProtected at size 300, cohesion 90, iter 43 took longer than 30 seconds.
  Timeout! linearSwitchFromGroupedProtected at size 300, cohesion 90, iter 44 took longer than 30 seconds.
  Timeout! linearSwitchFromGroupedProtected at size 300, cohesion 90, iter 46 took longer than 30 seconds.
  Timeout! linearSwitchFromGroupedProtected at size 300, cohesion 90, iter 48 took longer than 30 seconds.
  Timeout! linearSwitchFromGroupedProtected at size 300, cohesion 90, iter 49 took longer than 30 seconds.
  Timeout! linearSwitchFromGroupedProtected at size 300, cohesion 90, iter 51 took longer than 30 seconds.
  Timeout! linearSwitchFromGroupedProtected at size 300, cohesion 90, iter 52 took longer than 30 seconds.
  Timeout! linearSwitchFromGroupedProtected at size 300, cohesion 90, iter 53 took longer than 30 seconds.
  Timeout! linearSwitchFromGroupedProtected at size 300, cohesion 90, iter 57 took longer than 30 seconds.
  Timeout! linearSwitchFromGroupedProtected at size 300, cohesion 90, iter 66 took longer than 30 seconds.
  Timeout! linearSwitchFromGroupedProtected at size 300, cohesion 90, iter 67 took longer than 30 seconds.
  Timeout! linearSwitchFromGroupedProtected at size 300, cohesion 90, iter 68 took longer than 30 seconds.
  Timeout! linearSwitchFromGroupedProtected at size 300, cohesion 90, iter 69 took longer than 30 seconds.
  Timeout! linearSwitchFromGroupedProtected at size 300, cohesion 90, iter 75 took longer than 30 seconds.
  Timeout! linearSwitchFromGroupedProtected at size 300, cohesion 90, iter 76 took longer than 30 seconds.
  Timeout! linearSwitchFromGroupedProtected at size 300, cohesion 90, iter 78 took longer than 30 seconds.
  Timeout! linearSwitchFromGroupedProtected at size 300, cohesion 90, iter 79 took longer than 30 seconds.
  Timeout! linearSwitchFromGroupedProtected at size 300, cohesion 90, iter 80 took longer than 30 seconds.
  Timeout! linearSwitchFromGroupedProtected at size 300, cohesion 90, iter 82 took longer than 30 seconds.
  Timeout! linearSwitchFromGroupedProtected at size 300, cohesion 90, iter 84 took longer than 30 seconds.
  Timeout! linearSwitchFromGroupedProtected at size 300, cohesion 90, iter 91 took longer than 30 seconds.
  Timeout! linearSwitchFromGroupedProtected at size 300, cohesion 90, iter 92 took longer than 30 seconds.
  Timeout! linearSwitchFromGroupedProtected at size 300, cohesion 90, iter 93 took longer than 30 seconds.
  Timeout! linearSwitchFromGroupedProtected at size 300, cohesion 90, iter 97 took longer than 30 seconds.
  Timeout! linearSwitchFromGroupedProtected at size 300, cohesion 90, iter 99 took longer than 30 seconds.
  Completed 100 iterations for size 300, cohesion 90.
  Timeout! linearSwitchFromGroupedProtected at size 300, cohesion 100, iter 2 took longer than 30 seconds.
  Timeout! linearSwitchFromGroupedProtected at size 300, cohesion 100, iter 6 took longer than 30 seconds.
  Timeout! linearSwitchFromGroupedProtected at size 300, cohesion 100, iter 11 took longer than 30 seconds.
  Timeout! linearSwitchFromGroupedProtected at size 300, cohesion 100, iter 12 took longer than 30 seconds.
  Timeout! linearSwitchFromGroupedProtected at size 300, cohesion 100, iter 17 took longer than 30 seconds.
  Timeout! linearSwitchFromGroupedProtected at size 300, cohesion 100, iter 19 took longer than 30 seconds.
  Timeout! linearSwitchFromGroupedProtected at size 300, cohesion 100, iter 20 took longer than 30 seconds.
  Timeout! linearSwitchFromGroupedProtected at size 300, cohesion 100, iter 21 took longer than 30 seconds.
  Timeout! linearSwitchFromGroupedProtected at size 300, cohesion 100, iter 22 took longer than 30 seconds.
  Timeout! linearSwitchFromGroupedProtected at size 300, cohesion 100, iter 24 took longer than 30 seconds.
  Timeout! linearSwitchFromGroupedProtected at size 300, cohesion 100, iter 26 took longer than 30 seconds.
  Timeout! linearSwitchFromGroupedProtected at size 300, cohesion 100, iter 27 took longer than 30 seconds.
  Timeout! linearSwitchFromGroupedProtected at size 300, cohesion 100, iter 29 took longer than 30 seconds.
  Timeout! linearSwitchFromGroupedProtected at size 300, cohesion 100, iter 30 took longer than 30 seconds.
  Timeout! linearSwitchFromGroupedProtected at size 300, cohesion 100, iter 32 took longer than 30 seconds.
  Timeout! linearSwitchFromGroupedProtected at size 300, cohesion 100, iter 35 took longer than 30 seconds.
  Timeout! linearSwitchFromGroupedProtected at size 300, cohesion 100, iter 36 took longer than 30 seconds.
  Timeout! linearSwitchFromGroupedProtected at size 300, cohesion 100, iter 37 took longer than 30 seconds.
  Timeout! linearSwitchFromGroupedProtected at size 300, cohesion 100, iter 38 took longer than 30 seconds.
  Timeout! linearSwitchFromGroupedProtected at size 300, cohesion 100, iter 39 took longer than 30 seconds.
  Timeout! linearSwitchFromGroupedProtected at size 300, cohesion 100, iter 41 took longer than 30 seconds.
  Timeout! linearSwitchFromGroupedProtected at size 300, cohesion 100, iter 43 took longer than 30 seconds.
  Timeout! linearSwitchFromGroupedProtected at size 300, cohesion 100, iter 44 took longer than 30 seconds.
  Timeout! linearSwitchFromGroupedProtected at size 300, cohesion 100, iter 46 took longer than 30 seconds.
  Timeout! linearSwitchFromGroupedProtected at size 300, cohesion 100, iter 48 took longer than 30 seconds.
  Timeout! linearSwitchFromGroupedProtected at size 300, cohesion 100, iter 49 took longer than 30 seconds.
  Timeout! linearSwitchFromGroupedProtected at size 300, cohesion 100, iter 51 took longer than 30 seconds.
  Timeout! linearSwitchFromGroupedProtected at size 300, cohesion 100, iter 52 took longer than 30 seconds.
  Timeout! linearSwitchFromGroupedProtected at size 300, cohesion 100, iter 53 took longer than 30 seconds.
  Timeout! linearSwitchFromGroupedProtected at size 300, cohesion 100, iter 66 took longer than 30 seconds.
  Timeout! linearSwitchFromGroupedProtected at size 300, cohesion 100, iter 67 took longer than 30 seconds.
  Timeout! linearSwitchFromGroupedProtected at size 300, cohesion 100, iter 68 took longer than 30 seconds.
  Timeout! linearSwitchFromGroupedProtected at size 300, cohesion 100, iter 69 took longer than 30 seconds.
  Timeout! linearSwitchFromGroupedProtected at size 300, cohesion 100, iter 75 took longer than 30 seconds.
  Timeout! linearSwitchFromGroupedProtected at size 300, cohesion 100, iter 76 took longer than 30 seconds.
  Timeout! linearSwitchFromGroupedProtected at size 300, cohesion 100, iter 78 took longer than 30 seconds.
  Timeout! linearSwitchFromGroupedProtected at size 300, cohesion 100, iter 79 took longer than 30 seconds.
  Timeout! linearSwitchFromGroupedProtected at size 300, cohesion 100, iter 82 took longer than 30 seconds.
  Timeout! linearSwitchFromGroupedProtected at size 300, cohesion 100, iter 84 took longer than 30 seconds.
  Timeout! linearSwitchFromGroupedProtected at size 300, cohesion 100, iter 91 took longer than 30 seconds.
  Timeout! linearSwitchFromGroupedProtected at size 300, cohesion 100, iter 92 took longer than 30 seconds.
  Timeout! linearSwitchFromGroupedProtected at size 300, cohesion 100, iter 93 took longer than 30 seconds.
  Timeout! linearSwitchFromGroupedProtected at size 300, cohesion 100, iter 97 took longer than 30 seconds.
  Timeout! linearSwitchFromGroupedProtected at size 300, cohesion 100, iter 99 took longer than 30 seconds.
  Completed 100 iterations for size 300, cohesion 100.

Results successfully written to comparison_results_linearSwitchFromGroupedProtected_260421_2238.json

================================================================================
AVERAGE ARRANGEMENT SCORES (People: 8)
================================================================================
Algorithm                      0     10     20     30     40     50     60     70     80     90    100
--------------------------------------------------------------------------------
linearSwitchFromGroupedProtected 437.7  437.7  437.7  437.7  437.7  437.7  437.7  437.7  437.7  437.7  437.7 

================================================================================
AVERAGE ARRANGEMENT SCORES (People: 30)
================================================================================
Algorithm                      0     10     20     30     40     50     60     70     80     90    100
--------------------------------------------------------------------------------
linearSwitchFromGroupedProtected1226.2 1247.4 1292.1 1353.0 1403.9 1457.2 1487.0 1497.2 1506.0 1512.9 1512.2 

================================================================================
AVERAGE ARRANGEMENT SCORES (People: 100)
================================================================================
Algorithm                      0     10     20     30     40     50     60     70     80     90    100
--------------------------------------------------------------------------------
linearSwitchFromGroupedProtected3945.0 4201.9 4380.4 4544.8 4731.1 4845.2 4968.9 5013.1 5040.0 5046.7 5044.4 

================================================================================
AVERAGE ARRANGEMENT SCORES (People: 300)
================================================================================
Algorithm                      0     10     20     30     40     50     60     70     80     90    100
--------------------------------------------------------------------------------
linearSwitchFromGroupedProtected   DNF    DNF    DNF    DNF    DNF 14935.3 15164.5 15311.4 15272.3 15309.5 15330.8 

================================================================================
AVERAGE EXECUTION TIMES (seconds) (People: 8)
================================================================================
Algorithm                      0     10     20     30     40     50     60     70     80     90    100
--------------------------------------------------------------------------------
linearSwitchFromGroupedProtected0.1218 0.1210 0.1208 0.1199 0.1222 0.1244 0.1233 0.1237 0.1233 0.1230 0.1234 

================================================================================
AVERAGE EXECUTION TIMES (seconds) (People: 30)
================================================================================
Algorithm                      0     10     20     30     40     50     60     70     80     90    100
--------------------------------------------------------------------------------
linearSwitchFromGroupedProtected0.4282 0.4059 0.3683 0.3361 0.3339 0.3175 0.3242 0.3105 0.3113 0.3103 0.3102 

================================================================================
AVERAGE EXECUTION TIMES (seconds) (People: 100)
================================================================================
Algorithm                      0     10     20     30     40     50     60     70     80     90    100
--------------------------------------------------------------------------------
linearSwitchFromGroupedProtected14.3906 11.5571 10.4729 9.2436 5.6088 3.6387 2.1606 2.2995 1.9691 1.9062 1.8940 

================================================================================
AVERAGE EXECUTION TIMES (seconds) (People: 300)
================================================================================
Algorithm                      0     10     20     30     40     50     60     70     80     90    100
--------------------------------------------------------------------------------
linearSwitchFromGroupedProtected   DNF    DNF    DNF    DNF    DNF 13.3148 13.2447 13.1045 12.3312 11.6629 12.3709 

================================================================================

Results successfully written to comparison_results_linearSwitchFromGroupedProtected_260421_2238.json
