Task 1 running algorithm: annealingFromRandom
cn8.hpc.itu.dk
nsio
/home/nsio/bachelorProject/hpc-jobs
Running iterations for algorithm: annealingFromRandom
  Completed 100 iterations for size 300, cohesion 0.

Results successfully written to job72993/comparison_results_annealingFromRandom.json
  Completed 100 iterations for size 300, cohesion 10.

Results successfully written to job72993/comparison_results_annealingFromRandom.json
  Completed 100 iterations for size 300, cohesion 20.

Results successfully written to job72993/comparison_results_annealingFromRandom.json
  Completed 100 iterations for size 300, cohesion 30.

Results successfully written to job72993/comparison_results_annealingFromRandom.json
  Completed 100 iterations for size 300, cohesion 40.

Results successfully written to job72993/comparison_results_annealingFromRandom.json
  Completed 100 iterations for size 300, cohesion 50.

Results successfully written to job72993/comparison_results_annealingFromRandom.json
  Completed 100 iterations for size 300, cohesion 60.

Results successfully written to job72993/comparison_results_annealingFromRandom.json
  Completed 100 iterations for size 300, cohesion 70.

Results successfully written to job72993/comparison_results_annealingFromRandom.json
  Completed 100 iterations for size 300, cohesion 80.

Results successfully written to job72993/comparison_results_annealingFromRandom.json
  Completed 100 iterations for size 300, cohesion 90.

Results successfully written to job72993/comparison_results_annealingFromRandom.json
  Completed 100 iterations for size 300, cohesion 100.

Results successfully written to job72993/comparison_results_annealingFromRandom.json

================================================================================
AVERAGE ARRANGEMENT SCORES (People: 300)
================================================================================
Algorithm                      0     10     20     30     40     50     60     70     80     90    100
--------------------------------------------------------------------------------
annealingFromRandom      9891.4 10316.5 10623.8 10930.8 11160.9 11334.1 11527.9 11638.0 11646.5 11626.7 11653.3 

================================================================================
AVERAGE EXECUTION TIMES (seconds) (People: 300)
================================================================================
Algorithm                      0     10     20     30     40     50     60     70     80     90    100
--------------------------------------------------------------------------------
annealingFromRandom      5.8269 5.8713 5.9035 5.9142 5.9298 5.9254 5.9367 5.9295 5.9478 5.9351 5.9343 

================================================================================

Results successfully written to job72993/comparison_results_annealingFromRandom.json
