Task 10 running algorithm: tabuSearchFromRandom
cn9.hpc.itu.dk
nsio
/home/nsio/bachelorProject/hpc-jobs
Running iterations for algorithm: tabuSearchFromRandom
  Completed 100 iterations for size 300, cohesion 0.

Results successfully written to job72993/comparison_results_tabuSearchFromRandom.json
  Completed 100 iterations for size 300, cohesion 10.

Results successfully written to job72993/comparison_results_tabuSearchFromRandom.json
  Completed 100 iterations for size 300, cohesion 20.

Results successfully written to job72993/comparison_results_tabuSearchFromRandom.json
  Completed 100 iterations for size 300, cohesion 30.

Results successfully written to job72993/comparison_results_tabuSearchFromRandom.json
  Completed 100 iterations for size 300, cohesion 40.

Results successfully written to job72993/comparison_results_tabuSearchFromRandom.json
  Completed 100 iterations for size 300, cohesion 50.

Results successfully written to job72993/comparison_results_tabuSearchFromRandom.json
  Completed 100 iterations for size 300, cohesion 60.

Results successfully written to job72993/comparison_results_tabuSearchFromRandom.json
slurmstepd: error: *** JOB 73004 ON cn9 CANCELLED AT 2026-04-25T11:36:03 DUE TO TIME LIMIT ***
slurmstepd: error: *** STEP 73004.0 ON cn9 CANCELLED AT 2026-04-25T11:36:04 DUE TO TIME LIMIT ***
