Task 11 running algorithm: bruteForce
cn9.hpc.itu.dk
nsio
/home/nsio/bachelorProject/hpc-jobs
Running iterations for algorithm: bruteForce
  Completed 100 iterations for size 300, cohesion 0.

Results successfully written to job72993/comparison_results_bruteForce.json
  Completed 100 iterations for size 300, cohesion 10.

Results successfully written to job72993/comparison_results_bruteForce.json
  Completed 100 iterations for size 300, cohesion 20.

Results successfully written to job72993/comparison_results_bruteForce.json
  Completed 100 iterations for size 300, cohesion 30.

Results successfully written to job72993/comparison_results_bruteForce.json
  Completed 100 iterations for size 300, cohesion 40.

Results successfully written to job72993/comparison_results_bruteForce.json
  Completed 100 iterations for size 300, cohesion 50.

Results successfully written to job72993/comparison_results_bruteForce.json
  Completed 100 iterations for size 300, cohesion 60.

Results successfully written to job72993/comparison_results_bruteForce.json
srun: Job step aborted: Waiting up to 32 seconds for job step to finish.
slurmstepd: error: *** JOB 73005 ON cn9 CANCELLED AT 2026-04-25T11:36:03 DUE TO TIME LIMIT ***
slurmstepd: error: *** STEP 73005.0 ON cn9 CANCELLED AT 2026-04-25T11:36:04 DUE TO TIME LIMIT ***
