Task 12 running algorithm: theoreticalMax
cn9.hpc.itu.dk
nsio
/home/nsio/bachelorProject/hpc-jobs
Running iterations for algorithm: theoreticalMax
  Completed 100 iterations for size 300, cohesion 0.

Results successfully written to job72993/comparison_results_theoreticalMax.json
  Completed 100 iterations for size 300, cohesion 10.

Results successfully written to job72993/comparison_results_theoreticalMax.json
  Completed 100 iterations for size 300, cohesion 20.

Results successfully written to job72993/comparison_results_theoreticalMax.json
  Completed 100 iterations for size 300, cohesion 30.

Results successfully written to job72993/comparison_results_theoreticalMax.json
  Completed 100 iterations for size 300, cohesion 40.

Results successfully written to job72993/comparison_results_theoreticalMax.json
  Completed 100 iterations for size 300, cohesion 50.

Results successfully written to job72993/comparison_results_theoreticalMax.json
  Completed 100 iterations for size 300, cohesion 60.

Results successfully written to job72993/comparison_results_theoreticalMax.json
  Completed 100 iterations for size 300, cohesion 70.

Results successfully written to job72993/comparison_results_theoreticalMax.json
  Completed 100 iterations for size 300, cohesion 80.

Results successfully written to job72993/comparison_results_theoreticalMax.json
  Completed 100 iterations for size 300, cohesion 90.

Results successfully written to job72993/comparison_results_theoreticalMax.json
  Completed 100 iterations for size 300, cohesion 100.

Results successfully written to job72993/comparison_results_theoreticalMax.json

================================================================================
AVERAGE ARRANGEMENT SCORES (People: 300)
================================================================================
Algorithm                      0     10     20     30     40     50     60     70     80     90    100
--------------------------------------------------------------------------------
theoreticalMax           19483.1 19479.0 19484.4 19482.6 19482.8 19483.3 19483.0 19484.7 19483.2 19481.6 19482.3 

================================================================================
AVERAGE EXECUTION TIMES (seconds) (People: 300)
================================================================================
Algorithm                      0     10     20     30     40     50     60     70     80     90    100
--------------------------------------------------------------------------------
theoreticalMax           0.2105 0.2114 0.2112 0.2107 0.2106 0.2091 0.2101 0.2105 0.2101 0.2094 0.2098 

================================================================================

Results successfully written to job72993/comparison_results_theoreticalMax.json
