Task 3 running algorithm: linearSwitchFromGroupedv4
cn8.hpc.itu.dk
nsio
/home/nsio/bachelorProject/hpc-jobs
Running iterations for algorithm: linearSwitchFromGroupedv4
  Completed 100 iterations for size 300, cohesion 0.

Results successfully written to job72993/comparison_results_linearSwitchFromGroupedv4.json
  Completed 100 iterations for size 300, cohesion 10.

Results successfully written to job72993/comparison_results_linearSwitchFromGroupedv4.json
  Completed 100 iterations for size 300, cohesion 20.

Results successfully written to job72993/comparison_results_linearSwitchFromGroupedv4.json
  Completed 100 iterations for size 300, cohesion 30.

Results successfully written to job72993/comparison_results_linearSwitchFromGroupedv4.json
  Completed 100 iterations for size 300, cohesion 40.

Results successfully written to job72993/comparison_results_linearSwitchFromGroupedv4.json
  Completed 100 iterations for size 300, cohesion 50.

Results successfully written to job72993/comparison_results_linearSwitchFromGroupedv4.json
  Completed 100 iterations for size 300, cohesion 60.

Results successfully written to job72993/comparison_results_linearSwitchFromGroupedv4.json
slurmstepd: error: *** JOB 72997 ON cn8 CANCELLED AT 2026-04-25T11:36:07 DUE TO TIME LIMIT ***
slurmstepd: error: *** STEP 72997.0 ON cn8 CANCELLED AT 2026-04-25T11:36:07 DUE TO TIME LIMIT ***
