Task 5 running algorithm: linearSwitchFromRandom
cn15.hpc.itu.dk
nsio
/home/nsio/bachelorProject/hpc-jobs
Running iterations for algorithm: linearSwitchFromRandom
  Completed 100 iterations for size 300, cohesion 0.

Results successfully written to job72993/comparison_results_linearSwitchFromRandom.json
  Completed 100 iterations for size 300, cohesion 10.

Results successfully written to job72993/comparison_results_linearSwitchFromRandom.json
  Completed 100 iterations for size 300, cohesion 20.

Results successfully written to job72993/comparison_results_linearSwitchFromRandom.json
  Completed 100 iterations for size 300, cohesion 30.

Results successfully written to job72993/comparison_results_linearSwitchFromRandom.json
  Completed 100 iterations for size 300, cohesion 40.

Results successfully written to job72993/comparison_results_linearSwitchFromRandom.json
  Completed 100 iterations for size 300, cohesion 50.

Results successfully written to job72993/comparison_results_linearSwitchFromRandom.json
  Completed 100 iterations for size 300, cohesion 60.

Results successfully written to job72993/comparison_results_linearSwitchFromRandom.json
slurmstepd: error: *** JOB 72999 ON cn15 CANCELLED AT 2026-04-25T11:36:07 DUE TO TIME LIMIT ***
slurmstepd: error: *** STEP 72999.0 ON cn15 CANCELLED AT 2026-04-25T11:36:07 DUE TO TIME LIMIT ***
