Task 6 running algorithm: linearSwitchFromRandomv4
cn15.hpc.itu.dk
nsio
/home/nsio/bachelorProject/hpc-jobs
Running iterations for algorithm: linearSwitchFromRandomv4
  Completed 100 iterations for size 300, cohesion 0.

Results successfully written to job72993/comparison_results_linearSwitchFromRandomv4.json
  Completed 100 iterations for size 300, cohesion 10.

Results successfully written to job72993/comparison_results_linearSwitchFromRandomv4.json
  Completed 100 iterations for size 300, cohesion 20.

Results successfully written to job72993/comparison_results_linearSwitchFromRandomv4.json
  Completed 100 iterations for size 300, cohesion 30.

Results successfully written to job72993/comparison_results_linearSwitchFromRandomv4.json
  Completed 100 iterations for size 300, cohesion 40.

Results successfully written to job72993/comparison_results_linearSwitchFromRandomv4.json
  Completed 100 iterations for size 300, cohesion 50.

Results successfully written to job72993/comparison_results_linearSwitchFromRandomv4.json
  Completed 100 iterations for size 300, cohesion 60.

Results successfully written to job72993/comparison_results_linearSwitchFromRandomv4.json
slurmstepd: error: *** JOB 73000 ON cn15 CANCELLED AT 2026-04-25T11:36:07 DUE TO TIME LIMIT ***
slurmstepd: error: *** STEP 73000.0 ON cn15 CANCELLED AT 2026-04-25T11:36:07 DUE TO TIME LIMIT ***
