Task 16 running algorithm: linearSwitchFromRandom, people: 300, cohesions: 0 10 20
cn8.hpc.itu.dk
aubu
/home/aubu/bachelorProject/hpc-jobs
Running iterations for algorithm: linearSwitchFromRandom
  Completed 10 iterations for size 300, cohesion 0.
  Completed 10 iterations for size 300, cohesion 10.
  Completed 10 iterations for size 300, cohesion 20.

Results successfully written to job81343/comparison_results_linearSwitchFromRandom_300_c0-10-20.json
  Completed 10 iterations for size 300, cohesion 0.
  Completed 10 iterations for size 300, cohesion 10.
  Completed 10 iterations for size 300, cohesion 20.

Results successfully written to job81343/comparison_results_linearSwitchFromRandom_300_c0-10-20.json
  Completed 10 iterations for size 300, cohesion 0.
  Completed 10 iterations for size 300, cohesion 10.
  Completed 10 iterations for size 300, cohesion 20.

Results successfully written to job81343/comparison_results_linearSwitchFromRandom_300_c0-10-20.json
  Completed 10 iterations for size 300, cohesion 0.
  Completed 10 iterations for size 300, cohesion 10.
  Completed 10 iterations for size 300, cohesion 20.

Results successfully written to job81343/comparison_results_linearSwitchFromRandom_300_c0-10-20.json
  Completed 10 iterations for size 300, cohesion 0.
  Completed 10 iterations for size 300, cohesion 10.
  Completed 10 iterations for size 300, cohesion 20.

Results successfully written to job81343/comparison_results_linearSwitchFromRandom_300_c0-10-20.json
  Completed 10 iterations for size 300, cohesion 0.
  Completed 10 iterations for size 300, cohesion 10.
  Completed 10 iterations for size 300, cohesion 20.

Results successfully written to job81343/comparison_results_linearSwitchFromRandom_300_c0-10-20.json
  Completed 10 iterations for size 300, cohesion 0.
  Completed 10 iterations for size 300, cohesion 10.
  Completed 10 iterations for size 300, cohesion 20.

Results successfully written to job81343/comparison_results_linearSwitchFromRandom_300_c0-10-20.json
  Completed 10 iterations for size 300, cohesion 0.
  Completed 10 iterations for size 300, cohesion 10.
  Completed 10 iterations for size 300, cohesion 20.

Results successfully written to job81343/comparison_results_linearSwitchFromRandom_300_c0-10-20.json
  Completed 10 iterations for size 300, cohesion 0.
  Completed 10 iterations for size 300, cohesion 10.
  Completed 10 iterations for size 300, cohesion 20.

Results successfully written to job81343/comparison_results_linearSwitchFromRandom_300_c0-10-20.json
  Completed 10 iterations for size 300, cohesion 0.
  Completed 10 iterations for size 300, cohesion 10.
  Completed 10 iterations for size 300, cohesion 20.

Results successfully written to job81343/comparison_results_linearSwitchFromRandom_300_c0-10-20.json

================================================================================
Algorithm                   People    Avg Score  Avg Time(s)
--------------------------------------------------------------------------------
linearSwitchFromRandom         300      11521.0      30.0917
================================================================================

Results successfully written to job81343/comparison_results_linearSwitchFromRandom_300_c0-10-20.json
