Task 22 running algorithm: randomSwitchFromGrouped, people: 300, cohesions: 60 70 80
cn8.hpc.itu.dk
aubu
/home/aubu/bachelorProject/hpc-jobs
Running iterations for algorithm: randomSwitchFromGrouped
  Completed 10 iterations for size 300, cohesion 60.
  Completed 10 iterations for size 300, cohesion 70.
  Completed 10 iterations for size 300, cohesion 80.

Results successfully written to job81343/comparison_results_randomSwitchFromGrouped_300_c60-70-80.json
  Completed 10 iterations for size 300, cohesion 60.
  Completed 10 iterations for size 300, cohesion 70.
  Completed 10 iterations for size 300, cohesion 80.

Results successfully written to job81343/comparison_results_randomSwitchFromGrouped_300_c60-70-80.json
  Completed 10 iterations for size 300, cohesion 60.
  Completed 10 iterations for size 300, cohesion 70.
  Completed 10 iterations for size 300, cohesion 80.

Results successfully written to job81343/comparison_results_randomSwitchFromGrouped_300_c60-70-80.json
  Completed 10 iterations for size 300, cohesion 60.
  Completed 10 iterations for size 300, cohesion 70.
  Completed 10 iterations for size 300, cohesion 80.

Results successfully written to job81343/comparison_results_randomSwitchFromGrouped_300_c60-70-80.json
  Completed 10 iterations for size 300, cohesion 60.
  Completed 10 iterations for size 300, cohesion 70.
  Completed 10 iterations for size 300, cohesion 80.

Results successfully written to job81343/comparison_results_randomSwitchFromGrouped_300_c60-70-80.json
  Completed 10 iterations for size 300, cohesion 60.
  Completed 10 iterations for size 300, cohesion 70.
  Completed 10 iterations for size 300, cohesion 80.

Results successfully written to job81343/comparison_results_randomSwitchFromGrouped_300_c60-70-80.json
  Completed 10 iterations for size 300, cohesion 60.
  Completed 10 iterations for size 300, cohesion 70.
  Completed 10 iterations for size 300, cohesion 80.

Results successfully written to job81343/comparison_results_randomSwitchFromGrouped_300_c60-70-80.json
  Completed 10 iterations for size 300, cohesion 60.
  Completed 10 iterations for size 300, cohesion 70.
  Completed 10 iterations for size 300, cohesion 80.

Results successfully written to job81343/comparison_results_randomSwitchFromGrouped_300_c60-70-80.json
  Completed 10 iterations for size 300, cohesion 60.
  Completed 10 iterations for size 300, cohesion 70.
  Completed 10 iterations for size 300, cohesion 80.

Results successfully written to job81343/comparison_results_randomSwitchFromGrouped_300_c60-70-80.json
  Completed 10 iterations for size 300, cohesion 60.
  Completed 10 iterations for size 300, cohesion 70.
  Completed 10 iterations for size 300, cohesion 80.

Results successfully written to job81343/comparison_results_randomSwitchFromGrouped_300_c60-70-80.json

================================================================================
Algorithm                   People    Avg Score  Avg Time(s)
--------------------------------------------------------------------------------
randomSwitchFromGrouped        300      14618.7       5.2717
================================================================================

Results successfully written to job81343/comparison_results_randomSwitchFromGrouped_300_c60-70-80.json
