Task 29 running algorithm: tabuSearchFromGrouped, people: 300, cohesions: 30 40 50
desktop2.hpc.itu.dk
aubu
/home/aubu/bachelorProject/hpc-jobs
Running iterations for algorithm: tabuSearchFromGrouped
  Completed 10 iterations for size 300, cohesion 30.
  Completed 10 iterations for size 300, cohesion 40.
  Completed 10 iterations for size 300, cohesion 50.

Results successfully written to job81343/comparison_results_tabuSearchFromGrouped_300_c30-40-50.json
  Completed 10 iterations for size 300, cohesion 30.
  Completed 10 iterations for size 300, cohesion 40.
  Completed 10 iterations for size 300, cohesion 50.

Results successfully written to job81343/comparison_results_tabuSearchFromGrouped_300_c30-40-50.json
  Completed 10 iterations for size 300, cohesion 30.
  Completed 10 iterations for size 300, cohesion 40.
  Completed 10 iterations for size 300, cohesion 50.

Results successfully written to job81343/comparison_results_tabuSearchFromGrouped_300_c30-40-50.json
  Completed 10 iterations for size 300, cohesion 30.
  Completed 10 iterations for size 300, cohesion 40.
  Completed 10 iterations for size 300, cohesion 50.

Results successfully written to job81343/comparison_results_tabuSearchFromGrouped_300_c30-40-50.json
  Completed 10 iterations for size 300, cohesion 30.
  Completed 10 iterations for size 300, cohesion 40.
  Completed 10 iterations for size 300, cohesion 50.

Results successfully written to job81343/comparison_results_tabuSearchFromGrouped_300_c30-40-50.json
  Completed 10 iterations for size 300, cohesion 30.
  Completed 10 iterations for size 300, cohesion 40.
  Completed 10 iterations for size 300, cohesion 50.

Results successfully written to job81343/comparison_results_tabuSearchFromGrouped_300_c30-40-50.json
  Completed 10 iterations for size 300, cohesion 30.
  Completed 10 iterations for size 300, cohesion 40.
  Completed 10 iterations for size 300, cohesion 50.

Results successfully written to job81343/comparison_results_tabuSearchFromGrouped_300_c30-40-50.json
  Completed 10 iterations for size 300, cohesion 30.
  Completed 10 iterations for size 300, cohesion 40.
  Completed 10 iterations for size 300, cohesion 50.

Results successfully written to job81343/comparison_results_tabuSearchFromGrouped_300_c30-40-50.json
  Completed 10 iterations for size 300, cohesion 30.
  Completed 10 iterations for size 300, cohesion 40.
  Completed 10 iterations for size 300, cohesion 50.

Results successfully written to job81343/comparison_results_tabuSearchFromGrouped_300_c30-40-50.json
  Completed 10 iterations for size 300, cohesion 30.
  Completed 10 iterations for size 300, cohesion 40.
  Completed 10 iterations for size 300, cohesion 50.

Results successfully written to job81343/comparison_results_tabuSearchFromGrouped_300_c30-40-50.json

================================================================================
Algorithm                   People    Avg Score  Avg Time(s)
--------------------------------------------------------------------------------
tabuSearchFromGrouped          300      13835.3      30.8343
================================================================================

Results successfully written to job81343/comparison_results_tabuSearchFromGrouped_300_c30-40-50.json
