Task 30 running algorithm: tabuSearchFromGrouped, people: 300, cohesions: 60 70 80
desktop3.hpc.itu.dk
aubu
/home/aubu/bachelorProject/hpc-jobs
Running iterations for algorithm: tabuSearchFromGrouped
  Completed 10 iterations for size 300, cohesion 60.
  Completed 10 iterations for size 300, cohesion 70.
  Completed 10 iterations for size 300, cohesion 80.

Results successfully written to job81343/comparison_results_tabuSearchFromGrouped_300_c60-70-80.json
  Completed 10 iterations for size 300, cohesion 60.
  Completed 10 iterations for size 300, cohesion 70.
  Completed 10 iterations for size 300, cohesion 80.

Results successfully written to job81343/comparison_results_tabuSearchFromGrouped_300_c60-70-80.json
  Completed 10 iterations for size 300, cohesion 60.
  Completed 10 iterations for size 300, cohesion 70.
  Completed 10 iterations for size 300, cohesion 80.

Results successfully written to job81343/comparison_results_tabuSearchFromGrouped_300_c60-70-80.json
  Completed 10 iterations for size 300, cohesion 60.
  Completed 10 iterations for size 300, cohesion 70.
  Completed 10 iterations for size 300, cohesion 80.

Results successfully written to job81343/comparison_results_tabuSearchFromGrouped_300_c60-70-80.json
  Completed 10 iterations for size 300, cohesion 60.
  Completed 10 iterations for size 300, cohesion 70.
  Completed 10 iterations for size 300, cohesion 80.

Results successfully written to job81343/comparison_results_tabuSearchFromGrouped_300_c60-70-80.json
  Completed 10 iterations for size 300, cohesion 60.
  Completed 10 iterations for size 300, cohesion 70.
  Completed 10 iterations for size 300, cohesion 80.

Results successfully written to job81343/comparison_results_tabuSearchFromGrouped_300_c60-70-80.json
  Completed 10 iterations for size 300, cohesion 60.
  Completed 10 iterations for size 300, cohesion 70.
  Completed 10 iterations for size 300, cohesion 80.

Results successfully written to job81343/comparison_results_tabuSearchFromGrouped_300_c60-70-80.json
  Completed 10 iterations for size 300, cohesion 60.
  Completed 10 iterations for size 300, cohesion 70.
  Completed 10 iterations for size 300, cohesion 80.

Results successfully written to job81343/comparison_results_tabuSearchFromGrouped_300_c60-70-80.json
  Completed 10 iterations for size 300, cohesion 60.
  Completed 10 iterations for size 300, cohesion 70.
  Completed 10 iterations for size 300, cohesion 80.

Results successfully written to job81343/comparison_results_tabuSearchFromGrouped_300_c60-70-80.json
  Completed 10 iterations for size 300, cohesion 60.
  Completed 10 iterations for size 300, cohesion 70.
  Completed 10 iterations for size 300, cohesion 80.

Results successfully written to job81343/comparison_results_tabuSearchFromGrouped_300_c60-70-80.json

================================================================================
Algorithm                   People    Avg Score  Avg Time(s)
--------------------------------------------------------------------------------
tabuSearchFromGrouped          300      15239.0      30.5320
================================================================================

Results successfully written to job81343/comparison_results_tabuSearchFromGrouped_300_c60-70-80.json
