Task 31 running algorithm: tabuSearchFromGrouped, people: 300, cohesions: 90 100
desktop3.hpc.itu.dk
aubu
/home/aubu/bachelorProject/hpc-jobs
Running iterations for algorithm: tabuSearchFromGrouped
  Completed 10 iterations for size 300, cohesion 90.
  Completed 10 iterations for size 300, cohesion 100.

Results successfully written to job81343/comparison_results_tabuSearchFromGrouped_300_c90-100.json
  Completed 10 iterations for size 300, cohesion 90.
  Completed 10 iterations for size 300, cohesion 100.

Results successfully written to job81343/comparison_results_tabuSearchFromGrouped_300_c90-100.json
  Completed 10 iterations for size 300, cohesion 90.
  Completed 10 iterations for size 300, cohesion 100.

Results successfully written to job81343/comparison_results_tabuSearchFromGrouped_300_c90-100.json
  Completed 10 iterations for size 300, cohesion 90.
  Completed 10 iterations for size 300, cohesion 100.

Results successfully written to job81343/comparison_results_tabuSearchFromGrouped_300_c90-100.json
  Completed 10 iterations for size 300, cohesion 90.
  Completed 10 iterations for size 300, cohesion 100.

Results successfully written to job81343/comparison_results_tabuSearchFromGrouped_300_c90-100.json
  Completed 10 iterations for size 300, cohesion 90.
  Completed 10 iterations for size 300, cohesion 100.

Results successfully written to job81343/comparison_results_tabuSearchFromGrouped_300_c90-100.json
  Completed 10 iterations for size 300, cohesion 90.
  Completed 10 iterations for size 300, cohesion 100.

Results successfully written to job81343/comparison_results_tabuSearchFromGrouped_300_c90-100.json
  Completed 10 iterations for size 300, cohesion 90.
  Completed 10 iterations for size 300, cohesion 100.

Results successfully written to job81343/comparison_results_tabuSearchFromGrouped_300_c90-100.json
  Completed 10 iterations for size 300, cohesion 90.
  Completed 10 iterations for size 300, cohesion 100.

Results successfully written to job81343/comparison_results_tabuSearchFromGrouped_300_c90-100.json
  Completed 10 iterations for size 300, cohesion 90.
  Completed 10 iterations for size 300, cohesion 100.

Results successfully written to job81343/comparison_results_tabuSearchFromGrouped_300_c90-100.json

================================================================================
Algorithm                   People    Avg Score  Avg Time(s)
--------------------------------------------------------------------------------
tabuSearchFromGrouped          300      15188.3      30.5571
================================================================================

Results successfully written to job81343/comparison_results_tabuSearchFromGrouped_300_c90-100.json
