Task 32 running algorithm: tabuSearchFromRandom, people: 300, cohesions: 0 10 20
desktop6.hpc.itu.dk
aubu
/home/aubu/bachelorProject/hpc-jobs
Running iterations for algorithm: tabuSearchFromRandom
  Completed 10 iterations for size 300, cohesion 0.
  Completed 10 iterations for size 300, cohesion 10.
  Completed 10 iterations for size 300, cohesion 20.

Results successfully written to job81343/comparison_results_tabuSearchFromRandom_300_c0-10-20.json
  Completed 10 iterations for size 300, cohesion 0.
  Completed 10 iterations for size 300, cohesion 10.
  Completed 10 iterations for size 300, cohesion 20.

Results successfully written to job81343/comparison_results_tabuSearchFromRandom_300_c0-10-20.json
  Completed 10 iterations for size 300, cohesion 0.
  Completed 10 iterations for size 300, cohesion 10.
  Completed 10 iterations for size 300, cohesion 20.

Results successfully written to job81343/comparison_results_tabuSearchFromRandom_300_c0-10-20.json
  Completed 10 iterations for size 300, cohesion 0.
  Completed 10 iterations for size 300, cohesion 10.
  Completed 10 iterations for size 300, cohesion 20.

Results successfully written to job81343/comparison_results_tabuSearchFromRandom_300_c0-10-20.json
  Completed 10 iterations for size 300, cohesion 0.
  Completed 10 iterations for size 300, cohesion 10.
  Completed 10 iterations for size 300, cohesion 20.

Results successfully written to job81343/comparison_results_tabuSearchFromRandom_300_c0-10-20.json
  Completed 10 iterations for size 300, cohesion 0.
  Completed 10 iterations for size 300, cohesion 10.
  Completed 10 iterations for size 300, cohesion 20.

Results successfully written to job81343/comparison_results_tabuSearchFromRandom_300_c0-10-20.json
  Completed 10 iterations for size 300, cohesion 0.
  Completed 10 iterations for size 300, cohesion 10.
  Completed 10 iterations for size 300, cohesion 20.

Results successfully written to job81343/comparison_results_tabuSearchFromRandom_300_c0-10-20.json
  Completed 10 iterations for size 300, cohesion 0.
  Completed 10 iterations for size 300, cohesion 10.
  Completed 10 iterations for size 300, cohesion 20.

Results successfully written to job81343/comparison_results_tabuSearchFromRandom_300_c0-10-20.json
  Completed 10 iterations for size 300, cohesion 0.
  Completed 10 iterations for size 300, cohesion 10.
  Completed 10 iterations for size 300, cohesion 20.

Results successfully written to job81343/comparison_results_tabuSearchFromRandom_300_c0-10-20.json
  Completed 10 iterations for size 300, cohesion 0.
  Completed 10 iterations for size 300, cohesion 10.
  Completed 10 iterations for size 300, cohesion 20.

Results successfully written to job81343/comparison_results_tabuSearchFromRandom_300_c0-10-20.json

================================================================================
Algorithm                   People    Avg Score  Avg Time(s)
--------------------------------------------------------------------------------
tabuSearchFromRandom           300      10767.1      30.0769
================================================================================

Results successfully written to job81343/comparison_results_tabuSearchFromRandom_300_c0-10-20.json
