Task 9 running algorithm: linearSwitchFromGrouped, people: 300, cohesions: 30 40 50
cn14.hpc.itu.dk
aubu
/home/aubu/bachelorProject/hpc-jobs
Running iterations for algorithm: linearSwitchFromGrouped
  Completed 10 iterations for size 300, cohesion 30.
  Completed 10 iterations for size 300, cohesion 40.
  Completed 10 iterations for size 300, cohesion 50.

Results successfully written to job81343/comparison_results_linearSwitchFromGrouped_300_c30-40-50.json
  Completed 10 iterations for size 300, cohesion 30.
  Completed 10 iterations for size 300, cohesion 40.
  Completed 10 iterations for size 300, cohesion 50.

Results successfully written to job81343/comparison_results_linearSwitchFromGrouped_300_c30-40-50.json
  Completed 10 iterations for size 300, cohesion 30.
  Completed 10 iterations for size 300, cohesion 40.
  Completed 10 iterations for size 300, cohesion 50.

Results successfully written to job81343/comparison_results_linearSwitchFromGrouped_300_c30-40-50.json
  Completed 10 iterations for size 300, cohesion 30.
  Completed 10 iterations for size 300, cohesion 40.
  Completed 10 iterations for size 300, cohesion 50.

Results successfully written to job81343/comparison_results_linearSwitchFromGrouped_300_c30-40-50.json
  Completed 10 iterations for size 300, cohesion 30.
  Completed 10 iterations for size 300, cohesion 40.
  Completed 10 iterations for size 300, cohesion 50.

Results successfully written to job81343/comparison_results_linearSwitchFromGrouped_300_c30-40-50.json
  Completed 10 iterations for size 300, cohesion 30.
  Completed 10 iterations for size 300, cohesion 40.
  Completed 10 iterations for size 300, cohesion 50.

Results successfully written to job81343/comparison_results_linearSwitchFromGrouped_300_c30-40-50.json
  Completed 10 iterations for size 300, cohesion 30.
  Completed 10 iterations for size 300, cohesion 40.
  Completed 10 iterations for size 300, cohesion 50.

Results successfully written to job81343/comparison_results_linearSwitchFromGrouped_300_c30-40-50.json
  Completed 10 iterations for size 300, cohesion 30.
  Completed 10 iterations for size 300, cohesion 40.
  Completed 10 iterations for size 300, cohesion 50.

Results successfully written to job81343/comparison_results_linearSwitchFromGrouped_300_c30-40-50.json
  Completed 10 iterations for size 300, cohesion 30.
  Completed 10 iterations for size 300, cohesion 40.
  Completed 10 iterations for size 300, cohesion 50.

Results successfully written to job81343/comparison_results_linearSwitchFromGrouped_300_c30-40-50.json
  Completed 10 iterations for size 300, cohesion 30.
  Completed 10 iterations for size 300, cohesion 40.
  Completed 10 iterations for size 300, cohesion 50.

Results successfully written to job81343/comparison_results_linearSwitchFromGrouped_300_c30-40-50.json

================================================================================
Algorithm                   People    Avg Score  Avg Time(s)
--------------------------------------------------------------------------------
linearSwitchFromGrouped        300      13661.2      30.7942
================================================================================

Results successfully written to job81343/comparison_results_linearSwitchFromGrouped_300_c30-40-50.json
