Task 1 running algorithm: annealingFromRandom, people: 100, cohesions: 60
cn8.hpc.itu.dk
aubu
/home/aubu/bachelorProject/hpc-jobs
Running iterations for algorithm: annealingFromRandom
  Completed 10 iterations for size 100, cohesion 60.

Results successfully written to job80749/comparison_results_annealingFromRandom_100_c60.json
  Completed 10 iterations for size 100, cohesion 60.

Results successfully written to job80749/comparison_results_annealingFromRandom_100_c60.json
  Completed 10 iterations for size 100, cohesion 60.

Results successfully written to job80749/comparison_results_annealingFromRandom_100_c60.json
  Completed 10 iterations for size 100, cohesion 60.

Results successfully written to job80749/comparison_results_annealingFromRandom_100_c60.json
  Completed 10 iterations for size 100, cohesion 60.

Results successfully written to job80749/comparison_results_annealingFromRandom_100_c60.json
  Completed 10 iterations for size 100, cohesion 60.

Results successfully written to job80749/comparison_results_annealingFromRandom_100_c60.json
  Completed 10 iterations for size 100, cohesion 60.

Results successfully written to job80749/comparison_results_annealingFromRandom_100_c60.json
  Completed 10 iterations for size 100, cohesion 60.

Results successfully written to job80749/comparison_results_annealingFromRandom_100_c60.json
  Completed 10 iterations for size 100, cohesion 60.

Results successfully written to job80749/comparison_results_annealingFromRandom_100_c60.json
  Completed 10 iterations for size 100, cohesion 60.

Results successfully written to job80749/comparison_results_annealingFromRandom_100_c60.json

================================================================================
Algorithm                   People    Avg Score  Avg Time(s)
--------------------------------------------------------------------------------
annealingFromRandom            100       4979.4      30.0501
================================================================================

Results successfully written to job80749/comparison_results_annealingFromRandom_100_c60.json
