Task 3 running algorithm: linearSwitchFromGroupedProtected, people: 100, cohesions: 60
cn8.hpc.itu.dk
aubu
/home/aubu/bachelorProject/hpc-jobs
Running iterations for algorithm: linearSwitchFromGroupedProtected
  Completed 10 iterations for size 100, cohesion 60.

Results successfully written to job80749/comparison_results_linearSwitchFromGroupedProtected_100_c60.json
  Completed 10 iterations for size 100, cohesion 60.

Results successfully written to job80749/comparison_results_linearSwitchFromGroupedProtected_100_c60.json
  Completed 10 iterations for size 100, cohesion 60.

Results successfully written to job80749/comparison_results_linearSwitchFromGroupedProtected_100_c60.json
  Completed 10 iterations for size 100, cohesion 60.

Results successfully written to job80749/comparison_results_linearSwitchFromGroupedProtected_100_c60.json
  Completed 10 iterations for size 100, cohesion 60.

Results successfully written to job80749/comparison_results_linearSwitchFromGroupedProtected_100_c60.json
  Completed 10 iterations for size 100, cohesion 60.

Results successfully written to job80749/comparison_results_linearSwitchFromGroupedProtected_100_c60.json
  Completed 10 iterations for size 100, cohesion 60.

Results successfully written to job80749/comparison_results_linearSwitchFromGroupedProtected_100_c60.json
  Completed 10 iterations for size 100, cohesion 60.

Results successfully written to job80749/comparison_results_linearSwitchFromGroupedProtected_100_c60.json
  Completed 10 iterations for size 100, cohesion 60.

Results successfully written to job80749/comparison_results_linearSwitchFromGroupedProtected_100_c60.json
  Completed 10 iterations for size 100, cohesion 60.

Results successfully written to job80749/comparison_results_linearSwitchFromGroupedProtected_100_c60.json

================================================================================
Algorithm                   People    Avg Score  Avg Time(s)
--------------------------------------------------------------------------------
linearSwitchFromGroupedProtected      100       4957.7       3.2785
================================================================================

Results successfully written to job80749/comparison_results_linearSwitchFromGroupedProtected_100_c60.json
