Task 4 running algorithm: linearSwitchFromRandom, people: 100, cohesions: 60
cn8.hpc.itu.dk
aubu
/home/aubu/bachelorProject/hpc-jobs
Running iterations for algorithm: linearSwitchFromRandom
  Completed 10 iterations for size 100, cohesion 60.

Results successfully written to job80749/comparison_results_linearSwitchFromRandom_100_c60.json
  Completed 10 iterations for size 100, cohesion 60.

Results successfully written to job80749/comparison_results_linearSwitchFromRandom_100_c60.json
  Completed 10 iterations for size 100, cohesion 60.

Results successfully written to job80749/comparison_results_linearSwitchFromRandom_100_c60.json
  Completed 10 iterations for size 100, cohesion 60.

Results successfully written to job80749/comparison_results_linearSwitchFromRandom_100_c60.json
  Completed 10 iterations for size 100, cohesion 60.

Results successfully written to job80749/comparison_results_linearSwitchFromRandom_100_c60.json
  Completed 10 iterations for size 100, cohesion 60.

Results successfully written to job80749/comparison_results_linearSwitchFromRandom_100_c60.json
  Completed 10 iterations for size 100, cohesion 60.

Results successfully written to job80749/comparison_results_linearSwitchFromRandom_100_c60.json
  Completed 10 iterations for size 100, cohesion 60.

Results successfully written to job80749/comparison_results_linearSwitchFromRandom_100_c60.json
  Completed 10 iterations for size 100, cohesion 60.

Results successfully written to job80749/comparison_results_linearSwitchFromRandom_100_c60.json
  Completed 10 iterations for size 100, cohesion 60.

Results successfully written to job80749/comparison_results_linearSwitchFromRandom_100_c60.json

================================================================================
Algorithm                   People    Avg Score  Avg Time(s)
--------------------------------------------------------------------------------
linearSwitchFromRandom         100       5043.9      29.9070
================================================================================

Results successfully written to job80749/comparison_results_linearSwitchFromRandom_100_c60.json
