Task 8 running algorithm: tabuSearchFromRandom, people: 100, cohesions: 60
cn15.hpc.itu.dk
aubu
/home/aubu/bachelorProject/hpc-jobs
Running iterations for algorithm: tabuSearchFromRandom
  Completed 10 iterations for size 100, cohesion 60.

Results successfully written to job80749/comparison_results_tabuSearchFromRandom_100_c60.json
  Completed 10 iterations for size 100, cohesion 60.

Results successfully written to job80749/comparison_results_tabuSearchFromRandom_100_c60.json
  Completed 10 iterations for size 100, cohesion 60.

Results successfully written to job80749/comparison_results_tabuSearchFromRandom_100_c60.json
  Completed 10 iterations for size 100, cohesion 60.

Results successfully written to job80749/comparison_results_tabuSearchFromRandom_100_c60.json
  Completed 10 iterations for size 100, cohesion 60.

Results successfully written to job80749/comparison_results_tabuSearchFromRandom_100_c60.json
  Completed 10 iterations for size 100, cohesion 60.

Results successfully written to job80749/comparison_results_tabuSearchFromRandom_100_c60.json
  Completed 10 iterations for size 100, cohesion 60.

Results successfully written to job80749/comparison_results_tabuSearchFromRandom_100_c60.json
  Completed 10 iterations for size 100, cohesion 60.

Results successfully written to job80749/comparison_results_tabuSearchFromRandom_100_c60.json
  Completed 10 iterations for size 100, cohesion 60.

Results successfully written to job80749/comparison_results_tabuSearchFromRandom_100_c60.json
  Completed 10 iterations for size 100, cohesion 60.

Results successfully written to job80749/comparison_results_tabuSearchFromRandom_100_c60.json

================================================================================
Algorithm                   People    Avg Score  Avg Time(s)
--------------------------------------------------------------------------------
tabuSearchFromRandom           100       4994.1      30.0420
================================================================================

Results successfully written to job80749/comparison_results_tabuSearchFromRandom_100_c60.json
