Task 9 running algorithm: theoreticalMax, people: 100, cohesions: 60
cn15.hpc.itu.dk
aubu
/home/aubu/bachelorProject/hpc-jobs
Running iterations for algorithm: theoreticalMax
  Completed 10 iterations for size 100, cohesion 60.

Results successfully written to job80749/comparison_results_theoreticalMax_100_c60.json
  Completed 10 iterations for size 100, cohesion 60.

Results successfully written to job80749/comparison_results_theoreticalMax_100_c60.json
  Completed 10 iterations for size 100, cohesion 60.

Results successfully written to job80749/comparison_results_theoreticalMax_100_c60.json
  Completed 10 iterations for size 100, cohesion 60.

Results successfully written to job80749/comparison_results_theoreticalMax_100_c60.json
  Completed 10 iterations for size 100, cohesion 60.

Results successfully written to job80749/comparison_results_theoreticalMax_100_c60.json
  Completed 10 iterations for size 100, cohesion 60.

Results successfully written to job80749/comparison_results_theoreticalMax_100_c60.json
  Completed 10 iterations for size 100, cohesion 60.

Results successfully written to job80749/comparison_results_theoreticalMax_100_c60.json
  Completed 10 iterations for size 100, cohesion 60.

Results successfully written to job80749/comparison_results_theoreticalMax_100_c60.json
  Completed 10 iterations for size 100, cohesion 60.

Results successfully written to job80749/comparison_results_theoreticalMax_100_c60.json
  Completed 10 iterations for size 100, cohesion 60.

Results successfully written to job80749/comparison_results_theoreticalMax_100_c60.json

================================================================================
Algorithm                   People    Avg Score  Avg Time(s)
--------------------------------------------------------------------------------
theoreticalMax                 100       6447.5       0.0874
================================================================================

Results successfully written to job80749/comparison_results_theoreticalMax_100_c60.json
