Task 5 running algorithm: linearSwitchFromRandom
cn8.hpc.itu.dk
nsio
/home/nsio/bachelorProject/hpc-jobs
Running iterations for algorithm: linearSwitchFromRandom
  Completed 100 iterations for size 8, cohesion 10.
  Completed 100 iterations for size 8, cohesion 30.
  Completed 100 iterations for size 8, cohesion 40.
  Completed 100 iterations for size 8, cohesion 60.
  Completed 100 iterations for size 8, cohesion 70.
  Completed 100 iterations for size 8, cohesion 90.
  Completed 100 iterations for size 30, cohesion 10.
  Completed 100 iterations for size 30, cohesion 30.
  Completed 100 iterations for size 30, cohesion 40.
  Completed 100 iterations for size 30, cohesion 60.
  Completed 100 iterations for size 30, cohesion 70.
  Completed 100 iterations for size 30, cohesion 90.
  Completed 100 iterations for size 100, cohesion 10.
  Completed 100 iterations for size 100, cohesion 30.
  Completed 100 iterations for size 100, cohesion 40.
  Completed 100 iterations for size 100, cohesion 60.
  Completed 100 iterations for size 100, cohesion 70.
  Completed 100 iterations for size 100, cohesion 90.
  Completed 100 iterations for size 300, cohesion 10.
  Completed 100 iterations for size 300, cohesion 30.
  Completed 100 iterations for size 300, cohesion 40.
  Completed 100 iterations for size 300, cohesion 60.
  Completed 100 iterations for size 300, cohesion 70.
  Completed 100 iterations for size 300, cohesion 90.

Results successfully written to job72814/comparison_results_linearSwitchFromRandom.json

================================================================================
AVERAGE ARRANGEMENT SCORES (People: 8)
================================================================================
Algorithm                     10     30     40     60     70     90
--------------------------------------------------------------------------------
linearSwitchFromRandom    438.1  438.4  437.8  437.9  438.2  437.8 

================================================================================
AVERAGE ARRANGEMENT SCORES (People: 30)
================================================================================
Algorithm                     10     30     40     60     70     90
--------------------------------------------------------------------------------
linearSwitchFromRandom   1336.7 1428.3 1479.3 1554.2 1567.6 1584.6 

================================================================================
AVERAGE ARRANGEMENT SCORES (People: 100)
================================================================================
Algorithm                     10     30     40     60     70     90
--------------------------------------------------------------------------------
linearSwitchFromRandom   4400.4 4746.5 4903.7 5124.9 5144.2 5172.9 

================================================================================
AVERAGE ARRANGEMENT SCORES (People: 300)
================================================================================
Algorithm                     10     30     40     60     70     90
--------------------------------------------------------------------------------
linearSwitchFromRandom   12107.6 13036.2 13429.8 14203.0 14296.7 14399.5 

================================================================================
AVERAGE EXECUTION TIMES (seconds) (People: 8)
================================================================================
Algorithm                     10     30     40     60     70     90
--------------------------------------------------------------------------------
linearSwitchFromRandom   0.0816 0.0805 0.0811 0.0800 0.0798 0.0831 

================================================================================
AVERAGE EXECUTION TIMES (seconds) (People: 30)
================================================================================
Algorithm                     10     30     40     60     70     90
--------------------------------------------------------------------------------
linearSwitchFromRandom   1.6885 1.6387 1.6860 1.6477 1.6296 1.6470 

================================================================================
AVERAGE EXECUTION TIMES (seconds) (People: 100)
================================================================================
Algorithm                     10     30     40     60     70     90
--------------------------------------------------------------------------------
linearSwitchFromRandom   28.0841 27.6359 27.3385 26.6229 27.2192 26.9884 

================================================================================
AVERAGE EXECUTION TIMES (seconds) (People: 300)
================================================================================
Algorithm                     10     30     40     60     70     90
--------------------------------------------------------------------------------
linearSwitchFromRandom   30.0779 30.0774 30.0783 30.0772 30.0786 30.0785 

================================================================================

Results successfully written to job72814/comparison_results_linearSwitchFromRandom.json
