Task 6 running algorithm: randomSwitchFromFluent
cn16.hpc.itu.dk
nsio
/home/nsio/bachelorProject/hpc-jobs
Running iterations for algorithm: randomSwitchFromFluent
  Completed 100 iterations for size 8, cohesion 10.
  Completed 100 iterations for size 8, cohesion 30.
  Completed 100 iterations for size 8, cohesion 40.
  Completed 100 iterations for size 8, cohesion 60.
  Completed 100 iterations for size 8, cohesion 70.
  Completed 100 iterations for size 8, cohesion 90.
  Completed 100 iterations for size 30, cohesion 10.
  Completed 100 iterations for size 30, cohesion 30.
  Completed 100 iterations for size 30, cohesion 40.
  Completed 100 iterations for size 30, cohesion 60.
  Completed 100 iterations for size 30, cohesion 70.
  Completed 100 iterations for size 30, cohesion 90.
  Completed 100 iterations for size 100, cohesion 10.
  Completed 100 iterations for size 100, cohesion 30.
RPython traceback:
  File "pypy_module_pypyjit.c", line 1311, in jump_absolute__AccessDirect_None
  File "rpython_jit_metainterp.c", line 55045, in bound_reached__star_5_2
  File "rpython_jit_metainterp_1.c", line 35570, in compile_and_run_once___rpython_jit_metainterp_ji_13
  File "rpython_jit_metainterp.c", line 59433, in MetaInterp__compile_and_run_once
  File "rpython_jit_metainterp_2.c", line 14402, in MetaInterp_interpret
  File "rpython_jit_metainterp_3.c", line 44865, in MetaInterp__interpret
  File "rpython_jit_metainterp_4.c", line 47413, in MIFrame_run_one_step
  File "rpython_jit_metainterp_6.c", line 4962, in MIFrame_opimpl_jit_merge_point
  File "rpython_jit_metainterp_6.c", line 31708, in MetaInterp_reached_loop_header
  File "rpython_jit_metainterp_6.c", line 63093, in MetaInterp_compile_loop
  File "rpython_jit_metainterp_7.c", line 27032, in compile_loop
  File "rpython_jit_metainterp_7.c", line 39971, in send_loop_to_backend
  File "rpython_jit_backend_x86.c", line 1370, in Assembler386_assemble_loop
  File "rpython_jit_backend_x86.c", line 4725, in RegAlloc_prepare_loop
  File "rpython_jit_backend_x86.c", line 8619, in RegAlloc__prepare
  File "rpython_jit_backend_llsupport.c", line 20402, in compute_vars_longevity
  File "rpython_jit_backend_llsupport.c", line 42403, in LifetimeManager___setitem__
~~~ Crash in JIT! <SettingForwardedOnAbstractValue object at 0x7f3370424a50>
  Error in randomSwitchFromFluent at cohesion 40, iter 20: Process crashed or returned no output, exitcode: -6
  Completed 100 iterations for size 100, cohesion 40.
  Completed 100 iterations for size 100, cohesion 60.
  Completed 100 iterations for size 100, cohesion 70.
  Completed 100 iterations for size 100, cohesion 90.
  Completed 100 iterations for size 300, cohesion 10.
  Completed 100 iterations for size 300, cohesion 30.
  Completed 100 iterations for size 300, cohesion 40.
  Completed 100 iterations for size 300, cohesion 60.
  Completed 100 iterations for size 300, cohesion 70.
  Completed 100 iterations for size 300, cohesion 90.

Results successfully written to job72814/comparison_results_randomSwitchFromFluent.json

================================================================================
AVERAGE ARRANGEMENT SCORES (People: 8)
================================================================================
Algorithm                     10     30     40     60     70     90
--------------------------------------------------------------------------------
randomSwitchFromFluent    436.0  436.4  436.5  436.3  436.5  435.2 

================================================================================
AVERAGE ARRANGEMENT SCORES (People: 30)
================================================================================
Algorithm                     10     30     40     60     70     90
--------------------------------------------------------------------------------
randomSwitchFromFluent   1325.9 1424.0 1473.6 1556.6 1568.1 1584.2 

================================================================================
AVERAGE ARRANGEMENT SCORES (People: 100)
================================================================================
Algorithm                     10     30     40     60     70     90
--------------------------------------------------------------------------------
randomSwitchFromFluent   4347.8 4683.8 4866.8 5102.9 5154.5 5181.9 

================================================================================
AVERAGE ARRANGEMENT SCORES (People: 300)
================================================================================
Algorithm                     10     30     40     60     70     90
--------------------------------------------------------------------------------
randomSwitchFromFluent   12432.6 13456.7 13967.0 14760.5 14952.4 14995.2 

================================================================================
AVERAGE EXECUTION TIMES (seconds) (People: 8)
================================================================================
Algorithm                     10     30     40     60     70     90
--------------------------------------------------------------------------------
randomSwitchFromFluent   0.1496 0.1509 0.1492 0.1476 0.1492 0.1453 

================================================================================
AVERAGE EXECUTION TIMES (seconds) (People: 30)
================================================================================
Algorithm                     10     30     40     60     70     90
--------------------------------------------------------------------------------
randomSwitchFromFluent   0.7095 0.6993 0.6963 0.7072 0.7044 0.7039 

================================================================================
AVERAGE EXECUTION TIMES (seconds) (People: 100)
================================================================================
Algorithm                     10     30     40     60     70     90
--------------------------------------------------------------------------------
randomSwitchFromFluent   3.2997 3.2558 3.2256 3.1341 3.0705 3.1231 

================================================================================
AVERAGE EXECUTION TIMES (seconds) (People: 300)
================================================================================
Algorithm                     10     30     40     60     70     90
--------------------------------------------------------------------------------
randomSwitchFromFluent   8.9192 8.4485 8.1766 7.9054 7.7477 7.9391 

================================================================================

Results successfully written to job72814/comparison_results_randomSwitchFromFluent.json
