Task 0 running algorithm: annealingFromGrouped, people: 300, cohesions: 0 10 20
desktop12.hpc.itu.dk
nsio
/home/nsio/bachelorProject/hpc-jobs
Running iterations for algorithm: annealingFromGrouped
  Completed 10 iterations for size 300, cohesion 0.
  Completed 10 iterations for size 300, cohesion 10.
  Completed 10 iterations for size 300, cohesion 20.

Results successfully written to job80325/comparison_results_annealingFromGrouped_300_c0-10-20.json
  Completed 10 iterations for size 300, cohesion 0.
  Completed 10 iterations for size 300, cohesion 10.
  Completed 10 iterations for size 300, cohesion 20.

Results successfully written to job80325/comparison_results_annealingFromGrouped_300_c0-10-20.json
  Completed 10 iterations for size 300, cohesion 0.
  Completed 10 iterations for size 300, cohesion 10.
  Completed 10 iterations for size 300, cohesion 20.

Results successfully written to job80325/comparison_results_annealingFromGrouped_300_c0-10-20.json
srun: Job step aborted: Waiting up to 32 seconds for job step to finish.
slurmstepd: error: *** JOB 80326 ON desktop12 CANCELLED AT 2026-05-11T12:49:53 ***
slurmstepd: error: *** STEP 80326.0 ON desktop12 CANCELLED AT 2026-05-11T12:49:53 ***
