Task 12 running algorithm: linearSwitchFromGroupedProtected, people: 300, cohesions: 0 10 20
cn14.hpc.itu.dk
nsio
/home/nsio/bachelorProject/hpc-jobs
Running iterations for algorithm: linearSwitchFromGroupedProtected
  Completed 10 iterations for size 300, cohesion 0.
  Completed 10 iterations for size 300, cohesion 10.
  Completed 10 iterations for size 300, cohesion 20.

Results successfully written to job80325/comparison_results_linearSwitchFromGroupedProtected_300_c0-10-20.json
  Completed 10 iterations for size 300, cohesion 0.
  Completed 10 iterations for size 300, cohesion 10.
  Completed 10 iterations for size 300, cohesion 20.

Results successfully written to job80325/comparison_results_linearSwitchFromGroupedProtected_300_c0-10-20.json
  Completed 10 iterations for size 300, cohesion 0.
  Completed 10 iterations for size 300, cohesion 10.
  Completed 10 iterations for size 300, cohesion 20.

Results successfully written to job80325/comparison_results_linearSwitchFromGroupedProtected_300_c0-10-20.json
  Completed 10 iterations for size 300, cohesion 0.
slurmstepd: error: *** JOB 80338 ON cn14 CANCELLED AT 2026-05-11T12:49:52 ***
slurmstepd: error: *** STEP 80338.0 ON cn14 CANCELLED AT 2026-05-11T12:49:52 ***
