Task 17 running algorithm: linearSwitchFromRandom, people: 300, cohesions: 30 40 50
cn8.hpc.itu.dk
nsio
/home/nsio/bachelorProject/hpc-jobs
Running iterations for algorithm: linearSwitchFromRandom
  Completed 10 iterations for size 300, cohesion 30.
  Completed 10 iterations for size 300, cohesion 40.
  Completed 10 iterations for size 300, cohesion 50.

Results successfully written to job80325/comparison_results_linearSwitchFromRandom_300_c30-40-50.json
  Completed 10 iterations for size 300, cohesion 30.
  Completed 10 iterations for size 300, cohesion 40.
  Completed 10 iterations for size 300, cohesion 50.

Results successfully written to job80325/comparison_results_linearSwitchFromRandom_300_c30-40-50.json
  Completed 10 iterations for size 300, cohesion 30.
  Completed 10 iterations for size 300, cohesion 40.
  Completed 10 iterations for size 300, cohesion 50.

Results successfully written to job80325/comparison_results_linearSwitchFromRandom_300_c30-40-50.json
  Completed 10 iterations for size 300, cohesion 30.
slurmstepd: error: *** STEP 80343.0 ON cn8 CANCELLED AT 2026-05-11T12:49:56 ***
slurmstepd: error: *** JOB 80343 ON cn8 CANCELLED AT 2026-05-11T12:49:56 ***
