Task 19 running algorithm: linearSwitchFromRandom, people: 300, cohesions: 90 100
cn8.hpc.itu.dk
nsio
/home/nsio/bachelorProject/hpc-jobs
Running iterations for algorithm: linearSwitchFromRandom
  Completed 10 iterations for size 300, cohesion 90.
  Completed 10 iterations for size 300, cohesion 100.

Results successfully written to job80325/comparison_results_linearSwitchFromRandom_300_c90-100.json
  Completed 10 iterations for size 300, cohesion 90.
  Completed 10 iterations for size 300, cohesion 100.

Results successfully written to job80325/comparison_results_linearSwitchFromRandom_300_c90-100.json
  Completed 10 iterations for size 300, cohesion 90.
  Completed 10 iterations for size 300, cohesion 100.

Results successfully written to job80325/comparison_results_linearSwitchFromRandom_300_c90-100.json
  Completed 10 iterations for size 300, cohesion 90.
  Completed 10 iterations for size 300, cohesion 100.

Results successfully written to job80325/comparison_results_linearSwitchFromRandom_300_c90-100.json
  Completed 10 iterations for size 300, cohesion 90.
  Completed 10 iterations for size 300, cohesion 100.

Results successfully written to job80325/comparison_results_linearSwitchFromRandom_300_c90-100.json
  Completed 10 iterations for size 300, cohesion 90.
  Completed 10 iterations for size 300, cohesion 100.

Results successfully written to job80325/comparison_results_linearSwitchFromRandom_300_c90-100.json
slurmstepd: error: *** STEP 80345.0 ON cn8 CANCELLED AT 2026-05-11T12:49:56 ***
slurmstepd: error: *** JOB 80345 ON cn8 CANCELLED AT 2026-05-11T12:49:56 ***
