Task 3 running algorithm: annealingFromGrouped, people: 300, cohesions: 90 100
desktop16.hpc.itu.dk
nsio
/home/nsio/bachelorProject/hpc-jobs
Running iterations for algorithm: annealingFromGrouped
  Completed 10 iterations for size 300, cohesion 90.
  Completed 10 iterations for size 300, cohesion 100.

Results successfully written to job80325/comparison_results_annealingFromGrouped_300_c90-100.json
  Completed 10 iterations for size 300, cohesion 90.
  Completed 10 iterations for size 300, cohesion 100.

Results successfully written to job80325/comparison_results_annealingFromGrouped_300_c90-100.json
  Completed 10 iterations for size 300, cohesion 90.
  Completed 10 iterations for size 300, cohesion 100.

Results successfully written to job80325/comparison_results_annealingFromGrouped_300_c90-100.json
  Completed 10 iterations for size 300, cohesion 90.
  Completed 10 iterations for size 300, cohesion 100.

Results successfully written to job80325/comparison_results_annealingFromGrouped_300_c90-100.json
  Completed 10 iterations for size 300, cohesion 90.
slurmstepd: error: *** JOB 80329 ON desktop16 CANCELLED AT 2026-05-11T12:49:52 ***
slurmstepd: error: *** STEP 80329.0 ON desktop16 CANCELLED AT 2026-05-11T12:49:52 ***
