Task 31 running algorithm: tabuSearchFromGrouped, people: 300, cohesions: 90 100
cn15.hpc.itu.dk
nsio
/home/nsio/bachelorProject/hpc-jobs
Running iterations for algorithm: tabuSearchFromGrouped
  Completed 10 iterations for size 300, cohesion 90.
  Completed 10 iterations for size 300, cohesion 100.

Results successfully written to job80325/comparison_results_tabuSearchFromGrouped_300_c90-100.json
  Completed 10 iterations for size 300, cohesion 90.
  Completed 10 iterations for size 300, cohesion 100.

Results successfully written to job80325/comparison_results_tabuSearchFromGrouped_300_c90-100.json
  Completed 10 iterations for size 300, cohesion 90.
  Completed 10 iterations for size 300, cohesion 100.

Results successfully written to job80325/comparison_results_tabuSearchFromGrouped_300_c90-100.json
  Completed 10 iterations for size 300, cohesion 90.
  Completed 10 iterations for size 300, cohesion 100.

Results successfully written to job80325/comparison_results_tabuSearchFromGrouped_300_c90-100.json
  Completed 10 iterations for size 300, cohesion 90.
slurmstepd: error: *** STEP 80357.0 ON cn15 CANCELLED AT 2026-05-11T12:49:53 ***
slurmstepd: error: *** JOB 80357 ON cn15 CANCELLED AT 2026-05-11T12:49:53 ***
