Task 35 running algorithm: tabuSearchFromRandom, people: 300, cohesions: 90 100
desktop4.hpc.itu.dk
nsio
/home/nsio/bachelorProject/hpc-jobs
Running iterations for algorithm: tabuSearchFromRandom
  Completed 10 iterations for size 300, cohesion 90.
  Completed 10 iterations for size 300, cohesion 100.

Results successfully written to job80325/comparison_results_tabuSearchFromRandom_300_c90-100.json
  Completed 10 iterations for size 300, cohesion 90.
  Completed 10 iterations for size 300, cohesion 100.

Results successfully written to job80325/comparison_results_tabuSearchFromRandom_300_c90-100.json
  Completed 10 iterations for size 300, cohesion 90.
  Completed 10 iterations for size 300, cohesion 100.

Results successfully written to job80325/comparison_results_tabuSearchFromRandom_300_c90-100.json
  Completed 10 iterations for size 300, cohesion 90.
  Completed 10 iterations for size 300, cohesion 100.

Results successfully written to job80325/comparison_results_tabuSearchFromRandom_300_c90-100.json
  Completed 10 iterations for size 300, cohesion 90.
slurmstepd: error: *** JOB 80325 ON desktop4 CANCELLED AT 2026-05-11T12:50:03 ***
slurmstepd: error: *** STEP 80325.0 ON desktop4 CANCELLED AT 2026-05-11T12:50:03 ***
